[2013-06-02 15:06:17]
Query error:
insert into logs value ('1370165777', '127.0.0.1', 'Array
(
    [tid] => 0
    [teamname] => 
    [status] => 
    [time] => 1370165768
    [ghost] => 0
    [message] => Array
        (
        )

    [url] => /aurora/
)
', 'Array
(
    [teamname] => ACM
    [password] => johnnahs
    [login] => Log In
)
' )
Error: SQLSTATE[HY000]: General error
/host/Program Files (x86)/EasyPHP-5.3.5.0/www/aurora/functions.php
======================================================================
[2013-06-02 15:06:22]
Query error:
insert into logs value ('1370165782', '127.0.0.1', 'Array
(
    [tid] => 0
    [teamname] => 
    [status] => 
    [time] => 1370165768
    [ghost] => 0
    [message] => Array
        (
        )

    [url] => /aurora/
)
', 'Array
(
    [teamname] => ACM
    [password] => johnnash
    [login] => Log In
)
' )
Error: SQLSTATE[HY000]: General error
/host/Program Files (x86)/EasyPHP-5.3.5.0/www/aurora/functions.php
======================================================================
[2013-06-02 15:09:20]
Query error:
insert into logs value ('1370165960', '127.0.0.1', 'Array
(
    [tid] => 0
    [teamname] => 
    [status] => 
    [time] => 1370165768
    [ghost] => 0
    [message] => Array
        (
        )

    [url] => /aurora/
)
', 'Array
(
    [teamname] => ACM
    [password] => johnnash
    [login] => Log In
)
' )
Error: SQLSTATE[HY000]: General error
/host/Program Files (x86)/EasyPHP-5.3.5.0/www/aurora/functions.php
======================================================================
[2013-06-02 15:12:53]
Query error:
insert into logs value ('1370166173', '127.0.0.1', 'Array
(
    [tid] => 0
    [teamname] => 
    [status] => 
    [time] => 1370165768
    [ghost] => 0
    [message] => Array
        (
        )

    [url] => /aurora/
)
', 'Array
(
    [teamname] => ACM
    [password] => johnnash
    [login] => Log In
)
' )
Error: SQLSTATE[HY000]: General error
/host/Program Files (x86)/EasyPHP-5.3.5.0/www/aurora/functions.php
======================================================================
[2013-06-02 15:14:42]
Query error:
insert into logs value ('1370166282', '127.0.0.1', 'Array
(
    [tid] => 0
    [teamname] => 
    [status] => 
    [time] => 1370165768
    [ghost] => 0
    [message] => Array
        (
        )

    [url] => /aurora/
)
', 'Array
(
    [teamname] => ACM
    [password] => aurora
    [login] => Log In
)
' )
Error: SQLSTATE[HY000]: General error
/host/Program Files (x86)/EasyPHP-5.3.5.0/www/aurora/functions.php
======================================================================
[2013-06-02 15:14:57]
Query error:
insert into logs value ('1370166297', '127.0.0.1', 'Array
(
    [tid] => 0
    [teamname] => 
    [status] => 
    [time] => 1370165768
    [ghost] => 0
    [message] => Array
        (
        )

    [url] => /aurora/edit
    [team] => Array
        (
            [id] => 1
            [name] => ACM
            [status] => Admin
        )

    [loggedin] => true
)
', 'Array
(
    [oldpass] => aurora
    [pass1] => johnnash
    [repass] => johnnash
    [group] => 5
    [update] => update
)
' )
Error: SQLSTATE[HY000]: General error
/host/Program Files (x86)/EasyPHP-5.3.5.0/www/aurora/functions.php
======================================================================
[2013-06-02 15:14:57]
Query error:
update teams set pass = 'b17f9b5a19891f4c84d44863816d19d4' , gid='5' where tid='1'
Error: SQLSTATE[HY000]: General error
/host/Program Files (x86)/EasyPHP-5.3.5.0/www/aurora/functions.php
======================================================================
[2013-06-02 15:15:01]
Query error:
insert into logs value ('1370166301', '127.0.0.1', 'Array
(
    [tid] => 0
    [teamname] => 
    [status] => 
    [time] => 1370165768
    [ghost] => 0
    [message] => Array
        (
        )

    [url] => /aurora/edit
    [team] => Array
        (
            [id] => 1
            [name] => ACM
            [status] => Admin
        )

    [loggedin] => true
)
', 'Array
(
    [logout] => 
)
' )
Error: SQLSTATE[HY000]: General error
/host/Program Files (x86)/EasyPHP-5.3.5.0/www/aurora/functions.php
======================================================================
[2013-06-02 15:15:07]
Query error:
insert into logs value ('1370166307', '127.0.0.1', 'Array
(
    [url] => /aurora/
)
', 'Array
(
    [teamname] => ACM
    [password] => johnnash
    [login] => Log In
)
' )
Error: SQLSTATE[HY000]: General error
/host/Program Files (x86)/EasyPHP-5.3.5.0/www/aurora/functions.php
======================================================================
[2013-06-02 15:31:38]
Query error:
insert into logs value ('1370167298', '127.0.0.1', 'Array
(
    [url] => /aurora/
    [team] => Array
        (
            [id] => 1
            [name] => ACM
            [status] => Admin
        )

    [loggedin] => true
)
', 'Array
(
    [logout] => 
)
' )
Error: SQLSTATE[HY000]: General error
/host/Program Files (x86)/EasyPHP-5.3.5.0/www/aurora/functions.php
======================================================================
[2013-06-02 15:32:22]
Query error:
insert into logs value ('1370167342', '127.0.0.1', 'Array
(
    [url] => /aurora/register
)
', 'Array
(
    [teamname] => AMP
    [password] => virgin==ture
    [repassword] => virgin==true
    [group] => 5
    [name1] => Pushkar Anand
    [roll1] => BE/1322/2010
    [branch1] => IT
    [email1] => pushkar8723@gmail.com
    [phno1] => 8809956170
    [name2] => Milan Pandy
    [roll2] => BE/1226/2010
    [branch2] => IT
    [email2] => studmilan@gmail.com
    [phno2] => 
    [name3] => Animesh Mishra
    [roll3] => BE/1376/2010
    [branch3] => IT
    [email3] => anizuckerberg@gmail.com
    [phno3] => 
    [register] => Submit
)
' )
Error: SQLSTATE[HY000]: General error
/host/Program Files (x86)/EasyPHP-5.3.5.0/www/aurora/functions.php
======================================================================
[2013-06-02 15:32:34]
Query error:
insert into logs value ('1370167354', '127.0.0.1', 'Array
(
    [url] => /aurora/register
    [reg] => Array
        (
            [password] => virgin==ture
            [repassword] => virgin==true
            [group] => 5
            [register] => Submit
        )

)
', 'Array
(
    [teamname] => AMP
    [password] => virgin==true
    [repassword] => virgin==true
    [group] => 5
    [name1] => Pushkar Anand
    [roll1] => BE/1322/2010
    [branch1] => IT
    [email1] => pushkar8723@gmail.com
    [phno1] => 8809956170
    [name2] => Milan Pandy
    [roll2] => BE/1226/2010
    [branch2] => IT
    [email2] => studmilan@gmail.com
    [phno2] => 
    [name3] => Animesh Mishra
    [roll3] => BE/1376/2010
    [branch3] => IT
    [email3] => anizuckerberg@gmail.com
    [phno3] => 
    [register] => Submit
)
' )
Error: SQLSTATE[HY000]: General error
/host/Program Files (x86)/EasyPHP-5.3.5.0/www/aurora/functions.php
======================================================================
[2013-06-02 15:32:34]
Query error:
Insert into teams (teamname, pass, status, name1, roll1, branch1, email1, phone1, name2, roll2, branch2, email2, phone2, name3, roll3, branch3, email3, phone3, score, penalty, gid) 
                        values ('AMP', '6983bf490afefb170a87fc1c003f3dcd', 'Normal', 'Pushkar Anand', 'BE/1322/2010','IT','pushkar8723@gmail.com','8809956170','Milan Pandy', 'BE/1226/2010', 'IT', 'studmilan@gmail.com', '', 'Animesh Mishra', 'BE/1376/2010', 'IT','anizuckerberg@gmail.com','','0','0','5')
Error: SQLSTATE[HY000]: General error
/host/Program Files (x86)/EasyPHP-5.3.5.0/www/aurora/functions.php
======================================================================
[2013-06-02 15:32:42]
Query error:
insert into logs value ('1370167362', '127.0.0.1', 'Array
(
    [url] => /aurora/
    [reg] => Array
        (
            [password] => virgin==ture
            [repassword] => virgin==true
            [group] => 5
            [register] => Submit
        )

)
', 'Array
(
    [teamname] => AMP
    [password] => virgin==true
    [login] => Log In
)
' )
Error: SQLSTATE[HY000]: General error
/host/Program Files (x86)/EasyPHP-5.3.5.0/www/aurora/functions.php
======================================================================
[2013-06-02 15:32:52]
Query error:
insert into logs value ('1370167372', '127.0.0.1', 'Array
(
    [url] => /aurora/problems/TEST
    [reg] => Array
        (
            [password] => virgin==ture
            [repassword] => virgin==true
            [group] => 5
            [register] => Submit
        )

    [team] => Array
        (
            [id] => 196
            [name] => AMP
            [status] => Normal
        )

    [loggedin] => true
)
', 'Array
(
    [logout] => 
)
' )
Error: SQLSTATE[HY000]: General error
/host/Program Files (x86)/EasyPHP-5.3.5.0/www/aurora/functions.php
======================================================================
[2013-06-02 15:32:58]
Query error:
insert into logs value ('1370167378', '127.0.0.1', 'Array
(
    [url] => /aurora/
)
', 'Array
(
    [teamname] => ACM
    [password] => johnnash
    [login] => Log In
)
' )
Error: SQLSTATE[HY000]: General error
/host/Program Files (x86)/EasyPHP-5.3.5.0/www/aurora/functions.php
======================================================================
[2013-06-02 15:41:44]
Query error:
insert into logs value ('1370167904', '127.0.0.1', 'Array
(
    [url] => /aurora/home
    [team] => Array
        (
            [id] => 1
            [name] => ACM
            [status] => Admin
        )

    [loggedin] => true
)
', 'Array
(
    [logout] => 
)
' )
Error: SQLSTATE[HY000]: General error
/host/Program Files (x86)/EasyPHP-5.3.5.0/www/aurora/functions.php
======================================================================
[2013-06-04 15:13:26]
Query error:
insert into logs value ('1370339006', '127.0.0.1', 'Array
(
    [url] => /aurora/
)
', 'Array
(
    [teamname] => ACM
    [password] => johnnash
    [login] => Log In
)
' )
Error: SQLSTATE[HY000]: General error
/host/Program Files (x86)/EasyPHP-5.3.5.0/www/aurora/functions.php
======================================================================
[2013-06-04 15:13:48]
Query error:
insert into logs value ('1370339028', '127.0.0.1', 'Array
(
    [url] => /aurora/adminlog
    [team] => Array
        (
            [id] => 1
            [name] => ACM
            [status] => Admin
        )

    [loggedin] => true
)
', 'Array
(
    [logout] => 
)
' )
Error: SQLSTATE[HY000]: General error
/host/Program Files (x86)/EasyPHP-5.3.5.0/www/aurora/functions.php
======================================================================
[2013-06-05 12:17:45]
Query error:
insert into logs value ('1370414865', '127.0.0.1', 'Array
(
    [url] => /aurora/
)
', 'Array
(
    [teamname] => ACM
    [password] => nikolateslas
    [login] => Log In
)
' )
Error: SQLSTATE[HY000]: General error
/host/Program Files (x86)/EasyPHP-5.3.5.0/www/aurora/functions.php
======================================================================
[2013-06-05 12:18:00]
Query error:
insert into logs value ('1370414880', '127.0.0.1', 'Array
(
    [url] => /aurora/
)
', 'Array
(
    [teamname] => ACM
    [password] => johnnash
    [login] => Log In
)
' )
Error: SQLSTATE[HY000]: General error
/host/Program Files (x86)/EasyPHP-5.3.5.0/www/aurora/functions.php
======================================================================
[2013-06-05 12:18:22]
Query error:
insert into logs value ('1370414902', '127.0.0.1', 'Array
(
    [url] => /aurora/
    [team] => Array
        (
            [id] => 1
            [name] => ACM
            [status] => Admin
        )

    [loggedin] => true
)
', 'Array
(
    [logout] => 
)
' )
Error: SQLSTATE[HY000]: General error
/host/Program Files (x86)/EasyPHP-5.3.5.0/www/aurora/functions.php
======================================================================
[2013-06-07 18:43:58]
Query error:
insert into logs value ('1370610838', '127.0.0.1', 'Array
(
    [url] => /aurora/
)
', 'Array
(
    [teamname] => ACM
    [password] => johnnash
    [login] => Log In
)
' )
Error: SQLSTATE[HY000]: General error
/host/Program Files (x86)/EasyPHP-5.3.5.0/www/aurora/functions.php
======================================================================
[2013-06-07 19:06:59]
Query error:
insert into logs value ('1370612219', '127.0.0.1', 'Array
(
    [url] => /aurora/adminproblem/NODUES
    [team] => Array
        (
            [id] => 1
            [name] => ACM
            [status] => Admin
        )

    [loggedin] => true
)
', 'Array
(
    [pid] => 54
    [name] => No Dues Dilemma
    [code] => NODUES
    [score] => 100
    [type] => 
    [pgroup] => #19 CQM-9
    [contest] => practice
    [maxfilesize] => 50000
    [displayio] => 1
    [timelimit] => 1
    [status] => Active
    [languages] => C,C++,Java
    [statement] => <strong>Problem Description :</strong>

Its that dreaded time of the year again, when BIT-ians have to spend hours which even translate into days for a few unfortunate souls, waiting in queues to get their \'No-Dues\' application signed, just so that they can appear for the extremely pleasurable experience called the End Semester Exams. Much like a treasure hunt, students run from one room to the other, trying to get the different fields in the forms signed. There are a few offices in which more than one field is validated and the clerks at each office are kind enough to redirect you to your next destination. To make sure that the students have multiple ways of suffering to choose from, BIT now has more than one room for a few of the offices. Keep in mind that each queue moves at different speeds. Ultimately, once every field has been verified and signed, you have to bring the form to the Dean, Mr. Almighty for his signature.
To simplify the matter, you and your friends prepared a map of the offices. Now provided the rate at which the queue in front of each of the offices(/rooms) moves (Rate = The number of people per day), your task is to calculate the number of students who will actually make it out of Mr. Almighty\'s Office (alive :P).

<image /><

<strong>Input Specification :</strong>
<ul><li>There are multiple input sets, each of whose first line consists of two inputs n and e where n = the number of rooms (assuming that the students are initially in Room #1) and p = the total number of paths between the Rooms.</li><li>Next we have \'p\' input lines where we specify two room numbers and the rate at which the queue moves between them.</li><li>On the next line we specify the room number of the Dean\'s office.</li><li>Assume that there are infinite number of students and that all of them are initially in Room #1.</li><li>Read till End Of File.</li></ul>
<strong>Output Specifications :</strong>

For each test case, print out a single line the number of students who get out of the Dean\'s office in one day.

<strong>Constraints :</strong>
<ul><li>5 <= Number of Rooms <= 100</li><li>1 <= Room Numbers <= 100</li><li>1 <= Rate <= 1000</li></ul>

<strong>Sample Input :</strong>

<code>
7 9
1 2 100
1 3 150
2 4 75
2 5 80
3 4 75
3 5 90
4 7 65
5 6 70
6 7 85
7
</code>

<strong>Sample Output :</strong>

<code>
135
</code>

<em>Question Setter : Vishnu Mohandas</em>
    [updateproblem] => Submit
)
' )
Error: SQLSTATE[HY000]: General error
/host/Program Files (x86)/EasyPHP-5.3.5.0/www/aurora/functions.php
======================================================================
[2013-06-07 19:06:59]
Query error:
update problems set name = 'No Dues Dilemma' where pid=54
Error: SQLSTATE[HY000]: General error
/host/Program Files (x86)/EasyPHP-5.3.5.0/www/aurora/functions.php
======================================================================
[2013-06-07 19:06:59]
Query error:
update problems set code = 'NODUES' where pid=54
Error: SQLSTATE[HY000]: General error
/host/Program Files (x86)/EasyPHP-5.3.5.0/www/aurora/functions.php
======================================================================
[2013-06-07 19:06:59]
Query error:
update problems set score = '100' where pid=54
Error: SQLSTATE[HY000]: General error
/host/Program Files (x86)/EasyPHP-5.3.5.0/www/aurora/functions.php
======================================================================
[2013-06-07 19:06:59]
Query error:
update problems set type = '' where pid=54
Error: SQLSTATE[HY000]: General error
/host/Program Files (x86)/EasyPHP-5.3.5.0/www/aurora/functions.php
======================================================================
[2013-06-07 19:06:59]
Query error:
update problems set pgroup = '#19 CQM-9' where pid=54
Error: SQLSTATE[HY000]: General error
/host/Program Files (x86)/EasyPHP-5.3.5.0/www/aurora/functions.php
======================================================================
[2013-06-07 19:06:59]
Query error:
update problems set contest = 'practice' where pid=54
Error: SQLSTATE[HY000]: General error
/host/Program Files (x86)/EasyPHP-5.3.5.0/www/aurora/functions.php
======================================================================
[2013-06-07 19:06:59]
Query error:
update problems set timelimit = '1' where pid=54
Error: SQLSTATE[HY000]: General error
/host/Program Files (x86)/EasyPHP-5.3.5.0/www/aurora/functions.php
======================================================================
[2013-06-07 19:06:59]
Query error:
update problems set status = 'Active' where pid=54
Error: SQLSTATE[HY000]: General error
/host/Program Files (x86)/EasyPHP-5.3.5.0/www/aurora/functions.php
======================================================================
[2013-06-07 19:06:59]
Query error:
update problems set languages = 'C,C++,Java' where pid=54
Error: SQLSTATE[HY000]: General error
/host/Program Files (x86)/EasyPHP-5.3.5.0/www/aurora/functions.php
======================================================================
[2013-06-07 19:06:59]
Query error:
update problems set displayio = '1' where pid=54
Error: SQLSTATE[HY000]: General error
/host/Program Files (x86)/EasyPHP-5.3.5.0/www/aurora/functions.php
======================================================================
[2013-06-07 19:06:59]
Query error:
update problems set maxfilesize = '50000' where pid=54
Error: SQLSTATE[HY000]: General error
/host/Program Files (x86)/EasyPHP-5.3.5.0/www/aurora/functions.php
======================================================================
[2013-06-07 19:06:59]
Query error:
update problems set statement = '<strong>Problem Description :</strong>

Its that dreaded time of the year again, when BIT-ians have to spend hours which even translate into days for a few unfortunate souls, waiting in queues to get their \'No-Dues\' application signed, just so that they can appear for the extremely pleasurable experience called the End Semester Exams. Much like a treasure hunt, students run from one room to the other, trying to get the different fields in the forms signed. There are a few offices in which more than one field is validated and the clerks at each office are kind enough to redirect you to your next destination. To make sure that the students have multiple ways of suffering to choose from, BIT now has more than one room for a few of the offices. Keep in mind that each queue moves at different speeds. Ultimately, once every field has been verified and signed, you have to bring the form to the Dean, Mr. Almighty for his signature.
To simplify the matter, you and your friends prepared a map of the offices. Now provided the rate at which the queue in front of each of the offices(/rooms) moves (Rate = The number of people per day), your task is to calculate the number of students who will actually make it out of Mr. Almighty\'s Office (alive :P).

<image /><

<strong>Input Specification :</strong>
<ul><li>There are multiple input sets, each of whose first line consists of two inputs n and e where n = the number of rooms (assuming that the students are initially in Room #1) and p = the total number of paths between the Rooms.</li><li>Next we have \'p\' input lines where we specify two room numbers and the rate at which the queue moves between them.</li><li>On the next line we specify the room number of the Dean\'s office.</li><li>Assume that there are infinite number of students and that all of them are initially in Room #1.</li><li>Read till End Of File.</li></ul>
<strong>Output Specifications :</strong>

For each test case, print out a single line the number of students who get out of the Dean\'s office in one day.

<strong>Constraints :</strong>
<ul><li>5 <= Number of Rooms <= 100</li><li>1 <= Room Numbers <= 100</li><li>1 <= Rate <= 1000</li></ul>

<strong>Sample Input :</strong>

<code>
7 9
1 2 100
1 3 150
2 4 75
2 5 80
3 4 75
3 5 90
4 7 65
5 6 70
6 7 85
7
</code>

<strong>Sample Output :</strong>

<code>
135
</code>

<em>Question Setter : Vishnu Mohandas</em>' where pid=54
Error: SQLSTATE[HY000]: General error
/host/Program Files (x86)/EasyPHP-5.3.5.0/www/aurora/functions.php
======================================================================
[2013-06-07 19:07:07]
Query error:
insert into logs value ('1370612227', '127.0.0.1', 'Array
(
    [url] => /aurora/adminproblem/NODUES
    [team] => Array
        (
            [id] => 1
            [name] => ACM
            [status] => Admin
        )

    [loggedin] => true
)
', 'Array
(
    [pid] => 54
    [name] => No Dues Dilemma
    [code] => NODUES
    [score] => 100
    [type] => 
    [pgroup] => #19 CQM-9
    [contest] => practice
    [maxfilesize] => 50000
    [displayio] => 1
    [timelimit] => 1
    [status] => Active
    [languages] => C,C++,Java
    [statement] => <strong>Problem Description :</strong>

Its that dreaded time of the year again, when BIT-ians have to spend hours which even translate into days for a few unfortunate souls, waiting in queues to get their \'No-Dues\' application signed, just so that they can appear for the extremely pleasurable experience called the End Semester Exams. Much like a treasure hunt, students run from one room to the other, trying to get the different fields in the forms signed. There are a few offices in which more than one field is validated and the clerks at each office are kind enough to redirect you to your next destination. To make sure that the students have multiple ways of suffering to choose from, BIT now has more than one room for a few of the offices. Keep in mind that each queue moves at different speeds. Ultimately, once every field has been verified and signed, you have to bring the form to the Dean, Mr. Almighty for his signature.
To simplify the matter, you and your friends prepared a map of the offices. Now provided the rate at which the queue in front of each of the offices(/rooms) moves (Rate = The number of people per day), your task is to calculate the number of students who will actually make it out of Mr. Almighty\'s Office (alive :P).

<image />

<strong>Input Specification :</strong>
<ul><li>There are multiple input sets, each of whose first line consists of two inputs n and e where n = the number of rooms (assuming that the students are initially in Room #1) and p = the total number of paths between the Rooms.</li><li>Next we have \'p\' input lines where we specify two room numbers and the rate at which the queue moves between them.</li><li>On the next line we specify the room number of the Dean\'s office.</li><li>Assume that there are infinite number of students and that all of them are initially in Room #1.</li><li>Read till End Of File.</li></ul>
<strong>Output Specifications :</strong>

For each test case, print out a single line the number of students who get out of the Dean\'s office in one day.

<strong>Constraints :</strong>
<ul><li>5 <= Number of Rooms <= 100</li><li>1 <= Room Numbers <= 100</li><li>1 <= Rate <= 1000</li></ul>

<strong>Sample Input :</strong>

<code>
7 9
1 2 100
1 3 150
2 4 75
2 5 80
3 4 75
3 5 90
4 7 65
5 6 70
6 7 85
7
</code>

<strong>Sample Output :</strong>

<code>
135
</code>

<em>Question Setter : Vishnu Mohandas</em>
    [updateproblem] => Submit
)
' )
Error: SQLSTATE[HY000]: General error
/host/Program Files (x86)/EasyPHP-5.3.5.0/www/aurora/functions.php
======================================================================
[2013-06-07 19:07:07]
Query error:
update problems set name = 'No Dues Dilemma' where pid=54
Error: SQLSTATE[HY000]: General error
/host/Program Files (x86)/EasyPHP-5.3.5.0/www/aurora/functions.php
======================================================================
[2013-06-07 19:07:07]
Query error:
update problems set code = 'NODUES' where pid=54
Error: SQLSTATE[HY000]: General error
/host/Program Files (x86)/EasyPHP-5.3.5.0/www/aurora/functions.php
======================================================================
[2013-06-07 19:07:07]
Query error:
update problems set score = '100' where pid=54
Error: SQLSTATE[HY000]: General error
/host/Program Files (x86)/EasyPHP-5.3.5.0/www/aurora/functions.php
======================================================================
[2013-06-07 19:07:07]
Query error:
update problems set type = '' where pid=54
Error: SQLSTATE[HY000]: General error
/host/Program Files (x86)/EasyPHP-5.3.5.0/www/aurora/functions.php
======================================================================
[2013-06-07 19:07:07]
Query error:
update problems set pgroup = '#19 CQM-9' where pid=54
Error: SQLSTATE[HY000]: General error
/host/Program Files (x86)/EasyPHP-5.3.5.0/www/aurora/functions.php
======================================================================
[2013-06-07 19:07:07]
Query error:
update problems set contest = 'practice' where pid=54
Error: SQLSTATE[HY000]: General error
/host/Program Files (x86)/EasyPHP-5.3.5.0/www/aurora/functions.php
======================================================================
[2013-06-07 19:07:07]
Query error:
update problems set timelimit = '1' where pid=54
Error: SQLSTATE[HY000]: General error
/host/Program Files (x86)/EasyPHP-5.3.5.0/www/aurora/functions.php
======================================================================
[2013-06-07 19:07:07]
Query error:
update problems set status = 'Active' where pid=54
Error: SQLSTATE[HY000]: General error
/host/Program Files (x86)/EasyPHP-5.3.5.0/www/aurora/functions.php
======================================================================
[2013-06-07 19:07:07]
Query error:
update problems set languages = 'C,C++,Java' where pid=54
Error: SQLSTATE[HY000]: General error
/host/Program Files (x86)/EasyPHP-5.3.5.0/www/aurora/functions.php
======================================================================
[2013-06-07 19:07:07]
Query error:
update problems set displayio = '1' where pid=54
Error: SQLSTATE[HY000]: General error
/host/Program Files (x86)/EasyPHP-5.3.5.0/www/aurora/functions.php
======================================================================
[2013-06-07 19:07:07]
Query error:
update problems set maxfilesize = '50000' where pid=54
Error: SQLSTATE[HY000]: General error
/host/Program Files (x86)/EasyPHP-5.3.5.0/www/aurora/functions.php
======================================================================
[2013-06-07 19:07:07]
Query error:
update problems set statement = '<strong>Problem Description :</strong>

Its that dreaded time of the year again, when BIT-ians have to spend hours which even translate into days for a few unfortunate souls, waiting in queues to get their \'No-Dues\' application signed, just so that they can appear for the extremely pleasurable experience called the End Semester Exams. Much like a treasure hunt, students run from one room to the other, trying to get the different fields in the forms signed. There are a few offices in which more than one field is validated and the clerks at each office are kind enough to redirect you to your next destination. To make sure that the students have multiple ways of suffering to choose from, BIT now has more than one room for a few of the offices. Keep in mind that each queue moves at different speeds. Ultimately, once every field has been verified and signed, you have to bring the form to the Dean, Mr. Almighty for his signature.
To simplify the matter, you and your friends prepared a map of the offices. Now provided the rate at which the queue in front of each of the offices(/rooms) moves (Rate = The number of people per day), your task is to calculate the number of students who will actually make it out of Mr. Almighty\'s Office (alive :P).

<image />

<strong>Input Specification :</strong>
<ul><li>There are multiple input sets, each of whose first line consists of two inputs n and e where n = the number of rooms (assuming that the students are initially in Room #1) and p = the total number of paths between the Rooms.</li><li>Next we have \'p\' input lines where we specify two room numbers and the rate at which the queue moves between them.</li><li>On the next line we specify the room number of the Dean\'s office.</li><li>Assume that there are infinite number of students and that all of them are initially in Room #1.</li><li>Read till End Of File.</li></ul>
<strong>Output Specifications :</strong>

For each test case, print out a single line the number of students who get out of the Dean\'s office in one day.

<strong>Constraints :</strong>
<ul><li>5 <= Number of Rooms <= 100</li><li>1 <= Room Numbers <= 100</li><li>1 <= Rate <= 1000</li></ul>

<strong>Sample Input :</strong>

<code>
7 9
1 2 100
1 3 150
2 4 75
2 5 80
3 4 75
3 5 90
4 7 65
5 6 70
6 7 85
7
</code>

<strong>Sample Output :</strong>

<code>
135
</code>

<em>Question Setter : Vishnu Mohandas</em>' where pid=54
Error: SQLSTATE[HY000]: General error
/host/Program Files (x86)/EasyPHP-5.3.5.0/www/aurora/functions.php
======================================================================
[2013-06-07 19:07:48]
Query error:
insert into logs value ('1370612268', '127.0.0.1', 'Array
(
    [url] => /aurora/adminproblem/NODUES
    [team] => Array
        (
            [id] => 1
            [name] => ACM
            [status] => Admin
        )

    [loggedin] => true
)
', 'Array
(
    [pid] => 54
    [name] => No Dues Dilemma
    [code] => NODUES
    [score] => 100
    [type] => 
    [pgroup] => #19 CQM-9
    [contest] => practice
    [maxfilesize] => 50000
    [displayio] => 1
    [timelimit] => 1
    [status] => Active
    [languages] => C,C++,Java
    [statement] => <strong>Problem Description :</strong>

Its that dreaded time of the year again, when BIT-ians have to spend hours which even translate into days for a few unfortunate souls, waiting in queues to get their \'No-Dues\' application signed, just so that they can appear for the extremely pleasurable experience called the End Semester Exams. Much like a treasure hunt, students run from one room to the other, trying to get the different fields in the forms signed. There are a few offices in which more than one field is validated and the clerks at each office are kind enough to redirect you to your next destination. To make sure that the students have multiple ways of suffering to choose from, BIT now has more than one room for a few of the offices. Keep in mind that each queue moves at different speeds. Ultimately, once every field has been verified and signed, you have to bring the form to the Dean, Mr. Almighty for his signature.
To simplify the matter, you and your friends prepared a map of the offices. Now provided the rate at which the queue in front of each of the offices(/rooms) moves (Rate = The number of people per day), your task is to calculate the number of students who will actually make it out of Mr. Almighty\'s Office (alive :P).

<strong>Input Specification :</strong>
<ul><li>There are multiple input sets, each of whose first line consists of two inputs n and e where n = the number of rooms (assuming that the students are initially in Room #1) and p = the total number of paths between the Rooms.</li><li>Next we have \'p\' input lines where we specify two room numbers and the rate at which the queue moves between them.</li><li>On the next line we specify the room number of the Dean\'s office.</li><li>Assume that there are infinite number of students and that all of them are initially in Room #1.</li><li>Read till End Of File.</li></ul>
<strong>Output Specifications :</strong>

For each test case, print out a single line the number of students who get out of the Dean\'s office in one day.

<strong>Constraints :</strong>
<ul><li>5 <= Number of Rooms <= 100</li><li>1 <= Room Numbers <= 100</li><li>1 <= Rate <= 1000</li></ul>

<strong>Sample Input :</strong>

<code>
7 9
1 2 100
1 3 150
2 4 75
2 5 80
3 4 75
3 5 90
4 7 65
5 6 70
6 7 85
7
</code>

<strong>Sample Output :</strong>

<code>
135
</code>

<em>Question Setter : Vishnu Mohandas</em>
    [updateproblem] => Submit
)
' )
Error: SQLSTATE[HY000]: General error
/host/Program Files (x86)/EasyPHP-5.3.5.0/www/aurora/functions.php
======================================================================
[2013-06-07 19:07:48]
Query error:
update problems set name = 'No Dues Dilemma' where pid=54
Error: SQLSTATE[HY000]: General error
/host/Program Files (x86)/EasyPHP-5.3.5.0/www/aurora/functions.php
======================================================================
[2013-06-07 19:07:48]
Query error:
update problems set code = 'NODUES' where pid=54
Error: SQLSTATE[HY000]: General error
/host/Program Files (x86)/EasyPHP-5.3.5.0/www/aurora/functions.php
======================================================================
[2013-06-07 19:07:48]
Query error:
update problems set score = '100' where pid=54
Error: SQLSTATE[HY000]: General error
/host/Program Files (x86)/EasyPHP-5.3.5.0/www/aurora/functions.php
======================================================================
[2013-06-07 19:07:48]
Query error:
update problems set type = '' where pid=54
Error: SQLSTATE[HY000]: General error
/host/Program Files (x86)/EasyPHP-5.3.5.0/www/aurora/functions.php
======================================================================
[2013-06-07 19:07:48]
Query error:
update problems set pgroup = '#19 CQM-9' where pid=54
Error: SQLSTATE[HY000]: General error
/host/Program Files (x86)/EasyPHP-5.3.5.0/www/aurora/functions.php
======================================================================
[2013-06-07 19:07:48]
Query error:
update problems set contest = 'practice' where pid=54
Error: SQLSTATE[HY000]: General error
/host/Program Files (x86)/EasyPHP-5.3.5.0/www/aurora/functions.php
======================================================================
[2013-06-07 19:07:48]
Query error:
update problems set timelimit = '1' where pid=54
Error: SQLSTATE[HY000]: General error
/host/Program Files (x86)/EasyPHP-5.3.5.0/www/aurora/functions.php
======================================================================
[2013-06-07 19:07:48]
Query error:
update problems set status = 'Active' where pid=54
Error: SQLSTATE[HY000]: General error
/host/Program Files (x86)/EasyPHP-5.3.5.0/www/aurora/functions.php
======================================================================
[2013-06-07 19:07:48]
Query error:
update problems set languages = 'C,C++,Java' where pid=54
Error: SQLSTATE[HY000]: General error
/host/Program Files (x86)/EasyPHP-5.3.5.0/www/aurora/functions.php
======================================================================
[2013-06-07 19:07:48]
Query error:
update problems set displayio = '1' where pid=54
Error: SQLSTATE[HY000]: General error
/host/Program Files (x86)/EasyPHP-5.3.5.0/www/aurora/functions.php
======================================================================
[2013-06-07 19:07:48]
Query error:
update problems set maxfilesize = '50000' where pid=54
Error: SQLSTATE[HY000]: General error
/host/Program Files (x86)/EasyPHP-5.3.5.0/www/aurora/functions.php
======================================================================
[2013-06-07 19:07:48]
Query error:
update problems set statement = '<strong>Problem Description :</strong>

Its that dreaded time of the year again, when BIT-ians have to spend hours which even translate into days for a few unfortunate souls, waiting in queues to get their \'No-Dues\' application signed, just so that they can appear for the extremely pleasurable experience called the End Semester Exams. Much like a treasure hunt, students run from one room to the other, trying to get the different fields in the forms signed. There are a few offices in which more than one field is validated and the clerks at each office are kind enough to redirect you to your next destination. To make sure that the students have multiple ways of suffering to choose from, BIT now has more than one room for a few of the offices. Keep in mind that each queue moves at different speeds. Ultimately, once every field has been verified and signed, you have to bring the form to the Dean, Mr. Almighty for his signature.
To simplify the matter, you and your friends prepared a map of the offices. Now provided the rate at which the queue in front of each of the offices(/rooms) moves (Rate = The number of people per day), your task is to calculate the number of students who will actually make it out of Mr. Almighty\'s Office (alive :P).

<strong>Input Specification :</strong>
<ul><li>There are multiple input sets, each of whose first line consists of two inputs n and e where n = the number of rooms (assuming that the students are initially in Room #1) and p = the total number of paths between the Rooms.</li><li>Next we have \'p\' input lines where we specify two room numbers and the rate at which the queue moves between them.</li><li>On the next line we specify the room number of the Dean\'s office.</li><li>Assume that there are infinite number of students and that all of them are initially in Room #1.</li><li>Read till End Of File.</li></ul>
<strong>Output Specifications :</strong>

For each test case, print out a single line the number of students who get out of the Dean\'s office in one day.

<strong>Constraints :</strong>
<ul><li>5 <= Number of Rooms <= 100</li><li>1 <= Room Numbers <= 100</li><li>1 <= Rate <= 1000</li></ul>

<strong>Sample Input :</strong>

<code>
7 9
1 2 100
1 3 150
2 4 75
2 5 80
3 4 75
3 5 90
4 7 65
5 6 70
6 7 85
7
</code>

<strong>Sample Output :</strong>

<code>
135
</code>

<em>Question Setter : Vishnu Mohandas</em>' where pid=54
Error: SQLSTATE[HY000]: General error
/host/Program Files (x86)/EasyPHP-5.3.5.0/www/aurora/functions.php
======================================================================
[2013-06-07 19:20:46]
Query error:
insert into logs value ('1370613046', '127.0.0.1', 'Array
(
    [url] => /aurora/adminproblem/FOREVERALONE
    [team] => Array
        (
            [id] => 1
            [name] => ACM
            [status] => Admin
        )

    [loggedin] => true
)
', 'Array
(
    [pid] => 9
    [name] => Forever Alone Level 140
    [code] => FOREVERALONE
    [score] => 100
    [type] => Number Theory
    [pgroup] => #11 CQM-1
    [contest] => practice
    [maxfilesize] => 50000
    [displayio] => 1
    [timelimit] => 1
    [status] => Active
    [languages] => C,C++,Java
    [statement] => <b>Problem Statement : </b>

<image /><div style=\"text-align:justify;\">As you all know, a dance party was organized for the unfortunate souls who had decided to join this cursed institution. Needless to say it was meant for those who were desperate enough to jump into a relationship less than a month into meeting someone of the opposite sex. The tickets were sold in pairs, wherein partners ended up with tickets with the same ID. The party is set to begin only after everyone who bought the ticket has entered the arena. Also, the organizers of the party need to make sure that there are only couples inside and they have resorted to you for help. The problem is that, the partners need not necessarily come in together. Given the total number of people inside, and their Ticket IDs, you need to find out the ID of the ticket the Forever Alone Guy used to make his way into the party.
</div>

<b>Input : </b>

There are multiple input sets, and for each the first line referes to \'N\' - the total number of people of who came to party, followed by \'N\' lines that contain the Ticket IDs of the people who came to party. Assume that everyone who decided to waste their money turned up for the party.

<b>Output : </b>

The output for each test case consists of a single line that prints out the Ticket ID of the Forever Alone Guy. 

<b>Constraints : </b>

1 <= N <= 10^6 where N is always odd
1 < Ticket IDs < 10^18
Read till EOF.

<b>Sample Input : </b>

<code>
	5
	100
	666
	123
	100
	123
	7
	1001
	2002
	3003
	1001
	4004
	3003
	2002
</code>

<b>Sample Output : </b>

<code>
	Forever Alone Guy : 666
	Forever Alone Guy : 4004
</code>

<i>Problem Setter : Vishnu Mohandas</i>
    [updateproblem] => Submit
)
' )
Error: SQLSTATE[HY000]: General error
/host/Program Files (x86)/EasyPHP-5.3.5.0/www/aurora/functions.php
======================================================================
[2013-06-07 19:20:46]
Query error:
update problems set name = 'Forever Alone Level 140' where pid=9
Error: SQLSTATE[HY000]: General error
/host/Program Files (x86)/EasyPHP-5.3.5.0/www/aurora/functions.php
======================================================================
[2013-06-07 19:20:46]
Query error:
update problems set code = 'FOREVERALONE' where pid=9
Error: SQLSTATE[HY000]: General error
/host/Program Files (x86)/EasyPHP-5.3.5.0/www/aurora/functions.php
======================================================================
[2013-06-07 19:20:46]
Query error:
update problems set score = '100' where pid=9
Error: SQLSTATE[HY000]: General error
/host/Program Files (x86)/EasyPHP-5.3.5.0/www/aurora/functions.php
======================================================================
[2013-06-07 19:20:46]
Query error:
update problems set type = 'Number Theory' where pid=9
Error: SQLSTATE[HY000]: General error
/host/Program Files (x86)/EasyPHP-5.3.5.0/www/aurora/functions.php
======================================================================
[2013-06-07 19:20:46]
Query error:
update problems set pgroup = '#11 CQM-1' where pid=9
Error: SQLSTATE[HY000]: General error
/host/Program Files (x86)/EasyPHP-5.3.5.0/www/aurora/functions.php
======================================================================
[2013-06-07 19:20:46]
Query error:
update problems set contest = 'practice' where pid=9
Error: SQLSTATE[HY000]: General error
/host/Program Files (x86)/EasyPHP-5.3.5.0/www/aurora/functions.php
======================================================================
[2013-06-07 19:20:46]
Query error:
update problems set timelimit = '1' where pid=9
Error: SQLSTATE[HY000]: General error
/host/Program Files (x86)/EasyPHP-5.3.5.0/www/aurora/functions.php
======================================================================
[2013-06-07 19:20:46]
Query error:
update problems set status = 'Active' where pid=9
Error: SQLSTATE[HY000]: General error
/host/Program Files (x86)/EasyPHP-5.3.5.0/www/aurora/functions.php
======================================================================
[2013-06-07 19:20:46]
Query error:
update problems set languages = 'C,C++,Java' where pid=9
Error: SQLSTATE[HY000]: General error
/host/Program Files (x86)/EasyPHP-5.3.5.0/www/aurora/functions.php
======================================================================
[2013-06-07 19:20:46]
Query error:
update problems set displayio = '1' where pid=9
Error: SQLSTATE[HY000]: General error
/host/Program Files (x86)/EasyPHP-5.3.5.0/www/aurora/functions.php
======================================================================
[2013-06-07 19:20:46]
Query error:
update problems set maxfilesize = '50000' where pid=9
Error: SQLSTATE[HY000]: General error
/host/Program Files (x86)/EasyPHP-5.3.5.0/www/aurora/functions.php
======================================================================
[2013-06-07 19:20:46]
Query error:
update problems set statement = '<b>Problem Statement : </b>

<image /><div style=\"text-align:justify;\">As you all know, a dance party was organized for the unfortunate souls who had decided to join this cursed institution. Needless to say it was meant for those who were desperate enough to jump into a relationship less than a month into meeting someone of the opposite sex. The tickets were sold in pairs, wherein partners ended up with tickets with the same ID. The party is set to begin only after everyone who bought the ticket has entered the arena. Also, the organizers of the party need to make sure that there are only couples inside and they have resorted to you for help. The problem is that, the partners need not necessarily come in together. Given the total number of people inside, and their Ticket IDs, you need to find out the ID of the ticket the Forever Alone Guy used to make his way into the party.
</div>

<b>Input : </b>

There are multiple input sets, and for each the first line referes to \'N\' - the total number of people of who came to party, followed by \'N\' lines that contain the Ticket IDs of the people who came to party. Assume that everyone who decided to waste their money turned up for the party.

<b>Output : </b>

The output for each test case consists of a single line that prints out the Ticket ID of the Forever Alone Guy. 

<b>Constraints : </b>

1 <= N <= 10^6 where N is always odd
1 < Ticket IDs < 10^18
Read till EOF.

<b>Sample Input : </b>

<code>
	5
	100
	666
	123
	100
	123
	7
	1001
	2002
	3003
	1001
	4004
	3003
	2002
</code>

<b>Sample Output : </b>

<code>
	Forever Alone Guy : 666
	Forever Alone Guy : 4004
</code>

<i>Problem Setter : Vishnu Mohandas</i>' where pid=9
Error: SQLSTATE[HY000]: General error
/host/Program Files (x86)/EasyPHP-5.3.5.0/www/aurora/functions.php
======================================================================
[2013-06-07 19:22:05]
Query error:
insert into logs value ('1370613125', '127.0.0.1', 'Array
(
    [url] => /aurora/adminproblem/FOREVERALONE
    [team] => Array
        (
            [id] => 1
            [name] => ACM
            [status] => Admin
        )

    [loggedin] => true
)
', 'Array
(
    [pid] => 9
    [name] => Forever Alone Level 140
    [code] => FOREVERALONE
    [score] => 100
    [type] => Number Theory
    [pgroup] => #11 CQM-1
    [contest] => practice
    [maxfilesize] => 50000
    [displayio] => 1
    [timelimit] => 1
    [status] => Active
    [languages] => C,C++,Java
    [statement] => <b>Problem Statement : </b>

<div style=\"text-align:justify;\">As you all know, a dance party was organized for the unfortunate souls who had decided to join this cursed institution. Needless to say it was meant for those who were desperate enough to jump into a relationship less than a month into meeting someone of the opposite sex. The tickets were sold in pairs, wherein partners ended up with tickets with the same ID. The party is set to begin only after everyone who bought the ticket has entered the arena. Also, the organizers of the party need to make sure that there are only couples inside and they have resorted to you for help. The problem is that, the partners need not necessarily come in together. Given the total number of people inside, and their Ticket IDs, you need to find out the ID of the ticket the Forever Alone Guy used to make his way into the party.
</div>

<b>Input : </b>

There are multiple input sets, and for each the first line referes to \'N\' - the total number of people of who came to party, followed by \'N\' lines that contain the Ticket IDs of the people who came to party. Assume that everyone who decided to waste their money turned up for the party.

<b>Output : </b>

The output for each test case consists of a single line that prints out the Ticket ID of the Forever Alone Guy. 

<b>Constraints : </b>

1 <= N <= 10^6 where N is always odd
1 < Ticket IDs < 10^18
Read till EOF.

<b>Sample Input : </b>

<code>
	5
	100
	666
	123
	100
	123
	7
	1001
	2002
	3003
	1001
	4004
	3003
	2002
</code>

<b>Sample Output : </b>

<code>
	Forever Alone Guy : 666
	Forever Alone Guy : 4004
</code>

<i>Problem Setter : Vishnu Mohandas</i>
    [updateproblem] => Submit
)
' )
Error: SQLSTATE[HY000]: General error
/host/Program Files (x86)/EasyPHP-5.3.5.0/www/aurora/functions.php
======================================================================
[2013-06-07 19:22:05]
Query error:
update problems set name = 'Forever Alone Level 140' where pid=9
Error: SQLSTATE[HY000]: General error
/host/Program Files (x86)/EasyPHP-5.3.5.0/www/aurora/functions.php
======================================================================
[2013-06-07 19:22:05]
Query error:
update problems set code = 'FOREVERALONE' where pid=9
Error: SQLSTATE[HY000]: General error
/host/Program Files (x86)/EasyPHP-5.3.5.0/www/aurora/functions.php
======================================================================
[2013-06-07 19:22:05]
Query error:
update problems set score = '100' where pid=9
Error: SQLSTATE[HY000]: General error
/host/Program Files (x86)/EasyPHP-5.3.5.0/www/aurora/functions.php
======================================================================
[2013-06-07 19:22:05]
Query error:
update problems set type = 'Number Theory' where pid=9
Error: SQLSTATE[HY000]: General error
/host/Program Files (x86)/EasyPHP-5.3.5.0/www/aurora/functions.php
======================================================================
[2013-06-07 19:22:05]
Query error:
update problems set pgroup = '#11 CQM-1' where pid=9
Error: SQLSTATE[HY000]: General error
/host/Program Files (x86)/EasyPHP-5.3.5.0/www/aurora/functions.php
======================================================================
[2013-06-07 19:22:05]
Query error:
update problems set contest = 'practice' where pid=9
Error: SQLSTATE[HY000]: General error
/host/Program Files (x86)/EasyPHP-5.3.5.0/www/aurora/functions.php
======================================================================
[2013-06-07 19:22:05]
Query error:
update problems set timelimit = '1' where pid=9
Error: SQLSTATE[HY000]: General error
/host/Program Files (x86)/EasyPHP-5.3.5.0/www/aurora/functions.php
======================================================================
[2013-06-07 19:22:05]
Query error:
update problems set status = 'Active' where pid=9
Error: SQLSTATE[HY000]: General error
/host/Program Files (x86)/EasyPHP-5.3.5.0/www/aurora/functions.php
======================================================================
[2013-06-07 19:22:05]
Query error:
update problems set languages = 'C,C++,Java' where pid=9
Error: SQLSTATE[HY000]: General error
/host/Program Files (x86)/EasyPHP-5.3.5.0/www/aurora/functions.php
======================================================================
[2013-06-07 19:22:05]
Query error:
update problems set displayio = '1' where pid=9
Error: SQLSTATE[HY000]: General error
/host/Program Files (x86)/EasyPHP-5.3.5.0/www/aurora/functions.php
======================================================================
[2013-06-07 19:22:05]
Query error:
update problems set maxfilesize = '50000' where pid=9
Error: SQLSTATE[HY000]: General error
/host/Program Files (x86)/EasyPHP-5.3.5.0/www/aurora/functions.php
======================================================================
[2013-06-07 19:22:05]
Query error:
update problems set statement = '<b>Problem Statement : </b>

<div style=\"text-align:justify;\">As you all know, a dance party was organized for the unfortunate souls who had decided to join this cursed institution. Needless to say it was meant for those who were desperate enough to jump into a relationship less than a month into meeting someone of the opposite sex. The tickets were sold in pairs, wherein partners ended up with tickets with the same ID. The party is set to begin only after everyone who bought the ticket has entered the arena. Also, the organizers of the party need to make sure that there are only couples inside and they have resorted to you for help. The problem is that, the partners need not necessarily come in together. Given the total number of people inside, and their Ticket IDs, you need to find out the ID of the ticket the Forever Alone Guy used to make his way into the party.
</div>

<b>Input : </b>

There are multiple input sets, and for each the first line referes to \'N\' - the total number of people of who came to party, followed by \'N\' lines that contain the Ticket IDs of the people who came to party. Assume that everyone who decided to waste their money turned up for the party.

<b>Output : </b>

The output for each test case consists of a single line that prints out the Ticket ID of the Forever Alone Guy. 

<b>Constraints : </b>

1 <= N <= 10^6 where N is always odd
1 < Ticket IDs < 10^18
Read till EOF.

<b>Sample Input : </b>

<code>
	5
	100
	666
	123
	100
	123
	7
	1001
	2002
	3003
	1001
	4004
	3003
	2002
</code>

<b>Sample Output : </b>

<code>
	Forever Alone Guy : 666
	Forever Alone Guy : 4004
</code>

<i>Problem Setter : Vishnu Mohandas</i>' where pid=9
Error: SQLSTATE[HY000]: General error
/host/Program Files (x86)/EasyPHP-5.3.5.0/www/aurora/functions.php
======================================================================
[2013-06-07 19:51:13]
Query error:
insert into logs value ('1370614873', '127.0.0.1', 'Array
(
    [url] => /aurora/adminproblem/SLVXY
    [team] => Array
        (
            [id] => 1
            [name] => ACM
            [status] => Admin
        )

    [loggedin] => true
)
', 'Array
(
    [pid] => 60
    [name] => SolveXY
    [code] => SLVXY
    [score] => 100
    [type] => Number Theory
    [pgroup] => DEV-CQM
    [contest] => practice
    [maxfilesize] => 50000
    [displayio] => 1
    [timelimit] => 6
    [status] => Active
    [languages] => C#,JavaScript,Pascal,Perl,PHP,Python,Ruby
    [statement] => <b>Problem Statement</b>
Given a positive integer K, find the number of distinct positive integer solutions of the following equation.<br/>
<image />
<img src=\"/acm/photos/image_solvexy.png\" id=\"leena\">
<br/>
<b>Input Specifications</b>
The first line of input contains T, the number of test cases.
Each test case consists of a positive integer K in a separate line.

<b>Output Specifications</b>
For each test case, print the answer followed by a new line.

<b>Constraints</b>
<ul><li>1 <= T <= 1000</li>
<li>1 <= K <= 10000</li></ul>

<b>Sample Input</b>
<code>
3
1
2
3
</code>

<b>Sample Output</b>
<code>
1
3
9
</code>

<b>Explanation:</b>
Case #1: The only possible solution is (2, 2)
Case #2: The possible solutions are  (4, 4), (3, 6) and (6, 3)

<i>Problem Setter: Rohan Laishram</i>
    [updateproblem] => Submit
)
' )
Error: SQLSTATE[HY000]: General error
/host/Program Files (x86)/EasyPHP-5.3.5.0/www/aurora/functions.php
======================================================================
[2013-06-07 19:51:13]
Query error:
update problems set name = 'SolveXY' where pid=60
Error: SQLSTATE[HY000]: General error
/host/Program Files (x86)/EasyPHP-5.3.5.0/www/aurora/functions.php
======================================================================
[2013-06-07 19:51:13]
Query error:
update problems set code = 'SLVXY' where pid=60
Error: SQLSTATE[HY000]: General error
/host/Program Files (x86)/EasyPHP-5.3.5.0/www/aurora/functions.php
======================================================================
[2013-06-07 19:51:13]
Query error:
update problems set score = '100' where pid=60
Error: SQLSTATE[HY000]: General error
/host/Program Files (x86)/EasyPHP-5.3.5.0/www/aurora/functions.php
======================================================================
[2013-06-07 19:51:13]
Query error:
update problems set type = 'Number Theory' where pid=60
Error: SQLSTATE[HY000]: General error
/host/Program Files (x86)/EasyPHP-5.3.5.0/www/aurora/functions.php
======================================================================
[2013-06-07 19:51:13]
Query error:
update problems set pgroup = 'DEV-CQM' where pid=60
Error: SQLSTATE[HY000]: General error
/host/Program Files (x86)/EasyPHP-5.3.5.0/www/aurora/functions.php
======================================================================
[2013-06-07 19:51:13]
Query error:
update problems set contest = 'practice' where pid=60
Error: SQLSTATE[HY000]: General error
/host/Program Files (x86)/EasyPHP-5.3.5.0/www/aurora/functions.php
======================================================================
[2013-06-07 19:51:13]
Query error:
update problems set timelimit = '6' where pid=60
Error: SQLSTATE[HY000]: General error
/host/Program Files (x86)/EasyPHP-5.3.5.0/www/aurora/functions.php
======================================================================
[2013-06-07 19:51:13]
Query error:
update problems set status = 'Active' where pid=60
Error: SQLSTATE[HY000]: General error
/host/Program Files (x86)/EasyPHP-5.3.5.0/www/aurora/functions.php
======================================================================
[2013-06-07 19:51:13]
Query error:
update problems set languages = 'C#,JavaScript,Pascal,Perl,PHP,Python,Ruby' where pid=60
Error: SQLSTATE[HY000]: General error
/host/Program Files (x86)/EasyPHP-5.3.5.0/www/aurora/functions.php
======================================================================
[2013-06-07 19:51:13]
Query error:
update problems set displayio = '1' where pid=60
Error: SQLSTATE[HY000]: General error
/host/Program Files (x86)/EasyPHP-5.3.5.0/www/aurora/functions.php
======================================================================
[2013-06-07 19:51:13]
Query error:
update problems set maxfilesize = '50000' where pid=60
Error: SQLSTATE[HY000]: General error
/host/Program Files (x86)/EasyPHP-5.3.5.0/www/aurora/functions.php
======================================================================
[2013-06-07 19:51:13]
Query error:
update problems set statement = '<b>Problem Statement</b>
Given a positive integer K, find the number of distinct positive integer solutions of the following equation.<br/>
<image />
<img src=\"/acm/photos/image_solvexy.png\" id=\"leena\">
<br/>
<b>Input Specifications</b>
The first line of input contains T, the number of test cases.
Each test case consists of a positive integer K in a separate line.

<b>Output Specifications</b>
For each test case, print the answer followed by a new line.

<b>Constraints</b>
<ul><li>1 <= T <= 1000</li>
<li>1 <= K <= 10000</li></ul>

<b>Sample Input</b>
<code>
3
1
2
3
</code>

<b>Sample Output</b>
<code>
1
3
9
</code>

<b>Explanation:</b>
Case #1: The only possible solution is (2, 2)
Case #2: The possible solutions are  (4, 4), (3, 6) and (6, 3)

<i>Problem Setter: Rohan Laishram</i>' where pid=60
Error: SQLSTATE[HY000]: General error
/host/Program Files (x86)/EasyPHP-5.3.5.0/www/aurora/functions.php
======================================================================
[2013-06-07 19:51:39]
Query error:
insert into logs value ('1370614899', '127.0.0.1', 'Array
(
    [url] => /aurora/adminproblem/SLVXY
    [team] => Array
        (
            [id] => 1
            [name] => ACM
            [status] => Admin
        )

    [loggedin] => true
)
', 'Array
(
    [pid] => 60
    [name] => SolveXY
    [code] => SLVXY
    [score] => 100
    [type] => Number Theory
    [pgroup] => DEV-CQM
    [contest] => practice
    [maxfilesize] => 50000
    [displayio] => 1
    [timelimit] => 6
    [status] => Active
    [languages] => C#,JavaScript,Pascal,Perl,PHP,Python,Ruby
    [statement] => <b>Problem Statement</b>
Given a positive integer K, find the number of distinct positive integer solutions of the following equation.<br/>
<image />
<!--img src=\"/acm/photos/image_solvexy.png\" id=\"leena\"-->
<br/>
<b>Input Specifications</b>
The first line of input contains T, the number of test cases.
Each test case consists of a positive integer K in a separate line.

<b>Output Specifications</b>
For each test case, print the answer followed by a new line.

<b>Constraints</b>
<ul><li>1 <= T <= 1000</li>
<li>1 <= K <= 10000</li></ul>

<b>Sample Input</b>
<code>
3
1
2
3
</code>

<b>Sample Output</b>
<code>
1
3
9
</code>

<b>Explanation:</b>
Case #1: The only possible solution is (2, 2)
Case #2: The possible solutions are  (4, 4), (3, 6) and (6, 3)

<i>Problem Setter: Rohan Laishram</i>
    [updateproblem] => Submit
)
' )
Error: SQLSTATE[HY000]: General error
/host/Program Files (x86)/EasyPHP-5.3.5.0/www/aurora/functions.php
======================================================================
[2013-06-07 19:51:39]
Query error:
update problems set name = 'SolveXY' where pid=60
Error: SQLSTATE[HY000]: General error
/host/Program Files (x86)/EasyPHP-5.3.5.0/www/aurora/functions.php
======================================================================
[2013-06-07 19:51:39]
Query error:
update problems set code = 'SLVXY' where pid=60
Error: SQLSTATE[HY000]: General error
/host/Program Files (x86)/EasyPHP-5.3.5.0/www/aurora/functions.php
======================================================================
[2013-06-07 19:51:39]
Query error:
update problems set score = '100' where pid=60
Error: SQLSTATE[HY000]: General error
/host/Program Files (x86)/EasyPHP-5.3.5.0/www/aurora/functions.php
======================================================================
[2013-06-07 19:51:40]
Query error:
update problems set type = 'Number Theory' where pid=60
Error: SQLSTATE[HY000]: General error
/host/Program Files (x86)/EasyPHP-5.3.5.0/www/aurora/functions.php
======================================================================
[2013-06-07 19:51:40]
Query error:
update problems set pgroup = 'DEV-CQM' where pid=60
Error: SQLSTATE[HY000]: General error
/host/Program Files (x86)/EasyPHP-5.3.5.0/www/aurora/functions.php
======================================================================
[2013-06-07 19:51:40]
Query error:
update problems set contest = 'practice' where pid=60
Error: SQLSTATE[HY000]: General error
/host/Program Files (x86)/EasyPHP-5.3.5.0/www/aurora/functions.php
======================================================================
[2013-06-07 19:51:40]
Query error:
update problems set timelimit = '6' where pid=60
Error: SQLSTATE[HY000]: General error
/host/Program Files (x86)/EasyPHP-5.3.5.0/www/aurora/functions.php
======================================================================
[2013-06-07 19:51:40]
Query error:
update problems set status = 'Active' where pid=60
Error: SQLSTATE[HY000]: General error
/host/Program Files (x86)/EasyPHP-5.3.5.0/www/aurora/functions.php
======================================================================
[2013-06-07 19:51:40]
Query error:
update problems set languages = 'C#,JavaScript,Pascal,Perl,PHP,Python,Ruby' where pid=60
Error: SQLSTATE[HY000]: General error
/host/Program Files (x86)/EasyPHP-5.3.5.0/www/aurora/functions.php
======================================================================
[2013-06-07 19:51:40]
Query error:
update problems set displayio = '1' where pid=60
Error: SQLSTATE[HY000]: General error
/host/Program Files (x86)/EasyPHP-5.3.5.0/www/aurora/functions.php
======================================================================
[2013-06-07 19:51:40]
Query error:
update problems set maxfilesize = '50000' where pid=60
Error: SQLSTATE[HY000]: General error
/host/Program Files (x86)/EasyPHP-5.3.5.0/www/aurora/functions.php
======================================================================
[2013-06-07 19:51:40]
Query error:
update problems set statement = '<b>Problem Statement</b>
Given a positive integer K, find the number of distinct positive integer solutions of the following equation.<br/>
<image />
<!--img src=\"/acm/photos/image_solvexy.png\" id=\"leena\"-->
<br/>
<b>Input Specifications</b>
The first line of input contains T, the number of test cases.
Each test case consists of a positive integer K in a separate line.

<b>Output Specifications</b>
For each test case, print the answer followed by a new line.

<b>Constraints</b>
<ul><li>1 <= T <= 1000</li>
<li>1 <= K <= 10000</li></ul>

<b>Sample Input</b>
<code>
3
1
2
3
</code>

<b>Sample Output</b>
<code>
1
3
9
</code>

<b>Explanation:</b>
Case #1: The only possible solution is (2, 2)
Case #2: The possible solutions are  (4, 4), (3, 6) and (6, 3)

<i>Problem Setter: Rohan Laishram</i>' where pid=60
Error: SQLSTATE[HY000]: General error
/host/Program Files (x86)/EasyPHP-5.3.5.0/www/aurora/functions.php
======================================================================
[2013-06-07 20:34:12]
Query error:
insert into logs value ('1370617452', '127.0.0.1', 'Array
(
    [url] => /aurora/adminjudge
    [team] => Array
        (
            [id] => 1
            [name] => ACM
            [status] => Admin
        )

    [loggedin] => true
)
', 'Array
(
    [notice] => Aurora Online Judge
Welcome to Aurora Online Judge
Please go through FAQ section to know about the changes made to Aurora

ACM Updates
Last year\'s teams has been flushed. You have to re-register.
Many practice problems has been added and Judge will be running 24/7. Solve as many as you can to get used to new interface before CQM starts.
    [judgenotice] => Update Notice
)
' )
Error: SQLSTATE[HY000]: General error
/host/Program Files (x86)/EasyPHP-5.3.5.0/www/aurora/functions.php
======================================================================
[2013-06-07 20:34:12]
Query error:
update admin set value='Aurora Online Judge
Welcome to Aurora Online Judge
Please go through FAQ section to know about the changes made to Aurora

ACM Updates
Last year\'s teams has been flushed. You have to re-register.
Many practice problems has been added and Judge will be running 24/7. Solve as many as you can to get used to new interface before CQM starts.' where variable='notice'
Error: SQLSTATE[HY000]: General error
/host/Program Files (x86)/EasyPHP-5.3.5.0/www/aurora/functions.php
======================================================================
[2013-06-07 20:38:20]
Query error:
insert into logs value ('1370617700', '127.0.0.1', 'Array
(
    [url] => /aurora/adminproblem/TEST
    [team] => Array
        (
            [id] => 1
            [name] => ACM
            [status] => Admin
        )

    [loggedin] => true
)
', 'Array
(
    [pid] => 1
    [name] => Squares
    [code] => TEST
    [score] => 0
    [type] => Ad-Hoc
    [pgroup] => Test
    [contest] => practice
    [maxfilesize] => 50000
    [displayio] => 1
    [timelimit] => 1
    [status] => Active
    [languages] => C,C++,C#,Java,JavaScript,Pascal,Perl,PHP,Python,Ruby,Text
    [statement] => WAP to output the square of an integer.
Input : Read until the end of file. Each line contains a single positive integer less than or equal to 10.
Output : Output the square of the integer, one in each line.

<b>SAMPLE INPUT</b>

<code>
1
2
3
5
</code>

<b>SAMPLE OUTPUT </b>

<code>
1
4
9
25
</code>
    [updateproblem] => Submit
)
' )
Error: SQLSTATE[HY000]: General error
/host/Program Files (x86)/EasyPHP-5.3.5.0/www/aurora/functions.php
======================================================================
[2013-06-07 20:38:20]
Query error:
update problems set name = 'Squares' where pid=1
Error: SQLSTATE[HY000]: General error
/host/Program Files (x86)/EasyPHP-5.3.5.0/www/aurora/functions.php
======================================================================
[2013-06-07 20:38:20]
Query error:
update problems set code = 'TEST' where pid=1
Error: SQLSTATE[HY000]: General error
/host/Program Files (x86)/EasyPHP-5.3.5.0/www/aurora/functions.php
======================================================================
[2013-06-07 20:38:20]
Query error:
update problems set score = '0' where pid=1
Error: SQLSTATE[HY000]: General error
/host/Program Files (x86)/EasyPHP-5.3.5.0/www/aurora/functions.php
======================================================================
[2013-06-07 20:38:20]
Query error:
update problems set type = 'Ad-Hoc' where pid=1
Error: SQLSTATE[HY000]: General error
/host/Program Files (x86)/EasyPHP-5.3.5.0/www/aurora/functions.php
======================================================================
[2013-06-07 20:38:20]
Query error:
update problems set pgroup = 'Test' where pid=1
Error: SQLSTATE[HY000]: General error
/host/Program Files (x86)/EasyPHP-5.3.5.0/www/aurora/functions.php
======================================================================
[2013-06-07 20:38:20]
Query error:
update problems set contest = 'practice' where pid=1
Error: SQLSTATE[HY000]: General error
/host/Program Files (x86)/EasyPHP-5.3.5.0/www/aurora/functions.php
======================================================================
[2013-06-07 20:38:20]
Query error:
update problems set timelimit = '1' where pid=1
Error: SQLSTATE[HY000]: General error
/host/Program Files (x86)/EasyPHP-5.3.5.0/www/aurora/functions.php
======================================================================
[2013-06-07 20:38:20]
Query error:
update problems set status = 'Active' where pid=1
Error: SQLSTATE[HY000]: General error
/host/Program Files (x86)/EasyPHP-5.3.5.0/www/aurora/functions.php
======================================================================
[2013-06-07 20:38:20]
Query error:
update problems set languages = 'C,C++,C#,Java,JavaScript,Pascal,Perl,PHP,Python,Ruby,Text' where pid=1
Error: SQLSTATE[HY000]: General error
/host/Program Files (x86)/EasyPHP-5.3.5.0/www/aurora/functions.php
======================================================================
[2013-06-07 20:38:20]
Query error:
update problems set displayio = '1' where pid=1
Error: SQLSTATE[HY000]: General error
/host/Program Files (x86)/EasyPHP-5.3.5.0/www/aurora/functions.php
======================================================================
[2013-06-07 20:38:20]
Query error:
update problems set maxfilesize = '50000' where pid=1
Error: SQLSTATE[HY000]: General error
/host/Program Files (x86)/EasyPHP-5.3.5.0/www/aurora/functions.php
======================================================================
[2013-06-07 20:38:20]
Query error:
update problems set statement = 'WAP to output the square of an integer.
Input : Read until the end of file. Each line contains a single positive integer less than or equal to 10.
Output : Output the square of the integer, one in each line.

<b>SAMPLE INPUT</b>

<code>
1
2
3
5
</code>

<b>SAMPLE OUTPUT </b>

<code>
1
4
9
25
</code>' where pid=1
Error: SQLSTATE[HY000]: General error
/host/Program Files (x86)/EasyPHP-5.3.5.0/www/aurora/functions.php
======================================================================
[2013-06-07 21:41:50]
Query error:
insert into logs value ('1370621510', '127.0.0.1', 'Array
(
    [url] => /aurora/problems/FIBO
    [team] => Array
        (
            [id] => 1
            [name] => ACM
            [status] => Admin
        )

    [loggedin] => true
)
', 'Array
(
    [lang] => C++
    [sub] => #include <cstdio>
using namespace std;
int main(){
  int arr[40], i, n;
  arr[0] = arr[1] = 1;
  for(i = 2; i < 40; i++)
    arr[i] = arr[i-1] + arr[i-2];
  while(scanf(\"%d\", &n) != EOF){
    for(i = 0; i < n; i++)
      printf(\"%d \", arr[i]);
    printf(\"\\n\");
  }
  return 0;
}
    [probcode] => FIBO
    [submitcode] => Submit
)
' )
Error: SQLSTATE[HY000]: General error
/host/Program Files (x86)/EasyPHP-5.3.5.0/www/aurora/functions.php
======================================================================
[2013-06-07 21:41:50]
Query error:
INSERT INTO runs (pid,tid,language,name,code,access,submittime) VALUES ('2', '1', 'C++', 'Main', '#include <cstdio>
using namespace std;
int main(){
  int arr[40], i, n;
  arr[0] = arr[1] = 1;
  for(i = 2; i < 40; i++)
    arr[i] = arr[i-1] + arr[i-2];
  while(scanf(\"%d\", &n) != EOF){
    for(i = 0; i < n; i++)
      printf(\"%d \", arr[i]);
    printf(\"\\n\");
  }
  return 0;
}', 'private', '1370621510')
Error: SQLSTATE[HY000]: General error
/host/Program Files (x86)/EasyPHP-5.3.5.0/www/aurora/functions.php
======================================================================
[2013-06-07 21:43:08]
Query error:
insert into logs value ('1370621588', '127.0.0.1', 'Array
(
    [url] => /aurora/submit/FIBO
    [team] => Array
        (
            [id] => 1
            [name] => ACM
            [status] => Admin
        )

    [loggedin] => true
)
', 'Array
(
    [lang] => C++
    [sub] => #include <cstdio>
using namespace std;
int main(){
  int arr[40], i, n;
  arr[0] = arr[1] = 1;
  for(i = 2; i < 40; i++)
    arr[i] = arr[i-1] + arr[i-2];
  while(scanf(\"%d\", &n) != EOF){
    for(i = 0; i < n - 1; i++)
      printf(\"%d \", arr[i]);
    printf(\"%d\\n\", arr[i]);
  }
  return 0;
}
    [probcode] => FIBO
    [submitcode] => Submit
)
' )
Error: SQLSTATE[HY000]: General error
/host/Program Files (x86)/EasyPHP-5.3.5.0/www/aurora/functions.php
======================================================================
[2013-06-07 21:43:08]
Query error:
INSERT INTO runs (pid,tid,language,name,code,access,submittime) VALUES ('2', '1', 'C++', 'Main', '#include <cstdio>
using namespace std;
int main(){
  int arr[40], i, n;
  arr[0] = arr[1] = 1;
  for(i = 2; i < 40; i++)
    arr[i] = arr[i-1] + arr[i-2];
  while(scanf(\"%d\", &n) != EOF){
    for(i = 0; i < n - 1; i++)
      printf(\"%d \", arr[i]);
    printf(\"%d\\n\", arr[i]);
  }
  return 0;
}', 'private', '1370621588')
Error: SQLSTATE[HY000]: General error
/host/Program Files (x86)/EasyPHP-5.3.5.0/www/aurora/functions.php
======================================================================
[2013-06-07 21:43:36]
Query error:
insert into logs value ('1370621616', '127.0.0.1', 'Array
(
    [url] => /aurora/submit/FIBO
    [team] => Array
        (
            [id] => 1
            [name] => ACM
            [status] => Admin
        )

    [loggedin] => true
)
', 'Array
(
    [lang] => C++
    [sub] => #include <cstdio>
using namespace std;
int main(){
  int arr[40], i, n;
  arr[0] = arr[1] = 1;
  for(i = 2; i < 40; i++)
    arr[i] = arr[i-1] + arr[i-2];
  while(scanf(\"%d\", &n) != EOF){
    for(i = 0; i < n; i++)
      printf(\"%d \", arr[i]);
    printf(\"\\n\");
  }
  return 0;
}
    [probcode] => FIBO
    [submitcode] => Submit
)
' )
Error: SQLSTATE[HY000]: General error
/host/Program Files (x86)/EasyPHP-5.3.5.0/www/aurora/functions.php
======================================================================
[2013-06-07 21:43:36]
Query error:
INSERT INTO runs (pid,tid,language,name,code,access,submittime) VALUES ('2', '1', 'C++', 'Main', '#include <cstdio>
using namespace std;
int main(){
  int arr[40], i, n;
  arr[0] = arr[1] = 1;
  for(i = 2; i < 40; i++)
    arr[i] = arr[i-1] + arr[i-2];
  while(scanf(\"%d\", &n) != EOF){
    for(i = 0; i < n; i++)
      printf(\"%d \", arr[i]);
    printf(\"\\n\");
  }
  return 0;
}', 'private', '1370621616')
Error: SQLSTATE[HY000]: General error
/host/Program Files (x86)/EasyPHP-5.3.5.0/www/aurora/functions.php
======================================================================
[2013-06-07 21:46:28]
Query error:
insert into logs value ('1370621788', '127.0.0.1', 'Array
(
    [url] => /aurora/viewsolution/401
    [team] => Array
        (
            [id] => 1
            [name] => ACM
            [status] => Admin
        )

    [loggedin] => true
)
', 'Array
(
    [rid] => 401
    [rejudge] => Rejudge
)
' )
Error: SQLSTATE[HY000]: General error
/host/Program Files (x86)/EasyPHP-5.3.5.0/www/aurora/functions.php
======================================================================
[2013-06-07 21:46:28]
Query error:
update runs set result = NULL, time = NULL where rid = 401
Error: SQLSTATE[HY000]: General error
/host/Program Files (x86)/EasyPHP-5.3.5.0/www/aurora/functions.php
======================================================================
[2013-06-07 21:47:17]
Query error:
insert into logs value ('1370621837', '127.0.0.1', 'Array
(
    [url] => /aurora/viewsolution/401
    [team] => Array
        (
            [id] => 1
            [name] => ACM
            [status] => Admin
        )

    [loggedin] => true
)
', 'Array
(
    [rid] => 401
    [rejudge] => Rejudge
)
' )
Error: SQLSTATE[HY000]: General error
/host/Program Files (x86)/EasyPHP-5.3.5.0/www/aurora/functions.php
======================================================================
[2013-06-07 21:47:17]
Query error:
update runs set result = NULL, time = NULL where rid = 401
Error: SQLSTATE[HY000]: General error
/host/Program Files (x86)/EasyPHP-5.3.5.0/www/aurora/functions.php
======================================================================
[2013-06-07 21:50:25]
Query error:
insert into logs value ('1370622025', '127.0.0.1', 'Array
(
    [url] => /aurora/submit/FIBO
    [team] => Array
        (
            [id] => 1
            [name] => ACM
            [status] => Admin
        )

    [loggedin] => true
)
', 'Array
(
    [lang] => C++
    [sub] => #include <cstdio>
using namespace std;
int main(){
  int arr[40], i, n;
  arr[0] = arr[1] = 1;
  for(i = 2; i < 40; i++)
    arr[i] = arr[i-1] + arr[i-2];
  while(scanf(\"%d\", &n) != EOF){
    if(n > 0){
      for(i = 0; i < n; i++)
	    printf(\"%d \", arr[i]);
      printf(\"\\n\");
    }
  }
  return 0;
}
    [probcode] => FIBO
    [submitcode] => Submit
)
' )
Error: SQLSTATE[HY000]: General error
/host/Program Files (x86)/EasyPHP-5.3.5.0/www/aurora/functions.php
======================================================================
[2013-06-07 21:50:25]
Query error:
INSERT INTO runs (pid,tid,language,name,code,access,submittime) VALUES ('2', '1', 'C++', 'Main', '#include <cstdio>
using namespace std;
int main(){
  int arr[40], i, n;
  arr[0] = arr[1] = 1;
  for(i = 2; i < 40; i++)
    arr[i] = arr[i-1] + arr[i-2];
  while(scanf(\"%d\", &n) != EOF){
    if(n > 0){
      for(i = 0; i < n; i++)
	    printf(\"%d \", arr[i]);
      printf(\"\\n\");
    }
  }
  return 0;
}', 'private', '1370622025')
Error: SQLSTATE[HY000]: General error
/host/Program Files (x86)/EasyPHP-5.3.5.0/www/aurora/functions.php
======================================================================
[2013-06-07 22:10:52]
Query error:
insert into logs value ('1370623252', '127.0.0.1', 'Array
(
    [url] => /aurora/adminproblem/FIBO
    [team] => Array
        (
            [id] => 1
            [name] => ACM
            [status] => Admin
        )

    [loggedin] => true
)
', 'Array
(
    [pid] => 2
    [name] => Fibonacci Series
    [code] => FIBO
    [score] => 0
    [type] => 
    [pgroup] => CQM-0
    [contest] => practice
    [maxfilesize] => 50000
    [displayio] => 0
    [timelimit] => 3
    [status] => Active
    [languages] => C,C++,Java
    [statement] => <b>Problem Statement</b>
	
Write a program to generate the Fibonacci Series upto N terms for all N > 0.

<b>Input Output Specifications</b>
<ul><li>Each line of the input file contains a single positive integer N, 0 <= N <= 40.</li><li>You must keep reading the input till EOF. There is more than one input.</li><li>Corresponding to each input integer, print out the Fibonacci Series up to N terms.</li></ul>
<b>Sample Input</b>

<code>
2
3
5
</code>

<b>Sample Output</b>

<code>
1 1
1 1 2
1 1 2 3 5
</code>
	
<i>Problem Setter: Kaustubh Karkare</i>
    [updateproblem] => Submit
)
' )
Error: SQLSTATE[HY000]: General error
/host/Program Files (x86)/EasyPHP-5.3.5.0/www/aurora/functions.php
======================================================================
[2013-06-07 22:10:52]
Query error:
update problems set name = 'Fibonacci Series' where pid=2
Error: SQLSTATE[HY000]: General error
/host/Program Files (x86)/EasyPHP-5.3.5.0/www/aurora/functions.php
======================================================================
[2013-06-07 22:10:52]
Query error:
update problems set code = 'FIBO' where pid=2
Error: SQLSTATE[HY000]: General error
/host/Program Files (x86)/EasyPHP-5.3.5.0/www/aurora/functions.php
======================================================================
[2013-06-07 22:10:52]
Query error:
update problems set score = '0' where pid=2
Error: SQLSTATE[HY000]: General error
/host/Program Files (x86)/EasyPHP-5.3.5.0/www/aurora/functions.php
======================================================================
[2013-06-07 22:10:52]
Query error:
update problems set type = '' where pid=2
Error: SQLSTATE[HY000]: General error
/host/Program Files (x86)/EasyPHP-5.3.5.0/www/aurora/functions.php
======================================================================
[2013-06-07 22:10:52]
Query error:
update problems set pgroup = 'CQM-0' where pid=2
Error: SQLSTATE[HY000]: General error
/host/Program Files (x86)/EasyPHP-5.3.5.0/www/aurora/functions.php
======================================================================
[2013-06-07 22:10:52]
Query error:
update problems set contest = 'practice' where pid=2
Error: SQLSTATE[HY000]: General error
/host/Program Files (x86)/EasyPHP-5.3.5.0/www/aurora/functions.php
======================================================================
[2013-06-07 22:10:52]
Query error:
update problems set timelimit = '3' where pid=2
Error: SQLSTATE[HY000]: General error
/host/Program Files (x86)/EasyPHP-5.3.5.0/www/aurora/functions.php
======================================================================
[2013-06-07 22:10:52]
Query error:
update problems set status = 'Active' where pid=2
Error: SQLSTATE[HY000]: General error
/host/Program Files (x86)/EasyPHP-5.3.5.0/www/aurora/functions.php
======================================================================
[2013-06-07 22:10:52]
Query error:
update problems set languages = 'C,C++,Java' where pid=2
Error: SQLSTATE[HY000]: General error
/host/Program Files (x86)/EasyPHP-5.3.5.0/www/aurora/functions.php
======================================================================
[2013-06-07 22:10:52]
Query error:
update problems set displayio = '0' where pid=2
Error: SQLSTATE[HY000]: General error
/host/Program Files (x86)/EasyPHP-5.3.5.0/www/aurora/functions.php
======================================================================
[2013-06-07 22:10:52]
Query error:
update problems set maxfilesize = '50000' where pid=2
Error: SQLSTATE[HY000]: General error
/host/Program Files (x86)/EasyPHP-5.3.5.0/www/aurora/functions.php
======================================================================
[2013-06-07 22:10:52]
Query error:
update problems set statement = '<b>Problem Statement</b>
	
Write a program to generate the Fibonacci Series upto N terms for all N > 0.

<b>Input Output Specifications</b>
<ul><li>Each line of the input file contains a single positive integer N, 0 <= N <= 40.</li><li>You must keep reading the input till EOF. There is more than one input.</li><li>Corresponding to each input integer, print out the Fibonacci Series up to N terms.</li></ul>
<b>Sample Input</b>

<code>
2
3
5
</code>

<b>Sample Output</b>

<code>
1 1
1 1 2
1 1 2 3 5
</code>
	
<i>Problem Setter: Kaustubh Karkare</i>' where pid=2
Error: SQLSTATE[HY000]: General error
/host/Program Files (x86)/EasyPHP-5.3.5.0/www/aurora/functions.php
======================================================================
[2013-06-08 01:02:15]
Query error:
insert into logs value ('1370633535', '127.0.0.1', 'Array
(
    [url] => /aurora/submit/WEDCARD
)
', 'Array
(
    [teamname] => ACM
    [password] => nikolatesla
    [login] => Log In
)
' )
Error: SQLSTATE[HY000]: General error
/host/Program Files (x86)/EasyPHP-5.3.5.0/www/aurora/functions.php
======================================================================
[2013-06-08 01:02:23]
Query error:
insert into logs value ('1370633543', '127.0.0.1', 'Array
(
    [url] => /aurora/submit/WEDCARD
)
', 'Array
(
    [teamname] => ACM
    [password] => johnnash
    [login] => Log In
)
' )
Error: SQLSTATE[HY000]: General error
/host/Program Files (x86)/EasyPHP-5.3.5.0/www/aurora/functions.php
======================================================================
[2013-06-08 01:02:30]
Query error:
insert into logs value ('1370633550', '127.0.0.1', 'Array
(
    [url] => /aurora/submit/WEDCARD
    [team] => Array
        (
            [id] => 1
            [name] => ACM
            [status] => Admin
        )

    [loggedin] => true
)
', 'Array
(
    [lang] => C++
    [sub] => #include <iostream>
#include <cstdio>
#include <string>
#include <algorithm>
using namespace std;
int solve(string a, string b){
	int dp[201][201], i, j, x, y, z;
	for(i = 0; i <= a.length(); i++)
		dp[i][0] = i;
	for(i = 0; i <= b.length(); i++)
		dp[0][i] = i;
	for(i = 1; i <= a.length(); i++)
		for(j = 1; j <= b.length(); j++){
			if(a[i-1] == b[j-1])
				x = dp[i-1][j-1]; 	// Keep Opertation : cost unchanged, length inc. 
			else
				x = dp[i-1][j-1] + 1; 	// Change Operation : cost inc, length inc.
			y = dp[i-1][j] + 1;  	// Delete Operation : cost inc, length unchanged 
			z = dp[i][j-1] + 1;  	// Insert Operation : cost inc, length inc. 
			dp[i][j] = min(x, min(y, z));
		}
	return dp[a.length()][b.length()];
}
int main(){
  	string a,b;
  	int t, n, ans;
  	scanf(\"%d\\n\", &t);
  	while(t--){
    		scanf(\"%d\\n\", &n);
   	 	getline(cin, a);
   	 	getline(cin, b);
		printf(\"Rs. %d\\n\", solve(a,b)*2*n);
  	}
	return 0;
}
    [probcode] => WEDCARD
    [submitcode] => Submit
)
' )
Error: SQLSTATE[HY000]: General error
/host/Program Files (x86)/EasyPHP-5.3.5.0/www/aurora/functions.php
======================================================================
[2013-06-08 01:02:30]
Query error:
INSERT INTO runs (pid,tid,language,name,code,access,submittime) VALUES ('3', '1', 'C++', 'Main', '#include <iostream>
#include <cstdio>
#include <string>
#include <algorithm>
using namespace std;
int solve(string a, string b){
	int dp[201][201], i, j, x, y, z;
	for(i = 0; i <= a.length(); i++)
		dp[i][0] = i;
	for(i = 0; i <= b.length(); i++)
		dp[0][i] = i;
	for(i = 1; i <= a.length(); i++)
		for(j = 1; j <= b.length(); j++){
			if(a[i-1] == b[j-1])
				x = dp[i-1][j-1]; 	// Keep Opertation : cost unchanged, length inc. 
			else
				x = dp[i-1][j-1] + 1; 	// Change Operation : cost inc, length inc.
			y = dp[i-1][j] + 1;  	// Delete Operation : cost inc, length unchanged 
			z = dp[i][j-1] + 1;  	// Insert Operation : cost inc, length inc. 
			dp[i][j] = min(x, min(y, z));
		}
	return dp[a.length()][b.length()];
}
int main(){
  	string a,b;
  	int t, n, ans;
  	scanf(\"%d\\n\", &t);
  	while(t--){
    		scanf(\"%d\\n\", &n);
   	 	getline(cin, a);
   	 	getline(cin, b);
		printf(\"Rs. %d\\n\", solve(a,b)*2*n);
  	}
	return 0;
}', 'private', '1370633550')
Error: SQLSTATE[HY000]: General error
/host/Program Files (x86)/EasyPHP-5.3.5.0/www/aurora/functions.php
======================================================================
[2013-06-08 01:03:38]
Query error:
insert into logs value ('1370633618', '127.0.0.1', 'Array
(
    [url] => /aurora/adminproblem/WEDCARD
    [team] => Array
        (
            [id] => 1
            [name] => ACM
            [status] => Admin
        )

    [loggedin] => true
)
', 'Array
(
    [pid] => 3
    [name] => Wedding Cards
    [code] => WEDCARD
    [score] => 0
    [type] => Dynamic Programming
    [pgroup] => CQM-0
    [contest] => practice
    [maxfilesize] => 50000
    [displayio] => 0
    [timelimit] => 3
    [status] => Active
    [languages] => C,C++,Java
    [statement] => <b>Problem Specification:</b>

Mr. X owns a factory which prints wedding cards. But the names in the database got mixed up. On each card one of the names (either the brides or the grooms) was wrong.
For example, if the card was supposed to read \\\"Simi weds Raj\\\" it read \\\"Simi weds Karan\\\". Mr. X has to fix this. It costs Rs. 2 to change one letter to another letter, to delete a letter, or to add a letter. Also there are n cards reading the same wrong name (if Simi and Raj ordered 200 cards, there would be 200 cards saying \\\"Simi weds Karan\\\" - all of them need to be changed).

But some people may have unusually long names. One card even read \\\"Neelum weds Krishna Murthy Gopalan Raghava\\\" ! 
You need to calculate the minimum amount that can be spent to fix all the cards.

<b>Input Specification:</b>

The first line of the input contains t, the number of test cases.

Each test case takes three lines of input, the first containing the number of cards printed for that couple, n; the second with the name present on the card (which should not be) and the third with the name that should be present on the card. 

<b>Output Specification:</b>

For each test case there will be one line of output containing the minimum amount that can be spent in fixing the cards (amount should be in rupees).

<b>Sample Input:</b>

<code>
4
100 
Karan 
Raj
150
Pooja 
Seema
400 
Varad 
Ankit
200
Jennifer Aniston
Angelina
</code>

<b>Sample Output:</b>

<code>
Rs. 800
Rs. 1200
Rs. 4000
Rs. 5200
</code>

<b>Note :</b> Lowercase and Uppercase letters are distinct. Maximum length of a name is 200. Also, names can include spaces, separating parts of the name. Maximum number of cards printed in one test case is 2.5 x 10^6. (all values will fit into int data type). Also, space must also be counted as a character (It\\\'s a wedding card, it must be perfect).

<i>Problem Setter : Neesha Sinha</i>
    [updateproblem] => Submit
)
' )
Error: SQLSTATE[HY000]: General error
/host/Program Files (x86)/EasyPHP-5.3.5.0/www/aurora/functions.php
======================================================================
[2013-06-08 01:03:38]
Query error:
update problems set name = 'Wedding Cards' where pid=3
Error: SQLSTATE[HY000]: General error
/host/Program Files (x86)/EasyPHP-5.3.5.0/www/aurora/functions.php
======================================================================
[2013-06-08 01:03:38]
Query error:
update problems set code = 'WEDCARD' where pid=3
Error: SQLSTATE[HY000]: General error
/host/Program Files (x86)/EasyPHP-5.3.5.0/www/aurora/functions.php
======================================================================
[2013-06-08 01:03:38]
Query error:
update problems set score = '0' where pid=3
Error: SQLSTATE[HY000]: General error
/host/Program Files (x86)/EasyPHP-5.3.5.0/www/aurora/functions.php
======================================================================
[2013-06-08 01:03:38]
Query error:
update problems set type = 'Dynamic Programming' where pid=3
Error: SQLSTATE[HY000]: General error
/host/Program Files (x86)/EasyPHP-5.3.5.0/www/aurora/functions.php
======================================================================
[2013-06-08 01:03:38]
Query error:
update problems set pgroup = 'CQM-0' where pid=3
Error: SQLSTATE[HY000]: General error
/host/Program Files (x86)/EasyPHP-5.3.5.0/www/aurora/functions.php
======================================================================
[2013-06-08 01:03:38]
Query error:
update problems set contest = 'practice' where pid=3
Error: SQLSTATE[HY000]: General error
/host/Program Files (x86)/EasyPHP-5.3.5.0/www/aurora/functions.php
======================================================================
[2013-06-08 01:03:38]
Query error:
update problems set timelimit = '3' where pid=3
Error: SQLSTATE[HY000]: General error
/host/Program Files (x86)/EasyPHP-5.3.5.0/www/aurora/functions.php
======================================================================
[2013-06-08 01:03:38]
Query error:
update problems set status = 'Active' where pid=3
Error: SQLSTATE[HY000]: General error
/host/Program Files (x86)/EasyPHP-5.3.5.0/www/aurora/functions.php
======================================================================
[2013-06-08 01:03:38]
Query error:
update problems set languages = 'C,C++,Java' where pid=3
Error: SQLSTATE[HY000]: General error
/host/Program Files (x86)/EasyPHP-5.3.5.0/www/aurora/functions.php
======================================================================
[2013-06-08 01:03:38]
Query error:
update problems set displayio = '0' where pid=3
Error: SQLSTATE[HY000]: General error
/host/Program Files (x86)/EasyPHP-5.3.5.0/www/aurora/functions.php
======================================================================
[2013-06-08 01:03:38]
Query error:
update problems set maxfilesize = '50000' where pid=3
Error: SQLSTATE[HY000]: General error
/host/Program Files (x86)/EasyPHP-5.3.5.0/www/aurora/functions.php
======================================================================
[2013-06-08 01:03:38]
Query error:
update problems set statement = '<b>Problem Specification:</b>

Mr. X owns a factory which prints wedding cards. But the names in the database got mixed up. On each card one of the names (either the brides or the grooms) was wrong.
For example, if the card was supposed to read \\\"Simi weds Raj\\\" it read \\\"Simi weds Karan\\\". Mr. X has to fix this. It costs Rs. 2 to change one letter to another letter, to delete a letter, or to add a letter. Also there are n cards reading the same wrong name (if Simi and Raj ordered 200 cards, there would be 200 cards saying \\\"Simi weds Karan\\\" - all of them need to be changed).

But some people may have unusually long names. One card even read \\\"Neelum weds Krishna Murthy Gopalan Raghava\\\" ! 
You need to calculate the minimum amount that can be spent to fix all the cards.

<b>Input Specification:</b>

The first line of the input contains t, the number of test cases.

Each test case takes three lines of input, the first containing the number of cards printed for that couple, n; the second with the name present on the card (which should not be) and the third with the name that should be present on the card. 

<b>Output Specification:</b>

For each test case there will be one line of output containing the minimum amount that can be spent in fixing the cards (amount should be in rupees).

<b>Sample Input:</b>

<code>
4
100 
Karan 
Raj
150
Pooja 
Seema
400 
Varad 
Ankit
200
Jennifer Aniston
Angelina
</code>

<b>Sample Output:</b>

<code>
Rs. 800
Rs. 1200
Rs. 4000
Rs. 5200
</code>

<b>Note :</b> Lowercase and Uppercase letters are distinct. Maximum length of a name is 200. Also, names can include spaces, separating parts of the name. Maximum number of cards printed in one test case is 2.5 x 10^6. (all values will fit into int data type). Also, space must also be counted as a character (It\\\'s a wedding card, it must be perfect).

<i>Problem Setter : Neesha Sinha</i>' where pid=3
Error: SQLSTATE[HY000]: General error
/host/Program Files (x86)/EasyPHP-5.3.5.0/www/aurora/functions.php
======================================================================
[2013-06-08 01:45:37]
Query error:
insert into logs value ('1370636137', '127.0.0.1', 'Array
(
    [url] => /aurora/submit/MARRY
)
', 'Array
(
    [teamname] => ACM
    [password] => johnnash
    [login] => Log In
)
' )
Error: SQLSTATE[HY000]: General error
/host/Program Files (x86)/EasyPHP-5.3.5.0/www/aurora/functions.php
======================================================================
[2013-06-08 01:45:40]
Query error:
insert into logs value ('1370636140', '127.0.0.1', 'Array
(
    [url] => /aurora/submit/MARRY
    [team] => Array
        (
            [id] => 1
            [name] => ACM
            [status] => Admin
        )

    [loggedin] => true
)
', 'Array
(
    [lang] => C++
    [sub] => #include <iostream>
#include <cstdio>
using namespace std;
int main(){
	int n;
	while(scanf(\"%d\\n\", &n) != EOF){
		char arr[25][25];
		int p[25][25] = {0}, i, j;
		for(i = 0; i < n; i++)
			scanf(\"%s\\n\", arr[i]);
		for(i = 0; i < n; i++){
			for(j = 0; j < n; j++)
				if(arr[i][j] == \'V\')
					break;
			if (j != n)
				break;
		}
		// BFS code
		int q[400][2], front = 0, back = 1, min_distance = 40, no_of_persons = 0, element[2];
		q[0][0] = i;
		q[0][1] = j;
		p[i][j] = 1;
		do{
			i = q[front][0];
			j = q[front][1];
			if(arr[i][j] == \'A\' || arr[i][j] == \'B\' || arr[i][j] == \'C\' || arr[i][j] == \'D\' || arr[i][j] == \'E\'){
				no_of_persons++;
				min_distance = p[i][j]-1;
				element[0] = i;
				element[1] = j;
			}
			if(i - 1 >= 0 && arr[i-1][j] != \'#\' && p[i-1][j] == 0){
				q[back][0] = i-1;
				q[back][1] = j;
				back++;
				p[i-1][j] = p[i][j] + 1;
			} 
			if(j - 1 >= 0 && arr[i][j-1] != \'#\' && p[i][j-1] == 0){
				q[back][0] = i;
				q[back][1] = j-1;
				back++;
				p[i][j-1] = p[i][j] + 1;
			} 
			if(j + 1 < n && arr[i][j+1] != \'#\' && p[i][j+1] == 0){
				q[back][0] = i;
				q[back][1] = j+1;
				back++;
				p[i][j+1] = p[i][j] + 1;
			} 
			if(i + 1 < n && arr[i+1][j] != \'#\' && p[i+1][j] == 0){
				q[back][0] = i+1;
				q[back][1] = j;
				back++;
				p[i+1][j] = p[i][j] + 1;
			} 
			front++;
		}while( (back > front) && (p[ q[front][0] ][ q[front][1] ] <= min_distance + 1) );
		// while queue not empty and distance of current element is less than or equal to the minimum distance found till now.
		if(min_distance == 40) // no on can reach
			printf(\"Single Forever!\\n\");
		else if(no_of_persons == 1)
			printf(\"%c %d\\n\", arr[element[0]][element[1]], min_distance);
		else
			printf(\"Only the VC can decide now\\n\");
	}
	return 0;
}
    [probcode] => MARRY
    [submitcode] => Submit
)
' )
Error: SQLSTATE[HY000]: General error
/host/Program Files (x86)/EasyPHP-5.3.5.0/www/aurora/functions.php
======================================================================
[2013-06-08 01:45:40]
Query error:
INSERT INTO runs (pid,tid,language,name,code,access,submittime) VALUES ('4', '1', 'C++', 'Main', '#include <iostream>
#include <cstdio>
using namespace std;
int main(){
	int n;
	while(scanf(\"%d\\n\", &n) != EOF){
		char arr[25][25];
		int p[25][25] = {0}, i, j;
		for(i = 0; i < n; i++)
			scanf(\"%s\\n\", arr[i]);
		for(i = 0; i < n; i++){
			for(j = 0; j < n; j++)
				if(arr[i][j] == \'V\')
					break;
			if (j != n)
				break;
		}
		// BFS code
		int q[400][2], front = 0, back = 1, min_distance = 40, no_of_persons = 0, element[2];
		q[0][0] = i;
		q[0][1] = j;
		p[i][j] = 1;
		do{
			i = q[front][0];
			j = q[front][1];
			if(arr[i][j] == \'A\' || arr[i][j] == \'B\' || arr[i][j] == \'C\' || arr[i][j] == \'D\' || arr[i][j] == \'E\'){
				no_of_persons++;
				min_distance = p[i][j]-1;
				element[0] = i;
				element[1] = j;
			}
			if(i - 1 >= 0 && arr[i-1][j] != \'#\' && p[i-1][j] == 0){
				q[back][0] = i-1;
				q[back][1] = j;
				back++;
				p[i-1][j] = p[i][j] + 1;
			} 
			if(j - 1 >= 0 && arr[i][j-1] != \'#\' && p[i][j-1] == 0){
				q[back][0] = i;
				q[back][1] = j-1;
				back++;
				p[i][j-1] = p[i][j] + 1;
			} 
			if(j + 1 < n && arr[i][j+1] != \'#\' && p[i][j+1] == 0){
				q[back][0] = i;
				q[back][1] = j+1;
				back++;
				p[i][j+1] = p[i][j] + 1;
			} 
			if(i + 1 < n && arr[i+1][j] != \'#\' && p[i+1][j] == 0){
				q[back][0] = i+1;
				q[back][1] = j;
				back++;
				p[i+1][j] = p[i][j] + 1;
			} 
			front++;
		}while( (back > front) && (p[ q[front][0] ][ q[front][1] ] <= min_distance + 1) );
		// while queue not empty and distance of current element is less than or equal to the minimum distance found till now.
		if(min_distance == 40) // no on can reach
			printf(\"Single Forever!\\n\");
		else if(no_of_persons == 1)
			printf(\"%c %d\\n\", arr[element[0]][element[1]], min_distance);
		else
			printf(\"Only the VC can decide now\\n\");
	}
	return 0;
}', 'private', '1370636140')
Error: SQLSTATE[HY000]: General error
/host/Program Files (x86)/EasyPHP-5.3.5.0/www/aurora/functions.php
======================================================================
[2013-06-08 01:46:14]
Query error:
insert into logs value ('1370636174', '127.0.0.1', 'Array
(
    [url] => /aurora/adminproblem/MARRY
    [team] => Array
        (
            [id] => 1
            [name] => ACM
            [status] => Admin
        )

    [loggedin] => true
)
', 'Array
(
    [pid] => 4
    [name] => Marry Me
    [code] => MARRY
    [score] => 0
    [type] => Graph Theory
    [pgroup] => CQM-0
    [contest] => practice
    [maxfilesize] => 50000
    [displayio] => 0
    [timelimit] => 1
    [status] => Active
    [languages] => C,C++,Java
    [statement] => <b>Problem Statement</b>

Veena is a young and beautiful girl (a rare BIT species) who decides to get married.So she organizes a \\\'Swamvar\\\' to select the groom. The final round of the \\\'Swamvar\\\' is a test of speed.Veena has placed herself in one of the rooms of the main building.Since it is the last round not more than 5 contestants have made it (1-5) and each of them have been assigned an English alphabet [A-E] as their chest no.They have also been placed in different rooms of the main building
To be more specific let\\\'s consider the main building as a N x N 2D grid. In the grid there are some symbols, the meaning of them are:
<table>
<tr><td>\\\'.\\\'</td><td>an empty space</td></tr>
<tr><td>#</td><td>an obstacle</td></tr>
<tr><td>[A-E]</td><td>an English alphabet representing the initial location of contestants</td></tr>
<tr><td>V</td><td>Location of Veena</td></tr>
</table>

Each room has four doors in North South East and West direction.A contestant can move from his present room to any of the four adjacent rooms that are empty or occupied by another contestant consuming 1 unit of time in each step.A contestant can never enter a room containing an obstacle.Veena will marry the man who reaches her in the least time.You are suppose to print the winning contestant\\\'s chest no followed by a space and then the time taken by the winner to reach Veena.If two contestants reach simultaneously you need to print \\\"Only the VC can decide now\\\" (quotes for clarity). If none of them are able to reach Veena print \\\"Single Forever!\\\" (quotes for clarity)Lets see who the lucky guy is :P.
 
<b>Input</b> 

<ul><li> There can be multiple test cases </li><li> Each test case will contain an integer N (N<20) which represents the dimension of the main building (NxN).</li><li>Next \\\'N\\\' lines will contain the description of the main building.</li></ul> 
<b>Output</b> 

<ul><li>For each test case you have to print the chest no of the winning contestant and the time he took to reach Veena Separated by space</li><li>If two contestants take the same time you need to print \\\"Only the VC can decide now\\\"</li><li>If none of them are able to reach Veena print \\\"Single Forever!\\\" </li><li>There should be a newline after each answer.</li></ul> 
<b>Sample Input</b>

<code>
20

.........A..........
####..####..#.....#.
#..#..#.....#.#.#.#.
####..#.....#..#..#.
#..#..#.....#.....#.
#..#..####..#.....#.
....................
....................
....................
C........V........B.
..##........##...D##
....................
####.####.#..#.####.
.#...#..#.#..#.#..#.
.#...####.####.####.
.#...#..#.#..#.#..#.
.#...#..#.#..#.#..#.
....................
#########...........
.........E#########.

5
A..BC
..#..
#.V..
##.#.
##D..

4
...A
####
B###
#V..
</code>
 
<b>Sample Output</b>

<code>
Only the VC can decide now
D 2
Single Forever!
</code> 
 
<i>Problem Setter: Md Taha Bin Jawaid (TBJ)</i> 
    [updateproblem] => Submit
)
' )
Error: SQLSTATE[HY000]: General error
/host/Program Files (x86)/EasyPHP-5.3.5.0/www/aurora/functions.php
======================================================================
[2013-06-08 01:46:14]
Query error:
update problems set name = 'Marry Me' where pid=4
Error: SQLSTATE[HY000]: General error
/host/Program Files (x86)/EasyPHP-5.3.5.0/www/aurora/functions.php
======================================================================
[2013-06-08 01:46:14]
Query error:
update problems set code = 'MARRY' where pid=4
Error: SQLSTATE[HY000]: General error
/host/Program Files (x86)/EasyPHP-5.3.5.0/www/aurora/functions.php
======================================================================
[2013-06-08 01:46:14]
Query error:
update problems set score = '0' where pid=4
Error: SQLSTATE[HY000]: General error
/host/Program Files (x86)/EasyPHP-5.3.5.0/www/aurora/functions.php
======================================================================
[2013-06-08 01:46:14]
Query error:
update problems set type = 'Graph Theory' where pid=4
Error: SQLSTATE[HY000]: General error
/host/Program Files (x86)/EasyPHP-5.3.5.0/www/aurora/functions.php
======================================================================
[2013-06-08 01:46:14]
Query error:
update problems set pgroup = 'CQM-0' where pid=4
Error: SQLSTATE[HY000]: General error
/host/Program Files (x86)/EasyPHP-5.3.5.0/www/aurora/functions.php
======================================================================
[2013-06-08 01:46:14]
Query error:
update problems set contest = 'practice' where pid=4
Error: SQLSTATE[HY000]: General error
/host/Program Files (x86)/EasyPHP-5.3.5.0/www/aurora/functions.php
======================================================================
[2013-06-08 01:46:14]
Query error:
update problems set timelimit = '1' where pid=4
Error: SQLSTATE[HY000]: General error
/host/Program Files (x86)/EasyPHP-5.3.5.0/www/aurora/functions.php
======================================================================
[2013-06-08 01:46:14]
Query error:
update problems set status = 'Active' where pid=4
Error: SQLSTATE[HY000]: General error
/host/Program Files (x86)/EasyPHP-5.3.5.0/www/aurora/functions.php
======================================================================
[2013-06-08 01:46:14]
Query error:
update problems set languages = 'C,C++,Java' where pid=4
Error: SQLSTATE[HY000]: General error
/host/Program Files (x86)/EasyPHP-5.3.5.0/www/aurora/functions.php
======================================================================
[2013-06-08 01:46:14]
Query error:
update problems set displayio = '0' where pid=4
Error: SQLSTATE[HY000]: General error
/host/Program Files (x86)/EasyPHP-5.3.5.0/www/aurora/functions.php
======================================================================
[2013-06-08 01:46:14]
Query error:
update problems set maxfilesize = '50000' where pid=4
Error: SQLSTATE[HY000]: General error
/host/Program Files (x86)/EasyPHP-5.3.5.0/www/aurora/functions.php
======================================================================
[2013-06-08 01:46:14]
Query error:
update problems set statement = '<b>Problem Statement</b>

Veena is a young and beautiful girl (a rare BIT species) who decides to get married.So she organizes a \\\'Swamvar\\\' to select the groom. The final round of the \\\'Swamvar\\\' is a test of speed.Veena has placed herself in one of the rooms of the main building.Since it is the last round not more than 5 contestants have made it (1-5) and each of them have been assigned an English alphabet [A-E] as their chest no.They have also been placed in different rooms of the main building
To be more specific let\\\'s consider the main building as a N x N 2D grid. In the grid there are some symbols, the meaning of them are:
<table>
<tr><td>\\\'.\\\'</td><td>an empty space</td></tr>
<tr><td>#</td><td>an obstacle</td></tr>
<tr><td>[A-E]</td><td>an English alphabet representing the initial location of contestants</td></tr>
<tr><td>V</td><td>Location of Veena</td></tr>
</table>

Each room has four doors in North South East and West direction.A contestant can move from his present room to any of the four adjacent rooms that are empty or occupied by another contestant consuming 1 unit of time in each step.A contestant can never enter a room containing an obstacle.Veena will marry the man who reaches her in the least time.You are suppose to print the winning contestant\\\'s chest no followed by a space and then the time taken by the winner to reach Veena.If two contestants reach simultaneously you need to print \\\"Only the VC can decide now\\\" (quotes for clarity). If none of them are able to reach Veena print \\\"Single Forever!\\\" (quotes for clarity)Lets see who the lucky guy is :P.
 
<b>Input</b> 

<ul><li> There can be multiple test cases </li><li> Each test case will contain an integer N (N<20) which represents the dimension of the main building (NxN).</li><li>Next \\\'N\\\' lines will contain the description of the main building.</li></ul> 
<b>Output</b> 

<ul><li>For each test case you have to print the chest no of the winning contestant and the time he took to reach Veena Separated by space</li><li>If two contestants take the same time you need to print \\\"Only the VC can decide now\\\"</li><li>If none of them are able to reach Veena print \\\"Single Forever!\\\" </li><li>There should be a newline after each answer.</li></ul> 
<b>Sample Input</b>

<code>
20

.........A..........
####..####..#.....#.
#..#..#.....#.#.#.#.
####..#.....#..#..#.
#..#..#.....#.....#.
#..#..####..#.....#.
....................
....................
....................
C........V........B.
..##........##...D##
....................
####.####.#..#.####.
.#...#..#.#..#.#..#.
.#...####.####.####.
.#...#..#.#..#.#..#.
.#...#..#.#..#.#..#.
....................
#########...........
.........E#########.

5
A..BC
..#..
#.V..
##.#.
##D..

4
...A
####
B###
#V..
</code>
 
<b>Sample Output</b>

<code>
Only the VC can decide now
D 2
Single Forever!
</code> 
 
<i>Problem Setter: Md Taha Bin Jawaid (TBJ)</i> ' where pid=4
Error: SQLSTATE[HY000]: General error
/host/Program Files (x86)/EasyPHP-5.3.5.0/www/aurora/functions.php
======================================================================
[2013-06-08 01:46:34]
Query error:
insert into logs value ('1370636194', '127.0.0.1', 'Array
(
    [url] => /aurora/adminproblem/FIBO
    [team] => Array
        (
            [id] => 1
            [name] => ACM
            [status] => Admin
        )

    [loggedin] => true
)
', 'Array
(
    [pid] => 2
    [name] => Fibonacci Series
    [code] => FIBO
    [score] => 0
    [type] => Ad-Hoc
    [pgroup] => CQM-0
    [contest] => practice
    [maxfilesize] => 50000
    [displayio] => 0
    [timelimit] => 3
    [status] => Active
    [languages] => C,C++,Java
    [statement] => <b>Problem Statement</b>
	
Write a program to generate the Fibonacci Series upto N terms for all N > 0.

<b>Input Output Specifications</b>
<ul><li>Each line of the input file contains a single positive integer N, 0 <= N <= 40.</li><li>You must keep reading the input till EOF. There is more than one input.</li><li>Corresponding to each input integer, print out the Fibonacci Series up to N terms.</li></ul>
<b>Sample Input</b>

<code>
2
3
5
</code>

<b>Sample Output</b>

<code>
1 1
1 1 2
1 1 2 3 5
</code>
	
<i>Problem Setter: Kaustubh Karkare</i>
    [updateproblem] => Submit
)
' )
Error: SQLSTATE[HY000]: General error
/host/Program Files (x86)/EasyPHP-5.3.5.0/www/aurora/functions.php
======================================================================
[2013-06-08 01:46:34]
Query error:
update problems set name = 'Fibonacci Series' where pid=2
Error: SQLSTATE[HY000]: General error
/host/Program Files (x86)/EasyPHP-5.3.5.0/www/aurora/functions.php
======================================================================
[2013-06-08 01:46:34]
Query error:
update problems set code = 'FIBO' where pid=2
Error: SQLSTATE[HY000]: General error
/host/Program Files (x86)/EasyPHP-5.3.5.0/www/aurora/functions.php
======================================================================
[2013-06-08 01:46:34]
Query error:
update problems set score = '0' where pid=2
Error: SQLSTATE[HY000]: General error
/host/Program Files (x86)/EasyPHP-5.3.5.0/www/aurora/functions.php
======================================================================
[2013-06-08 01:46:34]
Query error:
update problems set type = 'Ad-Hoc' where pid=2
Error: SQLSTATE[HY000]: General error
/host/Program Files (x86)/EasyPHP-5.3.5.0/www/aurora/functions.php
======================================================================
[2013-06-08 01:46:34]
Query error:
update problems set pgroup = 'CQM-0' where pid=2
Error: SQLSTATE[HY000]: General error
/host/Program Files (x86)/EasyPHP-5.3.5.0/www/aurora/functions.php
======================================================================
[2013-06-08 01:46:34]
Query error:
update problems set contest = 'practice' where pid=2
Error: SQLSTATE[HY000]: General error
/host/Program Files (x86)/EasyPHP-5.3.5.0/www/aurora/functions.php
======================================================================
[2013-06-08 01:46:34]
Query error:
update problems set timelimit = '3' where pid=2
Error: SQLSTATE[HY000]: General error
/host/Program Files (x86)/EasyPHP-5.3.5.0/www/aurora/functions.php
======================================================================
[2013-06-08 01:46:34]
Query error:
update problems set status = 'Active' where pid=2
Error: SQLSTATE[HY000]: General error
/host/Program Files (x86)/EasyPHP-5.3.5.0/www/aurora/functions.php
======================================================================
[2013-06-08 01:46:34]
Query error:
update problems set languages = 'C,C++,Java' where pid=2
Error: SQLSTATE[HY000]: General error
/host/Program Files (x86)/EasyPHP-5.3.5.0/www/aurora/functions.php
======================================================================
[2013-06-08 01:46:34]
Query error:
update problems set displayio = '0' where pid=2
Error: SQLSTATE[HY000]: General error
/host/Program Files (x86)/EasyPHP-5.3.5.0/www/aurora/functions.php
======================================================================
[2013-06-08 01:46:34]
Query error:
update problems set maxfilesize = '50000' where pid=2
Error: SQLSTATE[HY000]: General error
/host/Program Files (x86)/EasyPHP-5.3.5.0/www/aurora/functions.php
======================================================================
[2013-06-08 01:46:34]
Query error:
update problems set statement = '<b>Problem Statement</b>
	
Write a program to generate the Fibonacci Series upto N terms for all N > 0.

<b>Input Output Specifications</b>
<ul><li>Each line of the input file contains a single positive integer N, 0 <= N <= 40.</li><li>You must keep reading the input till EOF. There is more than one input.</li><li>Corresponding to each input integer, print out the Fibonacci Series up to N terms.</li></ul>
<b>Sample Input</b>

<code>
2
3
5
</code>

<b>Sample Output</b>

<code>
1 1
1 1 2
1 1 2 3 5
</code>
	
<i>Problem Setter: Kaustubh Karkare</i>' where pid=2
Error: SQLSTATE[HY000]: General error
/host/Program Files (x86)/EasyPHP-5.3.5.0/www/aurora/functions.php
======================================================================
[2013-06-08 03:28:40]
Query error:
insert into logs value ('1370642320', '127.0.0.1', 'Array
(
    [url] => /aurora/home
)
', 'Array
(
    [teamname] => ACM
    [password] => johnnash
    [login] => Log In
)
' )
Error: SQLSTATE[HY000]: General error
/host/Program Files (x86)/EasyPHP-5.3.5.0/www/aurora/functions.php
======================================================================
[2013-06-08 03:49:05]
Query error:
insert into logs value ('1370643545', '127.0.0.1', 'Array
(
    [url] => /aurora/home
    [team] => Array
        (
            [id] => 1
            [name] => ACM
            [status] => Admin
        )

    [loggedin] => true
)
', 'Array
(
    [logout] => 
)
' )
Error: SQLSTATE[HY000]: General error
/host/Program Files (x86)/EasyPHP-5.3.5.0/www/aurora/functions.php
======================================================================
[2013-06-08 17:23:24]
Query error:
insert into logs value ('1370692404', '127.0.0.1', 'Array
(
    [url] => /aurora/problems/FOREVERALONE
)
', 'Array
(
    [teamname] => ACM
    [password] => nikolatesla
    [login] => Log In
)
' )
Error: SQLSTATE[HY000]: General error
/host/Program Files (x86)/EasyPHP-5.3.5.0/www/aurora/functions.php
======================================================================
[2013-06-08 17:23:30]
Query error:
insert into logs value ('1370692410', '127.0.0.1', 'Array
(
    [url] => /aurora/problems/FOREVERALONE
)
', 'Array
(
    [teamname] => ACM
    [password] => johnnash
    [login] => Log In
)
' )
Error: SQLSTATE[HY000]: General error
/host/Program Files (x86)/EasyPHP-5.3.5.0/www/aurora/functions.php
======================================================================
[2013-06-08 17:26:16]
Query error:
insert into logs value ('1370692576', '127.0.0.1', 'Array
(
    [url] => /aurora/submit/FOREVERALONE
    [team] => Array
        (
            [id] => 1
            [name] => ACM
            [status] => Admin
        )

    [loggedin] => true
)
', 'Array
(
    [lang] => C++
    [sub] => #include <cstdio>
using namespace std;
int main(){
	int n, x, ans;
	while( scanf(\"%d\", &n) != EOF){
		ans = 0;
		while(n--){
			scanf(\"%d\", &x);
			ans ^= x;
		}
		printf(\"Forever Alone Guy : %d\\n\", ans);
	}
	return 0;
}
    [probcode] => FOREVERALONE
    [submitcode] => Submit
)
' )
Error: SQLSTATE[HY000]: General error
/host/Program Files (x86)/EasyPHP-5.3.5.0/www/aurora/functions.php
======================================================================
[2013-06-08 17:26:16]
Query error:
INSERT INTO runs (pid,tid,language,name,code,access,submittime) VALUES ('9', '1', 'C++', 'Main', '#include <cstdio>
using namespace std;
int main(){
	int n, x, ans;
	while( scanf(\"%d\", &n) != EOF){
		ans = 0;
		while(n--){
			scanf(\"%d\", &x);
			ans ^= x;
		}
		printf(\"Forever Alone Guy : %d\\n\", ans);
	}
	return 0;
}', 'private', '1370692576')
Error: SQLSTATE[HY000]: General error
/host/Program Files (x86)/EasyPHP-5.3.5.0/www/aurora/functions.php
======================================================================
[2013-06-08 17:35:57]
Query error:
insert into logs value ('1370693157', '127.0.0.1', 'Array
(
    [url] => /aurora/adminproblem/MEOW
    [team] => Array
        (
            [id] => 1
            [name] => ACM
            [status] => Admin
        )

    [loggedin] => true
)
', 'Array
(
    [pid] => 26
    [name] => Meow
    [code] => MEOW
    [score] => 100
    [type] => Game Theory
    [pgroup] => CQM-4
    [contest] => practice
    [maxfilesize] => 50000
    [displayio] => 0
    [timelimit] => 3
    [status] => Active
    [languages] => C,C++,Java
    [statement] => <b>Problem Statement</b>
<image />
Hacky is tired of playing Counter Strike and decides to play a game with his Cat instead, who is infact smarter than he is (<em>well, no surprises there</em>). He gets multiple piles of coins and arranges them on his table. This is how it goes : 
<ul><li>In total there are \'N\' number of piles.</li><li>Each pile contains a particular number of coins.</li><li>The game begins with one of the players withdrawing a bunch of coins from a pile of his choice.</li><li>Each pile has a set associated with it that enlists the different number of coins that can be removed from it in one move.</li><li>The game ends when there are no more coins left on the table, and the last player to remove the coins is declared the winner.</li></ul>
Assuming that both Hacky and his Cat play optimally, your task is to find out who the winner is. Keep in mind that being the over-confident noob that he is, Hacky lets his Cat start the game each time.

<b>Input Specifications</b>

The first line consists of the total number of test cases (<100). For each test case : 
<ul><li>The first line states the number of piles under consideration (0<N<100).</li><li>The second line contains the number of coins in each pile (0<Coins<sub>i</sub><100).</li><li>From there on, each subsequent line contains the number of valid moves for the each pile, followed by the valid moves for that pile (<100).</li></ul>
<b>Output Specifications</b>

Print out a single line stating who the winner is (Hacky/Cat).

<b>Sample Input</b>

<code>
2 

2 
10 5 
2 2 3 
5 1 2 3 4 5 

5 
2 4 6 8 10 
1 1 
3 1 2 3 
5 1 2 3 4 5 
7 1 2 3 4 5 6 7 
9 1 2 3 4 5 6 7 8 9 
</code>

<b>Sample Output</b>

<code>
Cat
Hacky
</code>

<i>Problem Setter: Vishnu Mohandas</i>
    [updateproblem] => Submit
)
' )
Error: SQLSTATE[HY000]: General error
/host/Program Files (x86)/EasyPHP-5.3.5.0/www/aurora/functions.php
======================================================================
[2013-06-08 17:35:57]
Query error:
update problems set name = 'Meow' where pid=26
Error: SQLSTATE[HY000]: General error
/host/Program Files (x86)/EasyPHP-5.3.5.0/www/aurora/functions.php
======================================================================
[2013-06-08 17:35:57]
Query error:
update problems set code = 'MEOW' where pid=26
Error: SQLSTATE[HY000]: General error
/host/Program Files (x86)/EasyPHP-5.3.5.0/www/aurora/functions.php
======================================================================
[2013-06-08 17:35:57]
Query error:
update problems set score = '100' where pid=26
Error: SQLSTATE[HY000]: General error
/host/Program Files (x86)/EasyPHP-5.3.5.0/www/aurora/functions.php
======================================================================
[2013-06-08 17:35:57]
Query error:
update problems set type = 'Game Theory' where pid=26
Error: SQLSTATE[HY000]: General error
/host/Program Files (x86)/EasyPHP-5.3.5.0/www/aurora/functions.php
======================================================================
[2013-06-08 17:35:57]
Query error:
update problems set pgroup = 'CQM-4' where pid=26
Error: SQLSTATE[HY000]: General error
/host/Program Files (x86)/EasyPHP-5.3.5.0/www/aurora/functions.php
======================================================================
[2013-06-08 17:35:57]
Query error:
update problems set contest = 'practice' where pid=26
Error: SQLSTATE[HY000]: General error
/host/Program Files (x86)/EasyPHP-5.3.5.0/www/aurora/functions.php
======================================================================
[2013-06-08 17:35:57]
Query error:
update problems set timelimit = '3' where pid=26
Error: SQLSTATE[HY000]: General error
/host/Program Files (x86)/EasyPHP-5.3.5.0/www/aurora/functions.php
======================================================================
[2013-06-08 17:35:57]
Query error:
update problems set status = 'Active' where pid=26
Error: SQLSTATE[HY000]: General error
/host/Program Files (x86)/EasyPHP-5.3.5.0/www/aurora/functions.php
======================================================================
[2013-06-08 17:35:57]
Query error:
update problems set languages = 'C,C++,Java' where pid=26
Error: SQLSTATE[HY000]: General error
/host/Program Files (x86)/EasyPHP-5.3.5.0/www/aurora/functions.php
======================================================================
[2013-06-08 17:35:57]
Query error:
update problems set displayio = '0' where pid=26
Error: SQLSTATE[HY000]: General error
/host/Program Files (x86)/EasyPHP-5.3.5.0/www/aurora/functions.php
======================================================================
[2013-06-08 17:35:57]
Query error:
update problems set maxfilesize = '50000' where pid=26
Error: SQLSTATE[HY000]: General error
/host/Program Files (x86)/EasyPHP-5.3.5.0/www/aurora/functions.php
======================================================================
[2013-06-08 17:35:57]
Query error:
update problems set statement = '<b>Problem Statement</b>
<image />
Hacky is tired of playing Counter Strike and decides to play a game with his Cat instead, who is infact smarter than he is (<em>well, no surprises there</em>). He gets multiple piles of coins and arranges them on his table. This is how it goes : 
<ul><li>In total there are \'N\' number of piles.</li><li>Each pile contains a particular number of coins.</li><li>The game begins with one of the players withdrawing a bunch of coins from a pile of his choice.</li><li>Each pile has a set associated with it that enlists the different number of coins that can be removed from it in one move.</li><li>The game ends when there are no more coins left on the table, and the last player to remove the coins is declared the winner.</li></ul>
Assuming that both Hacky and his Cat play optimally, your task is to find out who the winner is. Keep in mind that being the over-confident noob that he is, Hacky lets his Cat start the game each time.

<b>Input Specifications</b>

The first line consists of the total number of test cases (<100). For each test case : 
<ul><li>The first line states the number of piles under consideration (0<N<100).</li><li>The second line contains the number of coins in each pile (0<Coins<sub>i</sub><100).</li><li>From there on, each subsequent line contains the number of valid moves for the each pile, followed by the valid moves for that pile (<100).</li></ul>
<b>Output Specifications</b>

Print out a single line stating who the winner is (Hacky/Cat).

<b>Sample Input</b>

<code>
2 

2 
10 5 
2 2 3 
5 1 2 3 4 5 

5 
2 4 6 8 10 
1 1 
3 1 2 3 
5 1 2 3 4 5 
7 1 2 3 4 5 6 7 
9 1 2 3 4 5 6 7 8 9 
</code>

<b>Sample Output</b>

<code>
Cat
Hacky
</code>

<i>Problem Setter: Vishnu Mohandas</i>' where pid=26
Error: SQLSTATE[HY000]: General error
/host/Program Files (x86)/EasyPHP-5.3.5.0/www/aurora/functions.php
======================================================================
[2013-06-08 17:35:57]
Query error:
update problems set image = 'iVBORw0KGgoAAAANSUhEUgAABVYAAAMACAIAAABAXKuVAAAAA3NCSVQICAjb4U/gAAAAGXRFWHRTb2Z0d2FyZQBnbm9tZS1zY3JlZW5zaG907wO/PgAAIABJREFUeJzsnXd8VMX2wM/MLduTTS+00AKhiYB0QVERRQEVFUTFAuhTnz77E7uC+KxPefqzYUGxgKKgYkFAARUQpddAQkhvu0m23b33zpzfH5uEVEgARXG+lM/unZkzs3PPzt05c+YMue6aS0EgEAgEAoFAIBCc7IRCGiHUalVPdEMEAsEJQ9ZC4RPdBoFAIBAIBAKBQPC7cyCvApGltYmjlJzotggEghODjIgnug0CgUAgEAgEAoHg9yW/oPTccdcSoF9/9npau6QT3RyBQHBikLkwAQgEAoFAIBAIBCc1Pn8wMa1fh/Zpiqpm9Dvn4O7VcbHRJ7pRgt+Lnbuz4mKjkxLjTnRDjom9+w5aLWr7dsknuiF/arZuzwSAPr26tryI1LNHc7lpSVXARTlSqclkk0ueyjKX1cpb3c5jApFUBLSqKp9LBqTysQvkKBV5fF6vJ8ZCuKQcu0CBQCAQCAQCgeDPA2O8tBJHX3hFuV+vCrPuPXru2rMP9UpZbvp3/tGBiGXlFXn5xcUl5V5vFefcbrceR/l/Vmhuuc+JGlEsx11yYUXIalZR1dbaks889STnsG37Tsdf+RY8MPOeLp27bNiw0Wo97n37F4Zzzhiv3cvz9rxXp0y+bPl330XeMsYQkZDD7fSRkTftBeANWWn7FDXzO+buoksNZ9qI0rYSedip7eRde6uiU/9IRwIdYrRopV+fqPYHN/wcPg7aYEBi0qmnDOtoj/5l6Ve+Vn/BBAKBQCAQCASCPzN5hZ4BY27waNTgVCayWWGcNeH6T+fNSpWYJNHjVUtBUdnIEaefN+Ycd3R0VZXvm+UrvluxMjU5/vCzkSYpKfWUlle0fMMyISQuNjq5xYve3gpflS/QKvnRUQ53tKsJUZorduBp51V+s7wEWQvFtbRWm73/uacVvLKryhGSWhfBMcYdPWXypaZpfP/9DwnxMUdROSIahmmapskY5xDpK0IIpUSWJVmSFUU6ijvbEgqLS1VFjYuNLi4qHTli2I6du/bv23scFfUvDWO8uNQryVKc2+nzh2Lc1TqJHCsqfU6HrbwiwJiZFB9zmB5rOhYAR7Ugatgb945q6+vy0dPfrdcQgJT5MTc/20kDPbtkhKWEM2Y+MDPdv+v1Gz/arQUkS/3iym/ZB216qO5FQoKndukebmRNaC2mknHjwxcOkSvznvv5p6LjYHwwlY6XT7twiFyZt+PTZVViW4RAIBAIBAKB4OTBW1EV1fUse1xqTrnfZrHYJDVkyC5ZGTj+nxs+eaptsvtYhJeVV3i8lUCI3Wa59pqrR589KnLd6XRcO3VKt/Qu78x/N8rlaK3YgwMmhs+6uuUOv4QZoTULkzKXtSSzFtb79O4zYsRQRWmpfMMwv/9h7f59ey2WelNxBDnfOfjNab3JG6u/KUaG0sGyKp+3jHIjzim3TUk1m5m6V2nS/oPZfRNl4k6t+zkqQ7zM4wkHAi4l0CmtrzPtzEmX0/kzX9pua9+qWQrjfMH7H069agoh5IfVq2PdUa0oy7gWDiNCTGxslMsVFeVSVUWWZQAwTTMc1n1Vvsoqn9froZTarCqlRzk554g5BwsJgbT2dTsBJl9+eW5e/tYtmxd88EF6epepV11xz33321t5jEWjHialPrOsrJSFgxLh8VFqclIKo/UcwBGkfE+gqsKDuiYRnhBtSUxMZVTy69bMrJ0Nqj+ljct0JVQXRGl7fjn1eyJvVQncTktSfDxXLABQ7FdL83b0aRvHnbF1BJD9ZYZWlnlq5zRdacUitKqqD8y8y2azP/jIE/369snPO1DTBszI6Llpy7ZZj84MBILz579rmkZzQpo2AXj1NuP/MSoFQFq3YlOI+nUoKvM5u495Ze5/uoSWL5z95QazNH/Ngcr0pIyrb+z572c30LZ1pZhSp6kvz74msb5k9tuXD729Sj9WdyMErP2cxyWW4XEXKBAIBAKBQCAQ/BkIh3UPTc1I673487W6ocdE29smuaNiY/WkNknJbVIHTSrb9GFczFEGBQgEtREjRoy78HzO2I5de84YMaxBhqFDBv322+YDB/a3VrI26mp51Qeky6lGh15HzKzkbMP9W7SRl+PeL1siPC4u/oKx5y76+FN/IAAAskRU9dD8LhAMOewNp2QWi3XC+AvefLskFAzUvV5lpJx77fCOO59+JFNiCFlee98LLrth3KnJSjB/45cLXnvPE9XVrL9UbjCp0OPXYwY89f6sjMXTH9lS6ztAD3qYHNfxuttvGtCjQ4fKd154Yfvu1e8vHTR59LD3sjaafnLkaVR+YWm0y+F02gnA+vXrHQ77VVMmBQPBffv2tKRnACAc1oHQjmmdUpITiUQlSTIMPRzWw5oGAJIsR0e74uJiOWMmY4WFxbm5uQBotbT6mElELCuvfPThmZzj22+/RQgpK6+0WhWnw961a+cx55798KN5AX/Vp58tve7aqaf27bt7144WSm6yh3XuZB37PDzznH7t7LLp3fPj0qXvLy2N6lzXcYMTd8dzJl41qk9Ggkz10m2rPvly8YrSqI4kZcJr/320U/1a+Js33LOreubIIfa0ux9+/NTqRXFWVbBtw6olH36sRXUwJEsw49YvX7atf2LaF+XR4RpzSch0xYy5bt5l5i+PPfaRrxWbNWRZslltHdq3e+v1lySJ3nX3PbX9efttNzHGJYnm5ByUZckw9GaFNBkOsDRu0KWdgLCNy34yAtyRA0mTbrr0ymEpkSZzRI5Myfx0UfGt05L6Dz/VumkL1+ood5MTaUX3h0DJLA4YvnJgDIBH2aQ2ifFocQAAIi2q1Cq95WCEKeGpbsUZn5bn8fsqPIQZVhmT45y2qHgkpLbBmWXGjj3ZEuGJUZb4xGSTSADAUSrwBnze8kippFiHIzqBE3KYpFqBCGAwaVd+qRyqjLbo7dt1Mo5HrAGBQCAQCAQCgeCEcLDcTO535pbNu2OiLW6XW5EoAMhMK83ZFwy17dlv8Kqc3cHgrqPba92hQ4drp06JvD4jIb7JPGeeMXLeW/taLVqSefoA+xt3kasf0zv3P0xGdd9G9d2HgtOeBUlpYZhzd4x7155Mk5mdO3cCgNKyst27drtc9ohbe4+efdasWdMgViIi7tqzLzY2YV1mVpvUxJrLpMTV79EM3/6X8ouZzeQO99nXPnyJlPPFa69UZPSaMOnO2ytefmXDLpqw50B2R4cek9yRAck1U0+/aOSU8X0SAYKRiRUAAHhCjsQRFz85Odqz7qfVH3xZ7C0uZIQGt3y1ZvK48y7pvGHhJnpkf41/3Dht5co1BYW5nHOr1brokyWjzjjj8ssveXzW7Jb0TDCkJSUmd+zYQVVlvy9QWFxUXlquG7phMgAggJIkUUpVVYmPj09OTm7Xrk1SYmJWdnZpaYnN1rqgA6VlFTfdOL1njwwAIJRwjmeddeb+rGyPp/Std+Y/9shDF180/s2339qybZuu64MGnrZjx7aW7Ttopocd3adMH9lu+9KPV4R9yWdcOGbqzXTPs0vCBcxae3cQdFscetfOn1dKeYezxp974436lqd+QKPim0Vzf7ZTAICwaWe9x/779Pz1pbZafeOE2qPtUv7b8z+r8sgOW1LPU8665uEBbRfOemsdpqixKgXnkGsu3TTn832WiOMAzeE9Zl+UCuBxW03eGj90n9//6ONPvvbKi7IsF5eUHGoDYklpaWJCgmmajz7+ZFSU7TDeGU17AaQO7hYDYN35xU8+GaXUcXffcXVyuDY1slpOjOz1a7RpE2nKyGGpmzfvB0vdDJEX4cU3PPSj65D9gbjTplz/4PDkeAcF0Ip3rv3sjVezmTVM5f0eteuQ0Q9MGN4z0QKGt/C7ObcvVLudc9V1F57W0UXDZbu//2jemm3FAUdizZp99KA75i5JiFZNz84VH3y8cGWVu6OJdJ9H7XvWuGsuHNzFTfXyzNWL5y//eS/GtGPNJ9UIBI5kX2X05Q8/fn0P2Zn/wdyXN2zVhFOAQCAQCAQCgeAvSbmn0tb1Eq5rHVJj2iVHEyrJtmguKTJwPVDpLc3LRuh/9qQ1H85up/LW7utGxJSUlCNm69ixfVl5RUxMFG2lfN4uI3Ttk9Z5d8O1T+id+jWZR9230fLO/cHrn+HtMqCZZcgmJDNOKJFlGQABoE1qSpTTsXzF99HRLpfTPu3aqxRZWrnq+9iYes7zhJKpV08eNKj/okWLaq5ZHL0yUn0/zs9VENFHu0+5oI2y+p7XVvEg7P01mNFvxsUjE1Zu18c/+Nbjg7bc//RS3Qtq29E33nLaxrVvf559xYW9a5yQEeWS+LOfusR87477lx4MOCykTUIMsUUB6Ob2LXnnD+wf99YmT/QRP57Nar3/vjtnz3kWESuqArMeeVBV1SeefKqFPdO1S5fExATDMLds2VZRURkMacGgxjimpiYrssw5Vlb5vN5yq0WtqPTn5xe4Y2K6de3atWvnqKio/PzcllSRm18cDGoAcMP0a4cMHlh9RxAR8ZyzR13sdN73wEO+qspNm7b079dXVayM6dt37DylT+/I+nYLapCb7GEpsOHbJzd8ayIC4LaCvUn3PdO9V+LnGw/ahx66O1jh+eqDRQAIxLupqKrTfQ9lpFp/qAzoZUUHygAAke7BYc/dHK19OvuTEvmQLzkgAJCq7OysynIgsHf7mqzY5+84/dwub/6cKdvirUQv8qaOHd5xcU4e0wkNmc60c8441Sz0KXFRKmuVHzohZMiQ02RZLigoenTWLHuN5QURH3r48YcfvC8lJWXQwAG79+w8jFi5yaQ+3R0A6NtaWMldhB/c+fWPP8f8vKRw4sM3ptgAEAERABjPyiyCbsltB6Yp6/cZdU0A1S/KQvZdmTkmAAB0jKVqrE2N7RRv8QR8ILvsST3OvmFm8M05X6032nUYd82zF6UCAEHDVGLa0Pi0y657/Lx4ACPoR3t893NvntX2xevmH8BQjXBHQrSpA6ixPc69+V9K8dylFTk8tfvkabPOjY/cCjWu69nTH+8Wfdu8H40CTGkuKVCzB6TA7+5/2bTre8iKb+WHb6zfEhIuAAKBQCAQCASCvyoVSud2Lquu613aJ8qK3L5z1yBaEMEwma4nAs0qKcu327t2Pv3qojUvx7qdLZfMOZaVVbRt2+aIOW0226gzz/xm+XeJ8TGttTKwtN7a9U/b590F185pbAVQ9220vP1A8PqnWVrvyJVW7ejFmglcfn4+IXTO7Ec/Xrxk48ZNADD1qisY42vWro2Oqtcnr73+1tVXTq6thYOrU+8YOW9TjiEhgh7dtYczXLS1PIAxACgd/HUPju7cwWrbj6ha3HYbAwPRoKvuv2clDynDpiBgTTMMSDz98sFJJPeC2W9Mj+LBnM2fvDZ3r08NKlbFs2NHsM+QDlapHJrd213DK6+9cdONM+6/704Act89d6SmpDzxn6cqKytbGPUgyhXl8Xj27Mms8gU4h9OHDxk5Yni3bl2kOifEaZq2bfvO739Ys+GXX7Ww6avypad3iY6KystrUbc/cN89fU/p3fAqAiIsWvTxP2+5qX+/fps2/bZx42+nDejXqWNa5r7MAwdy+p3aNy4u3uv1tKCGpnsYALG6+0i+XzozCuye3BJGVFr37gAAFPmVqpKCtgOGjU8LFX/mreC0Vq0CZsKASef0rfj4xY3UrKNs1S8JcI4mkqDOywr369A53mYDVOwxqnRw4WvFd9496aL2c77MVOLzpd6zRzu8ny3beMGU/nYgCC08Ym/vvhwAuP7a6wHgg48WWiyWWm1EBFWVP/hw0R233zp06KAlX3wFAOldOjQpp2kvgM6xCOAvLtFNRACTbPngQ4DiGgm1e+Ylb3YxdEuW4ts6TfQcklMrs82U55dWOweBvvQfM1eFM1+adl5lRbQ7yhE35N/PXNU1vm9P19JvjCGPTUgF0P2LH5m1VgsSe8B5zr8fjQfIfffWf394gCWPefS1m7r1unBYytw9FdXCfbnP/+uZg4nm0AdfvNQeNfKSPl/P3SIPu/vceIBg+YIHnvzVGh5+//MXO9pddE2/X+buVCY2l/RltUBL3Pn/fGhgPNV/XfnykuUVcu3dFAgEAoFAIBAI/lpwjtGpPcu9vi7t4q2KkpHRKWyJsQKYjId1M0BJVGpnPbzTU+5JSmmX685APNhy4YFg8JGH70vv2uWIOQkh11x9Rb9TT3lh7stOR6sPqItYAVIWzyocf69RZ0eAsm9j8qdziq6ZxTr2qb3YwtVUrLd2C4qi7t275/0PPrrrjtuysnMiaddOneLz+Tdv2Vw3lqGiKIzz2loYdae5iZ7pCXCKAOiMc4G/0F8TXCxcXhyAXgl262+rPrt/1WeHqmfYIBgZgCanjehMYMcPq9eX5oXjY8+cOu3xqGUzH/1Wb0NNT3YFGZXqUn7FZvd21+Cw2/738qs3zpg2aOCANqkpjzz2hN/vU5SmZ3yN2fjbr5QQLWycMXLEFZMm2u12Xde3bt2xPytLC2kOp8NmtXbu3LF/v76nDehXUVHx5jvvbdu6fffuPRzRamnRXpLevXo2vhiZXR44eBAAUlJSfvsNyz3lAOB2uxGxsrIKACwWa0tXy5vq4RpoQaXkHnzedWl7Vz+XV8pVqbL+3QHiHP7IgqstEkDVzy/NWprN4zpitemKFNhOnTmEls7/ebeuYp2pYuS1iTH78vb4ZUdch97Trx+VzLevzVNNUGOiZBIo8qxcsW3meUNSF+0tdCSOGNbPv2TullD0KKLEWiVs6VkSy5bWeqBAbl4uAUDEy6+4GgCSkxIIIbm5eQDQu1fPSM7bbr+zSTkyb+pQQKcKAIY/jHVTa3uPY/V1bgaDBoBisSukbk5OGssMy5KjKJTUf+KFt12QXserxmKTEWN7dyIA4Q3Lfq4MMAtA0BfXMw0AoN1VLy64qiYrjWsfLe2uqYibBuc8HNj0y/5LR6ZLKZ2iEaJ6pAFA6NfvNoc1Bv6NP+66eHQvJa1HPIK92aTPyyICrd0GdgDQN/3vhc8PuvhxPSVVIBAIBAKBQCD4IwmFuc1qLy3y2O0qAqSmJlcaCkfUDRagOuMY1k3ZnYzlFaWVoaQuA7Ud+xW5pT6wo84c1ZL5fy19evcccfqwjRs3HsUHIQDBkK6+8yBMe8Zo3wMAlOyt6tsPBG0WItX7xd7kvKYxGPmD1TM3RKBUKiwqevix2f+++04AyM7OKSsvv+Wm6a+98dbGX3+r9rVG8AeClNDaWjiVrSroIYNzlQNQpAhgcjOSwWRAAGRKOMfGa7yRc9kRIZKKltgEC3jXfbtuTwJCXmZpYt/eY4b3si3fiBzDQR1Uu4KcH3GtmHOuaYbD4QAARVGtNltZWZkktXReoyoqAJwxaPDUq6d4vd75732wbt0Gn99vmiziqy9RIklyQnzssGFDL54w7o7bbpn39vzNmzZDizu/mWYj5xgKhRAxOsrFOUZC2Smqyjlqmg4AVqulVVU06GEAAKAFPjl+8KVPT4svevvp+XkKb2LFF607//vk8253+8EjL/zn/f8Ivvx+Vp5kAwDGnSln9O/i+3beDmrWb0n15Dfjn/MX/TNyRfH8+uMbH3xSIjNii7OhUR6G8hXv/Xr2nIln0+fx2jHu4OdrdwW7dg8T2WWhTWnIEQmFdFWRACAxIR5q+j9shuvmaa7HmrYJBUwAVaZo1E2t42ZQbUzRULFJAKCHuVQ/Z/Xr0Ccz7v/BUWOvoqGel99zQVsL27ft83Ubwj3OvKxfJwIIqEgKBQCkPn8FKIkIRCKRrR6lO77bUETtAMA4WIL78k2K0iGLDuekLBRUAAA4UFmNxDwgUiBQAXKS1++L7BeRqHKYpNrWagHJ6lBPmXHL+nvm7GTtzaM930IgEAgEAoFAIDixBEwligAzGSASIG63i4apYbKgppuMa7ohUaraXaohlVcG2iSk5IBVxiN6mldz5sjhrW3PyNOH//LLL60tpWRulN+e6Z3+LABYX72dXPckIlPful+b/owmK9bXbudXPm6kD4hkbvEqcfXMr2ZbQmRySwN+/wMPP3bXHf8qLSn9v9deV1X1rDPP6Nun1569mQCAALfcNGPnjkNbrAkPBXSCikwQEUANl/sgQ6VhgsgBqtCRagf0GmGUm5hoItbUjAhAuR4G0O1ERtQBzGBpiQ8GJDgoIiOqS+UQ5i3ZMu4LhGY9dn9iYmIopG3fsePhB/4956nns7P2typW3+49ez5a+Mm3360wdCOoaYMHDerTp2dsTAwilpd7t+/YseGX375d/t2aNT9eMPa8rP3Zx36kWqQbJEkhhPh8VYioqhYACIWCiBg5iFHTwq2qqEEPA0CFZo8dfMlz0+IL33r6f1vQbK5ksKgwu6gwe++a8nYLZlw6/KvHP6i0AoCPpF1yegz57fsdGsX6toPIW+ng268trqgwwqHKstIqM7Kwz6gt1oYsYDBe5V2+7uB9l0661D8Iv3tvMzDUKjUqOy0UW2rbuHTSVQDw6MP398jo3r59u/y83Lox/zjnHTqkAcCOnbseeewJAEhKbDpIZ9MmgP2VMthdjmiUCur2Tj0bAAD4LfGJFADK8v1NmwCgnusFjW6XbAGAA6tefv+7QktB+vh+nayACDbP3hw4rZP11N494r9ckRdCpa1rRS5MTIMoI/uHV5ZlBbikRMUNcgUKpRis2Y6xt9zIzqvodXXfjgA0vHuLV7Fq2/bCiJ7Wvj3T3Uu/L0m+oFc3AML2bvEoVn+zSTUNrMx7880Nl913RdLAaXdc+vScT3PtbcROAIFAIBAIBALBXxLZyjkaJqsKhK0Wi0WWohVLSDNMxmXJgOrlNGScM8aBcQYqHtnTvJrExITWNic5Oam1c0U5c4PlnQdD05+N7PbXpj0tvXgjAdBufaX6yoznbK/diVc+aqafBi02AVBKEVkoFNINHQDCYT0QCEaSEODRx58YNWokJcQwjCVLv5QVSZYkBEBk77zz3pZt25wOeyQzYZ6DPtmSlGjDQh9Iimfb5sCpQ3qnwe7iKikq3DG5Ey3LyoWAqWYV5Hawa6649rX+3vXWVgFkLWd7hdytVy/5+21VqrtIUbtG83Ax01EOQkzHaDCLQxpajvjx7r791japqbPnPH3v3XfMe2s+JfTeu26b/eSzpSVFLe92r9f71dff2O22pMSEf958Y4Ogj+eNObu4pPSFuS95PZ7Fn35ms1lb7mUAALv37ImcAlCXyDy9Y4c0AMjLK0TEpKQkACgvK0dEtzsaAIKhYCtNAHWEAyAo3jaj/zutbcFrjz6ziTEAAtwiKxraau+OjoqnotRlUYHKQYOaVUUE7LKqRur1xfQaFOs7uMkfRHvDuiLhAAMHc/aXl0O9gBecWN0WZCGTIVVLlr27Z/ZDZ4bI589sDFIgIb9BZJdN4j5sWZiMxIQ4APj55/U9MrpPvWryPfc9ZFFkq9UKgJoWDuvskWuuBICffl4fydlcjzVtAtiVQyEFYvp0dG2v8NQcjNfACwBBpampKQBK8S+7gnLTJgCsawLQSW5xFbSJ6jz9qefOzA3aO1kBgAOhSsnX728e/kBfGPjPFxbfpDNJtex/43+/KTf2g77Tn1o03TC4otBw0X9veGwfEmAIABA9Zs4bI9FmkwEAw99+8UtQUkLLF/w46olh9kH/eumzWwEiC/+rPl3rlxVoNgmVGkteYMuqeatPnTkwo8sVl5/186urQ5VyqzcsCQQCgUAgEAgEJxyJIiFgMl5YVhUXbc/Kzu2akWGYjBDgHBlHk3HDZIbJTNMExmVJavFiJJSWlackJ7WqPR5PeWtNALhvq3b147XR/ljHPuz5n+pmYG0zQtc+CVlboTUmAG+FJyO9284du8vKPABAKWRkdD9UKfKsrAN1rwCARKWM9PR1P6932G11ZjpVxXvDZMRpbXFBMURL2tavfzDHjr19fMF735cnn3/j4KSsl+bmqmbU0IfmXDhw08zZHwe9NfPDiBCsmaBSfe/aNaHJF86YMOL/Fu4iV149ISOwYv5OiSF4rW0zHBW5ucxswafLzsn5aNEnxcVFHLnNYpn9n2df+d/zd952870zH2hJz0SglNrtNgBI69DB7XYveP/DNT/+7Cn3EELiE+KHDx06YfzYtPbtKrxeh8MOLe72CLOe+I9hGABw7TVTx543urY3EHHKFZcFAsHfNm8Kh8ODB52m63r2gQOM8bS0DqZplpaWtiqYZIMeNqDNuVOGxexd8FymzRoJ78BDiaY/03VW7d3JV9LPvvi0wJ59pUGIbn/q2Ct7RuW+vrosMs+VpbZpKTz7yyKp8eeNhB2EhnEHAAAYWqKswDXdRAVYad7SZWurfFk/GTrKgEZIB2KLtpBKxJa6nzPGV/2wdurVU9q2afPMk7Pnvf3u5i3bCCGn9u1zw7Rr4uPjTNP8YfWPDrv1MAcoNG0C8G/I8Q1OcfW7sPP7z3kwOZLDoVAOoFBTB4qIlWbKWed2IAD81y0HDFLXHYKAwSULgOayOjiy2gRlz/899enUqWend23bpQeApHvLcrfv11RgpbnvPP5MyaWXDO3U0alK6K+s1Erfe2RO4WWXDO+SHq0olOll+4okJ0GUWOGu7SWdusQnO202ACzbvm35xwt+DGtIACvLP3pkTtWUSSO6dHQwWrV/18qP3l0RCHAC0GySRHSdEABGZaucvejlL/rNvUBOmzTjnD0vLyoTfgACgUAgEAgEgr8eFgxFXuQWehPcjp82bHU4XXZ3nGlyw2SGwUzGAJASiFJ5KBiQeFXL53I//vjTxEsualV7Vq/5uRVzRWaCJLPzph05Y8c+EIkIaBotlF9cVPzV19+MOH1oy08oQMRlX39TXFxcf8VbN7dtyb1wQHrM/20qdzGiGV/PmaNcd80195ylBALbP3xhwfYcU1KIySTFabUwOLSOTUEPE+pUHbXBA/nyJ59Qpl415YH/Wkxd521UAAAgAElEQVR28PulLyxd66cGt7l7dW3vW/tqvtKST7do0ScWi6ooCiL6/MErJl2akBD/v5dfPTpf/Z/Xr//2u5UOuy0U1gOhMABAWdlX33z9yaefuVyOFsb/a4A7ujoo3IcfLYyJjho6dDDUmAC++WZ5Xn5+WNNiYuJ69sj48ad1hmGYJu/dq8fuPZnIObTmRImGPWxN6N1BkpQrn3i2Nkvxrv88/FzFobujWu3xPUdfNuFyN0VZKzy4+Z1nPt2UZUoACCC17dHW4l+bozdhAgBiEtnh4pQ1MohIElEUUJk1EkZSOvjpgvkAEJFpUNNid0YrBFpufXM47f++9y5ZlhnjqanJD868u24qY1yW5ccffWDuSy+HgqHmhJDR54xsfJWr3YY+cMe18eH9b0x/6VclQBqGBkGUcmIuWvDEyHi25duH/+8Tj9JYiEAgEAgEAoFAIDghGIZJOowr9gQrfEGbRemb0aZ9cmxah7auhJSADpX+oC+gVfpCZZXBWFXL/O0nWraOtjgSlmmY9917V5cunVuYf29m5n+efk5ucbjBfX0vDo28AmhLPcwJM21rPui8aXEL8xuGoestDXwQQVUVRWk45UGa2vWOR/7pmf3kK9sK1agmCx4DNM/ocevTM8asvf2WZaylmzQAAOA/T8xaser7iyeMm/vSK7/+tslqPZrpei3jLhx73rmjAeDLr7754stlxyKqLmEtfNed/6KUvjD3JQAIhkKyJKuqMvPeu9u2bTvzgUc8Xs+pffvedOO0N95855ejiiV58qFaLDffOMNutz02+z99T+k9cvjw3r17AsC2bTt+WPPj5q1bH5x5bzAYfPnV1/VwuDkh5JyzRzR1nbLedz17U/v4wNevPrRkfbDh1w9pYqfb/3NflwB+ffe/loSatTAIBAKBQCAQCASCPxxNC/uUdnEdh+zNLuaIEqWd2sWlJkS5XXaH0wUWB8hWv8HNUDDkLd7/47sqhFS1pat6iBgKaWPPH3PGiNOTk5OaW05HxMLC4u9Xr/nyq6/sNlvLV90DgWAwpEHL164JsdusDkfDTdq/P0Tv9I8n7k7yPnP33P32o4jrfljsZMyDr529/t1HPlntb91pZc8/85TDYX//w0Vff/PtMc7/AcDpdN5y0w3c5C+98logGDhGabUgYmWVDxDc7nrWkwnjx+Xk5P6ycSNj+Pwzc2RZuvOema3xADiZQURdNyVZogR03QiHwx+9Px8ALr/iaovFoqoKIpgmU1X5MF83cvZZpzctnbhTzhnVf+9nXx/gTR5UyN39zzoTD365cb8uIucLBAKBQCAQCAR/IsJhPaiFMXmkO6F9QUmFL6ABgERpUpzL5bBSiUqUJiXG6ibL3rAYA3l2m01uzanYESuAFg4zdriZryRRq8Vis1lbPv//i0GcseeMOyvrg8X7Wnq6e4slO6KGjr+o8sP3tjc9HTsMjz784Lr1Gz5Z/FlkV/8xwhirqvITAi6Xs1XB/44Ovz8gy7LVarlm6tXDhgz674svb9+x/aTVn9YTCctHaXWHvP7KSwAw/cabI28554SQw3cXOWtUq4/0EAgEAoFAIBAIBH9mECEcDmu6TuP7OlN6y5RyRMNgqiJHOa1Wi2IynlNQquetV8K5kfXDE91kwXHD661QVfVEuEUcT+67586DuXlvvj3fclRxB/4mRKJaxsfHtrwIGXXGsN+tPQKBQCAQCAQCgeCEwRjTdUM3TRLVUY7ppNjcsqLoYV3zl2NFlhTKU2RZVZWWRwEQCP4wKiqrJElyOR0nuiEnG+SMkUNPdBsEAoFAIBAIBALB7wjnnHNE5AhAgFBKKKXCuVog+BvS9KGAAoFAIBAIBAKB4KSBECJJBKDear+YCAgEf0NIt2RX6woANB4qSPW/Ovyu4wk5VAVxp8bFuX/PygQCgUAgEAgEAoFAIDgZkGXaOv8fbGQFaGL+X5u1btJRGwVqJ/xN1YLCfUkgEAgEAoFAIBAIBIIWIMvS0cyhW2ICII1yHk01zbcuYokwa3JEHJkiZyT8zk4IAsEfCSEEIlv1ajfsCW0XnKQIbRf8fRDaLvj78LtqexPCBQLB4ZFl6ajifza0ATR+eRxAhMOfaAg1JgBE5JwbhmGajLHjfCSnQHBikSRJliVFUSJhe4S2C05ihLYL/j4IbRf8ffhdtb2B8OPSYIHg5EaWjvIIkIbmOnKcp/+1tTQrlhBAAFoz/w+FNFdUVHp6elxsrNVq+x0aIxCcADQtVO7xZGdle7zlNquVUso513VjxowbL7hwXExMjDgoVXDSEA6HvV7v+vXrnpwzGwAi2i7GdsFJSZNju9B2wUlJ09quaT179j7nnHNiY2MtFutRCw+HNY/Hs2HDhnU//2SxqJIkHceWCwQnK2Rol/ijKti0CeDwZoDWe/kgHMYPgAAAVMkJTrdT08Kqqvbv359z1PWwaQrzueAkQZYlVbVQSn797Tc9HLZaLZoWnj79hqnXXKuqqgjkKzjJIITouv7u/PmvvvpyRNvF2C44KWlybBfaLjgpaVLbO3XqPG78eEIIYybn/KiFU0olSUbELz7/fN++TLtd2M4EgiMjK03FAnA5nYP69U5KjLfZHbKsyIpKZVVWVElRJVmmsirJsiQrkqRQWaayIsmyJMlUUogkSZJMJEmSJEJkKkkAgJxxzjhjnJmMmcgZN03GDGaanJncMBgzmBl5azDDYIZumgY3wqahm6YRCgZKSss2/Latyu+v31YCAEABERnjqaltAoGgpml/RLcJBH8U4TAEAkGr1domtU1m5l5EdejQYeedP1aW5WN5ZAoEf04QUZblMWPGLFv2eUlJsRjbBScrjcd2oe2Ck5XG2m53OHv26uX1eg1dPy5VKKrao2ePrOys4yJNIDjpkaVGJwJEuZwXn3+WpptBzQhoVZIsyZIiUSpRicoylSRCqSRJVJKpRKkkU0qpJEuSRCWJEEmSZUolKkmUSpQSAOAcq00AnDHTRGScMcYYZybnnDOTM86ZyRhHzrjJODMjuU1mMJMR4Enx8RMvOPuzr1ZU+fx1mxoJIIKIhBC73a7rYcSGkyKrHkjx5scHPW7mNxS7pljKJFdubPuwcvRORwLBH4yuh+12OwAg4sBBg93u6MaqLhCcNLhj3P36n/bVss8PM7YLBCcBdcd2oe2Ck5u62u6w25lplpYUM9astle1W8vBrH1LQY7KHd5cZkmihFCr1QYo3GcEgiMjk2r//Rp3YiQjBpxi6GbAH6ayJCuRyT1IikRp9bxekhQqUUrlmv+lyF9JirxWJIkSKhFKKaUABBGrQ35yjpxzzhCRShJnph4KmabOTJOZhmkazDQYQUYp5UANTkEyAZjB/X6NOi3DB5yybNVPhFQ3lwBwgMiDEhEVRQ4G9Xpu0Zynle3vGczvFCWlpCrxUfGm6tBUeyUje/L2bSqX9yamIzm6UAgCwe9C5Fdg4+uMMYvFGvF8UWTZYrFAHV2fM3fFN6v3cn64TQEWVTp7ePq9N5953NssEBwRwzAURal7BRFDoVDk52BjLKqanJQETY3tZeHOAZZ4hG1naDrk8njL/uPSeIHg2GnJ2C60XXBy0BJtN02TMaZp2mF2CXMwH5hyQ+3bWQte1bRQ89USm81KCTnsTyGBQFCNDAB1v34cMT4hxlMRQgAAQjgnEiUABJEQAOCEEAKMICHAAYEAJ0AIUAIIwAEoIEOOAAhIeSQRsOYPAiIAEkBu6pRKFquVBwwE5ICUIhLOAQkBgkgACCDhHIAgBV9Ai4+P4YgSIVi/0YjAETliPVMiYnrJnrNUb3o7u0JAAkRNkw3m4kZcSlrHjml9yrxL12/7ObHnH2QFoPZOg4elBzYu3+I9PvZJGn3K+HF9y79esLrUPHJuwZ8LzjnjKFFK67jhmIwDAqVAmwrSyZEjICIYJiNA6lq71mwscMckHr5GRL5uc3EToQMwtO/Lj/d2vWhMN2cTtaKWu/rTde6xl5wS9cdZy3jVzq+Xbo0ePXFYonxcBLLyH+f9308pU/91YTvlyLkFxxmv1/vwI4+MOP30iRMn1l6c9+ZbW7ZsefSRR2JiYpoqRBTV0vTYbu0ca3UcvkZEboSjOMtsJNXSbtjIDnlrfjoQamLhiajJp47o5ftpZWbwBCzCUvcpF4zpUfLdwnVlv/saFrV3Hnp6N/+GbzYfp+eRoIZjGduFtv8+dQlt/704Fm1nnCMi50e4JwjMp20EAJd1QKTGw7anadODQCBoTMMf2IhgVVTD9MmSTJETQgA5EArACCcSpYQjECSEAwAllBAkBAlwApQgB2RQ/SjjQChQAkiq5ZLIEaBIABE4IHLGiCTZnU5/pYcQpBw4EokSbnIABgQBOSFIkTOOBjOtitpM7LMaF4M6vnPtvDmjrFXt7HKY4050raTJBdyGJumgB0dXHRzYRW/XtecVUVEVK7btiE//vXq3LsSZfvrwATt3fLe5/PgYKIklJb1Lu50KoLB4/sXgHBnHjp06FhUWh8OhyGYcjuBwOBKTErP2ZwGwxo8x5Dxydq5pmljfaq5amlhK7d4l4R9XD0iKd7rsyoIl29//dCuPWOLqo+1b+Nw7a3vePwGgqa8XQb1g3cJ3Sju9eEs/5x/1ZGXezV8uWdV/8EXDEo5PYF/uz9myZa8c5k1+RsHvSXFx8YMPPhSfEPft8uUmY5dffhkAvPvue7/++mtsXMx9M2c+/vhj8fHNRaVtYmy3NDUjaqztisWBgYY/FtW2I6+8oM/+eat5k8Mmcik+Y/TYqLxnPtkVbJmmqO0m/Ou6XvvnP/1JdrhFBZqH2jr0yui0+XtAjsdRbJMQZ9dhQ/vt3PbtphY/j4glLq1jQih7T1FYfIma4xjHdqHtQtv/QhyjtvMaDl+LYYZ1wwAAQw7DkU0A4vewQNBSGpkAILKAzwE4AgEkgBQ4J4QQiSNwAgSQISeUUgIcqvOQ6sk/j0igABQoh8hafmQE4BB5wkV28BPgnCNyLsmy3RXt95QwwglBACQECUfgHBABI5VyQA4QKdzUPASribyzGNow4k20SxrA95j8PU2uzbgLXbvQNSGz4HJ7blyXPleWeWZl+f1qzVOWRg2+5Z5L29aTnbvoPy/84jvWYaW6cXVa+WcTKPhDQADGoUNah9TU1OSUlE2/bdI1DQBVq61Xn96UEE0LF+TlS1LDu4rVTjTATLMlp2vcPHVg5/buyGs9rAMAIbRhQVa6+p2vq069eXJvZ7V3DWAwe9lzj77rm/LSnHPiKFg7jrv+jO9mvfPVRb0ntq23hM7Ll8/8x2v1I+90vvHVOaNijtVUUOvnc7w0+7gLFLQMTdMeeODBuPjY5OTkxKSklatWAgAiX/vj2oweGRFtnz37ieeefbbxL0VmmgANx/bmaFLbG5ai7v4XDHbu+WRZZqDmdyKxtBlyzQ1jbMuefXFdJYdw3g+f/zLomnFDf9i7vKTODtTYEbfdMT6lcbX5C59c7C0tLfGG2LGPw9UCEBGRacdBLHH2vfa2q7pXB8c2/aXZO39d8e3PmVXsaB4fSsq510xps/L5PYWa+Bo1ybGP7ULbhbb/VTh2bccWmgAMTTdMADBkDVpiAhBhkgWClhExAUR+e9XMACJGOs4JJYgEOSORrQCcAOURZ3+CnCCDiDcAAYIkMsMnQAGliBsAQYKEkFoTABAAJAgISBARgSBHRKYzWVFszijDUwqcAXLgHIATZMgZIicYiSCAWG1BqBlQ6vxk5Lw6zkDkbXKgtK1TNoDvQudKkgiNRoTFkNxh+/6hcakd3LbOwQOb5A41KYgAULxy3uL9oep6eKjUz459TIkYPrEFA96JEij4oyAAhQVFjHOn09GzV8+d23cwznv26llR4a2q8hUWFiIwzhvOiCJKDgAt1Mb2qS7G8KaZH+/YUyDLFrvD1TiPUbDq8z2O0x/rH0MBAJg/+6clH7y3ZLMHoGNta+0Z48ak3P71sv0XzOjeOIZm24n3XN/LUd1Yam/jEk54glqsVuukSZPef/99wzSdTkfnLp1XrVrJOO+a3jWi7eVl5XfdcWfTu0Y5h0Zje3M0qe0NSsmJ/UakhX59aWeFyQFAsqf2HTX6gjPS3QB5tQNpIGvV2vKBw4a0WfVpdm2YaqzctHBegZUAyClnTprQbv8n7/9cYgLwUFFFYdUbc1cee08BAMdDQ7petPLYxVJicdqgZNW8jzNDkjUqqdOgs8fcmJH4+jOf7Ay3/vFRs1AtnjiH4RjHdqHtR4/Q9j+cY9Z2jtho2b7XViCHutyqKoapGaYBAIapWWQl3HPTocxIYXufuqUjd0xsBRAIWsIhL4DqH2EEkXPgDDlyRggFQgggQ6xeiSeyAoAUgGD1qrxFtVscTtXmVFSLpCiUSgDAmWnoYUMLhoP+moV7Uu2EXDuHr5nPm7pusdotVmvIH0ZmAjJEDtWTf8YZR25Ghg1CCDR2K4qEGUBea+HtIIc5gSqUVmNcc2bf97T4U39YaiGo29thnSYhAASKs/ZnBQ6VkxJPv+amseluBUD37v3xiwXLdlZGxiga1e2scRNG9EixE+7P/f6tN5Ye0EGO6XPuhAuHpSdYuL9g23cfL/khJxQR7Mq44F992qZGUcOz/6dln36xqdyAajk9Rk8YNzwj2QbB4p2rl3727W4fP3xSXbu2vdP4W6cNrfry2dd/LDZapwGCE4IeDuUdzEtJTTZNM71bOiL6fFW+Kl9xUQlnBiHQWG+xdgedaUIL1rMVWaoKaNm5/qjoQ17W9UuZRRt+KnL1vynNipG3K159+9eE82+/cc9Lr1QcWjWXkwYPT1n4zercqd26WhpW42zXvUePOlsEzPxlTzz+/uZyHcCS0Gv0tTdPHhAXGWZM75bP5r277JeDfpSiuo6958Er061glG5Y9MaCbzYVhqgrbcjF06ed37XanlC5+c2ZM7JyKpia0OvsK6ZfMSxFra7Bs2nxG+8u25gXBEfbAWOvnj6hb4x8xKSaj88DO+bf/9h3MdfMue+8tuqROlFwzIwaNYoxtmDBAmaapmm279C+VtsrK6pumHFDr969GyszAWCm2Xhsb46mtb1eKSm2Z++EwK7388KIACDFDrzooh7eH+Yv7jj5YtehtVezZOuW0nMH9U/+PCunZjBFveLgvgoAANXoa0CS90BmZm4kUU4eO/O2gTtemvVZnkHd/SZOOq9nmwSnDMCrsn5ZsdXoNqhvtxSnFC7ftWrxeyuyqp21m3lGRGYdgIhy8th7G4hNTXAqABgs3PHdJ5+uyg5ic3IafH5/UVZWdgAB9u7akSvf/8+BIzp+uWMXAkD0gCsfGhLllOrLPOwTJ2nsHc+OBQDY/85jc7eGms1MrO2Gjb989CltHQR07/Ylb7y5zvM3mUody9gutF1o+1+LY9H26vjg9W0slPAZ54+ue8UXKoh4AfigYOroevGMX1v2bYPinHPOUTo+GwgFgpOcpoJtIXBuMiYRSogpcQKIFDgjkXAfDAnhVJHsUdHOmESbK4pSCWvi/QEiIiOEyqrFYndIcjKVpHAoEKgoD1SUAzIAAjXW1UhdkQrNcMgVkxD2+SJhApCZnDPOTeCMIWOMcc6amPTU7iuoP5TEyVwH6kdShNbmnIKKwHK71i1dDedItjqDCMdai0VNHYyblZk/ffLWysogdXcbOem8yZcdeOK1rQEklrTzpv9jlLR52YdLcoJylDNYpnNUu4ybcd0A7/KFr22tsPc4d+KE6eOLZ32wQ0cEoHJgx7cffu4lqaede+GVM9SqZz/M1JBYOl5ww4yR8OvS9xYXQJuB54+fPkP574tLcsJwmCReYwOQEk6/euoIvvp/b64tFNvW/joQQgoLi5KSEpnBqEQDgUBpSQkzzZoFiIZwXr2js9oLoPmficvemRJ5EeWwfvv+tQDw4tu/fL1qb8NSGDi4rZC0uzRVjXyNpNQLZ78+jpLQ1qfhkIUOAOS47p1tC/fs8bIuSYeerdUKyJlpssi3hVCJUnePc6+5c3ysA8u2Lnlt4X9f6/rSvwdFEdQyP3hk9ufmoEn/vLKry/BWOhJk4IGd7zz8zJqECdMfOi3Wt/njV9+Z/XrK3Fv7WRAAuO469ZJbJsdjzuoPP3jhET36uek97QRDexY8POdLGHbV7VPbQ873C9574hFt1pNXdrXC4ZJqnE7DeV89+5+vyNiH7jy3rdI4MILgd+Gcs882DePDhR9xzmu13Vflu3TixCGDBzetyYRE9Byb+plYl8Noe71SxJaSHo9Fy4vD1UtQRSvnzlyBaEmfBoB1lvt42f6c0Fmd2jtItqdRoKrq796hFtWMw5xzTi3JXTtEFXw9b8VB3ZE2cuLoizqWbPj88zcKwtG9x1w+5oqxmU9+mKUDsTb9jDCqv9e82uutvtjCb95claerCb1Hjx13vVkw68OdIUvTcg7t645IicgDADC0kAFUkQA5IoBR+OuSlVmVJLbX6HE1MtXDPXEQPGveeXOd1wQe9gQ5NptZTh0x9aIe3m/e++/OSuKKd5ZVmn+nxdSjHtuFtgtt/8tx1Npeo+z19I4C6KZWFWwU2xLAMAt8oYLat1H2rgDQoDjnnCOXQBz1JRAcmdoTAQ6t4iFyNBkQIJxQKgEBjGzxR45IFIviik9xuGMliTLGgj4vIZRWHwEoEUqpJBFCOTeZSQnVCKFUkqITU9yJqT5PcUVpIfLqTWfVNmBARDCRUUl2xsRqRbkcGSBDzjhn3GTADOAcGWv+pNzqGDq1j0BKqA4YRIrM5LRZe6BGSRUqnPM6rkocAaDj5NnPTK6+ULn2qceXHMzbsSkPAAByfamn3TksPUba7DOcXc8fGV+87Jm3vymu3UdHXL3PG+zK/GDu0o1VCJDjdZ3y0PlD2irb9nEEqNyyfNmaXANg2658mnrXeWd1XbJ3S8DR7bzhscXLnnl3RbEJsDOzWGl35+gxXZe/svUwSf7IY45G95s8YUL8lnnPLdvr/xs9dU4CKKE2q9Xtjqmo8AKA2+2urKjS9SpoRs85jyycYPUe6dawY29+E1dZVYEXnd3jLLXqT2jTDnSyu00MbM2vMCGp4ddpzwvTp9S8jj1/zgtTO3foN6gDAEDXtKjc1Xct31asD4pSfZsWflXY5rJnb73oUEABrNy0aIW35z9mTR4WQwA6zfCsv/XDFfu1fj0AAGIGTpw4urMK0K9PGsu545NPt0zqMcTl27To6+LUy5676YI2CsApGanhrLs/W7R53H2DD5MUFanPLFn78lvzCwffMfuKHg7hKfiHUlFRYVEtdbU9FNRKSksPU4SZZuOxvSXUanu9UpI9MYoE9ldoDTbS8EOzj+rrRlVRFXRPdBJe1qjWRv7BnNfd1YoAWtHe7btzDcgqi+vb45ySDWt/2x0GyDa7D5jWtUs02VfMXd2afkbsxwai6okt3LNtR64Bu/eUuXvcNaBvorSjtBk5u7V6n41QiVJFtkendhk+fngcHlx5IMC4AwGCuds2bs01ADI9cX1qZTb3xEGOALq3KDevOoQ7cTWb2bBGOyC0Y/fe/Qc0hJyW37uTg6Me24W2C23/y3HU2s5raJBBN8KRZf/DoxtNRAesEShMAALBkamNBXDICsCZybkJSDmaiBJwgoSBRCQqRceluOISkDEtUEGpRCklVJYkiSNSjPxPGeeEUkIlQgihlBCKnDFmEkLs0XEOd3xpbqbmr6r2BYjUiwiAuhawRbmV0kIWDiPnzDQ5MzkzGTM545wxzhoNCoTUOB/wcFjTtOqHQbFMHZSFOYegX5MbuS5HQKQqNwCqNKrVmgCo1eAA+V88/+7uyNmj3Kgq8DN3v7GTzh+QnhJtYZqhgpHJw5qGKWkpkm/T1kK/VruLDtSU9omSFH3lg3OvPFSV7sCwppsIaOphLZK7cPu+wNiMNk62vsrZIUWqqiOnYOtu//l92rvYhsMklRm6iRA99KoriOebOR+uLznUBsGfH0W12OzW9h3a+XxV4XAYAHw+X/v27Q4cOOD3+/Sw1riILMuIHFsQC2DwBc8BwLov7qh9HRUVIyuNvN65EdJBtctHng0TxS6DETKbsOm3n3T/jF6RAwmoJbatohf9vPDtxT/uzveEJJuqg5xuIIBevDPHjD6tT0LdgIJ6ye58xir+d+Pl/zt0UfE0Cr8kx/VMdy7clllmDLEU7zrI3AP7xFfLUZL69Iha9NuuEmPwYZKiCACAd8V/X8WEC5+4bmCMcBP8Q/noo49WrlqVkppcV9uTk5PWrl2jKsrkyZObLMU4bzy2A0ADPT6MttctBQqXZNADAU3T6o+VOkPgRljTtBoTst9ngKzysKY1ik/OwwwBzXDNOA5ynYFdrjfIlxf4QHVYeVjTEFh5kR862sDQNGjuGREOmwjIdE3TjObFhksOemF4lKwzZ3PPmppvUORx1nHyrBqLNivb9cVLC77LC7BGMj3VMpt/4mg6B0BT1zQtMilSU5rNnL332y/3/mvibfe237B6xYq1vxzw/X0OYzuWsV1ou9D2vxbHpO0cw2E9UqoWFUA3QlalOhwlAhqmL2xUAIBFcSuyqza6mG6EAKBBcUmSxRlZAkELqd0IUNcLABgzOcoSyMg5ABJA1eaITW5PKQlWlkcW/FGSQZIJRUBOKeeUUSoxQimlQCihvDqQAKWEECpJlFLOGAGS2L5bZUmetzivJghhxB2XI4Cha87YhKC/gjMTuYmMRfYBcIaMGc06PmP1hrLaTUf7DSVZZhKBeB7MwWb3+8ZIqHEMMnpoi3REQrDkQPYBf801uc0Ft80Yxdd89H/vHqgkSaNuuLZ/TWhZUlNz3bYQCP325txPa3fWAQ9XVHF0VLs91ASnjVSHNa5SdeTUCZV7mCREQNAyN2SnDhw9dey2pz/b1ehMIMGfE1W1Ohyu5JTkiooKTdMqKyoBgHNummZySnJBPiJHXW/47KxWHQTOjriQz5cAACAASURBVPADIzYuqcnXDaGKTW1mYt+wbjNkgmJtylhgT+7cpWttLADj4EdP/vcLeta0f83oEgP53zz/4s+1rW8qjAeCfeAtD07qVGunI5aYKAK+Rhmh6aNAWoM94/ROuWu+eHnhqY9e2esPO+Dwb8+ijz/+bsWKmFh3RNu1UPXSjWmasXGxK1etkhXl0okTGxfkjDUe2xtzGG2vV4oZmg6KRW4oq24k9upLklUGQzOb2pNds3mk7pBcO7DXfQ1g6gxBqt4Ny02dAaGRJjX3jIg61JLmxQIzOZDIo6cZOfUfZ/lfvrBgt98I+yvKyyrDHBo1u57M6g/Z1MOobviZSLbmM+t5Xz37wKZeQ0efd860+8ac8+WzTy3N+TuEVj/GsV1ou9D2vxDHrO01d7wunHy8dmvtO5nQMad1jjgFKJKy5McdZl3nAk4aKfjhvj4CgaAucuMf1sgZNw3kVmTICUMuOWITne64cMAHgJIsSZIEEgAAIlIqcc6pxAmVOEUiK4rV6YxJcMUm2JzREeM0M/RwKODzlgV9HmYYpq/CEZMIhHoKDgCBah8EBERuhkM2l5tSCZiOjEX8EZjJmMm4aSJvdubTYFNvNtq7M8MlQxcrerSQT7E1LtJG5RYCB/Uj+wtZk7smQc68pT9tr+RAtYIA9AcAAKM8u4ifnpERJ2cV1vonGOXZxXh6+1QsW1dYz/reIOqCmtK3u8PI319mglGamc+Gd+9eI0eO65nuZPn7yozDJUVugZb3w8vvZF4/c8qtN3oefeH7olZ7iAtOAJKsKIrs9/t1Xff7fGEtBACVFcCjuGmaiiJLsgKNHpxQo+fH4XyK6nZEpbiJr9ijI1gOPyM2vfkV4G4b3VTskHqE83cVQJebLjurr5sAs7WpOW1TTeiWSpdv31pqdD20EUBNSE8lyw/kksTT29Qz1DUIaanl/brDr3bonvj/7J13fFVF9sDPzL2v9/fSeyEJJHSI9BawgYCK2F117W3V1XXZXex1ZfW36rqWFV117WIviPQOoSZAQgjpvbze770zvz9eElLefUkgWPB+P3wU5s4999yZM/Nm5p45IwN57PBkZs3h4jYuK1EGAFxL0REnm9zPJeABABQp591/S96//vrqM89HPfuX8xNkIHG68fv9GzduBKAha+eC3HXXXcey7BtvvBEaKQLQjRs3LrzgAqWy92kTHbEAhipgA3E1Oak22iBHEIwsktXH68HZ4DhNvanob4QcAIAyA41mLSqnF97miuOV7oGVYqRfHBnv50ChkWMAod/MAED9TcXr3zm0feflD/65oCBt9Vulp+XM918Wp9i3S9Y+aDm9kKz9J+QUrZ1Q0nfG7tie2v2fhulVAc4f5DkAYDk/T4lja1pvYd3/QSkR3TIsISHRgxNDekoBAYSOBBR4HqhACcJYpjPHsHK5z2ljWIwZBgHbFQYMM5RQgggGCmqTSR+dGJc+XGeKCuNyDBCXls1xAWdbS2Nlic9lV+lMxhjO1lQDCKOukABEACKotAa/20WJQHhe4LmOrQA8L37aJ+21mugDfJBTjsJBswKySPAYRz1ILnQGBUBAE+Q0lgU7Dy0c6tGD0DCL5P6WynYoOHfBFOeuWhcxRas6MhBH0Zdb7H9afMet+Ost5XZBbVI37d9dX/zlFvv95916G/l601ErpzAn6Jq2ban0UEoBVPE5o0bIvfLoUQWLzzU3ffPKEReh4Dr0xYa2v1548/XcF1vrUMq0ixbFtv7w5mEXoTTCJdyxTY9r2fH6S9HLl11yx4KKx7+slgIC/vLxepwIoUAwyHN8MBjguNDBzsjlRHK5zO/3+32evivZnUZJ+/UCGChInToqnq4ubghOyRHZLhOCbz963KvPzerfgV4eNywavv1m1Trj9HQ9bmvydT7KOGFpgeWxj5/6P3JZwXAz6273JE6amjxhSYH5iS///hy+9Oy8GJm3pc6VPHtuVmjdwFdXvL/Yrwo0Hfz+/a/bEi/+4ygtAtCNv/S82Ac/evYV+ZWzU2nVhvc+aYxbeMc4HQIkfqnrhdm42Xf+uXH5Q//9x6rspy7LVEquAKcZpVL5xOOPP/Twwy63CwG67NLLCubMAQC/z/f+Bx8IvF+tVj/5xBN95/8Q8gLo07cPih53UV/tkVZUkBPH7j0W7JvpxDMYU0a62lVS4RDCPLS7H1a327tr2dVQu2elnTvfKCUOkd8I3mv1gjl3Ql5cy/5WUbFdnydF5dATyvb9Oetxqa/MCL84wbZjDcLs6QvmVWyqRUaDvWhbhWhmHDW2IA/qam1+1pKbpAKf3TsER8n/CjjFvl2ydsnaf0WcqrWTAVl7IOjjOB4AAsgHvey8D5RSaSOAhMQACePZ27H9nhAA0BhMVBB8Tjsrk1HKMoR0tDBKGYYSQWDlCo0lVhcVH5WcGZOcAYAwFv2uLpMpLPHJptiE5uryhmPFKoPF73Z6nVYaWgimlGAI+r1ac3R7fTUhAqUCEQSB5wVeCC0DiEnu2ykcF1QkgLIVXJIKaeWkngu6CcshrGSQRQYyBG4BjgcGNAPgale//KHh2gWX3TsbA0DQ01be5CMAQH0lHzz3guvSSwqu/sNCBIHWPe+VFda1H/ng+Redl1w8+8q75mMg7rrdn+7ZWukh3vqSCsf4+bffywLw9qr9H6349MeqIAAA9Zd/+n8v+C9fesFN96vA21j85YsffFMRoJEvdXt7//HvXvk89/GLrl2w75nPaqSgAL8CPG6HRmsIBv1csONjQTAYoACECF6PG0S+BYXsvK8XAEKU0v6NGfd2+WFj8yfHfbxhS7U/JzvMHKwTvnn31gb9hFtSIq4TAACAPG3JfdfZXvvszafWCAAg18bmJGgxACD1yOsf+7P+rfdXv/LspxSUcZNvyJucEj36+sceMPz3wx/fePZzARhdytTrJs3J0mBN8sgc4+5PnnuCB5CZhk265uFrF2QqAQCQKufKh5cpV/7v0+ef8IE6ceLSv9x4UZYSRb7UrajUOZfce/mB+z781xeTnrk8vf83kjhFTCbTY48++tDDD0+bOnX+/PmhxHPOOcfldq9fv/7xxx4zGo1hb+zwAgjjniwAGkA0h94DQb7lwL6WxVMmJcuPHY/QSbIx4/JjXcVv1p22jpR6w/9GCG07Vm2YeP2sKwv2H/poAE8Xk3MqA+BIP0bOPe99mHfLxZfcNgoE++HPqnYebxTLzBpSJy4suMLAAgiumgMfv7665jdzWu2p9O2StQ9ajmTtPyunaO29NtKGxR/0BblQgQ5gCWAAAiUkJEKgebk9tpNxArlu4aySkjKjJUZnNMuVciC8jGVYVsawMoZlMMuwjAwxDGZYjd5sTs4ELMscM0VrtESY/AOAzWZd8+1XLMZnz1+o1Rs8dmvZvs0YaNPxQ0AECggopYgCYLXOXLpjbZDzBzmOC3KBAMfzhOe5ESOy3/5mk4w58RQK0ERMSrWy3WrLyx3hdrt7PTQGBRNkgpEBzGAOME8RB4ijqJFDLZz0BVDi14RWqz18pMRiNl2w8MI/P/BA99+5F94q3FJY22sVIHR81Pxr3wv9EyE6Kz/lrusn9hAqtKx5+J7/6e568YEpRpEGQX2HX7/78ZJ5z664NEXynZc4Obxer1qtHkhiCITQ35999puvv+jbt8uiChh1Juo5L+pl7ZQKgusYZ9vYQyi2FCx7ZKnnv8te2usQcSlDquxrn7x7+KYnl3/ZIG2rkvhp6OrbJWuXOOPpsvZAkMufOMHj8UTIbJ5VOzr1xNCkqJpaNyVHyK/RaAr37DXotUOmroTEmUuYvb2ECDwfZOUKInB+j59lWUxZ1BHKiwAVeEIwkZliknQxSRwn5E0t0OhN/T7puScfObJ3B0a0tHj/sidW6MxRw88qKNm9UWeJtzdWAcYoFBOACgioXK3xW91EEAjhCc8LvMDzQSIeC0BsA10LlbcHqRoEOQYZQgKAm2IfkSb/Er9OKACECQd49/X5d1+f3yvR5/UCwKpXLookkImeec25Xz709seHRt80KuxBeYHqr1euF6Y+cH6yNP+XOGnCTvXF5v8hOuy8T9/Ota3nYH2vxDmzX+1fCWLd9vHm+csuuSin5O0Sb7gfDXnKOZfNxHtfXCeFVZH4aekedK4bkrVLnIF027MR+aM9EVBRNe3+z/43AkheABISA4OlQFGfiIBEEAQieD1OuUyGKBE6Tt4TGMpSyjCURqVkay1xHrd71Izz+s7/CSG1NdVHS4801NUymElJS5uQP6nhWFGsFiOA+spSr9er0+k1emPWuKnH9m+jTTUo1GwRAAUu6FeoNB1bADieCLzA8xH2P4e8icSuCoBcwIIUH0Ti10/IyW1Qp0b3B1JmL73nGlTKdrS/Po8kOGrckrsWdd9SLyHxE0A6zo8ewvEcDRz/+pVPaBaPUdh1Y4QF66GvV64rcks/GBI/KbRzG/0QipSsXeKXSddpAP3mtG1JHLRwaQlAQmJgsL3n/wgQQgAQ9HlZjAREEaYYCFDAiFIqMFRmSUjXGKOddlvq6El6c0z3uwVBEHj+f2+v/PCt1xDvl7MYAARCr7rxjnPnLzywdhUvCGNnzFarOwKF60xRsSnZtsYaj60RAwAghIDnOIVKK/AcITyhpOtHEfWJHYsAECBBEDDqP7C/hMSvHYSQIAh9G8KpCVVnXfC7LNGrqpSCa1KG8nkSEgMiZO1D3LdT//EfPj0ufrVuy+d1Q/k8CYkBIVm7xG+H02Lt3YSfDrESEmceYTYCIIQBgAgCQZhSTAVCAAQIIhAYymgMFktipsdll2lMqdmjuu//p5S++q8XWpoarv39TWve+7dWK1OyDAUI8sKmVf+9+g9/Gf/gCwCQkTuWYTo2tmGME4cNb6gsdbY1oI7NBojwnEypBEoRIAQIAIVUQiL9hc/v1+q00sqfxJkNpVSn0/n8/qSkpJ9bFwmJ005SUpLUt0v8Fujq2yVrlzjj6bL2qKjoIbd2SqnBYADJ71dCYgCEWwLAHfH5O111CFDU4bSDcNKIcR6HNSCQzBFjET4RokYQhDdffendl1foNMoLL7zwqpvuJAFvyrARlJLa8qOFW9b8d8Xf1FqDJ8DPveT6K264vdsqAJM6Ylx1yT5MOQZ3LAOwciUgBAghjBDGgMgJxbrRsXuOkJjo6GAwyHG/mTCsEr89gsFgTHR0TU313LlzpWGixJkNpXTu3LnPPfes1LdLnPF09e2StUuc8XRZe2JCwpBbezAYTExIqKqqGEKZEhJnKmGWAEI7ggkllKKuhYDQHuTo5GFAQSACYlUxiWndXQCK9hV++OpziXqGYWhtRdkFV97cdXX87AVnX37Td++/9t37r/l8/ndeXjF89PiJk6d13WuJS1TpLZyzFWGMEEIYh6b+CFHoXAnoUqy3ogAHDhQNXYFISPwqkJYAJM5wEhLipb5dQkJCQkJCQmLICeNa37GRptMFgHYuAWDMRqUMC/i9nEB05hiF6kQwZ0LIO688H6WCKK3ikutuu+Cy63odEKjW6i6+8Y+Lr73ToJIZFfS//1ohdAvvJ5MrTHHJBBAgjDCDGYYSikJgjDAKqdTx325/JCQkJCQkJCQkJCQkJCQkBki4JQCMEcIUUQQUCIQikFNKjLFJlBAiCBzHmWITQpmDgUDA76+vqaop2W/UyOPTMi+45vZe8/+OJ2F87uU3JmbkmDTyurKiyvKj3a9GJaQQhDHDYIZlWDnPBSggAIQBY4wRgxHCKJxYCQkJCQkJCQkJCQkJCQmJgRBurs4wgBEGBIgCAgCKMQaELAlpXMAnCITjBZVGDwA7tm66YO70xXOnHCspnjx1OoPxqKlnq7U6sYcpVZqxM+czGCsQX1q8v/sljd5EAANiGYaRyZUBr4thWcwymGEQgxmMASPMMGKSJSQkJCQkJCQkJCQkJCQkIhMmFgDGGAPu2GuMACEgQBhgNEaz29FOBMLzglKtAYCXn32Ms9aoZMyqlf/83W1/LN2zKT59eOTnjZ1xjkB4xMjTMrO7pyvVGkIRZjAgJFMqvS4HYIwJIjgEhNwBINweaGlXtISEhISEhISEhISEhIREv7AA4XbVI6BAKQUglFKKKGhNFiIIlFBKSdc2fpOalUVpFDJsULEAKMATob9A5QRQgLIsMIB7f9JHmEGYYRiGlSu9znYGIcIwmAgIY8Qgaeu/hISEhISEhISEhISEhMSpgPtOrSkFBmGEAGMMiCIAoKDWm4NBHyECEQRCiM/rAYAb7vlbYkpGTFzShdf9Yee6rylFFWWlkZ+3YfU3b73w9Ov/ePT40SPd031eL2YYjBksk3mdVuhwCcAIIQazGCMGYekcNAkJCQkJCQkJCQkJCQmJk6bvRgAElAJGQCkVKGAAQABUpdYTjgNKAAgQwWm3AsDYyTPzxn9LKbW2NL757N8UMmbnhtVLr79drdGGfZjP692x7luLRk4Z2cjR47pfcrscLMsyLKtQqlsqSzFgjChmGEwBCTzGTEilvjIp0J93J0BrS9OxsqNul5MQ8nPqISEhISEhISEh8YtHp9dn5+RGx8T2m1MaZEpI/DQMvFX+otj/+koAGHfzDYO9MUwsAAoEUaBAcchFgAJQYBVygeOIIAClCGhTXc3o/GkAIJMrACAmMSUjb1z1oZ1tDRXvr3z593fc3zd0HxGED978t62+PMagTMwZl57VI2pAa0OdjGUwZjDD2hprEYsQjxGlGBGGwTyliAKFHt0fAqAAGKGfMRpAa0vzwQP7Ro4aY7ZEhT0HQUJCQkJCQkJCQiIEIcTa3lZ0YO/oseMjzzekQWZYKKVd/+2eIjEoOs6A7/b37im/NQbeKiOw6pNPGxsbeyXGx8cvWXrJKSsYBkrIzmefa9m2nQhCoL190p/vG9TZeWGWAIAShBECRCmhgCkQAIQYhhABAaVEYBC0NtYGAwG5QhG6A2Nm8bV3vPa3AyY1fPH2K3pT9NKrruvSg1Lq9Xjeef1f33/wWoJeoZArL7r+7u5rBH6fz9bWpJTLFSqNtaFKIALFGCEARBCDgRAGY4QR0CFbAQ2219d/8mygvlSRmJO49M9yS+LJySk7WjJy1NiMYVlDpZiEhISEhISEhMQZjNFkVqk1h4sPRJ5sSIPMvtBuEEJCf/m5lfq1ghBCCGGMUTd+bqV+NgbYKiPQ0NBw+1239Er890uvnbJqYeADgU1//htXVzcqOdrrcFTv3LH+/mWznn6c7Zyb90s4LwAKCCFKKXRtA0BABIHBDKUUKGUQdTraGuqqu0f1zxo1oeDSG394798mrTw1LW3lay87HI7huXlEEMpKDm9e+52ntTYjIVqrks1ecn3O2LO6P7Gxrpr3e1m1jGFwW105gzGlDGUogxjKUYyZkFEOVRvn/Z6at5ZFj0hVTb7IXVFe995jGX84yepxOZ1mi2Vo1JKQkJCQkJCQkPgNEBsXv2v7lsh5pEFmL7pm/oIgCIJACJFWAU6arvk/xphhGIZhQp4mv+VVgIG0ygiEbNHpDHSl6PUKchqMk/N41t3zJ9bpGJESDYQgoKlatrb82No77537wj9kavVAhIT1AgBACHf51yNAAAIXZJUqQeAppRhRhvJH9hcmpaazrCx0E8bM/Ktv53i+takxLiFp+V2/DwT8XwIgBAqWMeo0tz/y95T0YYRCzuiJuNtxAEQQDu/fLWex3mSpObRT4AVACGGMSCgkIYMQxQwAQkPj709pw/uPm9PjVPEJgrNJk5zSsHXVqciTXLMkJCQkJCQkJH6ZBIPByspKAEhNTVUqlafpKRSgqMq+pqi5zuZzeIMmjTwrVjsrN9obFN5YXwEANxVkTsw0deXHGA9ke3/XIHPXUXhmFbG6+tfErINlS/CknJN8kV8yofk/35PQQsDPrdqvj9Dkn+2EUsqybMgj4OdWbYhx+7h311bvLWs/UuMEgNwU/YRsyzXzUrUqWa+cA2yVYhBCKFDSzWmdAh1y4/Rb7T/edY8BCenp8ZQQwe3CCHGEJGjZ5tbGH26+c96LzyvNxn7liGwEAEwpAKKIAiUUIRr0e5VqDQJAiDIIFAyyNlYfPVycO2psl8M/xsyia+/igsEv3nsjzqSRUznLYISAUjj3ipvdtrZ/vPyUJ8DPuvCaW+9bHrqLEnKk+IDb1poQE2VvrPK7bCyDCUIEgMGYUIoQxgyDASPAQ7IRoPWHt5hgkzZjaqD2kCw62VNVqU46E7tJCQkJCQkJCYnfPG1tbQkJCXK5vLW1NSkp6XQ8wu7mVnxT2u4OZsfrx6WblSz284LVFXxxdbnDx41NM7l8/OvrKiZmTjjpR/Sa/2MGzp0IJi2ekAETM6CmHfZWwEebSWMbWF3wzCry+V/PtA9Uoa/9giDwPK/T6X5udc4cGhsb5XI5dPoFUErPpFWAnUda/vJaYW5M9MTk6CUjM/R61s8HjzbaFv5t7dM3TZw8InoIn0UopRQE0j1KBQytF4CnpW3NnffEahWpyYmUEN7aLrjdMowBICCQaBXT4mz/4da75r38T010Pw5EYTcCUISBAqUdoQApBeR3OYxR8YQICAABlTPIYW+uKD0UFRMXG5/QdS/DsIyKvez3d86YN7+xstTW3AAImWIShk+Y9tffncdiUDCw5cdvr77lbp3eAADtba1FhdujTcaAs6219hhCiGIMlGCEKGYQpQgDolQukyMsGu1j4EXrLNri3PtV8vnnBhuPsSot53Q37jo47IH/nj7/IYfDsWvXrvr6egBITEycNGmSwWCIdAP1Nx4pqleOGJ+p+5k6b+pvLilp0WblpWixWMqvGWI/+NkHhaYLr50b33v17+QQWtb939/XJ935yOXpQyPwZBhAHf38pnU61aD+ppLiBuXwsRmDEUu8dYcPtxnzRierzwDTlpCQkJDohSAITqczISEBALxeL8/zLBvu69cp0OLwP/LpkdRobW6S0eXnre4gJYAwVcqYKTlR1a2eBKOqmvdaPcG+9w58/Nnr+/+fl+JjjeT9deSDdbDscjw3D77eTRrbwmf+hUJc5du3VZsmz84z9g4hHo7uSwCnXbffEl6vl1LatSPgTFoC2Hm46b6Xts/PzrJbm15/44OGmjKe8yWmZt5z+7Wv3jH1j69uefC6iZPz4nrdddKzwtC2lO6f/TsiVpyswF64aut+uPOPaUlRiQlxQASuuVlwuWrcQYHn041qCuDjBYuatXmd391w67kv/58uOdKKZ/hxLwaMMEahBSFAAOB3OzGLQ+8CQGUMqFjwWhu2rf/B2t7W63aEcWLasIlzLjj78pvPvuymiXMWaPXG9OGj1XLWoJHn5eWp1GoAsNusG1Z/ZTZoOWdrW81RjDDGDO6ARQgjhBmGVarUgBAWUXXg+OrLGz94InH2DN5aRwIeyqrrftyacsPT8piUU5Qsht1uX7VqVUVFRSAQCAQCFRUVq1atstvtke4h3oYjh8pbA73NhXLOppo6W5BGSBkSqLemcHdxM8iweMpPBfGUfPzIdRfMmjFjxoxFyzfbh+RVhfZdH7//bbF9yPxyiOv47t1Hmvw/pxfaQOpIzLQiiT0NNnYSaoSDBlsPb/jivbfefPPNN99fV+0n3vrDxWUt4cTyLTs/efujbY1cGGXc1cXFx9vDDMskfsWcpr5RQkLiJ2Yo2rLNZjObzaG/m81mm802JKp1QQFeXlORbNFE6RTV7d7DdY69Fe07j7Xur7AdbXDVtXnNGgXHE44fyjFCegKcNwaKKzsUWPkDkbGweNKvbSmb+JoqKusdYX6cRe8gJLQR4PQp9RvE7/cHg8Ezb0uFyxv844sbZiQk7di9/YuvPh47OubBZZc+/+xtZ01MffDR559e8f59i8bf/9IGt3fIBoGEUkKpQEjXn1DKkAi3lpV9f8vtw4clJ6enIpYJNjfzTkeVK+A3GIPm2Aq7T46xkmEoBYOKMYL/+5tvs5YdiyAw7FIoBQydUSEpAsCAfC475QkCIJQCoUCIkkUea4PWGLXmq1Vzzl8UExMb+SiC6+5/Yvv3n1BKps2/lMFMa0vzlrXfq2XI1XhccLUxGAFiCMUIABOgIGDMMECxXC4QIeh0AoZe6zI0zN9EEVy2mlf+mDhjEgm4gw3V8sRhzdv2WAqu1Q6fdPqOFNyxY4fP50tJSSkoKACA9evX19TU7Nix4/zzzx+0LL5t/9q17aOXXGiSI7GUoYB6ao+24oS5sQrxlJ8Kf8nrf31pV8YND/9hQhQEFRm6M2RRcug5XXV0emxskAj2ki2bi2rbPRxlNLHZE2eclaln+Na963bVm8bPPj9eDQJjkoNXVACSa41Go1Zx0oMj6in96qPt7V3/VuctWjopigEgnpp9W3YdbnAJMkPyqCkzxiQoEcCg02mwrXTXjoPHW70Eq6IyxkydPCJKjkBwVR/cta+0zuYnWBWVPnry5NwYRVc9EH9LefGhsqqGNo9m7IWLxxoxEF990badxTUODinN6aOmTBkZq0BAfA2HC/eXVje7OGA1sZnjpp6VbZKBWDpxHPx81V5HzxKIK7hqfhoroo+InmLP7SxUrv3I+u92B/IvXThc0/lWgqty96adpS0+qrAMy581Ndt4Uh/rTovd9lG4nxfsW0GiFRq+4k5A3Mc3fbWpUjlxyYWjDVgkv3jFKUT0EZUf9n0HK1/vEsmfQiKWW8QyFy+roS6TSDoMVcMXTRd77iDTRTuuSHKgrz2IdFAicgbdsSgiNfyTasuCINjtdo7jQhvFvV5vdnZH7Gqj0VhWVub1ehmGYVlWJpMZjUamzyHWg2LnsbYmh/+sTHN9u6+82TUmzfCnC7KrWj3vbKmut3kdXi7ZQhEgThAZa57UEDQhCgDAou/4Z4sN7F5QDd0IgHLW8r27D5bVtHoEAEZlik8fOXlKXvTPOBToQloCGHKCwaBcLg8tAfzcugwlb31zMBrL21paKo+X3XfHNn0CqQAAIABJREFU1PHj8tLT041G4wXnu6ZOXP3ks2tGjhgxOSP+rW8O3nVpfo87T3ZiSAihhApCNy8AQgkhpz7TrN9VuOOxp8bnjzVYTFQQ/DVVnMNx3OmXpWfMffopoGTjA38trarMNqnULOviOK2SZbHw411/nP7oQ4mT8sPKDD/AQqHwIxRTSgF1nAvocdkww4AgUCAIgEGgZKi7qUIXn/n9Zx+Ozp86ZtwERty9yhQVs+CaOwBA4PmjJYeOHNjrtzc7bQ0qhijkMiIQQgkmAiBMMCAGEAhyuZpQ6mxtpwI/qKMOe0GJUPXG38xZiTK1wlNRxGiN7UWlYMqJPu+ak5Y5EKqrqwVBKCgo0Gg0AFBQULBy5cqqqqrT+tBTg3hqy9rYxHkn5pJ9U34q+Jb9e9vM8x6/vGDk6Yrec4bw89XRTwFWGGIyJw6bpJcFGg5s3rt5iyVu/jC+qdGryigYmR7T0eMI4ksAjHHk2YtHnoIGlA/wSJdXMDtTgwAAsWojAwCC9eCatUXB9Pw5kzWOkp371qyVL5mfq8ODTEf+mi3f72hJyJ+7MEHurtq7ZedqQbd0TjI07t95jE8bM2O8ltrK9+7btQaMl85KlAMAcO3Fa1fv98TkjBg/a4Jea9BhAOI4/OOafYHMqefNspCmoi27V6+XLzk3R4swcGzsyOlj9Ky/tWzPvq0/yi1L8i2MWLo2a84FcVzHzxVxlm3eUqFNM8sg0BBen4CInmLyAUigvbJoT2FxvReg+0416jm+eXMZGnPORWm4dvuP27fGJS7I1vwSRpxhFRZ/wfAVJFZQYhXXuQ/LV7v9+631wgltRPKLVZyYPiAiX+R98SDli+ZHnHi59VfmYu8OQ1smEXUYqoYvmi7aQAabLtJxieYPbw9UpINSDLJdiNfFkDf8pqYmhmFCmy5ZlkUIdXn+syybk5MTmkMihOx2e2Nj4ylGB9h1zJZqUVvdwQa7d1SK/o8LshHAE58fidWpJqRZKKWtzoDLzw9tUPDjDUApnDsObz9EACBUWpsPD838jfrrt3/+VZFdmzzqrDlxOobzOtoa24MI/wJ6464TAX5uRc4oulwAzrCzFXYeqIxS6EqOHJ4xPXX0qJy0tDS9XocQUiqVo/Ny5hTUf/bd5suXLNpxoKz3EsDJEvrsL3Szz17/PDmq120s/OeL+TPP0hr1hOd85ceDNnuZ3a/Kzpn62EPAYAA845kntz/8aNnRo9kmpU4mc3JBmQzHIrr14Ucn/+n+1Lmz+4oVWQKgCBiEEUKdlkAROFoaolMy+YCfUoKAAlAWQ9Brp67WWHP0wV2by0oOjR5/VnpmpkoV/jSCQMDfWFd7+MCe5toKn61ZJ0daBcNiBihBQLGACMKACMIMRiBTajg+6GhqpDxPgCIaoe/px15bfniXDTTpUsZ7Kw5hVuFranc3kayHlwPq/95TwefzAUBo/h/6S+gUk35v9B5b+1Gp10+QwpQ6euq0rk9C9j2r/rsHILR2ntgnJYWv3LlpX3Wbw8cDMOrotJH5k/LiQt8ZubaS7dsOVLT7KbDalEnnF+TokK9qw+cbW1POvnB6YsfckXhqytrYhPEx3VYAOlO4hg0frm4ZvviSfAsDwNWv//AH54RLF+VqMVDvsW8/3EZyYh1HnaeSgZlz+fnpXdN9ynmDYP3itrO/AABIvuF/b1+X0PjJsnte290aAFDGjb/o7uU3T48OmTDfvvt/z7/8ydYKJ2FNuUuf+uftI1XANW1e+Y9XPt9V58WGrDm/u+++S/I6hnnWnS/curi03Coo4sYvuvVPt8xN6nhjvnXH28//+9OtVW7QpU1feud910yKYvu91FVarv0v33LPV1F3vfGPS1LlPa+F1VBMptC87h+PvLH1WJ09AMBYRi+8crZ87zc/FlbYOGXi5Kv+vPx347q+1vWoNeIRtYEIpkW8dQe27z5SYw+C3JiSd9bUMUkn9sb3sLE0ReTMXSoNWg3RW5AqITcvdJtxdFJRfas7SCjlBPCVfvNOKQCAYfzFF40CAPDV7vy6ss3qI4w2fvjEaRMz9KGp+t7PvjiWvGjp5CgGAHhHeeG2vWVNHgGrLVHYD/1+AKKcn0OqqNjoqO5rUVzLocM29fAF00fFygBiZNaPfyw6bM2ZbBhsuq2ygTOOzc9L1mOINk5qLf+yosElJEclTb9kKWYwAEBqnLyldm1zo1tINDPANRWuK0ITFl803HBCd8FeXtomyzh3yvAEGUDU9GlNH609dNyVNcagSBg/tSNeS4KF1FRvbXFwYGGQSDqjNseoO+35SOFxf9zkBcP1GEBEH4WYniLygbjKtu2q1ebNmd68eauvu9V4213ENC4rwaShTLJ2X5mPp51j23A9GAYAwV29f3thSZ2TQ0pz+pipU7o8JXrbbXiI4/CPq/fUewQAVhs/YvLMCSmaPtYcXmGxAoTwFQQiBWVwiFUcBgDBUbJhU0PCrFl454+N/VS0WMWJ6BOS1ke+6PuKGoaIfNH8ouXWb5mLvftIYSjLpJ96H7KGL5IehUQaiFjDEW1Q4Tsu8fwQ1h54kQ5KIaLnoDuWiA0fAHq05aWjj3++xpp34cUTzJ2du3nC0l41FzreTKVSha3X0FWZTAYAcrn81Cc8R+qcwxP0Njdn9waXTsrpcFehYPMEPQEBoCOOFaVg1oZ1dzkZBZra4N9ryO3n4qvPxtuOkHlj8YfbYMvBk3+LbuoEG3f9WGQ3jb/o4rPiur76jzqRgXiq92zeUVxlC4LClDZ66szxXb1mpEveugNbdxysaPNTQHKtJSFvztnje8UsF1wVhZt2Hqp1cEgZlTl+5szRPR2ioHMJ4Eyapv4S6H624plUtsVlNTOTx3J+ITtVEx0dbTQYWFnHwQd6vX54hnHXLpscKYrLavvcepKFEAoF0H2i1xkK4JRKdfNjT8xefJ7GZKQ85ys/FrTZj9n9yqycSQ//jWLc8TgGT354+fblj5ZVlGeblHqZzBYMsgyKVqHNjz1xzdxZfcWGPRGAIowQIIIpRphSIEAZAK+jnUJm6H2AAgBFlLIY3M1VRpZNio1qt9p2rP9+9zaVJSYuMSlFq9Or1GqMkMfjsdusDbXVzQ21HnsbSzmNHFs0cgWLGARACQXACAgGBBRRhmEwI9d6nHZbW5PA8zwQKlCEEZysXbZ9905KwVhfbSn1+4iMbStpHrb8HUalPTlpA+T9998PuSqtWLGi76Urr7wywr2MaVj+6Hg1ddUc2Fn4IzYtnZ2EAQC0ufMKsrUYkEzXMb/skUI91vomj2nCnBlRMs5ZX7J393ftgUWLJkSxgq1ow85q7bg5C5I11Ov061U4FOiRdD+6AoinpqxdljSh5wpAR4rMnBaFKxvb/NSiQYKzoY0DX72Ny9UqgLfV2cA0ISe7+timU8kwMbrXtBnAMPfBFddkygEpLAksMOZxS+5+8ndROtKy+38rVj6yIu/TZ2YZMfUdfv3O+z7gZ920/LY8A9du1yXIgXoOvHTn336Iu/r+F2fEOHa+9cxL9z+X/NHDU1QAACRomHzdgzfFkuM//Of1R+70m/73p/FaRL2HXrnzgY9h3u2P35UJx7/797/vv8v32pu356ogwqVOaKBq1fIHPmUue+HJi3vP/8NrKC6TuI/vPdSWefMTV+epHMWfPPfGS4dSz7/1D09mqtq2vv6PlQ+9Ov6TP49Whqk1GhCzAVHTUnAthd+uOQwZ+QWTzGA9Vli45jt+4eL8aFkYG4N+MneVxaDVYPu5BUCwHztYC/EThxkYsAOAImPWOaNNDCBWrcPgAAAqKJLGzpqgJdbyfXs3fserLp4WL++lWN32bzeXyzPz52SasKfp6L72/pcASNDDIcx73QGZRsF0DEgEd1NLkI1O7fikqIhOt0BVU4uXZwaXTsxqswaqamqduXlGhniaW3zy6HgtAwAd00UAIEG3j2CdSYUBqLdqX5mb6o98//4OL1FaUvImTRkVp6S8nwNW2bndQWaM1UJds0sAwwkhjrojpTZZwqSe7UwsnfrrCve1aPIWZ3V8kA6vj3i6iHxsGLXwylEIuPp1PcuZ0SfFyo6WHGtPSbUWHvLGjTsR2jFsDwYQbNr97bpy3eip56dqA3X7t+xaQ/VL5ySL9JbhQKr43Elzx6gV1FNftG3fhm3Rl52dpuw56BRVOPwLilQQEimoSBUnWIs37A3mzp+URPd2VUu/Fd2r4sT1CSu///cduPyw+cXKbQBlLvbuefKhK5P+dBiqhi/aIUTpRMpfrF5E6ytsxxWpfsPaAyPaQQ2uXXTRxx4iNPwQ3dqyRkaicXVtk3ecWYeB+lvrXeY+IfZjYmLq6+vr6+vj4+MjHNtcX18vCEJYF4Cmpqannnqqb/pf//rXuLjekcOCgsAL1M8JAqGJ5o7f5VvmZry2tqLF5e/KZlTLbp2XKabMSfDxRth8iKTFwks34Op2uONl0S+Ng3od4BoPlvlkGXPGxobz+qdc044vviuCYVPOmWaB9tIdO779krt46ZRYWeRLzbu++PoAlzpxzlnxauoo37z5aIOH9FgCoMGGbV/8UKYbN2tRutZfU7hh+zebjVfNS1X+AnwPfr0w0TPvuP/sllcf/7DyNxj0iHD+IBdkWIVMoVAo5AyLEcKhTe4KhVwuk8tYldPlI7y/X1EDfSIhhFK+pxfAEDitUNBazJQQd/HBgM1eavMbJkwYf/89J+b/ITCe/MTD+1Y8f2TfvhEmlUmusAYCLIPF1h9ETgRACAFCAIAQUIoIAKE8F/RYW5RafdAbpAgoCYUGJBhRW91RQ1xacmK6zdruDXDWuor6iqNBjuM4XhAEBBQDZTFVMMisZlQymZxBLKaIUghFSSCUUkAIIcyolFpA2NpQ7XHYCBUIUCAEKAUkeiJAvxCBCgEf+PxIIJQEIPhTeBBVV1efxKUQiqi0jJQoBiBO46z56lilnU8yAwCwaoPZ3Dmo4fqkCAAAcmNiSlIUA4lJyVGw6utD+xtGnp3CBN0BUCQlJMZGyQA6DsBAqvS5V6d3eyxxV5dZ5Un5MfKwKYrodDPsqm4P5mhk3uZ6D2DaVuPgk2OQo7aZ0+fEm2LxqWWI6xuWXWZMzsjM7FqS0A6bOmsYAEBelqFi9bVf7akPzjIqHDvf/LQu9YZ3Hv7diZj8xLr9za/bxy177aazLRgg54HWzZe9/nWpd8o4AIComdddd9EIBcDU/Czh2DVvv7v75nEFevuOlZ81pNzw7l+vSJMBnDUuxXf02v+t3HXlP2ZHuNTxE8Y3/fjUP/9VV/D467eM7eNRSsNqaOtHpjZt4uSJIxQwKrbhx53vpM5bPO8sNUCebPcP9x3Y28iNDonqW2vhbUAhYlqJhrp9JS7D+ItnjDIyAIlxBr7t86J99aPOTQuNZbrbGPX3k7k7g1IjKSryLYKjdN13e4XR550zQo9Dps4oDWazmelm/Oq0ceNGRDEAyYkWav3swMH6CfHp3RWjvtqDx/2m/AUzRhkwAMSp2srqmkIV2LLt42+O9vod0I6+cMlEs8AjJdO27YuPtwHWJoycPH18ihbTgCsAihMRBliVVg6NrgBvHlw6xVEjZuU3fr/rs0+rM2JJQw2fO29aco/SFOylW/fYLGMXpakQAGetbiXKpMxxIxL0Mn9j8dbdq9fJl5yfo0+MYo5WFFfkTB9mYgWv08MD6TqZxnf82w83NVMAZdrMhdknDFQsHQCI89i+KpI8J8/c58txD30ipovIFxnSKRLGjDR8se+rD/brhk1bMLObPjRcD0Z9tfuP+uKnL5yQqUYAlmme6k/2lrVxyTEAPe02QuXKzclpoUhhZqXt2OdHG5xCmrLP76LoGDTMC/LhK2j4ibfpUVBUtOIEW/HmYhi1YIyFhRMxd5mIFQ19K05UHxpWfuT3HYx8HD6/WLkNoMzF3n3oyqSXIuFmQEPU8EU7BNCJl//g0sN2XOL5w9sbYIN4BzWYdtFJGHsQb/ghevwGxQ2LRlsqGn0jdBrEWWvtqO+pzhjj5OTkpqamqqqq1NTUvlv9CSHV1dVKpTIhISFs5PO4uLirrrrqq6++ysrKCp0TfuzYsUWLFoWZMAPIWezycQCIwajeFkiLVgNAfqY5P9MsVj5DRVMbNLWBawEMi4P8EVBYEj7boF5H8LTbeTAmR4Xd9k/91YWHnMb8ywvGmhiA5AQT1/rRvsKasQsylZEu1RQWOXTjLjknP5oFoCa3evPR3pJ91YUl3oQ5SyZlqRFA9GxPxXu7jrRyqckR1nB/q2DdsOlzsqybfjjk6Gc+w8afe88D133z6VMfVv40qv2iGJEe1W5tV6iUZZU+QeApAcAUACgBQeBLKz1ag766oXlEWj+H54lBKX3+hRcdDmdXypgxo0jPWACE0JGj8h569PGuFIvZfPdddwz2WSTgdxUd8DscpVZ/1PRpo++4lQLQcIsL4+6/t+hfrx7eujXXorIoFe3+gJjMsBsBCEWAcOcBkRhRjCgAAWJvrk8wWCggKggAlIYOQKQEA3U0VARctris0UaBej1ufzDI80JHbAlKMFAGAYsogyiDACEKlBCBpyQUbRAwixlWjhmZ29pibanl/UGBUkpoR2gFSgEhgJOcusecd3Xbpnfj8rODjXWsnIvKMB5fcffwp947rY4AQxKtBGtMagh6Aif14qwpNV5xuLHJLaRYokaNiasp/PaTtswRuXkj0qOUYYZcxFVdZpMnnXVixb5nClInpBuFoiobl2xoqXabx45jDpXVuoQoXF/v06Sm6Bk1c4oZ+ov3EKjbsPLFt9cWVbf6GI08ALJRPAAEGvaXc+aZ+T0O+Qs2FlXzvPWJC2c9cSJR1urrXZSyuHGjDCsLDzcHC5QNByp488z8uA45soSzxhnf2nGgMTg7wqVQBKm2rx96lsRd8Z97Z/be0wqiGvYns0tFY6IB/FZ7gIIagcyUoIdie+eL9K217nSzgV6e0F2mJTgbbUSVmqDt0JvRJcYr99c2uYQws/pImSN8TB+AGpFuYYC6y7fsakuau2R0dFhHyj5gbXyMYl9Di1vosQQguFucVJUWF+bkRNY89vzFOT0DNiFWbWAAmJQ5S68GIAFHY/m+rbvW/oAvvHC8vo+Ek4VwLocbDJnDU3TO6kbeWllWNyJuWOcomLcdWf/dLmfanIWjzQwAUM7rFcCQMTw9QQEAlqmTa2s2lNZ6snNTps0asW7Lls/f3QIQGpwr4jsnGMrkmYsvcDvbKov3bP5qI3PRnHQ1ipQOIFiPHrEqM6ck9Zzm99Encrq4/D7QQNPeH9ZVWabNzareus/uChAKfNuedUXqybNzDeF6MMHVbCfEt/nDtzafEIM9XN+lYvHKFZyV+3YdPN5k9/JIzgiABxm1u+8LqkQrKFSlvQsKKcNXHHEf31kczDo3z8x0rHB16C2Sv/N674oTM5islMaw8vtjoPI73ze8IQ3CMLoh9u5DVSadOp8hKMN1XH1W9DoQs7f+OiiRRw+8Y4nc8PtIRqrEnFi85ViDLytLbq9t5Y19snQQFxdXWVlpt9stlt7je4fDQQiJj4+P8AqTJk0qLS2trq6Oi4tramrKzs6eNGlS2Jy5iYbyRo9KxmgVsk921t2/MPtEUEcKFS0eGYOSzMoI/ggnh04L0/Mg3oQP1cG0LFjxO/zkKvLjnlN9nQ6P5Z7Lu227Vn1dmbTgkqlmZ0M7UWUk6zrHAPrkBOWe6gaXkCnr71JqmilCfFfB1WgjxLfu7Ve7eZUwbo7CQEMQYv2oy5c9fM815+cnqYFrPbzuo389/tgb21vPwMiB6gmPfvXluKdz1va7BPDbZuqYtFVfHYoxxhcVeyqrW0wms1arAwC3x11Z3bxvnz9rWHpZ3fHzzx12cvIRQinJSTidKSg44WbfZnN33/zfZnMXzJ1V0OmHv27dRhxxkV2Mhp27ZJy/1Oo3TZqUe8uNkeML5N56YzHHlezePdyslIkfqBe+PWKKASgGDEBDayYUAaLABbyu9halVhfwuigRAEL7cjrOkPDaW6v2bTLFpViShnE8F/R5eJ6nRKCEAA39oUAJJUJoswlCocMHMStTAICrvcXeXB/0uwVKCRBKgVIqUAEIokTAFAOcpCNA7MLrvRUl7SVHLClmrqVJrdFyHvfxFfdmLX8V4VOKBBuBIVkCQKey/wFCjhyUAgBrHnX+5Sn1ZYcOHtz01cFDYxfMH997LkVcVcfs8uTJ3XwAeqVgbVK6vrC0wuZNqrCq0yanK+oOlNS7huFKpyolzcgMQYaIcMfffeChj/DCPz76QK6F1nz24CMbOxQNV0IUADQzl79wU07XrBMpo00hj/GeOSl0nH158mhGn5NTueajp96Y/NLt4w192tupnQnKylkEfoFSAASIVbDQdcZI31rrxQkb6J1+SqY1WE5Cje63UAK6xKzhfbYFRoBSEPtIFb4bYTUmiyaSRKwwJOZNndJQs7ai2jl2tEKrgIA7QCC0k4D3uTlQ6BTsINORv2b7lnLFWZfMyNFiGDkye/cX327flZE8L0UBwNuOrP1mlyt9zgVT0zpcZBBiMADn4wgoMACwap0cnJ4gBZ0mbcqi1Hyfxyswcq7su8/3qxL1HW0KyXXmGJ05Ji5W4fhw08FKd2ooLIZYOgjW8gqPOj3b0qObCKNPxHRx+X0QbMVbinzDFi3IiWIy9WjtNz98x88ax5W3wjQlAwBhejAEACBLnXl+t90iiFUrUd82LlK5gnXfjxsOoZwpc6bFqKm9ZMPGwX4oCfOCrFgFiRUUDldx2F9b2si5G79590jXw/aserfp7CvOSY5Q0X0rTsRgAt4GUfmRProNVH7nKW7hDWkQhtGTsGXFAKChKJMBnTyHhqjhi3YIA9BhcPTsuMymsOVM/SL2cPlMQbyDEmXgHUs/Db/vKBepEkfE441Ha73pMXX1fn2ksTvLsl3BmLqjVqudTmff9F5cccUVTz/9dEVFhUqluuKKK8SyTR5m3lVuNakVJrX8YLXj5v/sfWBRToJB4fBxhRUOwpOUaLWMwfGmoYxrPGMM3HYufmoVWb2bUApxUfDMNXjZhfjgcdIicujhAF8Hq8w6DC0Ndn6EprOWKAn6/L5TcKClhAJiIhs3BQBZ+tzFk6JPTExYjWqALYKJPu/F7d/fnn7sy+f/em1hPR815oJb739l29I5V+Vf/X7tIE4dlDiDuOnS2W9/vtUiWBQq+eMrjs6c0TR7WiYAbNxavm5js8FkJJQcrS+5Xhl10o84Z97cjz/7bO26jQUFs1ranP5Ab1tzuX0ut0+pkMVE6dev3+Rxe5YsXjTYp0xbvuzgq//x2uzp88/Lvv6aVcvSe2W46OmKTz5d1dIc8mqFmNi4pXfcckyt3vvdapXJNG35srBiMQD0nv2EtuYDpoAAYaAU0a4IHMjRUo8A4dDMuXvkCEoRAOGCbbXHynatsdeVsxhMlmi90azRapUKpVwuZ1mWYVmZQqlQalQ6o8YUrTFGI4StDVXVhwtbqsoCPjchoQ3qhBJCBCG0XACAAaOTD6aAUPKtj7idclezi9XoiNNhSjKjhiMNH758shL7R4jIoMUhRsYAF+BphJReEFdjSwAbYjq+2CKZISlv2oJL5o9Qth853NbbSomzstwuT8k+sTLQNwUb0jL1vpqSstJWeXKSXhufrnMeKztaZlelDTMzQ5IhEt6aA7Uw/KobF07KzRo2fESariNdHj8yGVv3FfY4+F0en5eMPccqUXxaF6lxmj7P8Fdu3eeUZ46Jk4E8YWw6a92/p6lDDtewe79dljEmXh7pUghV5iVPvrZsattHDzz4eU2fX5vwGvYncwD0raNe13vaQDgYfZwJ+xob3B1GKbjqG/3YFKtjwthYpMyR1Oxfjci3YH3OrHn5MQPzAAAA4G01jQHG3FsxRhdnxL76WmffFsi3bHv/zd58vMcq1lYZbXyMnG+tsYWW+gJtVVaqjotRs4NMp952Gyc3Gjscc+TmRAvLu5wBAhBs3L1mlz1lzoKpad1C1MkNUWpw1LWF9vURv83qR1pT53wSsSqtXsVVFxbZlRmjE/sOnxAgIEKYgXWPdMFRU+tVJKT3OJQvvD7i6QN6bifEa/OCQqdEAMCa8ubOHy8vXb++DGePie+YavTpwRhtjB5xVjvSGbswaOW4r92KVW7A0eiAqFHjc5KizeaoaOOpOJx2vaB4BUUqqN4Vh5VpBUsu7mTxnEwlaPPOXjSt02lIpKLDVFx4fTSayPJFGLD8DoMMa0jhy23giBn5qZZJ341oYRiqhi+W/jO5ISAxe2PFO6iBCe6nY+mn4YcZ5yBV4sg0WcuR8obqKo8uIy3Cw71er1ze0aoFQeC4jh9bmUwWitYcGblcfsstt3i93ltuuaVLTl8mZVmy47UuP+cNCGlRGiVmHv245PpX9j7x2dGj9Q6bO1jd5ml1+73BIZuHGnXw8CX4rfXk0PGOZfKmNrh3JQGAdHHPhgG+DlLE5aXKAuW7jtjCfMdi9Alm7Kuvc3WOAZy1DX5sSdAxES/pYnTgbWj0hDcbSikAo481Iq7NCjrTCXTygTUIZJz993duz9i3PH/cRQ+88M4nn77/yoNXThp710bDpa+/fGEsBjb50lc3lTZ5KKWU+ut2vXvfzOgTowNF2kXPfF/mpJTyrfs/uHeyCQMAm3L5f7aVNYduIe3Fnz4wzdxTG3nO3atrvZRSSj2V61YsTurVe0aQEOaJ+nkfOWj1s+NCK0X6sz9x0f13prEAADjhuu2EW3dpdI8f9BHPHA1SSindtMQUWZnY+S/uaOQopd7K9f+8PCt8nMwzEZ1G+fLDvyuzl8kYQatlt+5wP/73Q48/U7x1pzM6yqRRK3ZW7lwy2fTUow9u3Ljh5B5hMBgvWrSwqall06at0RYdy2KBkF5/WBZHW3QbNmxubWlbOP88nW7QXqQZ58xd/Mm6TKIwAAAgAElEQVR79WNyR97a8f1//DBD1x8AEAShpbnp4htuXnLDLRdce0NLc5NASN6tN9aPyb3wk/9lnDM3rFgWAGjvuTUF1LEwQAhgFgHt6GUEwlMerE21pthEgeNCASQhNEmnQCkFioBSQvjWmuOtNeUIY43BotTo5WqNTK5kGJYIAhf0c36f3+P0ux0+l4MIfGhHgUCEjgB1oZiKAoWOaARdH/PCz3YHsjLAKDUZy14+tuwy2XCLnJWR5pbY7Jjqr1YqU7LN088bSAUMliE+tpTRxRpxadm+w9G5ZvD41KnDovukWAAAvNUH9hszY7VgL9+zz6HOmZqoBCCuqpJ6MJu1LHE1WIMgU8sx0O4nAgiOynKHImVqVFev0TcFABsysoz79+73akZOMDIYpQzTFe45BJqRMzrm76eYgfY9pKAbqsTcOPjow7e+MZ2TZcIt9Z3HwGHztN8vjL575X0PkZsWjIpm3S2elNkFGdOuWxB973sPPIhvXDQuXu5trLKnn78wL7Ru4K7as7PQpw7UF3762ofNqdc8kW9AAMYpN16ccNsby55W3HZ+Ji3/9t9v1SVdsXyyAQESv9SFLHH+8mdrb7ntn3/7b+7rN45Q2DY+fN0jR6au+O+f83XhNexfZj+EqyMxGxADKZPHj9B9s+/HrWz+MBNYjxXud+pHzUxShrW6GNHMfetuUGpE1Jz6azZ/sa4xfu6FM1MihQYK2utr6zmZ4Gw4sueQxzhmbm8rQqrkCbn6bw6uXksnjkjQMcFmR+eoTNRXnLiOHzzOGS16BQrY60v21QrGcWl6DEzMyDxj+f5N2w1nZaodpTsq+ZjJuWYG8ODSGSExQXXw2I7C2ElZFjbQcnRnNa8bFa/BxFVeWOqLzs/Seq1t3g51jEY1Yxo+wnxk7/Zth9nR0aR+X2GbIuPsJCUCyrmsVqfL2lhRcqjKaRp93qQEBQBwbYeLGmQWs1YOAXvdkb2NxDIxVYdF0wEAaKCtwYVME4zdDEtMHySSTiLIDwNrzohjNhXvOx6bn2bA/vZ2t4AAwFNf2R60xLLuMD0YUiePy1avLvpxHRo/PE7LcG673zgsJ0bR125FKlfhi9HCoUP7y1SZFiVyOzuNIXJH1IFYAWKRChKtUJGKk2sNXaN0gVdiYFV6g0YmWtFiFSdiMFiORORHYBDykVh+kXIbUJmLvvvQlAn4qtb3q4NsaBq+aPpQIdZxiYBF7A3LRTooMUGD7FgiN3x5mN8gBZLHjczRfrl/q4Nox6SLDqb9fj/LsiH3e6vV2tzcDAAxMTEWiwVjLJfLfT6f2KkBXcTFxT311FNabaRNowjBHedk3vtOkdPHEQJGjSzWqMQYBXni9ApOry8VIMEoKETOzD6Jb1sJUSBjoVcQA5sT3AGobol040BeB5AqdfrMjMZ12z9Z1TpuVHqMTk59je0dseSQMvWskfrPd3+3gZmSY6HtpTv2OAxj56YoUcRL6rRxGbIfdq7ezE7KMoGjqsQGEA8AWKGVg6e2vMZmTDemTRyu+Xr/dz+gs/ISdAznsvrMw3MH5vtnmH735dG2D654ab/nRHn6j7657D9/2XnnPefFrfrQNOacmUmHll/2+z1uzbBz7nziH5vGmybmL9/rBWSY9fymz66peubWOV/URp3/8Mrnv3+lLPOKbz3GUXOnJhxafumKQrc2Z/Hy5/7+DVecceX3thNry80b/3X3xU812HDyuctee/SD13amLlzVemKZgxGRYNeHe+KVuz/bw186e2IUs79OUGbOy9dC7Lkjdf+qsoE2b/5IVPyX3bYexlL94uIlK6s4IK4qJwCNoAyjbPv+8auX1zCjrnniqQ82qVtyb1lvP3Pi/kdk+oTsN568/vZH31FRrV5m0Kq0CGEvx9XZG5ucdQnKNhSMuuryi+645ab3Pvx47LjxobsGVThmc9QlFy16/8NPEELTpk2pa7Ry/ImPRzKWiY0ybNmyvbq69uorLjWZLCdX8ohhAlEWnudDX5ERwqEQeqEZcigxwPG8IPiCQej8Du0zmxDDiD0xXDhAEooHiAABQogSSjECSgVCGQYTSj0uu0yllis1nMcZWtzqXAigJxwDQv8TeHtrI22p70gBSkkoDwnFo+/MHDplgAqEdKwoUCCAKKEIYQoUASIdRweEY2DFqYxJSL710drn702ZkMQKPmp3JOTG1rz4kCZthCIxdUAiBkNKSkpVVVXYS6mpg38cUqVNnVq/Yfee9bWANYkTYzJijL1TLAAACPvr9m8s8lFGG587e1p+vBwABF9b1YHDu7wCAFZaUs+aM6ZzpNGx/iM4K8qdypTp3VYA+qQAAGBdZm703u2+zGFGBgB0aVmmPYV0eI6JGbIMfZekOpFnXfvEPe3Pvv38n74QAEBhSBgZim6EtOPvfuUZ4z9fW/XMX94ioEyafd/42ZlxE+/999PmF/7zxT/+8q4AjCFj7h9mXZCnw7rMCSMtW95a/kcOQBY1Ys7tL9112XAlAABSj7ztX8+qn3v5v8t/9IA2bfr1K+77XZ4KRb7UrZI0I3//2M27rn39iXdnrbwxKmTyoSvhNRyAzEiEryMRGxBHFpM//2zZjsID648HQW5MGXfO1DGhD+7hrE40c5+6G6QaJ3lL550KU3yMqnr/+h9I6EzB/PmTRvY+tBEAZDETF5yn3LXn8Pa1RQSAUepj04xyBOIbAQTOa6s+XLTPKwCwmuiUCeeeNcrEAABjHnPuPH7LzsJ15QKrTx53zvTQEVeDTMdxZ503A+88sOP7Eh7g/9l78zBLjurA95wTEZl5l1q6W1JrQzSSEGI1iwwCzGrAZjGLgQHzxsbGDAb74W/G2H6DwTb2wzC2B8+88RtmHh6PjbGM2WzGwiyyGcCAJJDEoh0kAQK0t7pruUtmRsQ574/Ie+vudau6WqpSx+/rr/revJkRkZGRmXFOnMUsnv7IZz3l8QcU2NXbjwL7Kz79D/2mNB754lc86SS1/OjnPdd96atfu+RiC9lJ5z7l+U9+UIYA9s7LPvFPt1HjwKln/ehPPO/8M4IBhbi8fc9NN1+zmjOAWTh46Ekv/NFHLBFIMXl7OOfW4RZkhxYGB5af0p6lyduf2JhR/qQLWD/7mc/PL7/8yos/+EUGVT/pQQ97xiuek974yU999tKDP/3UbOITLD39whc9p3b5VTde+s/fZKBs30Oe9ODzTklpwridfHHrj332hZ0vf+OyS25kAFDpwsGlvt/p1AdR9fOUjgWYcoGmXlCeeOGm46bvP+nCTWvPdthq+RP2nzogATbt8+nnvjN9It152rBDN/7U7TuETHtwbREz5QE1rdqp9wVMvBazb/xnnDV+L6cK1L6H/8jBa7981/7HnDM1pyN474moKIrvf//79Xr93HPPJaK77rrrpptuOnToEBHNuU6zicAMAACnLGXvfNUj3v7ha4/mXDgPqyjCHsCxP3Ux29dcfMyDlxRNuem2LhDcchvcfhTe+Dz67p180w8AABDgBRfCxy6HOw9vcuw8p0PN8577qsa1X73qumv+5aZCANA0ls94yGl1BEBz6pNf+gLzhUuv/MxNFpJ9hy544dOfcNAgzP6p9pBnveTp5otfu/xTN1jVPGmpWt6jxfOe/Ohb/vc1X7rm7LOefuqZT3vZ8+tf+sp1X/jU1wQw23/uU895+FwqgOTUxzy0Bt/+5+tbw9s73/rs9f7Nj3jCmenf5gCwev0lF3/yii585pOfvJKvv/zX3vHcP3nx/1o55YXv+Denff4XL3zb39zBAFe94YyX3fKu1//owj9+HgBg9bpLPvHpK7pwyee/+5AXXvnaf/Wo+qe+2O4Vzyvf/MTffRMA4PJvHH70z13zhueck33sns5wG8ZL+My3J9bY/PTlH/0m/MlLn7D0P364dtrTnnemOHXBix9e/8Sl8rAXPWXhpj/7/O3DA7Zz+41XX/3tvm3JjMbc/ne///vvvaIL8IlLvmEee93b3/q8t33uw/ecIDoAgB97wnlf/uDb3/fhz1961U3X3nwdADzq3DOe+4THLctp/+mP33WVPf2xjzrvhc//8Z99zauvueHb1TFb6RwEPOWkg6/86Zf+5Qf+hoguvPCJ3/nBPcFCnhDPOHXfpZd95frrv/Vzr3nVyQdOQTgGk3aAKsQegMmaIWIfIALcEzbetbLhBcncy004vTp8ziMPQj/1MoD1/AsveMqtdx5VJASEgERCJIQKCRQqVERKEamlk08DRJt3KhVAlSxwAxjWDvQVBL3tQdlQxRIIRgSICFJ9ZPHMyIwCwgCe5cGn7vvLT15q1NBL8i7Z/+XLL5+/++646L+uffovzjzvgKysUTNbOVqumUPnv+ei+UsY5JJPfeI5P/GCxaWpAWnuU0byn2/pyCs/9vFvn/7CV/7YQTNtS2S3MekabX8M7HDTttyMXdLySCQSiexy7F2XfuyStQte/hPnTg8wKnLnnXd67/ft2zcYEaDT6Rw5coSITjvttInpALYNM/zD126/5vsrP7y3kzuuJ/rsU5rPftRJjz+0b1pFf/fhv3ne8180o8zBSebL3sVH1qvtJy3Ba59LTzwHPMP3DsORdfjctXzVjRsH7m/i379tl6bT80e++qEPXX/mT//rpx+cER9wAsxclmWe5+12ezCbY3L+266+4Z0rP3/6U95/x5CvwfJL/unwxx/x35507q/nb7/hmz//iSee+6tXdAEAGk9///e/8Ky/eMJ5v37jY997y2VvGkmNcMUvnnHhRSf93wOH0GmvvfT2P1978YHnXdyXsmrnvvL3/vPbX/O0h5/RdKt5ban4q2c86LX/0tcQQPqYP5hUwkvveffkGj/QeMvXv/3vr3rmg3/hWy/57A1v+eJ/7P7aL3zuyY/8ffuWb173S5+44GG/8fVeWpvmMy/64ece9+6H/cgf9lUAUxoz3AaAxtP+563/8ty/uuC8X7tqwBXmsssuW1xcXFpaajQaWZYlSbLj0St3J5/7359986+86dTTDqK319148+13HYY57sqJMPP3br31Ly/64JOf/MTHPe5Hbr71LgA498EHr/raN75y+RU//3+8+tCDDx1jr77zD971+te/vizLS9756B+74HxEDFqAS6+6/tlvvfoT//jJw/dUVkD7D5z04p96UZIk73vf+37nt98+rUANlfwfzO0rt34EFCFAQQQBEhZPQoxATAyACoTX7r17cf9BpVNbdEWqzARDJgDV8n5P9t8wAZCeCUC1uaeioN5OyCLAJICIIeeAIOBkVcYWH3GnveaX2zdff/h7V5xyWsYr7aVGdvs3r95aEQ88/Mott7SyBz90I2LT+JbIbiNeo0gkEomcQLjW4aMFlHdd+6Wbkoe/8NCsPBKIODHmf71er9frx6NxRPDSC05/6QWnH4/CAeA3X05/9FE50hIAOLwK7/no1IAMJy3hr79sV8n//ui3r7kNl5ebKRb33nLl11cbj3j2/q3J/zMo77r65hye/OMPb77/jsEwj7WHPuvhCm792g8LGI33Jl4gpIhHRFj7+5979ts3ZGJu33Y3Dx8iznqgwYiG6WN+6x8//Bb/Z7/8qjd85Q48/1c+8sFXzGzkRgnTarT0yY/c9EdvfNWjT//0qx9z+8fe/OEjL3jbLz/v7L+yr3zonf/wkRtn5a6fvzFVCOYTxgRgNs969o//7Uc+9tp//Zo77rjjjAGl0jYgogefddarXv7SD/ztR5TWj37UIwDg6muu++IXL33ta/7Vg8968I5oVcqyDGv7Jm0EE4ADF5zduO5b3vvn/+RPDO7pvd/U0ElvGD0CAAAClNYrpVi8RxQBQhFAAmABZlAggl5Is/OrRw7XF5ZQJa7MhfuSf5DtOcQP6H0bNQEY8B0IsQcAoNoMAJXlPwgLMCIAKkWl3XoUvXEQH/Kbf3T9r7xS3XbP8n515La1+rmP3HZhIcPqDrTqfsUfvfk77dqhhx7Q07dEdhvxGkUikUjkBMKv3viFi69exdop5z/9eY+f4Om1p5hn9jg4yXzyw+Dv34ZbXvjaDUixesfNX7vpcNsKYLp85qOf+5wn7qSF6cqX/vQj977wNf/hl9/zzD/8ZqeSZ9KH/vx/eMMZ3U/9xqfvGpHnITn0rKcesDde/v0c8u9d9m1+42MfKd/9wPVDISJnpbwAAGg+7BnnwRU//zt/9uk7GfTa9VMSMYwztUaAmz560U3v+KVfef2hC1f+8Xdu/l77w995z2tf/wZ+5J0f+6VrBnflYi2HxoGGArBbakzjkS9+1v786i9+b2qq+BOORz3q0Vd945r+163KdD0r+IqzDz3kFS954Qc/+nGtFQB85jP//DOveOmhsw6JiPceg5d90AJtHREJjgCJRpM2ABER1665u5Gq7YSZH48FgICHV9ebtWytJahEQiwARM+CCMDCSMAAyMjgvGuvrya1Bmlji5zZ9z38AUCCY39P+Bdm2Fj77wUY7J1X7/RIWACBBUBQKt8AEIBmTR8+unasqdsAAEDVGg9953//3n/8rdu/fuXiYy44+zfete2iGs3mkXsPL+/bf+yt2gHU/ie88nVP2MZxJz3pVa970uwtkd3G5Gu03TGww2yjGbuk5ZFIJBLZnagDF7z8dRfc363YKe6+685NY4PvrknmtsH6oWe84tAzNt9xm8jRf/71177vxz7x7iuufMIf/78f++oP/SmPfdEbf/PnHt/++9e+6aN3+CDPn/6y3/7tG/76y7fiI3/2Xb933h1/9qZLDgvInRf//p/f9k//1yc+6n/7fZ//Xr5w6BEnX/eXf3b5phJ9+5bLb4Vfe8vvvP7ui75+tz/r3LmjvPO0GhnKmz70lze84w9+97Tvv+ftN+TW/6+//u4fvvst8P33vO7qIWVB/t0vXW/f+Iu//2+/8qffwAedevvHPzyzMUuPeM4LnruwVj/neW9+91vOuuFdL/+ne6MVwBTmuSsHCWL5YMa30089/Sd//Jmf+tQ/KaV+8sefefqpp3e73bIsVQ+t9TZUACGhibWWiBqZ7qkACBAbmZZJua6DFYC11pjJ+rYxFQDCZdd+78U/9mhA7BReWABFgIAEBUJ2F/YMg8lNVle2eiZjDPQFIgAKATACAgEiYb2u6om65Cvf2Sm/rez0s87/k78+9nLOfejDrr3mm7V64+Cpp50gnjORSCQSiUQike3BzHffeceVX73sUY957Ow94yRzTvzd//imxz3+y29/x7/7hfd88LcycPfe+IW//tVn/O5/+5e7+sbQvjj5Bb/7N289qLq3fv6/vOYN/z5ExZej//zmp77krv/nnW/87x//LQ3u8DV/+28/9uebqwDyr7/z5b96+vve/l8/+SYNAN17v3Ppt1bmWoqdViMDlDdf9Kdf/YP3nvI3H7guB4DvfOwvrnn3H+v/739cO+wFwHd+7E1vfN6H3/Puj74Iyh9e8luXffBPpjTGH73ms5fe+bJ3fPSSBKC4/asf/Y1n/rv/dGV7UrNOdOa/KwcJ8exCzlFrrfeeWc4+9JCfefk+RFxcWGKWoiiUUkEOr/zbt0in07nnnnuSJPnQhz4EALD8q9ddM/AznQcf/ODEA40xt99++8knnzzR+wmf+8iDwycD1nOjlj7tR845sNzMpmgO7ktyaw/fu/bFq2/p5NZoGtEC3AX7v3zZFsIB7jj33HP3zd++cX1tbfNdI5FIJBKJRCInMETUXFg459zzTj7l4KY7x0lmn7DiWpa2KIp/86b/cwtHjkbFiwzx7nf+Xr1Wq9fraZomidneMvVeZ0t3ZR9mDioA7rERFD8E60NEROqhlAoftto8a+36+nqn0/V+3pTzSul6vbawsLAFKwCtsN0tLv7ytb46Bdi6wmIEGXFe2tLQQgQCTBSNjMkp4QHva04++ZSTTz7l/m5FJBKJRCKRSOQBRZxk9gkZAYqiaLfjOvZO8qQnP3VhYWFxcbHRaKRpeuJkBDh2gjyv9XEPTGKM2b9///4ddQma0GhCNAoVYYjcD71oB33GlUM9n/3jAgIiAuFGDSecbioSiUQikUgkEolEIpFjZrLeAhFUJXAjwIYZQLWafxyk/RklbrrUf8xGCpFIJBKJRCKRSGSXUqURl61P+4ur33Y2vu24NOqBwGDHbrOHI3uQrZkuVIL6yNC4/z1G4lCNRCKRSCQSiUQeqAgiIG4zp1pkGkRIVGWsQwQAiYLVicBOOHtEZVEkEolEIpFIJBI5bvSCq0UVwE5ikkRr3dMCxL49URizAthUnkcciQ0QB0skEolEIpFIJBI5rtw30ddOKBJjjDFa6xgF8IRi7C5CHLf+kFEpf+T7dqwAxoqcpEkIORWmFoEgwNuoOxKJRCKRSCQSiewdiAiJtNbf/taNeZ7neV6UpbPWe39/N23voZTSxqRJkmVZUAHgtvLVRfYokxVpC1nzyec+/pT9B+v1BimljCFFSimlNanqE+nqAyqltArbSSmlFVL4TEQKAJg9e2bvhdk7x95X/5xn9tUW572vfgpbvGdvLXvf6bTvPnrX5Td/bT1vjTcVET7/2UuObydFIpFIJBKJRCKR+4mQbt177723zjnnrLXeec9eOLokbxkkVKSUVkH+N1orpZRS0R3gBAGf+8iDI5uaaeMlT/iJEjAXAcIg+SullVYqyPljAr/qb6SgJqDwKxIBgDD3xH72zjH7nszvhb13AxoBH0R/75333nnnvPfAUiMywv/wtc+08oFcoIgicBfs+9Z377gvuywSiUQikUgkEoncH0j4I/3PewF2dmmpcX+3YpBKzu8L/FHyf2Bw7dVfDx9Wjhy55557iqILAlrrRrO5/8BJjWYz/DpqBSACTzr0mIJl3RVKaUUaAVCAEFAAABAgBIxEABJABiJAAGRAFEQBZkAU8MyChAAgLCIMLMCMIsiCDAhAAMxAUuUaDEqnfnUs1dj07FdtsaCTJx56zGdvuCyOz0gkEolEIpFI5IQEAQBQECb4Ku9eEHZVKMMRgT/K/w8k2PvvfueWTqdz6NDZJ518SpKmZVmuHL33zjtub7Sapxw8CIijKgAWObBwYK0swlhAEURAEBQZ+iuCIlXeCJZKASAozALAIkgE4MN4CtEDhbn6JwLCwAxcldArkBEEZaA6BBQJSoFWWRxoHvAiOo7RSCQSiUQikUjkxAV7f/aKIUCQX3adrL3rGhQ5Zr5zy00icOFTnqaUClvSND146uknnXzwOzd96/A995x0yikTrAAykxzptJTSIIICwNI8af/TX/dzaaPRy8bRSxwx7C5Sifoigx/GYebxvyOUne61H7+4c/QoSlWQ9y5LmzH/YCQSiUQikUgkEgGAPZSabExyikR2niP3Hm6trz/1ac/qy/99lFJnP/RhN153Td7tjgZ+FBBhARYUQBEQQYaHPPEJKk2DcD4isfsBwtdxeX5cyB/RBfS39KHEHHzUw5EBKgMBABZhkWFVH07JJBCJRCKRSCQSiUQikciJwx233/6Qsx+qpuTOVEodPPW09bVVPWI+IwIcZHPvhQiQVd2c+vDzg5SOiMwcrACgZzoybggAwxYBMwwBptkCiMi+sx9y66VfAVsKi3jPLCwxA2AkEolEIpFIZHMM+zpbmmIozoAdMpZGF8oikUhk79JurZ98ylCwf+/9oEXA4tLy3XfdMUFDIN6LZyFk7wXhtIedh0o55/r2/8w8aMgybtHSl//7W8L+/e1EFFQJwWpgoi8AKrXv0Fl3XXs9ey/C4lli2s9IJBKJRCKRyKaI1LmkgbmogOQCWW/aSiB1LlcwRYy50CP3A04cCKyvrRd5MXGHJE2W9y0PxFUDEcEBwcs5571PkkQAmBlAjErvo9ZHdive+zTL+l/vPXLkK1/5ypMvvHDfvn1hi0kSZp6kAmAW7xiBAD3CWY/7kTRN+zJ//++g5N8P+9ffSESDu43EDhiX+Qf9CKy1QS9w+qMffec3rxHv2XnxTnjUCkAAYnSASCQSiUQikcggAkJDc0RxZqHWcLKS9zeRiDCjiiqAyP2ACK8eXXPWTduhLMpup1Nv1Csz6BCpHfuHi3Uuy7LgKC3C0Ts6EujL4/ceOXLVVVc1m80rrrzyRy+4IGgBwq8TrQCY2bMnRq8QOgg333zziCQ//hnG/AL6OxBR0AiEv9BzEOiv/w9GEBiMJoj1jL1n79izMIsfVgHI3koIGolEIpFIJBK5Txhc/xfOMUmaKYobnTbGpaTI/URZ2CH5H7E/GhFDVjRurbdqtVpfwnLeIyERgUi73W40mgDg2WulgEjiYI4MENb/AaDVagHAZZdfPmgLMEEF4J1j5xmQgRmkWxQwvIw/YggwLvnPaM14sACYnkQAANg5do49e+e8690nAxqwbfdLJBKJRCKRSOQBS1+gSpbqSwkAgAOA4dDScd00cj/RaXf6nysr6YHPIQIaAuZ5XqvVwo9KkQCAgPdcq9UBQFiIqo0zRDCxraNrhYBp7ltMCUB8Z2Wly6Ab+xZ15+hqaRb3NbEdPiyYrd0VvcIrSGf1ZiPdcpANsa2ja9up//6Fy4J1qmeaEoldX+kky0vpfXpiB/bv/6mf+inqeeIjIov0pelJ0QKZ2XtGZBTv0HsPk9b/YboWoE/f7H9k+wz5HwYUAQDgnWf27Jm9hzFHgD2AiGw9iiEiRWOeSCQSiUQikU0R4Z5lqFTTpwGBCgDArsO9xAv7FG2yeIRzWJcieKM8ATjviBQzW+sTo02SdrtdQkgS7Zy3NkSwEgAkRJMoUlQUDihl2EQ8mqcZu4Q91NTdhne+6j9EBFlsNlrtjh/oTQQEgLK0xhhmNokREUJyzrVbbSRy1opIkiSklAibxOhkdp2udJImKFyWfelENZaX60AIxxZyTdUXGhrFl9123mopvZSdEJE22eY5NxK9O5WJ3rlpV3WyFYB3DgEIlEdwzgVR/6KLLrrtttuoR7DwH/wLw5qCcXRK4JIAACAASURBVIaW94dzAQxGB3jQgx70Mz/zM5WzgPPM3js/ZAWwd0gMNeq12ZYRI4hIu1OUY6ZqkUgkEolEIseLvvy8dxBhBMgSbYwmQkXIIuy5tD4fDLEW1mN2yHSUxLIH0qo39YUsNYCojdJWEaLWmgUUC0gI0gaISITMHoRBCsD6jrQksrdBhF4YNUTQihabjZVWRyti730v/p93rhdJXdh7QWm32nle9NdZnev2ysPsYG16faSV2MJJYtiWnjSxAwDw7ZXKCqC3o/i8td4pvQCqtLHQSMm1jq5ZU0+4mzsh01hcyNTIw4KUMQbBaCjzdWeZjW3PUYhw0V5rFx5UkmyspIvttNp56QVVUm82E79+tOVrS8t1jVKsHWn5bGm5oasWSNlZ75QMACptNmsagct2q2MFUUBljUamXGulg4kS9s5Tlilnvfde1RabiZ/6U0piO62OZQAAShvNUA6lyntmL7q+UJN2xzpotbDZTLk7tLMGn7fWux6VUmp0OXhiCwdLbiTHOUTJBBUAe++dIwAvQgq890Gqv+WWW5RSQeA/W7eb5JERkYK7fyX5DxoFDOhDgtHVRjjLXjCA8J+ItFh9xzWCIuCmm27y3vdUAM57F5rEezAjQKOebkn+BwBEbNTTci3ffNdIJBKJRCKRY0GEvWPxiEppc1xqYGZvZbPVYgQkZZDmnfkK+1qWpKlxjludMku0iGhNaaKN0YkhODoeaF1GHQG2jlJkTKK07rTXtVYmSW1RkCL2XkSQiMUDCBEJCwAQERKGKW7l773HNC2R40M/URqiVhoAnXMo0qhl3vuiKEvvFaIiFGZBNEqhUisrq7a0MMnIejNQJ+TzwonyhSdTo2Ly2qp469HUl5YSaa+utTtp0kQAYGvV4vKSXV/tdLoubY6b6wsAeFs4ANLIcxWibLtdeFVfWki4vVaGcti217suXdy/pGx7Zb3VNYtZgutF6eta2dIBZRsaCLHttk0WlzMltt0qLGvj221nFpdqCqVcX2kXyaIGYEkWmwbs+tF1m+1bqINdX+lYTtTUnwx12i5ZXEoJxLZWq3K81wsLdZJybSW39YV6qjw2mxm51vrwzgvU6XJtcTlV4torQ88isZNaOFxycpy9BiapAJzzzpEIihBL3xHAWuu9J6IX7OucljISASCSICKgD7oAAICeIgB6WoCNZ60IiJxUq59arwNI0AWAcP/Dt1v8X24pmdk5VzkCWOvZe+e897wHrQC2Kv8fy1GRSCQSiUQi8xOEcyRFZEDEu1JtZkm8DZgdkt58biPC7BTN1wDhxYUaAKyt52GWmZcOAIrSKUKt1Xh1MvTfsYBEqJTS2hiTKKVZe+89AoGg95wXVkQSk4gwEQICM7MQABIBEu1Fx9bIztNzAiBCrQgRS1vUa6lRlGjKEn10rZ2lSVbLUKnSOe/d2mrLWgsAwSggjGYiZA7RADbTsplUdbuFtewxqStfTDmACDnvrq90QRiEGYLnis5STQhGgfMso3E07PqRI1U1utbMFNl5CkHnBHSaaiLJDJYlAACXVoDztSPVcqjzUKultFqUPjOlFVVLN2wQvHWoMwIANI0FAwAu92jqhBC0Hlx60QBkFAIIEikVfiOszn/yT8LWeefWV3OAEKaeRQMoE/z+kYa0MH50Z+/Zo1YEAKgSTYNCbNCxjLZwtORjFQZXVo7e9oPvt9ZXveckSZaW9512+pnNhYXw66SMAM57a0kEBUhxcAQAgLIs//OvXPiYc/b3hHzESsYP7YWj3/z+0Rt+2JP/x9vdc9MCYFf2vLY4ZAgEEGE5N+GyrFQAUFm/WO/Ze+edk6nuDHsV6zgvrHMbRmKLza3k82Q/9V5HdXzVCCIzw47sEkSY5+qKfsiG491vO8DcJ7WLSr4PERaBCYtIGyN2xmk+IHogEolE5kbEo9LVnA0RBxM8izD74B1AdEyerohqLhcDRNzMSb7Xbl5oZszS7tqhzSJpQlpXhYzMkcJs9dh917XW2iTee6WU1oqFTZL5vB3iOBVFGfJrW7AqrJYBSm9pTETY84lpBSCVOwYAwsbC4bERDIRJ7Umvc62Ucx5BFFG9limCZj1jwbwoa6khhDTRiVbiGZUiIu8r+QiC7UBP8t8IyLB5HAuT6na32xU0NQXdKXu5TqtrdXPfYiKdlZX+XhtLvZNPp77YMAghERyKbW2nkMHyGvuWsoHZXJqqvMhLLkXXk00v+KYxP2CKiD38E6XNxb7DAYC4aYdN2NltRHucdGUmtHDHngsi/K0brj98+J79+w+cceZZWhsW7nY6t9x04/79J5354EMAMPpMRwTvrLOWBJCFWPVVANba8xfXynvWoLpvK0VA9RegcQY2znhQ/wQG7+0BNcmGIiAYAvT/BkOAd53ffstf3byhArDOe++9d856Z/vF7VQf3Y9Y59fbZf+riMyQ6Cei643alHuAy6Jjj2M3kVYa2PpdHgOGsmZN26JtN2smUS3LDEnRKcvdfUoAVGvWVFm0dz5axPEr+b4DTbaQcqc9qi8cGLEzRoWqL9SwKDp7uQcikUhkCyANzTuRQvg6APDehhBPIsLe0rH4CMwv7M2zp0CWGqPVWmvIZVJEEkONWtrfbXi6KLJyz44sJfXmtIKInj17BkRnPQExs9EKmBmlp1EBJAQWAAqHaK2m2F8/kBERrVCrBAmFxXnvvCDiqJNvL7jYzLKAhQkJEOr1FADywg1u3CsorYG5lqVhyVMbo4gUUmIMAoCwJnLes/eZ0UqplSMrA/IUAkhPoSUEwPMYESOZRLU7HpMBUXWUfiVs85IBcD55ApXWelD0m6sQ0hqhLApnEp/3puCUGMyLonBJwt1Wl7OFZkoqzXS33S7QNIc0AMpo6VgWrcC117u6uZD0t6C4ksMa/9ZBMhrapRetUVzesbqeTdotnKsa2znVJF0voFGcdQwD5k1qZ1o4lRuvv3Z1deXQoYcopYOrvlZ6cWlpYXHx3sP33PaDW2GyFYBIiEKBzMRDVgDlPd8BpOWf/fSmdU+wv5pjAK184Ccf0eCyLAdUADaoAJh9lS9gtNhNS92ldPOeJo95eypptrZXBupUa3ZFT+wXPr4dQ8akYK1/gJiyKZMY5CL3UfR7oDLfiBX2jHEMRCKRE4bxJfHKhVMEkQCrcHfQW7zdDSBKLTMAkBjlvAvWCoiYJrpWS/rzTwGZr71bfuhLNctFCYm0mZUySZIpUgCWCL2XEChbRIJFQJCAwpot79TcCSlNCL3Pq7kLmkQp4LLcjX4GWqExOsQBQwRjNIDzXMnwfZi5tJs0X0DSRJel6890mRkR0kTbKsb+3kBrZUsQ4cRUIiCFm65vjkOYF7Z0Pqs3vfO9NX+AkAUDwChVr2VZYti7TlF2Czutrh5ISao6XZVqhGmKKDS1mrad1tFVU280kla7vdZtTEohN7OiOQshU68nrt1ZXS2S1BCUIABkGgs1bnVWj3aQktpCQggAKkl123mTDQfKQ1Nv6PX11QIAVNpMCJDqDd1aXy0RBVS9mdL2kh2gaTSS9dbqKoKIyprppKQJpA2sr6/DwsLozqQaWb6+upITKa02tKu9Nu9AC6dx1113nnPOQ8e1aUR00skH777zdpioAug//ZnZi1hrg/6gLMsj39X54fXbr3h6lbVuIwTgYCDAYOExVm7PB6sfFHAgHID0g7VmJy8EFUAIB+id414SAdw7d/U8+N47oNlIEjOHj9wY3C8CkBINwtYNPB7YBw+jqttCDwfvFhFAAtk4eqh24Z6+pneJhxH2IgDIwl6C1fTQITT5VIbyIw40bEaN1aXvnVO/ndW5KBQv0LPen9aG6q3bT7Y6piFmLwggrrRu1ulMrHSw/dvr0sl1bVbgUMducr0m7DxPydM6f0azZzRmxtXftMaRoTtSwtBRNHnoDY5Y0uGoCaNCOO90e8NpdqUA0j+cEFmkX8gcZxqJRCK7gWCFOfyMqhwBwpuiT7XaONfjbCT4nzaTVs6OgcRUfv5ECAJaYWOxISzOsRqY8iIiEM3OJ839WeuWqF47QohQ+TgIiIQ3BmnjnWcRkv7rA3AjNTd5z3CcY33vQrRSIlKWPgyjJFFaKc/jcs/mlyMxSilKU9Pv3jTR1AtQXto94zVcq2XddjcxJtFKeuuclXJJAFCCUgkAPHOr1eofaBQmRqfGaK0JEUGIsJ4mU+bfAABomvsPVNUuHwhZA8zigbCp/9PGPkv7+5kF9ocbuL8CrvoFDBXeHK1Rz1mIyhb29Z8RjX6R9cV9A3kzRJhdUTigrDYWhpCSxlIyumVxaItu7luqmtVYXqq21cOnGT9BUl9M6pPKATTVR2os76+aPbIzqNri8pQMDdNbuFHy9jmw/8A0axoiai4ura+ubK7Ukd4jrCzLk3/0/PppJ/d9xiCI5ePO/1NllSGLrKr0YdeAzm13lxfd4vdg8P+t0u+LxJjj4Xussnpd+06nZxGNVG/WqCw6jhp1VXZKTGqJJhR2Zdm1vVRAwqhNPdGKUMTboizcyAMZ00YjJQDIFhY475TWs0qSNFEKQZhtUeR+7CkkAkRZmhpFCMLO5YXzsHmNJktTTYQIws6WeQmCAEi1RkZFXqhazUDZKUtmlaSpIYXA3pd5aaUneiHoqhBgZ/Pc+6HzQdNoZAQA6cKCKTplOe10xivtX0Iyze11KU+pa3aBQx276fUaZv6Sp3U+AMiU3p7WmBlXf54akbJGpoq8oDRLFIGws93cM2AwLkqyNDGKgL115YTJ3siItVNHBVKtWaMi77iZlQIASHU4iHO25LSe+HbH89xnGolEIrsBxFHLpyl65C08x+YN/rddjKmsgI1WgGWSJIoICJQanfK6LNN5DlOmlIzUIbO9PIgIIMJBycu2ZM/CwD7EIyyFBURKbxVhzzZaRLCXdfG+eCkgktaoCEHEO3YsgpQlJJ6FiEDYh8yGiCDOVlaQSGQ0EYqwODtBQN9+ewi9554bMHiWECgt37pThHNMiEQb6ptw6YXF7h35HwBIqYWlpi3LRGsJKiQEQBCWanEVQRESQKfTaTaaR4oVANGKFhuZ0QoBJSgMEETQeTdDBbDX4WJ9pe3I1Jv16R4MkR7NhcUZv9Zq9blUACGjacjSpw4sF2XfyKS/Kl/dhHM/1/pqu97a3YCBvzp5n4hYa9XejO2xDY7TDcvOiyGNUEUYIKWAe2ZTlNZT8L4sPCiVplmD8nYBAEJJ1kjQO59bIaWSLKM877qhDI82LyRNM7SdnFlEZbW6AW9dzkBaJ7Xa2CEASFk9NezL0jKQSUydoN31LLNq1LWspsSWrhQgpZIkq0ne6fk+kElrBN56L6KzWk2Dsy5nUEZnjRTaNoxUStLM+6KwoFRqklpatIbc/cXlRZ4kGbk5Tmeg0tH+3nqXwuy6phQ42Ksze286c5QM0zt/Wm/PasyUqw/z1Rgud5JmwmVeCqksSepZ0S5EAJN6lpE4a0tGZUzNIMBIwSMjFpLNR8XMSkV0ltW0uNKVgsokdYMgftY4n3E1IpFI5P4CgRD9gPkgbigFRtf8N8IEblrqnMH/tkt/qR8RU0NFaYvS1rIkMUPzRiLyickJwzxWRPJy6NWNgEgKcesr8gjMXgAI0XvrrAumBoLomEvbe28BWC9EnCTae1FEnnnn+0WpbPC8e87UxhCBeMeoSBkC60MAnGDLKISkFYl4FqVQa/KWBSkxhMzOh8SHwJbHX43bIFwCZu57/gsBKGJmIhoKB7BZLICwM2tSgCISImqHtXCWKovZnokOKJKm6dFWK0tTAHDWaa2998wcQlqKiCbySpV5bksbri6F8BwChNXdWhQFACpSiA/Y6YbKlg7ssDnRAxljZgn4WmsA0HnpWQABFGHQVI48t5mZmZeWli6++OK7krkytWAPIup/HtxBejBz/3P/14svftXNN9+8trY28hR4YOi2jqyOBuDsbyGE5cUpBiNbR5idaK2hsAACyihk53rvdPSulXsBAOe9pHVjdGkdUJqQ2LJbsgCAYw9JLTXKDwVXC84bIMIigiozGKIPAgA45izNUk1+WOwhpYHLvMgZEdCxpGFw4owakUBcYXMnIALWSz1LCPvvNyTudpwDANQNDb4ou04AwHrAukmMq3QA4ru58wDgWZBqigiG2taz257rdDYqHWPLXbppXZMLHKxyrus1d1OHi57W+aTTyb2NUxsz7erPWWP4Gbnbra5jTlQjQvCidEri+o1xDPVkQqLawRFb2Z5sMipmVUo61eBy2/WhBxjrSXVCc51pJBKJ7B6C0X//S2UUIDJqHTa3a/1xn67hgMtXo56FJHzdvNQqo4GfEDEsJnHPF6AcigIbvNW2E5ceN3pDEJVWholDdjefFzjUo+C816LDPJcQicg5t5OOACI9JQ5Sz0MRFRIKW28ZwEuSKqUwzF3EcemFtEoUeOutoJDSYflZIYJYyx6AEROFCmFHYiRliQYAY/SIZJIlunQ8GA5g01gAgzs7x9W5OzZGKUUb0QH3AogkIEi6WxSp1t46BCRFWmtEcJ7LskyShEWQkm5RAgACsEhelOS8QkySJJgJsEhRFEbvEd1H5Liz+WNNv/fvPhc+XfnlL/z1e/+Y8/bIHsxsrT3//PMPVB4j02sblvz78v/g177Y3xf+R74GXYAx5ktf+pIx84Wf3c3hu3oid889elZrtaZKQMEtntSGJ/bgVnZejCYqmRGMQrbcS+Mpzvr+G8pbx0YbAg8hkIztu87ZUmV1IpwkHoWaSRFw7vpOf+Ksh0wp9DwsZ3ugJEukdNZ5ttx1hACoZtQoZTevfOdIKa0NAfiBLnU9uzWtCLjbb4P4bttjr1/E+X6mhZHEFFs7HRmqdKz/t9ylPKMumFqg6/eqzO69ySc4o6mDJQNM7fxpvY2kpzZmytUfZvPLPX4dSRGCLzf6kEsn1WNj5h00eVRs/DyrUlSKgAvf7wG2TqrX7lxnGolEIruFMbG+km2RaDDJeLAO2OZ0S7YwqZk9TeoVuKGeEAClqFFPu3nZ6uRhlZ0Ia5nWWmmtw3oXADBLt5jawqEWbNYAZhYO8bJYaw1CIogA1rFn0UoRIjOHaZBnKQuniAQ9AAiOqAimME+X9TwKbbW+j6a3/B26p0obH6rrL8bJxnXtG+JW5SECgEk3cj/MdTnmaCqN+WhsbB8V+LcwzPpSw2h/7ma5YAABYc9ZVltfW6MGGaOrMGsE3kunm6eJ1kqx5p5Bb3VmSZIwCyB47xVpRaRIpUmyZ848sgvY0MZd8NRnpGn63ne9FQCxJ4cCgPfeWmutvfXWW0cODhb7g18DvTAtFeFzfx/u4b13zoUPfTOtwOLiorU2HNVz6N7w+dlDCPbECRFAFAGWaoGWsNLV9beEF9WAV8RWKpq00TuGTCssGbVGLgeE1yHTLumnTEcEShuNofCsIBPEtf6nKnreUGETPMvZ511IEpVkWQog7MrClj44Ok2rUVCZWqoVIQp7Hg1atCGS4YBzSe837vkzbi01wmanM6O0LXfpZnVNKXCotXNer/maOlTItM6f1ts0ozF+ytWfr8ZeJQOfBztguDEyxWhxdHow36iYXCkBDET8g8H+nDbOI5FIZFcizINvnmCYDQBECkT6unxSVMUO3EYVIETEvLlJOQIQ0aa1eC/UlxMRBAQEszQx2q+1SgBglvVWCQALjURpohC6f+fC5LP3whxyLzGj945ZlCJAUYTGaKV0q90O01ZC1ApJBRFctEYAmhS2Ziep1Om9lw+GtePNzDiqlY6QUAChSmV4/MnzLSzah52NIaXIGAXWQy88hPdsN8smsKsQ5iIvWustAVhvd+tZ0qxnguC9dDqdNE0SoxFAK+UrSSEYoIAwE6IxmpkxLIcgwqZzG3bdTju3DAACZLJGo6bvi8CUU+oV11ppm6WldEttGD/K56vrvrE0I8vhHIVMbHdZsE7n6iLXWWnTQsOvt9XioinXVtq+MkkSAZ02mvVkwtx8vBliW6vdZHFBu3LeqrfNhgogWAEQVtZJ4S8iBnG9KCboTsPafggTAAPauLCkP7hlqx9WVlZCvWGKH5YDqyYNNEB2v3eADOhYRQDwwHIVNvLoapXPtr8FNnbdocq9d5AYBax6XgA9aNDNDwFBepkJuejaIV3B7HeGSJCJhhy5JpwGs+Pc+wKBSJlEpzWCTlnOqJFUrWbQ2Tz3jgEQkpoackQZXNLH4XFBqPqC2ZZ6dNPTmV7alrsUN6lrYoFDjZ1R+Ew2LXlW50/p7ZmNmXL1B2vd9HJPolJfDFyeeR8Ix3KfCcBQsIXBSuc400gkEtkdiLCwBxoyHmZ2REp4SNXJnrfjMx9q8U60UUqNruMIMPNgCmOllMyhZiid1z3LKxDov86KctQHbr1dAsJSMyUi63bsQSxcLXcRqSoVgFIAgsCJ0UVRIloIFgpEqVaEggoBpLKOJRwNWbPTiGdWirQyKEBEIN73/OCmw44lIaUQBEgRAZf+WF6W88I8HAtgs5EmwGEVDRGTZEOQQUQBxr2TbmF1Za3sRVgTgE5eltYjQj1L6lmGKP1pTu/uC+YeQERpohEgzJdAQFgwBFOeVpn47vpaaRaWlg0hCJedtfW2Wl5IjrMcdfzrre6pHYdtnnMj0fMsQFc+79QztqF0YblpKnvSzup625q5zhhNc9kAcDF/1dtGv+7FzwjhSRKtsoSIEMJAwyrUZli3n3hwX+CHY5D2Bz8Pbgl6hGrpH4nEA+JAAoLQgj1nGXAfm+iI85IlKsGeF0AF6oSg4wURRJRJCKRkAGAPWqEvXOUeSElS05DnE33BRESAmcEkWsqyGi4mUSBu5K2BJm0mkLcLK+i99bnohlEUHvyTawzxC/PC2WAXIUGfNqEhzCygEuKOQ0ABoHo9o7Job5oedfyU5judSWy5S3lGXTijwKEzn3W9woL4hOfi5iXj9M6f2ttu+qWcevXnqnEG7EVAJarsN8aY4XKHmGyhslXYhx7YqDTR1Vt3+jg/xjojkUhkJxFhZheE16EfkIS9dyWSCoYA4SnM7BCJSG1n1oXobDH+PNcmQyI1YGswh6EAAIC1DNmQ+VevHhmfFxIKEgJIOaYg2DZIyN5V9q2ISZpCNRlGAcci2NN/i4j33mQGEQUREfuLA8cXEWtZa1SaQMRbtv2VtBkwWwdGkQ5ZiuycF+RYGY0FsJnWPE0MEgbpIcwVmAURiDAxeg8ZAvTk/2r1RwAc+9RoZhZCRKqiGKEqrYWe5SMAWO9TMIAIyMwSxCMBnmEGIK6bS7ZQM2FSiJTUl5LevcJlu9WxgiigskYjU259pZsuLSYEYtdXusnyArVXOmjQSdJsplC0WrkHBAFdazZ0ubrmm8tNjQCcr67a2oaEP7NeAHHd9cJ5z5g0FhoJjbVEys56xwKCiEqbzZoeP8roWk0IuGwP77lRiV1faWOigsrTNJp1vXnViW93rINWC5vNxHeGWqWhXDvaTZc3lu/J1DIkJbVsbJKJKtHQ9gygxs5u/Fx8a6WjMsp7VWfquMm5+n/+wxfCp2AFYPN2NRJ7dvdhNX5QL9sX2vsc+7L/+MZQL0DPKXfPCfu7ARHnBFKjgYsRKV6lzZotHKMyqSFxwUvAF1bXs1pD2dILKZ0YJbYYfwcETw9N4oULJ7U0q6O1DKRNqsQVfuQQ8SKoa/WESs9I2mgCLhlAptfIzGDSVEnJQsokxgQbQRzTSLEvvMpqWa20jlEZo4OP/TaGzIzT2bSwLXfpZnVNLnCoW2dcL0rTTEmZuwn6m81KlhmdP623ZzRm2tWfs8YZfc6u5DSt1eqltQw6MWbQe3WAgRG7yWXcHPYlq7TXAzoxqlfm1HEeiUQiuwYRZm+RFEwKvY6kAEiYmZ1SJsjnSLqnGtBEWww5hjTuCh50vCKCCFqRH501zIJZ8sJlY9FWa1lSlh3PMmCwwAvNGgLkpd9BcdYkRlG19litkwmgQk1aRgJqiWhjdGJEhFnCC2p7/hQTYC7ygReMiC1cf+1DmG0Jdnj/vLc/W5/3fnPFRpBjdlzsnLnEQM1Ck9ZpJ12UzWdu1nmjlbVeBLJMA0BZekTQmtxxaPx9igAiec+eCIBBEBDy0nbzEiAklUTv2Xn2nokqpRf0BDGabgLB3otKB+XJvqwqtt12ZnGpplDK9ZV2kSxMvMU9m+WllEDYgqkvLhgS31ldz/1SltJa4UVr4LJgUx8Iyzyj3tBuvbjYICnWVnJX1zjSEtOEbqmbyw2N4ovCc1BkDR+VJCYB8PnongMngcJiFhcSEttaaRfpotm06mSxniqPzWZGbn1t5KcsaS7rQWsV1CFgfpIAyLCykW1uQac0oZ8X9WgzDELI21X44yv/w5RYAEBICEBIAuC99/0cHpNk9b6ZwDEu+49sCfUKACGx8IhdEPaUArvdEeC+Ylo3iPceSPFIEDspcwtGp5kJmeFzW9ni+bLoiElDcjVhW5aFnfCy8tb71NTqKu+Utii7rFNjagjCXOZuVN0AAOw6OWSJSjMNIOw571aK2qk1su8WlCWmVg9vsrKNup4mtaRolzh0ziI2LyUxqUkMgjAXofDBmBabd1Xls+Omng7OOnobXTqrrukF4kBYDJl1vZBIKZnklTFHyTM6v5jS27Mu5dSrPzBCZlzu0V5H6N35ImW3kNQkSVID8c51HNWyCRdpYMS66aMCsRo1Mr7LQKVcdktJTZqkRtiWtkumHl4185xpJBKJ3K+IMCo9U9ZCJBXs3Tc2VaoBH5KRzSifEHmmmIsDPv8hOJ1SaprB6US6hdOK9Jir7NJivZvbvPBhcrrQyAjRee7mWzcLnI7SpBSxZ1IIgsxSzYVlKBKyABij0ywVABYBQRYWmGpa+wBmtgnGlmIBAIDwhAJFYM+9bnsO/AOLrAB5US4tNFC8sIgiL9TqdAduJxHE0roulUYrEPHgjTEgSKPBkYbrGvjs87W1jhMAe0lYtQAAIABJREFU0I3lxZStR1Onnv0plx7GVQAIoIyuDF8Ifae12gUEZlYClKS0XnjRWBZihpzyZ9SLAKCMIQAAIhAW5pGWMNYT1V1f4zRJkjRNKMzPho+qVnnM6J5DzVeJJgBAZUhKBrNp1V56UTH9eP9kNDt1JXDRWnGAAsyi0vpC3SC4sXJEj53LfZjSYUIsAAABDA7CQIRBFJ8h5Ic4/8e+7D/yIdQbMtYiBINbGZTCJog2JywiRTufHOlWPINBN6ZpFS665YRDBHxpO+VmFTo3kBpPXGndHId0J2bTm14jW9sZemvbVi/RX97OhwsRV5Ru5HxkdDdfFOuT2ubzge0y5XSERysd22HLXTqtrhkFCuetgWZML9znRSczkx9Rc5Q8vfOn9PbMxky9+gPMqHHCdezXLmLzcuA432pNbkB/xNqpo4K7/R6YOHhCpQgI3ubSr1Rl0H+Jz3OmkUgkcr+CM+X//l4kIsNzLURSIow4a6KKRBoAENxAglpFtOGXJsOyigBLCBk497ROoNUpm41Ej9kXeBYRRpRmIzNGeS+tTrmz80XvHKEiImEBEKUJhETIOb8RKSY4xBEppQVEK83eOyth/fa+nOg/sNmq+mBXMSE3BCKIrLc6S4sNrXVeFOvtdi+lhgRNGSEIUF5aIiIEQvDsFREiWuemjSzUGrulF6MRVLa4LwNx7dW+0cpcpinVqqsvWh2fLS6lKpj9A6BKUlornFejGoDN6h1/EA23BFVtcTlzriyL9mpuFhbDgsuEx9f4npPDAw5oNWdXPe9PE6G0udw0CFysr+ba9FfzJ5Rzvy1l61/+6WexAAIoQq2RCEUQBQSrwP4jEfthitAedghB/sf36X9WSvVVBiMFjpTZrzTE/EaB4Fo1+GwFnBDKfFexPdfjHTISEwFBSjTwmAV55ERACKcFyI8cA2jqdeU73S5X97ZWKG7HTDsjkUhkF7N5bkAZtgHAXkIBnumItVVDfRFYb5e1VA96BDBLWdpalmSZQYC8dN3c7fh6EbOwFwnBfEXQkYh4H9K0EYDX2pAiW5ZaKVsULBxW1ogoURotlvGFEQnT9JG5g0CwGVlZaxNhyI4UpIJ+liskIkARaedFlug0MUZrILLWWufTCfUAAKDKarTa6piFeqIQQLwtnKABAGW0dCyLViiuZDIKEat4UsLWiQwHZxYWUIoAxJelryJ4Jymt5bmTpKHmrXccGm0JcdG1KstMqrXilbabvkzux/YcVAGILx2nCYmzTHqCU8pY1QrBha4f7x8AYGac6NwyUmzaqBWrrdws1tSEfp56HO6YLDgdnSVDnemhGmf9MNv9HH6DQjsMC/nhb61WO3jwYD8F60SstT/4wQ/W19dhiiphUKdQ6R0gBFocUkNXf3f9rLuT23pmtqQFEIFOdycs1hCNVibRyDZqAE5AKEnIuUluHJFjQ7z1Kq2lnFsnqNMkQZ7oLxOJRCK7kS3MSWR8b5G5c68AIIIi4r7L8s4i0M1dUfrEKGNCZjRcWqgJQF64ckf9/wexhfPOA2A1Jd6I+YohJiGEVSpErRSHtFkIIuC94xAUQE2T1CKR6l7xPcGrtxmZOcRFB0AvHkSsYxHLXFlPz7JOR5UtLkK7s7bSrr4ntYWFhADA1Bu6tb5aIgqoejMlhCzD1vqaVUSkRm93lWZ6fX11VZFOs0y12u1ysZmYlNotri2PyrXT6x2/OWm0JYo82tZqjogCmNaT6fGVSY3tOdgKQttey5k9ps1MwZhjyljVhKANrK+vw8LC2E9Srq8MhQOcDqWNWrHWypOl2lgV483oHbRR9RZSHW6RCeJ6JV8LElZJAWc7AgAAIhZFcdZZZ1lrrd1EfD3jjDOuvvpqrfWmjgAhKSCJsGz44Y6uqu9uK4Cy9JsGoe1nB9xhUCWpJvZ5PhJmZ1f32N5kx7t0Bwrk0k7yDYlX/5gRKXMLqU5qWQrCzEVuY8y/SCSyV9Bq1lLNIBIE2dHNak7RmhC3Zt6/LUJ0wCnOkMcFAXSeiZCQKEQEBFCEYaIc9vDeaa2IUBhCAEUWBsApIWsjJwCTli1DkP8hr5gqG9tGTCLp/5WQVgJD+glCadRr3W7ezYssMVmSbDK4UGfNxWzCD5Q0FodX+nVtcblWfQ6Zy5v7lnrFqGxhuV9Mur9efVjcP0WxNaVe1P0y0fQ+jrZED9YVtkw4KlQyuudQZaa2MCCwz1M1mMby/ipt++hPyeL+qXmrUWVL+0a+hoaN9fOEZlT/bVR93JjwGggDiKiKU9E3AZi9aO+9D4Pyfe9733e/+92JlZ1zzjmvf/3rtdbOVclUZpQZ6g2iP5F4Hx+bW4R9pzVJ+8Cu3drDrlO7kR3v0uN3jeLV3xGEy7zcLPxFJBKJ7Ea2JpOPWipvASS8j9LK3bcIJSilsPiQ0r4KFIteIIQDZGEWVqS9ZyJCQgFQQN55RACabAUdOdGQEE8tRMfs3SqDJs4CYIzxzvV8a5CIgpiESEqhIjQaATSAIALFZZ7I3OhKrA7Pr0rJFJRSIUA4jjsCzBbaDx8+/P73v39hYWGkprW1tTe/+c2Dpc3jCIDB66zXpD69UAC73AggEolEIpFI5ERE9qB51DwKDwElWBuRtjwAIJh0aIsfXYjRAHNZ4+16P9cN9lBTdy2V1XO1vF+t/1fu2D4EBAhCkCAqEQYAItREANJPKxAiBUbGGbIWiPSYbAyGgNKLvR8cAUJewGmOANAzBGDmxcVFRGyNReUmosXFxVBaGKlzOQKEwnsN6gcBiEQikUgkEolEIpG9SLDqH5SkwtfBNBy9NJMCAEgECME7WriKd6eVYmbEzb3SI5FBpqkAwgI7hpSPQWgfEdEHVQBBpO+rAMbl/0BfBbAR6m+6IUAvFkAIriJ9qT+kK+gnBpydnDYSiUQikUgkEolEdhUHDx68v5sQOXGZqAJAGRCt+0L7RFl9XAWwsLBw5513NpvNkULb7fbCwsJgabMdAcJuIV0BAgoOhKXdMwkBIpFIJBKJRCKRSOT+gvPVVVtbXkh6khSX66tds7iUTUuyd4yIXTvamS9m/p6FXbfTzi0DCKBOao16OiPP3wRcZ6VNCw2/3laLS9l93VOTrQAIsDIEAAxi+UhSwImGAH0VwFvf+tZyLFRWkiQvetGL+ov/m+oUAiEWAEIV4qLnnbChoZgQqjYSiUQikUgkEolEIkBJprq55aRKlsc2dyprHCf5/0RAfHd9rTQLS8uGEMTl62trHVpumC2IpcETBAjvF2F2UlLA4IGCiLCREWDTdXvvvXMOAM4888xXv/rVEytbXl7mASaW06+lnxGgskgQ6ccDjMb/kUgkEolEIpFIJLIpZDLdyUtOMgIALnOva9p11ruWAQAobTQz5VorHTToJGk2VHe1g4kS9s5Tlilnvfde1RabKfq81co9IAjoWrMx19q3cNlZ71hAEFFps1nTYNdXuunSYkIgdn2lmywvUHtlSqWJb037KSUu262OFUQBlTUa4UQoVd4ze9H1hUal+QDfXV3z9eWmwQHLCBk7fLRhi+noGYrPc8kWaiaEYESdLSwnQAgw2hg9vXPI1DIkJbXs/lQByFCE0iBjy//P3p0GSZZdh2E+59x735JLVXV1T0/PhsEyIFYSnAEFgggGFxBBi6RpUxRlKhRQWAyZcigUshWSQnLYtBwO/XDYUki0tZoWRVseU6QVthkm5VBwMzcTIMOAsYMAZgbALD3Ta1VW5tvuco5/vMyszKqs6urZuntwvuiofvXy5X03X1VlvnvuufeiANCR1H04IRFARLz31trHHnvMmM1hpZRSXdfee1m3scz5SftqCByO/l9YLGWg4QCllFJKKaWU2oRc4arac14QJN+xK6CpY7a1nRNImE2qLtsyAIndznZOIBGAJdsaOQjTvWkozo0HEKb7deDMMbjB1tiRpHoybVM+3JxTvoZ94+1oZ2hRUtclBtiQ+I4nn9Sc+JCjqopua7s0KH66X3XZlgVIyY7HAxJ/sN+GQTZvw5u8MJM2sMuQfSfZwKGE2ZGnj8+QHCExihmsxj6wX+0+HKtMceJCDWizDACg//p6W/mhrY61x2UUYJ4F0M8ICCf32xtjXnjhhQcffLCqqlPOF0L4+te/bq09MhDgeCBgnikwHwcggieO+9cJAZRSSimllFJqE7RFJrOO8xJ8J9nAxCrFOJ20AP1qBCwWwDi7bJqTMwggSGQMIQAgIQgAEqZ6Nmn6OeONrHcjn4BcZprpAedZluV5Ric130466YkPCYeEbtDvsBmxT6svBKlvXc5rSFlh6zZwZn0n2cgipGNPhzOOj9j0AjaU9roP8j+jDXEbARCQfk5ABOhXBDzeab9x45lnnjk9yR8RnXNEdHr7X0T68/YBAERA0aa+UkoppZRSSt0eNEUG0y456CQbWfBA+WhreJioLhFOXHj9MBVbuJvVqdjazk2fS3/Ws5dbO0WM3nfVpHXjrcGtG9pH879PfmjD/PAnRCXQFVld+5B1kI8Wvfi3P708WouNj+KWY/85Bib78kq7I05aFPDwoh6ZCwBObv8jYp7nZwkW3HJyQVjMQSAbqqSUUkoppZRS6mzQ5DlOmwYwH1sksVD5JNaixLYOdlCcrRhhAWMIQJL3qV+1XVJiNOaU/u7UNcEUhcutNbxfRQGDCMICAMIhirzMbHgkZ6UOLNagRM99rsApx9s8k2nVmmLLAACY40/fULGjLxBNUdCkqtx4mBkEju1s2prx9uBYaSvPPb5xJ22cDhAAgVkSMAM0L12dpnDLgQCnbJze2l/ds8p7j/sH0gdT5NQYgMRX41Io9foROSnQql49x3PT+mQiEVhZTESgf//BxaIji9VGTi8cj+aAbf7u5FiwgIAArRzBAAJASMvCBTYk2EmfUQVAt4qMCgALICARaRBVqdOcKZX1De3e6LhS6hbkxI7sO47vdAXA5AXWMxgOCQDdcJhNZ5MJgogpRjlCOksZaPLCTqeTiSGbF4WZVZUfZ+2kyXZOW9iODIbZpEVEAcwHGQFiUeBsehAMEZmX/0NDNxja2XTiEQXMYJTT6S8ETZ5jG/LcnPB0hGMVk1BNmrU1DtGUW1tYVQd7MwFAcvlwq7SIcKw08fPnYji6cUdjAPaUzzwWiSLFHz116VYT+J9l45bd/kc8+IWnLJl4hg/lna3B7b5spe6sGKO1Z5g+Rb0CzELrk7AIc2LmlFggy9z64QgIuNIMWAYL+m8WkQJY+8qy3Dxa2mEs4eg2AIBIZE7BDzDh4tEmiWcYjrfImD5bKsbYpg7d2kdjCswhGcBRjqf/DiWGaZtclg9GA8S7dDSaUncDESbSvxGl7nl37f1V0zR3ugoAlG+fzxffYDbYylabUHZ0bnvx2HIb7XBnvtcO+q1ivLPMGMh3BwAgmAdZvVNBt7W7Das77Oqz5rvKrZ1y/s0QAABOOekpD0E23FrLITh8IegOX9OccAiQl9myunT06XC8YtnW7rEsBbTFaPtY6sTx0pbPPb5xJ9mN7W8BIESLxgIwMIEFgCMT+J2y8fK6/VchokFiYALqj1sNnQnIau/XSQsQKHXXYmb9vX2tIR69p5d+qVMRYE6JjSHsv+3b+CwMALx4m1oGKI+8WS2/RexnfAHsJ6Xpd8Iiw6Dfmm8cZh0gAKAwY0qSYhXCMgSQREDAGGOtFYCUEgAge8C12VD79DRrrPcxEVgCIiQAQFjOr9PnT/VDqYwxxpg7suqsUvcKZr2XUOqN4K69v3pDBxkFXH7K6nd3j1gfzDxkw7G7F2r7mjohTibzu0kWSCJVCtPLL24//NDy8eN3k4f3tysPIWJ/D72cUAAWoYSTAICINC9eAQQC7G+OGeDIggCiSXtKqduFiAiI/TivFFJCXLyVHLbzEeBwnMaGnvzFp/hKO/9IIx83PGu9QEYUAOMyFknBr4ZEOSXMMhBBREQkIF5PMRAWQLTOSaKma/uyCfqXBjDPXwCWPlYAdIeHmymllFLqDYxcdm/cadjB1o7mjgPAiSGAvhMJwRByIoP4mSd/MTBHToE5MjMwiyQRPvZPAHjZqwbQ35QiIiEiAM1vapEQDSIiGkRL5IgcWUdUWFtYa5EMIiIhSJLFnaxSSr0yiERmLXdprd2+3n0PqzHN9b1wPDqw1s2/EgldOWyJREBErCVEdllfHyK01lqX9eft4xWEGLo4b+KL9M8jImscGGuMSSlyYuG0On/q8pxkrLVHhjwopZRSSqlvXBtCAEGiIWJhFkIQR5SbYicHARQRQGAR4H5kLAjMm/3L4bAbx8XCcvmGxQ01LiMCfecVzO92QaRv+UvfiwXCggBiiCLotH9KqZevf/shMgh4dDjSkRDApu21ouBYO/92Mu0RkYyxiLxYIRUACJGMocMsA0TCzGYxpeDj6tsqETnnRFiIrM1kMSeBMM8XwEVAJGOttdYYc/rAK6WUUkop9Y3jaAgAAfdCPbDFzHeAkgQNSj+nNIIgQN8rBYtRNvNxp5va/7Jyw4ork2OtRgGWO5f67jmej8WVJPOpsQfW7YXm+ATYsiHaoJRSm83fdk5oFR9v8B/uebVXcUBEIqKVEMCRAVb9AYZokJfehPlsLAhEpsgya40IHZmG5ejTEZFoOSBLKaWUUkope6RRTQif2Hv+I/e9E0CamHhx59jPwIcnT+APAHj0FvYWt8sn5QvIcukuAAQgpNKZQWZ+//pzx+/Ab7UqllJKrVn09y8nAtwwucnGp72GNTnhUSICazGxITMfWoW4nN6vf+JizsKj8dDTC1dKKaWUUt+YjmYBEOIsdb967Yt/bOeR3cEwozs/qWaQtNfVv3ftqRZCpvNaKaVeLZsSke4qRH1HPq3GXvuO/cNv55MRajxUKaWUUkrd2rGBAAjOYJ38r1/7cr9C1Xx+7M029zBtShS4rTTUtXG1iGCJnCFnj5zucNJBpZQ6rl+F5A1g7b1PhG8/sf8NcymUei3oYBmllFLfODZMB0iImUFLyKvj+o95OX1Oy4X8FomrCLj6dVn0fE2ueR8dIoKhDeEGgaPDX5VSqveGXoNXKaWUUkqpl2PzooCIYBDNfFM2p8qesALW3HrL/Hab6Zum5tamvlJKKaXUq09Ce7OSfFSObP9td7NK2WgwPnHx6M1i3Uw8bW3nbnFjKLHbm6XlPRwZOxhmOUls/axLSQAAjbPDgXOH95LS1V3lWQCNc6OBta9wnBOnpgltYAZAoizPhjnhom52WG6tnJt9u1dLNizGDkHS7KDrTHZuZGn+cvzeLLrbvzJKQb9uujZo1F3A9r+Hq2+tiw55Wd1/QhjgJHJk9MBK3z+sTMIFx0pdxhIEj+/bdB7NAlBKKaWUupuZIh9aEE5NHWcV2ZKnbcI8385QUpzVYdaYnQH1N3zs/cyzK/IC46zxM2928lcQAxCuZl3LlJdZRhB9aJo2Qbl9QpmU5cOuqZoQrMPWd0KD0i6TytC6nS0HmmSmXhZCnaVX3RU2xDDXMvwX7euj02adpeGNa0n/AGvD+/vSjhUjZ1p4axk9QJ3vWimllFLqtSHc1r4OLADGuuHQOZTQ+lmXWMA4Nxo4i9LV7cwLkMlPaBuTIWcRgMDHaUxJgAEsoTGEJttxbm2WU2PHI2ctEYtpEvPqvaHEzs/alASQTFFmA4cS/d4sucJwF6OgK/NxTod3sjG0DG6QjzIEgMwRHLRNG2KWnTDlNRYD103DrBYMYvK8WDlOYtifRTcajOC0kyql1N2M+jX4ZPGv34syX5pv3lCHY2n4GxresvJvdU9//GLH+rE4b8hD3+2Pm7v85djpAc4WhVBKKaWUUi+PxFAFKcfl7laeEYckEvy05WxYnt/KbQzTjjn4yosti3NDI+m0mzPh1CUAImNdQRCb9uakmVS+DWv3dGhMZolAujZEwMyttecPmoR5vrNVlJSayvv5MyVEGo6LgZHQhrhSXIoMQNnhWALKLILwaTU1bpgjh5TQDotTGvYnnlQppe5mZxnJtJ7T34diFwHZM8Y7EVDw2MAAWJsX8OijeDj8YPVROTbKQCmllFJKvfqIDKR61gVLLnOFxdSwgLSzpu0PiJyEBSh3RESlC95vKCZUzY1+C6kcWIM43CrzkEJMPsQ6xDbmOwOzcrfHbd1VAVyZD1buVVNIAlRkxhAUOdWRfQIHAAA2N5YQHdatvOIVUCT2EQLhwOBOXiD7VT2pUkq9TjaHAHa3Rz/4nY8/dOniaDhEY4yxRETGkrFkDJHpd6IxRBb7h8igMUSE/TYZJEIyACCchFk4MSdJUZg5JebE/TZHSYlTXOzstyMzpxQlpaquXnjp6r/5/U/dnFTQRxNA+qiAJgIopZRSSr1SiADMMu97ERYAJAQ0bnuLvE8hprqKXVGMAABotFUsc/5jE5bFnHRfZst8aBAQjUEEEOaYwDhbOluW0k6bKqQkZtFVL13dVQGKYTF0Z02uP2lkqLEEXfJRimwx1UAUIGsI4IRWO3tfR8wHDhrf1DEf25OCADocVSl1L9oQAtjdHvzkj36kiXh9Fq/NZsaQMY6sMURkLZFFQ30gYN7yJyJj+pY/EZG1SGa+nwwAMCdhZk7CiWPkfjtFTvP9nCJz4piEuW//J2aOKaWQEiOkc7sX/vyPfN8/+z9+fe+ghmUUQCmllFJKvWJI1kEKjW/EGklNy0A2J+DgK49FmQ1zxmnbJaGMsEttYOekqQLn+dASdKnznDluw+bbMyRandafvT9o2ebZwBFI8gxAtEy4566bBTF5liGHCIDkFvkBxhnsYuPZZdB1DGgyA5BOfWnWlZSaupuJnU8HyOAG1i4CFpw4LFryZMhAqpoELhtkFjD5ylfejE2qWjZFVryy66zU0tWrV056CBfjtBFR+rHay0cQcD5t28rE6ou/nfvuu/haVlm9cRwNAYjAH//gN9ee96tI1lorhIgoNP+FA0JBRAIkRAJBEEIkQBRB4cDUtdiIiZgldEAWQQiilZCDFBgzABQmEQEERAYh6McUIBKyiCAgAiEICiEySoyyd9DJ0H7/t7/3F371DzXeqpRSSin1aiIzHrlZE+u6AwBj7WiQWQQwhsQfHAQAIGOHpSGice5nTbvXADk3dkjoho6rtt33JrcI4da9NKbIx+Jr7w86AEBj3XiwnHVfUmQASF3/KIDNd0fzGABat1XKrG33WkAyg2GW4a1OhzQY51iHtvEdAJIpBm6QHd5NprY7WGzbQVFG74WG/SoALhvYpmpCGIgPyWau0LtQ9WpZHWbdT8CG899mWRnyTEQgIodLoIkIICGuDZzWrlF1e46GAJLwgxfOX68CABIAiSACoRAAIRAIotDiX7+NwG3EGyG7EUeNO5dt7Qx2t0Zbw+GwcNYQokNgR9O6u3LjZrj2UjF54QLNBpQQmFAYhVAAhfsC+6H+AIIiCCRCAIJwUIUHL+wmYYskIPO/FV0UUCmllFLqFUPrxmN3dC+Z4agcrh/oyvxcuXZQMSyX3ePrBwPafHdnw9myMs/K4/sBAN1wcP6Uaub5Tn5kV7a7k/XbpijPH++pR1MOzfGzba5bVp4fHB5SjAZ9eYsjl+e61UmVOh0e/r+6HNt8FTUEAiBCJJqPfhYQERZmFmEGWpuoUmNT6rZsyAIoCxcntXEGhREIgREIICGgJQAQAiZAFCCAmaenZ/m1dMGeu3Dusfvf9ujFS+fH24XLDQ0QLQIDGAAE8QLVmy9eqd/2tRf3P/HJLxWT599sr96XMwGzJAIGYARBEmEBSAiAwAiAwiASYyzygbb3lVJKKaWUUvc0xA3Tm8viIUIkhD4CgID9iAARTIIJODEvpmY/U9NIwmzvoLPj3a3stFiBxNnexLutc+OT5+A4yzFnqcyy3mSLwWiYry29+UpPcdrZ42y/ctvbJy1genuFhel+ne1s5/N6pnYyTcPtob37IzLHQgAgCALAKAZREBmFENgAGuxb6QjCIOAjfPFG+bXugh2fP/eWBx9558NvevB8mVGBMLSQIyyXDeB+CAtCYemhcZ7l94nlcHnwuad3y70X3llcG1sGSSAMIAhikAFEgFEEkREFFwECnQJAKaWUUkopdU871nzvRwEIIiEiLkIACLhI+kdAIQAhEhDhRd704XwA91IryQzGQ4uSfFO1s5mx28UyCIBmuLMzgFOW47xbzX9s94IN0wEKs7CAJBQEJjBMTEiCwsCpn4vvyow+fn2rMudG5y6OHnjkobc/cN/FLUBBkZFBFIjzRQMXq7UKCEACiAAF4TjLGos/9r0PfO25/OOfHT0y+9pbhzMUlv4Uwv3MAgAMLCgMwsICrOutKKXuAsK+i12/ZBSSy2xuX+dZSiRGMfYe+ZxRSiml1Lq+C3/RasfFnH/z9tPirgKRiBAFZN6uSgzAiIerra8NILgtktrZtPZJAE0+HA8PO8YltdNJxfnW1oD88pisHA7LvukosTmYNYHJDbfGBfqDvVkqt3cGFqU7uDlLxfZ2Eau1ws36LQsZ5xyCs+DbaQzJx8k0uMLGNuUj28682zo3gmrvILhBxk0bpT+XQZDQzKrGJwFyg9GodCShnlWtT4ImG4xGxbIXXtjX0zoAgojJR6O++hKbaRdTYsyG42GGqZ3N2gQIArYcDXOKs/0aHUbJRqOCYj2rAwMAUD4cFRZSO5s2CY0xZr1tirYshYB9tX7Su/BubXMIACSBIDOTSSQIkHYHYDO8OUuI8Pnr9g9u7GA+HI/OZVsPbe1uD4ZF28aRNUOiJAIC/bCV5QtmARZggAAgALvnt59Lb/mVT372h5/Y/sB7zv2b36WPf/G5782v+IIDMzCLJBQm4QiJmUEYJYmGAJRSZ8epajgfuMNPghQqbwZZqjyNSvNy35Gla0IwbjQkBBBOTRNazMqTF45+9Ql7L8WtQgAcY+N5Pk2QoSK3hsPM07A0r0b+2wkV66JP/Y0M2swWjnBx5YflaxiziG2v51ACAAAgAElEQVTX2Wwt+e6Eymys94aQinDXRb8M9Dibu1cp0CMpdD6AKwuLABK7Niw+3UTAFmV2hp8P+zaY/Og91Qnni0J3PGB0ywpLbBsvh9cYTV6c5UqcUFabXHF4NkldG8hRSia3sQ2mcKkNpihOuTOTFLyPDABoXJbZ1+qvRin1DWwxm9/8s7p/R+rfr4kIiQQAyRgiFo4xISIZkiTzxQIA4OX2/ksKCd1gezuTanJQ1Xk2mq+bGepZFd1oe+jAH1QeBtu7BcWm7kISiwAg0cNoNDbVtK2bmI9ckeG082lgTfARqCiIjxZ+PKtfACCFLgKQJUwAHKIZbQ+MNO3y6gCHYLZ2tsN0UtdNzEc2VtPam8H2TpbqyWxW2+28mzYx39rdNqHan84atz0wiyVAG29HO0OLkrouMQABALPd2hqSdAf7bRw4y+AGW2NHkurJtE35AAASu53tnEDCrIrZ1nxzUnXZmOqGy62d3Eis9ru1n6ZxGUBqj5709bxDPKMNIQAQBmZOySACQ0piDbzlPM26dJ3x/72Sfeza2OVmZAtT7CKQze2s8lnCop6ei9ckdeEtj5PNUFZCAAAsEgUCiGeILJjn5dve8c9/84t/6v3Nn/6B8acefeT3fi3/4JXPyrksCIAkkSQckRNwkpSAGYRhNV6mlFK3A40blSDp1PWjbkVS8mAG+bxBhWTKAfULaccutAkQAMgUuSEOsw6dEWZhNBlxSpIE89LZkx9yKNHHLgnIpnKAisJIlyJL0+KwOPljRVLTSTbI3KJuXZTBa9uIka4J0bphQf3C4m0TGswGFvsr//o6sTKbjj0eUpk/fVTMAz1t6098+u3h0EUwhItfQ7T5vFcFOLQeztjSpKzIb30UAICkGMXd8RDAWSqMNiuzV+NWCY3FEA+XmZcUGW1mrbMAKZ6pjBR8pLzICSW2bUjmTPGWNxBJbe3t4JT+q9TW3pZ3ZQeXUnc/WYTolyGAflpAQEQEQ4hIfVIApwQgvBj/jwKGSESwnyWwb3Dh7TeRiJDbZrrfgDAIz5uq4qspiBkMcgMgZA009XQSbObyMncIEQDAlmXmkDLTNokFnCtzmnQ+Fc4HMWVuENPRwteF6c2b/RbaclQYqObFWpT1N2lb5JYQnIGYWCCFIGDz3Bqy490cAGI1E+D24OY8cBCTwPz9mlxmmukB51mW5XlG/dU2zlF/AUBYAAlTPZs0gMDMpr+gxvWfxinEFON00gIAiAimxAmtIQBAk1k6/oly/KR3oY1ZAIlTNATcj8EnvC/3w6bNonz12tZvfr00TmyG5IacYoypruPQv3DpxY8/dO1TjmL9gR8RMIZluVpFv7IliwSAjsWzvDjtZk1MYtylR/+n3346pxuPf1Oze/GRX/oX4fHLHx9e2p4kkcTMDIlFInBKnITT4g9lrb6v/VVSSr0RSAozT8Ns+W2sO8lLZ4+1uk+51RdmoLVWGvZZeyk2yQwHhkBi69tIAwIQsZmzwHUdksvLDGLbdVHsaQ/FNtGgNARwtByU0PgumWFGHUN5Svt/Wdt5nwLaPLMAkgBEfOsTC4MpS2tRfBs8A/ThjMJgCrMOLbJYN3BwG1cmRQ9mkC2amkjFIF+58uiEJe/TJcQ3Prp8YE+58psrthIKmVe+YyAiI2etDMCRkxIvQiplMc+POPJ0JFPkPOsSW7uxGme/SgBkixzZx2ORKIkhkVuboSj5JoAlYWZBZ4kTMwu5PLPcNcEUjtv+ABEWyvLMcNcEWxQGAVLXBJPbFBKDdJjlRoIPaZEVkVuS5LvQB9fRZrlbPTfHzsf+BpVcnlkEjp0PAohkICVTFBYWzwcgu9JPzqHtJOuzGRYd8uCbYIqC0tFiT3esGsk3AQyw2DzD0J50fYyjEJL0S9FLikwuw9RftPXflCPXZPmIcUXR/3EjIuhsxBuYYvB6h/aUeuMgmqfyowDMu/T7gf/zLzElRLTWppQSJxBBMszSBw8IiUgQmA9DCbcVjpNYz5pgR+e2Mqn395vDirnChLapfT7OyA62d5z3IQTfTJuu3NnKYHHjAytpWzbPTdu1nr3YQWYkzjYXvmQHW0OHgEREhCDxsNh1x861upji4VuzHZ7bLo61ttGUWztFjN531aR1462BATiyfgJ3szoVW9u5AW4nk7A87/KC5KOtlSTDWK9U4Hh9N530LgyUzi8VCixGlABzEk4iUVKUlITjRZnEK3ty9eaH5PkdnnKKhuyQOg5t23XD5z73rb/33z34lf/btPuX3/wdN9/5Pa1gx+IZPENgCAyeoWWYRn5x5meRG5+mdTg48Jfc7Ilvfuhn/jW88ML+I8Ov/vhPvPmT9q3DKzfPbyfhKBxFgqR5ZRK/or47pZRaEk5NJ65wFkFSbBOVZTYcZDmkNt7qZn/T45wEDREAABqD3DcqiAwCIBBi37g8/Hw74SFOwpya2le1b3neSwDUL/6DRGeO86PJnXR1N2tC6/tltvvKi8mz4SArMHVJQASMHQ6y0cBZTj7Nj7FFNnB4W1dGWIDo5Gg3Ogcp9rcqHJgyc+qVP6limRuULofUJZEYOzHDQTbMCdZ7GE6pzLGTgs2IyCzb/wAg6ejTkWi+Xs3xatzm788JdwIcoli3Hj3Aecs3zzPkkOZbKabFXQ8CiJDL5/v5WEMV0TpLZLPcYgqeTV4URZE7DD4yp5AoK4qiKDOD688VAeP6gw2HwCApBLFFURSZmd9xJu/ZZH2BEvzhCydrcf47J2ltjMWxYm/h+PH9S86L3M6n0954fQDJGon9n+GROqw6ek1Wr8Hij5VjYLJv/BQAiV1T99rAi/xi9nXV/04fbi2ekNqqiZzaqu66tm2auqq7W759KqXm+qn+Dr/tv8giBCCGyBAJM4AQEhkjwoSC8zABCMu8DXy29ydJMYT5v8jLyCaH1vNhcxptMRgOnPiqCcK+mtWR8sFwNMoJOJ34rm3ywnJbdeCKzMCGwo+8N6Cx1lpr6HZT1EzmEGLXxZS62d7NvVnExR5OvppMph0vz5W6pk1gXT4YDh2HjW9QwgLGUP+hlo4eYZyF0O+W2FZNFLI0/3SRGOKGC3KWk95xmwYCpMScJIEQMEOWOL+xF2ofPJ8v7N96V4y7F+4fP2fcEIutPV92n/s0dg0M6Nrgoa+//SMXkJglRzQEpr+jFYkss8jXaj+pvTDM6tDWqW7S808f/NC7/F//6Dt/63eu/uh33rivbH70P3jsN/7+9cev7J+/f3j1ckopiUSOzJzgaPruXXlFlVJ3P+G2ESyyPj1r0epO0L+toBxOxCOpWx8xjETAzEKHo4yZGTe3fE/5XDvlIbJ2ZVKes41cOFZPALBZNnaSEsfEbR0pz0pahB4W0QRARI51EwFAWMziRfav7rauDMDhuzKHUPU9+GRHi2kSyBgMzEAYk1hr8NTyN1ZsPRTCItg31JGsgaOX6YTKHD/phlF6p9+RHKkG3+ZV2qQfk7lh/SOcnwuXW0dul9DQak/1aQksSZi7NsK8ooDWUOjazhhj7ZE2LiJI6NqACMxAIsIMxvU1sIRh5bap/42RxGAXv0HGYogMGaYoJjss+mixR6oYfbP8MZIrcnv8eOyDbLe8Pmis8T6ydRDX67CCj16To1dQOPgumTxf/z0/64/1HiKx65IpBxmBxLZuoyn7P62scHXrE6KPpjgh6V/E5EWOEps6pMy+ka6LUq+d1Vhu/96GQGRE5lGAPsWQiIQJCQ1RP9s6MwsisxhDAMjM/dSCt4ypxvrgYLFtR7vjsrShnu1N3GA4zGZVddAM5w1Dkw/Ldr+pmnzsSKqDvRoAyBbDgUPpNhaOJsttFZPrJ3Fxxwt3O4NXZaCXG45LnjWT/RrJDcZDZ8iOS57Vk70aKSvH2eHHJBkMs0mLiAKYDzICOHaZTF7Y6XQyMWTzojCzqvKDtdMNs+lsMkEQMcUoRzLDop1O9lsiYw0d/+DYcNK7z/wnLasjIDlyigmBEFjEJPZ7+7WX/IGieNjd55t48GycmOQyLEpzIFA1YMG6/Au73zY8f65lYISE4AT6T4Ek4AEOIu830QfpfOo6aRoOEXDr0s//zucvjK792I88mG62Ye/qA+PuPT/2ls/+t7/5PX/x3LWXZpJYYp//EoUPR1vojABKqZePBR1En3gxMd6RVvchpCzPV9/b0ZicfONxkPcx49S0iYosNygdMxgCiWklQnCbyKB03BeQQkzGuhOOXHsTPFZPgPmYQWONsSazYdYlPjYYm0No2QxLQyC+nve1r5ZzG1emD44AGQBybuwAUpz5lc9GIochJKEIdvEJfVL5myt2ZqdUZsNJjw1SREII86f3+kDPSZ0VZ79KJxCO/NrP2IdosvUZ9igvLaeUkm9bkxeHIwEk+sC2KCz2mfy3fao+BsAUxayc8RbFHpsL4BVVg6wFn9hAAnviLdjxa7Jy9hQ6zzYvjs7PcNYf671EEsP8R4XGoESB+Zgpygpb1424cnDS29o8KKMjJpS6DYd/KwgoIAJoyFoT4zwnnvrVAIiSJBFIzIDzEHQS6XMIYowsInI8B2wNutHu+dGx3eX27nIwz24BAACD/j8wg53zfUPYbmXDtWeNds/Pt0y5c74EABBhjl0XgYqyj2Wj3VD4KZVBe1jsyvaGcwGgG2ydG6w9+9ieZVHFeKdY22VH57aXFek3V4/JdwcAAHl2WEY22MrWCjfl1s4po6A2nPTus+FjTzimFDlFTlE4xba7dr3J3mSLS87f8N3VOh74VPt4UHfXrneTfZDOuijgGyw7xEakYahZKoGZQCVQCTQsZM1olA+3i8AYIthhNn7rjtnOYPu+f/SvXmonXxnc77DY9VevPfG2fXzioWbaXXoIOM0rk1IUjjKP0usnjFLqFTCmyF0BqQkCfas7zTP3U4h+rT2ISEfGpmFWuExSVXXTqpt1bHJXGEBjS8N17as6eLDlhv7cM0FjSytN46vaNwk33nL3g7H7HvKT6ikxzJq4TD/jJBsH2YkAEhKAMAc++t56W1cGjckpNd2iPS0SI6/HxtFZjCEFIWduUf7pFZtXj1CYGQCEw3rr8JTKnHTStRRwYzM4fLpwajs22eaRBbf5+7ORJJ735r9SfXI8ACwGiB4+QgRpnsTJ0UeWPoeRjHWZM5JWDxdZ9KfzPKMfkWA+AID78RxIuChQ+oEwq2czljjECHa1/Xy82NPd7vHryFqIIUQwJ82xSEevyeq5o/dsi3zTc8/4Y72nnJI/IvOex9exNkp9A5D5v37pdEAQZgREJF4kAvQ7+yR6ERCW/p0dAQQwsUSWmCAxssCxHPbXD3fT/YOa3WB0Nw57Vxtsmg4wJU6xX4iPgUOM22+zxYjr5yepAyErQIyEhhgJmZxBg0ba+O7f/tmrj5yHRx5jQ8FkXTawRQEASSAxBBE2xIRbl4ZdlCZA07J7YMfOmivPnf+FX7n+kz+6n91/IdzM2svXv/+Hyi/9Uf3YO7JnvjDjKBwjp/QK5/FWSn2jEeGmnmesobGDtf50dIWNdehMlhtb2tg0HgGETLlpgNQapKzIsmN7be7WwtqH0+BTMZgfbvI+mn7KQ2AzN8rWyhkvos2LY7Ac3GJ2dbS25NjWnSCCABKVhcFjN/FkDbVh1iCRyTNsuhBXTo23d2UwKzLwoa7mYxONNYPC4ErrGi1hFyWb9/SeUr45tWLL15iFUNWJ8Hj7+cTKwIaTkoFQNzAoF4nsgHnpsItV1T+bXJadlPZ9e1dpvgagiGDbBLR54QhEGPBVWTQIyVrsui4hIvZjPYhIfNdCXrjMet+2AABoM4NImHwb5zNGrs1DQNZS27UtIlnn0IfAmbOpa9uISP2CBmiyLC0KJHdkaj80Br1ntzY9ExlL3WqxPtHmFP0TquHjSVkxG6+Gseg9ZNmJZzBHrsnhI5JiEuG26aeGmv+k3rjQEHSRISOQFAVXFlP1XbJlSb5pQx/cFGbBU+b9UEqdAQsfHXkE0k98JgLSRwdY+gBAP2WbACRmQmQAEOHlegB9COHOMcX2+bu921ut2XCrwimlGFgkkRikN+3W50ZSvTBNdUpCSFkCBDJCBMYQEVqDnGKAbHLzW3/hbxa7Y2sg2vzjg/c9+/5/58L7/hiLsEhgCCw+iY/QBGg7bmuoZjEVw1QM//Uf0J/5sBvI14uHRwefSlvn2m95Qqxgkce6ZY4ppcgpgaylAGgygFLqRGRGoyOtKjMul18BkMr58gB4tNX9RrDpRW2IJpjB4eA8M84AANzhJ8NtXhnELM+yY9EJXJ4XzXDth3Jy+XRaxZbhkrw8frZbVGbTSWlDSGVzoGfltZwStTnFyhqAq4UW5aYIAGVlcWzLFQUAQN4/Y7F7eQS6vFxvJpusXNTY5Wb1MbR5cULEYq2etnQAwmDzwhCCxDb1gyJMlp8YuUCbD1aDOvMKHy125fjieGLl8WrAcsKB06/PoswNdbArX8EcuSYnPPUND02em7atawAAygpHkABEkvfJFgMiyLNQt8GUDlNXezv8hro8Sr36Fpl5CHDYvknMRNRn9hMICrIICGC/VkAfCMA+A06Y+6kBsY8QaLNInd3G6QADx5AAKLKz8Jbh9e5aiJM2tSTOSIpsLCCxMWgJrSExQoaDiG/RB3PQCUBm4MEW/p/L39097AUgiTBLYogsUSAkDB72Xzq49tkvSe7MA488//SXPvvlg297y8RebM0oMN0/dM8xNZkBjiEl5hgghQ21VUoppdRrDUGibwMgCFC2ceoDdS87Fp0yxXAAh5E3dOWwD5bYcmTnB5QAYIeD9WcopW7DvAd/MYIrMTMACkpiNkSECAiEBPPhb/OhAcIih3kEuD6xm1K3YPFo3ggKCKeUAAjp0UFlp1WzH1MVkxAky0AckyCBMRKIMiNiBI21NhsNh9/y3sHD96fLz+bf9N4XJ2+a+PuGs8QAzBJZUmQfJXjpgngv+0+/ML1xk0ZDs1uEbPyHn7/y+IUWTDe4lGKVwLTQ1WXp+9kAOKV5fExjXEoppdTrjU7OGVBKKfVyCKwk8vf5/yAAwoIopp/lj5CQEAEliQDPm/+yfCouVhe4jSCAxNl+5ba3Tw/nsu/YbpwRRd3jTv40FzGSHslnfs/7SRvrBC5nZkFKgIAkhtAaRgNoyTmbuzf94A+O3vme7OLW1WvVP/jlF37rOj/yXdsH9fy3NbK0+1V1fRIFcbgVGNqsbMn5y1f4ucsp8Ge+cpA+6PmaLy5idi5J1/KsdtIA58tmvzb/lVJKKaWUUve2ed8m9u1/XJnvHPul/gAADCFKPxNAPzsgYBJen+71MIDwKteQQ9vyMLNvsAVQFGwMASzzAnbKNDZx6hM3SVgkhMQogExGkECIMEGyCEjGGQty4zPNZ5tf+Gr5z5/Z5Qcfu/C+N8twa1JFEUgCnKS6UU1fuOarOgm4N7/VR2y70M5qCO03PTh8+itdahtpO5eJHXTcMjeeoj8P8hIUqxVTSimllFJKqXvUWv/mkaXlEcgYEQkpEpIBEgGAJCCJmQ9XADzr/GgSpvsVZkZYOIEbjgYWACQ20y6mxJgNx8OM2FezOgiigCmGwyxVdYgwm+FolKV69aGTpsdV9wyLR9aWBln+Cj6wFQQxeeCEgsgC0q8F5AQQAUjEEKFxYByY3Bg8+F8+s/eP9775vie+efvirmTZpE4ASUS66zdjiJxlHdnZwTR0nhi7GzfCZCIpNtde/M//+gf/8T/KU0jGFuHGvr3UIA3SwVWZpJ2Ubtgs+Ds71aVSSimllFJKvQr6VH5YtG9E+lVdAQQIkZDIIPfD/kVYGEBYQIQR5yu0zp94prOhsLitcUYSZvtVl285AGa7tTUk6Q722ziwWFXRbW2XBsVP96su2xrkJuFoVFCcHhx5qHhVlrFVd4yNLIhwfIFbATifB0FMnQiCIEo/zYRBNAQW0ZLJrR1mdujsMDOWTG7N2BS7j4ViMK08NXH+q8xcPf9itz/hmKL3seui9zyZSErA8wX/6v2v/O2/lNOBzS8M2y9dK1MLEtmbSWtLZEsMcHQcCoukDbtfQ5sW1Vbq5cg2TDSulFJKqXvACy+8cKeroJS6xzzwwAN3ugqH7I/9hb/6y//y55qDm47mcYC+mTswzESpldQyI4mAoAAQWsQM0ZIpXCJbt9DsN24ko3fsblF2aSf46x6rNpj5DJb9PBWyc95ffil1PoWQYuCUgFk4cWJhBoBrN6585F0vNca5QeczKxjFHwDyH1wefvi+aZ/+smx/C0BIXI7P/ek/9xf/4T/9mdfzel2+fPn1PJ1SSimllLp7PPjgg3e6Ckop9YrY93/Hd7//O777yX/605/+/d/InEHo150EL9A2GNuUEougAMyzBRySIzH0/LPNM19pgheL8IXyTf/yc4+fK/2H3xkbsweuQEIiWmaocEqRrK/3BURCEOb5IoHSRwHE+32uZvk5w/v7+cVIJiTfSKg/9uyFH/62Tr4uCPP0GBbxkd/1/u/8if/obwyGI3h9QwBKKaWUUkoppdQ9ygLAYDj6C3/tp37//R/4xZ/5+xzbPrNegLI2+L1OAAWABUAACNESWrpxI37tqUaSDHPILFy+7x3Zez5QCf9yFdyO9XWLuAwmAACICJ2/5PIBd2333NeEkzD3iQDCLClyN+MuYYJUdUggzQE33c0b6WoajR++zl8lACAAFo6Y/eif/8sf/oF/945dM6WUUkoppZRS6h50uCLAh77n+4ui+Nm/818AokFARJy0sYqckFlYBA0hAlpkhBtXvREZDiCzkGfwobe1HyNjyjEiAlLqPOJiToueAIiALSABhyCcgFmkzwVIHDxJy22k4YU0e8Gdt1xNuen+4MvZ931EJLUh7RhkQBTBj/6lv/mB7/zwHbhUSimllFJKKaXUvewwBPDJj//e//wP/xtcjN4HBH+1ziHFhN4LOTCIYBAImQFiHJVQFpAZyAv5ofuf+VT1h7/RfhDIICISAuA8BWCxboUAgEiaHnD0wglYFsMBUurac9ksNR2NJDYxs5KmMTXhwYfwv3zfZz/5qwCI/WIZhPDz/+TvWpc98e3feQeullJKKaWUUkopdc+yAOC77n/9uX/ysV//PzNLRAQABggBGnRl07AxXZXKc1YQ+1UrEaDMoAAoMskMFAPITfxPt/+3t9cv/Xz9PRMYA6FBuYTXf6D8xId2n9++OHzOvekXn37rxy6f89de4hCF47z9z8xt9X3vmT06mnAbKL1kckhVSnXkNj5+sWmeinv79yGAAQIAQqTkf/bv/K0vfv+P/Mk/+5NFWd7h66eUUkoppZRSSt0j7Bc/84lfevJnJ9deyK1BhAQCIECAgNdH2+XVm7hru4bzbUEBABAGY3E8JmlSbqTIMS+EK1+O6N8f//YPlZ/4dPemGzx+q73ybvdsmQmZkuTcY48U3/uh7O/9Xwf/wyceha7jgxvLUQDU7f+9P3v5fJpKRPLXCX064FhFboO/6WczPuiGCAjUz0YAhFhY+sNf/6XPfeJjf+Y//I/v8PVTSimllFJKKaXuEfZf/PTfNgjO0MrAfUQAQNgvRhfA5R13tQQvmAEJCgMgjncz3vOFgzwD6/Dqc5XbxfH57IKbfd/gC9LHEZil41A34fL12Veepbe+/d3h0dReZBaOgVPilDjG73j05sPDm83XWnow4yZy47lLsU7cxm4vXJ+UEbM+9WC5LCAiOEPdwbV/9l//FNjzd+CyKaWUUkoppZRS9xrrVtv+PQEAIIRobFUMcDaNAs0sUWYMEiXAJG6cGwhZ7IwjdFSm9JlPHlx4qLjwYF6OjLEIIikk36Rqmp6tRz83/fYvffqtld0OxqcupLYVZk4sofm33rsntfcHoXyEYsOpjeEgSkp+P8Q6vDR7QBAJJS0qBgB9LIAQiF63C6WUUkoppZRS6hvdJz/5yS984Qsf/ehHV3c++eST7373u5944ok7Vauzs8d3CQoigCAh1jtb7spNsvZgL5GJVJiRIzRAhmRnxA0BJ7J2vIsXduMzn6+vPOeHY5MVRAYlMRn8rfbR/9F/1/7gERArXoRb9om7TkSAeQT7P/zeSao9YIIQUuRYhTiLgNzthb09qrLzxJgEEGE+FOGwoq/TNVJKKaWUUkoppQDgC1/4AgA8+eSTyyjAk08+2e+/J0IA8xH2y39ziEgAAPWF8wkNBziYpBDg5hUfPacAMUgSisNhGpTJGLb2be8qH3pztuftjRk+t28/d3P4K5NH/+qL3/N3qz9+zVwKXQp1G+o21nVKKFRCeRHA/In33XzE1dFTscNh36cqhElIbYhV9AdcX79fwAIA0voSgwsCIKKRAKWUUkoppZRSr4cjLf/+6+r+u9yGLACU+dB7ROTMNvftwtdvAOL+fvKeq0kaGQIUJMCcIMsFRYCR8F3vzz735fP/1WcfPqCdxo7ZjSErASw0LXCE6hqAwN5TIAkvPo6cLg67v/KhF8RtIbFMD2ILQBJnUZLEhv+/Fy+cw4cB+rUFBfuFAZVSSimllFJKqTvnox/96D3a/ofNAwEWPe59t3v96P2jF/ew4ckkFgNz5QVfDAwAIQkAAxA4BGORAAn/1Lv2H73A//uz8nzLn57kTcwgHMC1T4GfAicAAeDcxP/k8d/5o6vln3z35YdG0V46137pqzyNSCACsWEQ+OLzwz944bEf/8gDN6oXMQEA9CsSKqWUUkoppZRSd9YyCgD3VPsfVkMA2A8E6OcCBEBERCAC3hnFi+eK+oYPMp1FYdjedTv3ucX0/CxCxgJZRAEi+cB9k2+/eHCzMf/95x988mtvbyOAn0BqASQ36T33pz/3wfrfe8+V2Y0238nycxfSjWl3pUJgKrN40KVGDjr701/+7r/ygQN8NKcvAmM/LkEjAEoppZRSSiml7rxl+x/W5wW4+x2GAOYtbAREFJzn3wMAAsR3PJy9tG99CEiB07NfbxUXzGoAACAASURBVPPSlIIAJALADBmKIBkUg8iABOey8Ne+5Ws//tYX/ug6X52mxOnSmN/7EF/a4Z0sVFdjNrRFQenaLIQqzmJ2cUeAu/0qRvy5p9794//25IPfBb/3a8/P67BeJVit9IYpApRSSimllFJKqdfEav//ckTAKVGAxHdRf/axgQDzFQGRABCwXxcARiW/45Hyk8/4JILYdPzMU83b31GKJBESRmY0CY0jNEIGkQRBLMibR81bxkLIREwkAhwrnu6DLXKJ4PfZ2Ga2H7KLQ7s7nv3R5dQIXyx+8iduvuPBy5/6wwtNvQ2CCEAgtGk6QG3/K6WUUkoppZR63RzJ/z9LFMDQXdRwpbXvRABgPugeAecd74gE+I4HzKMXBgZIICaZVukrX6q7in2VQs2x5dByaFLsOHacvCTPKXDyEhvuZlLty8F1mO65epZHb2MDoQHfyMH1kN8/Kh7e4brKinT/dwze/IH8bfnBU58ZXb66Q0T9eASYz01wF8VOlFJKKaWUUkp9o3n3u98N6+P/++1+/91vngWAKysCyqL/n0EMgICwYEYI73+bqf3w8kHw4KNUDT/1leZNj2aDkeGELkfISBiZkAiQBFEABUEQhAyAldimGNCY+XnQyPDBIY2LVEeDtbvfccDuWrw8ue/plx5IDAICIgICggi6IIBSSimllFJKqTvpiSeeeOKJJ47svPfmAlhrXQsgAfbL8SEgICGKAOQufuAx/N0vj69XVZKYpOnkq0+3ly5lFy46EBEWV5DJCEQkSkoCMI8CiIAwigAi2wLyIWRDQmO5Q2mYfRWTNxkmS1/Ze2CvuWiJCJkFgQAYEUVQNAlAKaWUUkoppZR62TYsCogIIoBmuTgg9MMDYuRgzN7jby4+/ez2zVkdWRBiksuXu2oa738oH20b5ASRbUEuQ1MgoCAKABMKGUEDZABAAFE8MLAYifUEOJkMvz7Z+vz+/WRHW6UYA8J9aoL0Vdo4G6BSSimllFJKKaXOaD0EgLho74NIPzpA+jH43K8YKADWXHnnQ9mz19909ab3nAyIYFWl57/abm2bC5ey4RZik8SzcWAdGIfGiCEBAInAsW/QiyBHSTHRpDaT7kLmy9+FPC/cDkGf+n9YqUVllFJKKaWUurMuX778sp+7f1Avt9/zvrcbtIiGxBIQAUjiELvxuJxOp1lumi6RBRZ473u+9emnn6mr2hqTD8bVrH782z/49NNPNdP9h+7becvF7Z/6G3/5137pX2E3xVDftzv+4R/4ga8+89SDf+I/ezVerlJqbmdrcKer8OrYkAUAMJ9+r58cUASEQATo/2fvvOOsqK4Hfs69M/PK9sYWduksVUBAQBAVCyr2WJKfJqYYk180ahI1ieYXE2s0aqLG7i+WWH62REFFsVEsiDSl97a0Zfvb3Vdm7j3n98e897YiaIgF7/ezLPNmbjkz7+2bOeeegmhJYUm0HdlQlrfLEsNr6nM85WpmEMzQEtFeIh4KYVa2yMyRwQxEBtAaBIFkFEiAmpgFs03g0NaWnFlbhxdod2RO9SIAFcAMiVKiFEgMjMAExL4Ye0n+b4oCGgwGg8FgMBi+QMrKyj5332C4td0rS6MAFkDgoLQs27K0LWVzc0QguAktAIJBx/VUY1N9tDViCam1B6wzszNt226NRApysy2J4XCgKCdr7Mhh777x8uC+PbMC1sYVi8LhUElJ6b9/sgaDIU1+bsaXLcKBYS8mgBRELCwEYhCICI4lQo6VUBS2ZSw3cw7I3o1NI7xYUIDSoIlZk3Ix1gwqTpbNtsVOACwL0SKSwBZYAZRhlAgJN1hrF58xdH11dfydphw77ORYMuRYAUcKRGRg4g5ZCrvF6P8Gg8FgMBgMhq8hIjMLiMljiLsuaSBmBNKeg6KgMHdXTb1lgfaU51JNTbXjODZCPOHGo9Fe/QY01NYws+M48WhLMBi0LKu8Z+mQwZU9skM2qHA4VNyj8Ms+P4PB8BXFSi2yd4ABkH31GlkTS8HMiGAJDDuSyAYATczMWy2xtTk40m0dkkUhYCYWFgpkICUQpSUFskBCidJBERQyLK1MG4NWwpWwrWZ6jRWR+TkZweygnR2ywo50hABkZiAGJvLjAJBR78UYYDIEGAwGg8FgMBi+dtRsrDqAoxUDDDzlkgM4oGE/Oe3iJ3Ozg/+45ewvWxCDYX/p7AXAqZh/QkZGAkZMegEAghDoWDIzlHTXt20RdKxI0P44HloZjVeiNzKbs4OirlUXZspAgFFTnMhlFpYDUnha1DVC9U5RFeFaT0IokB22i0J2TsjODjlhRwYsKST61QCJmQCJmRkIuisJaOoEGgwGg8FgMBgMnwkd2fDuK+9vbAUUucNOPGFcz+B+LKipHa8/s6jvWacPCu2zKTVvXR/pUdkz9KWu0+m6NVfeUXvhH44YHkjuSWyY/6tZZdceu+23r5bf+au+OQdCvF/8aeZ7T//0lP9+vPMBL/LWs/NfWBcnTYHegy+/YMiA4AGYzmA4IFhdlWg/vp4BmQGBiRGAmUAwMjIABKS0ghiwZDhgZQd1S9hrTaioG6xy9caEym6Iewmsj9uFpHsEOF/QhghtDQakJWwpLCmCtgxmyEJHZgSsjICVGbDCAStgSUugQCTyXQCYmcmvJ8jAzJ1jArCbLYPBYDAYDAaDwbB3OL7l7bm7K7/1g7F5tGfhC68s7HPB5OJ9hAYDgNXzxO/23L8Z4tuXLm04ckDPkPw3RT3ABAYcfu8AiK/ddqAGfOqVT0qLsgCgMRLvdKh53crX45U3/KFvEbS+dffMR5b1vXFcUByoiQ1fQxobmxAZZDAjIyhVS2NUBKTWRJqtcFaG88V+OLr5g497ypJCM2tGBhZEKAQC+IvziADACOhIaQVF2KbsoO0qnfAorrSryFWZrqYwkSZuAGgAwFzoh2gJtKSwpXAsEbBk0BYBWwYsYUshhUAEZlbMzMkaBMxIRMRMjAxgSZHwVJuUJhGgwWAwGAwGg8Hw2aBYfcQpq8iWALKgX18xa3OjLi70tXVv+8wn5wYGFkcb66qbsg8dlVOzraa+JpIz4cyT+ja8+sSHA846fPOL80KVRc31LU31btlRpx1TVjPjHx8NPv/sQUHwql79+8L+ZwzeOK+qmt58Izz1+Mrmj16fvy0u2OO8EVOOHVWQWD9v5vs7lQRFOcNOmjqm2E7LpeqWvzXzk1qw2IXiCScdOyyH65bPmr643snMLi6FzbsHnv+twbz53Vfmb3MtSZA38tjjRhXan0EfiK9992evlP/pZP8Vt274+Nr/i59z+fgJme6Sl+c/tcYVrLjHgIvPH9Qv8OkjJXl25vL3nv6pv33axU8ePqri6p8c5b/MGnb47cMAACgarUnYRdnS6P/fcLJyciSy29zYmnCyLQCtrayssGA30hj3wk7gC9VsO5sAEHBXYywvFKhvSaAAYgQAJCJEgcAMQiAAIDIAIGLAko4liS1i0MRErIk0syZ//R4A/BgCRASBKAVKgf6GQARMlh70mzIDESAyMQAzMSR9EJizQ87Ohjj6ej+mhWWTC8BgMBgMBoPBYNg/RLhHvvfu+lqvRzHUb9vWFM2Npz1tUQiKub0nn3IEbH7lkZnbp1100kSseu2RD7dG+2QnG6iW5tIzT50YSmx86ZElVRNLO/m3i5xBE4YtbRDHTx2VsWPmK9UDzzj3kCyRqHrzidkr+0zlBdsKp553TE/L27NqRVOciu2UZkyJCJVMPnNqnwyuW/D0ix/XVI5rnrOgdcy554/Miq+f9cRyGgSJqnfm7Ox/5nmH5YnYppmPv72y3zmjclIDMDMj7q+inahed+fTkRN+dsSEbNG6evFD2ypuuHJAkXA/fuK1+z7oeeuUzJQHQ+dhf/GnmZuq6v3ttP7vbxxx3oMd5tCt7zw4654V8dIjj7yp0gbDNxtfh7YcQa5mC0DalgAAQAHJJfAvkC4mAIRXl+74yZRKBmiJKyIGAGIA4GRaAGJok7HNNx8BLASQCHL/nH6YqbtMhABAlPQ48IcVQuSErYyAfPKDKkRIGQGSeQCMCcBgMBgMBoPBYNg/MNDr2OMGzJr9zD9kVnF5UY5NHdRmK6s830HQwcxwXn6eDUDBTIcSOv3Ubuf0LgwigAxl2l5C8V5D3HVk+87Int0zn/2YAcDTZMUCIwZnLXn1xdcG9u83qHLEgMx2M4tAbrB57usvfCgsbonEijzVsqcxUFaaIQDDvYeUBReCbt5ea5WPz5YAECzuk928qUGnTQDuxpf+vmDI988bHN63aqAj2+67pz7/u6ccXyQBdM262j3b6m6+bT0AcIK0E1OQMgF0GXZTVf13po18ZuYnaf1/r8iMYy7+1lEtNS899O7t83Ovm5T5FQuMMHy5fJk6bGcTgECsb40/NGftyaMqeuYGQ05XN4H94gDm6Yu5akdD7IkPqiJRz7eWoIkBMBgMBoPBYDAYPgcY7jXhzF4TAMDb/c7j2woyOtgAkstriP4/AOiSkCtZNiz9OtWAOy/viaxBJ511dGk7daLszB8Mq92+cdOat59Z1Oe0b0/ukTxGkVUz36sfde7Zw7IwsvzZp3ZAh7DflFDtB+cOL+1ex5xbGNyfxIYAqimaPzb4ydtb9wwcUCwBAAvHTrz124VO16bdDbti/e59zcDN23asFsVjy22ZWXj0+PBLK5rdSZn7zqRoOHghBomsXBK2/NJV2a4mALAkNrS4j8xdpzv9FfsRAB12sf8l4P/Bd2je6SsAkTuZBboM7i/rd3WDQAQp0JHSkojtFv0RARiNOcBgMBgMBoPBYNhPdP1HM+bAUaePy0tsXrolWDk6698JU0crIN2ISxCi+h01CaoEAIGsCWR2ebE3e12dV1Jsqz1L391RNrFfw5ItuWNH9j6ksCy36cl3a+LUI+kJwG5Lws7JDwlWtWvX1XlBlhmFmYmVNXHuEY5tXbkjxgOs7J5F+oOtEV2cJ2K7N7fk9s5rW1dHJ6egGxW+WwIVgy/4TtGih978yztFNx6fU1SZn3h225ZEYaWjNryzdMWAUaf3TuUY2PuwR5z34KTRvX9w5ugh/Xv4e3qWZKePJnas+tt7Lbf8YnBPEVu5vDWvb8a+My4aDmqam/x0gOHMgAD9JQvTtSggCERhoZTIDAyMSUW/Yxg+dNhORvJDSonfLy+AbgwM6S3ucAARQeL+R/cYDAaDwWAwGAyGbpC5Qw7JnT790aUMoYqJp47I/beesK2ikcMCr858aUduZlZmXlgwi8zyUnrp5X/BtDOOPm7Aq28+84QlFOeMOG5YICwCO954YgU4kik0eEq/Nv8DmTdkdMH0Gc8+l5NVOHT0oXlvzX1n1ylHjFw18/knP87OLSnpEY4hBCqmHN3z1Zn/t9YSGgsOP25IzqeLTk1bbvpjtZ/aL9hn9O+PbDuEMvOY745Z8uf3nq084fxBYy4b9f5dt77qSK2LBl4+6dNyDParyF+xvhoAZtz33eXrqh969qOFK3YAQM+S7F9fODk9fOHYiRdufu/aP6xmplDfob86KtskA/iGk5ub0/bCysxLvkI7vfkFgscPK05uddiN0G7Vv93SPyJ0zgXAaf8fTu/tvOSf7MBdtlObbVO0b9OdwJ1MBbWyYEd13V7P74CCiDt37vxi5jIYDAaDwWAwfNUoKyvbsWPH5+5e39h6AIU5uOHYjvVVstfAkiA3fvL88zWTf3BcmdGjDV8m+bkZn7tvaWnpAZRkbzxwz53Dho/AJKLT//7Wzu3buvNJ6aj/d6RzvkJm7q5Zd93Sun+77U9vA101/i6d9jm1wWAwGAwGg8Fg+HqBlhNd/+rzC9ACZfc86sQSo/8bDAeGLiaAjvo8djjAbXs/o+rdbfhAN4045RGw9/FTNghOZR8xVgCDwWAwGAwGg+Hgwi4adfIPRn3ZUhgMBx8CoEvqvu5dANrp/+1bdleUL5k4oP3P/pCOI+jGBWBvmFyABoPBYDAYDAaDwWAw7BcCoDtVO70HMbWdig5og6Gb4h9dRuJkqv/PQbdjG6XfYDAYDAaDwWAwGAxfF+rr6ps9Zq+lMeLSpzUkN6E+tcEBoF0gQDtDQCAQ7jNwcF5hYSgcdpyAHQjajhMIBB3HkbZtO45tObbj2LZj2Y60LdsKSMuybFtatmVZ0rKkJaW0pJAAoLUmUkoprVK/PVelf7uu53mecr1EwvNc5bmu67puwkskvETcdd1YLNpYW7tlw5pEvH0CFWMKMBgMBoPBYDAYDAbDVx3fdR7tzNxPT2pBXjxOGY71H1V2kyaA9lM4wdAhh03wPN3cEovFXCmltGxpSSmktKSUUkgppa/kSyktKYWQlpS2lEJIKS1bCP+QFEICAJH2Ia2V8lKvlFZKE2mltFb+Ua21VkprTaS10lp5frdQZtaIsRM+WfSBG4+n5WQGAEb+T1tJDAaDwWAwGAwGg8Fg+Jw4EgiAvZbGqJ0d9iJREZBaE2m2wlkZTrK+JSVao56ClhbMzHR0tCXqMSKDDGZkBK0DZxToXE2TGSr6DEzE3XgswUSpBP0amIAZmJkJAYEBGJiYiZnR3yZiJiYi0qSV9jzPc13PdT3P00qTJiJKNmMGBmb0RwB/QARmAmBkBiZgDQCAwESxWDyRcCv6DNxX2IHBYDAYDAaDwWAwGAxfITor8Fpb4ays7OwwunEvreIKJxyQMpiZGRSqtVXZWTk5OTk5IY61JugA6sGdKwIQc1Z2djTmIiIjsNJsIwMyAwEjEUpk0MwpgwAjE5Af7o8SAQAIhLBYICVzBQpmZnC1ZvLRvl8Ak2b2f4hZE2nfkEDATP7gxEozIgDH4oms7BwiFrLD9SMTEGAwGAwGg8Fg+Drw79QVNxgMX18666zStvykfMJPrtf5uPY02mGBAICWI8jVEOy8eP+56WwCYAbLtnRLzLIt0MQWEjMyICmBjGgDEWsNAlkjAzJqAgBABg3MLEiyODTP7h0WbakEmYF5QysvbVBEKUOA1uRbAYiJNBCB1kwEwEyKSPsuBQwMmjQBa23ZVjdeAGxsAAaDwWAwGAyGrwHPvrwUAI6fXPllC2IwGD4zB9SEtx867H/MAd7qND8nQ+w1s2AGIkAtGBWAxQLId9EnYAYJfq5/QUyCSbLFAgTJYRmBTC9e29DaaeA8KSsDsDLiEhMT+3kAmEhp7UcOJKMENDExE7FWrMl/DaCZNAMwEID8D10Lg8FgMBgMBoPBYDAYviTQV/2lbXHUI7YksnJJ2AdSBU5FJbSvC0igmVEptCxABFSCLEICrQCZFbKQLP1IACIUKKWURFoLIQZmQO8sJzcnGxE7mQCY2W5samiNb4l6RMRMftY/ZiKtNWn/NfmviDRrP1qAiEhpzQzEkC5QyOD/MxgMBoPBYDAYDAaD4esOCsuG5uZmyMoKZ1gtzU0uIoMMZwbEAXR9twA66v8AzMRaawBQBAgSkbRmYMmCmaQULH03AAZGFEKwBpIoBDMMKnJyKE51rZ3G9MfNk/aQIK1rcpk5mTaQCNr0fkW6zQbAmpiJtNIqaRAg8hMEsq/7+xMcsJCI/WDHjh1f4GwGg8HwFYWZMfUlv3DhwnHjxvnbiMjMu3fvLioqEuKL/Ho2fJMgAIQEAgI7oIEQSLLUhCTAQkJgYsGEEoEFaGAAFABCAwAAJwcABBDJDb+0EDEgskyuL6QWMhiIgBAEgkBOrT4gaRQKAAEsZkEEACAkI3gAACCBJRGAn1YZASQA+kclgEwOwv7KBgGALyowgkjK1X6ZIzlxcjGEwdIpGS1g9J0z0Z/FH4wAJQH6zSyIIWigzNR5MTADegAIZAOgEsBAEjo8X3Z8jOtYfYk7/nW3a9ppccZfL5JJqVKXIplUGjjp2KkAGAAp5Zr6aVMnMV8vBoPha4aTnecAAGTm5QBAIC/H3412ZmoztSMjNz8Zb5CR7fxnhLHa6+rJ9P9MWisgBhtQCY+J0RFMICUAAwsiwZIFaUIhhBAoUGghxISiUB7H3cYIM2jR0VeBQbJGhCI7cEgGLqmPMxFR0hKQNgIw++UEmPz1f6WIFBGTpzUrTtf/S8ucvOcZDAaDwWD4ZtDtbb+bVEqd24uUNik6DyMAiH3FG7t1MeyiloLoIgi2nyWp+DOm1y38410016R9op2X46eDCMIfhzuP1r6vSO/i9NH0C0Zo08E7dzngtI3b5druXf5vCi/PumDjug0Uo00btlT2r8zJK5h87JS84uKNVVUKRNDJGTtqzMxnp8cbmtYs+jiaaOp/6MBxR4+d9fYr006fagfICcpN69aVl/V65425/3h0Ua+eoT59hhJkbNy6c836LYFQeP7bO7/sUzQYDF9FOqcDRABm1p4GC9gDgRIACNyQLSSTAClZCJBALFAIBsEChQBGyXJAKDfKQCLw8Yat6+wMAH+VCJkJAQar1pEDeoOmIVlyaXUDMEhmJkIiwUxaS06GABATkPZUMlJAq7SBgDuJajAYDAaD4ZsGYxelHPf2VNChYadeyZWP5OanRBfu64kDRfvkxNg2Vecxhb+i39aSGRhAIAAm9fqUTH67DjmPJYJfSLlNeUb/FaaFbLMntDtZbMuj1GYrSZ43d7wseznV9IT8qReqM51H62CTaC8Q733qg5n6+qaRI8dsWLkuLy+voqJ3LOFlZ+dv2LA56lFzLD7tpMmLFy/u16/vkw8/2lxdE2mpz+qZA6SzMnO8uA5nZi5etCgUCH700YrNG/dU9LQcO6uosGxPXUsk0pwRCnmmkrbBYNgLSRMAIiZX1BG1UtoP+wdCl4TNgvGHlfm5+XnADCj9O40QImXTxsa4BoHZmY7v59a3LG9c2JLIzL75m5WmupjIzrCBgYHOKrYEUZaNoBUwEmkkZA1MCJqBeXuL+8hO1sza83SqgoAfndApbmGvN32DwWAwGAwHKdjtZnJHUqXlDspyeyWzrUtaIWVA0b01oMtifzslFoERsZ1e3b6DSEmBacVftB+Z0w8xnBKVATil9uuU6p6OXfDPjdPr+J01/Y7zp0fskEcZ0yct2+3zx8T9e6b6HM9d6S4iLXR7a0d3Z9G170Go0CZiIhzKaWmOBQIhYNGnd38vIQRkFBZkt+7YuWLFqqysrNrNO5uamqp31hSXFWRnZlhSbFy30Q44digYjbqlJT0yM/IzMxIVPXvsrKoFyujbq+fCRauGDh5SH2n6lKlV/fbnXvjk9RUNjQrsnIKJx4z58bE9cr6oAIu9zZ7YOP/CO7YOvfTsa4Z0XqTcJ/vsG1t516V/nFN44YM3n9gjsfS6Cx+feN9fj89Nfb7iy279+TPjbr9u2Pp5uwdOGZH7WS5FrMton4nk1DdN2f/u8RW3/uShIX+587TC/ZCzq3j70/1zSPU52B9JfPnvuOCDK/7xGS+y2rNw7md+N78hpNIBpj3qmZlZKwXIzAIkSwQluGH3zlA4c8fWbbZAS0pbSkuibVkCEYTwNHsgORQCBGKI1+2pbxIZVltRwBbFcc2cnw3ARBxvanKQ4xKAiJg9pTxNSpPS2tVcnJtB8ZhSkoh1MlMga+1xV3MmIppAAIPBYDAYvklgBx9y7OC/jwCM6SX4duGC1G7ZORkK0GVFu6uJANpr1F1kYARKpRRIDg2+XaBNzLZnl6T2jUkvBmBMrfYzppfjO2i86SpIBCDaGTE42Rkx7VjQXrzUS0ZGBCAUDCyQ2/R/FsAWABIgIAjQAARg7U8kwqfvaOdY0f5gOsyhk6/E3oft/tDBZgWwRNaoEYfrqEam1khszpz3Bg8/vH/f0gRzTn5pS2vDqlWrNi9bHYvF+vYZWFu3M2A7zc3N8Xiivq61vHdpn94lTfWx0h69x4/pu3HdZpu3ow736zVod1V1jx4l8ZbWvc3LseqHbp/zemv+CadPGlNAWxYue/rFN3eJ0245Nusza96fnU+Z/T84q66e89Sm435/yfqHnlt79M/7dDkeHPGb/x0B3PDmP/+142eTR+T+hyKwu8Of+qvGV1OqzwQ3f/LFv5tfF6x2EWpJiLSnXGZbWsikifSkPgWFxZmxresSntRS2P6yPAki8k0AmsBlxYmYP1Dcc7VCK9B2g26KEwFwIgbAQJxwXSk5oZMmAKXJ1Vpp8oiUJt1Ym5mV1bclvqYhxuTXDWStFZPGznflg+1mYDAYDAaDYZ9g+7x+nVbD2z0qdFDQgVMqdzonQJvq3m5dvYsC24bvJoCp6XSyPSaz96WeqSgdqZBWu5P/cSezQcfl8HaujQzU3qW/w6knz52BEVC05ShMWxQAABj9IANEAEFAIpV1L2kBYZH6BQBe50vVcdpOD1v7XHzp7njSAtHOENMGd5NbYW92hIPqwe/kk86Z//6S2t3Vq1ctP/H4kyaMn1TRszKQUdCqEmjxrpoN5Maie2qbyss/mbei34CKcDgsAYOB7J3bGyorS9atqmmJcDzSKrSViGeXlQ6zLRQcDloZTbVNbiKxt3kjq5a/2WiNufCYn40JCoAJw4v7Dqp2BgUFALC3/p0P735t69YoBApLT/32xPOHheIr3vnufY2n/Pa0C3vB6idf/M2iHtfdetSQre//8M5dw48pXDev5fRfHx5444MnFzW1gt1n/Nirv9Pjgz9PfxxG3X/N8J4i8f49/7x1x4Bbrx83xNnH7L67b3zTJ797bPXyltDobx179bG5ge5EEon6l594//+WNLWCXTpsyCUXHDKo276pU46tff61jLOvHz7+sNH/enRuzdU9/N3Usvzh397Z+F+3XTl6640XPtL39MKXl65Tt92Wc9nUVdf/PefoAXuqanZvax128Y2XHpbdtOixWx5b3CI5Rj1P+cWvzuwf6vSZbRttUmbVy7fdPH0LOxTFQRf8zy9PyF1104/vyziqsnH7lnW7Ss48s3Tjko3bNuwu+/4tV0/YfuOFj0+84wcfXfXAZ5iRYxtfuPHSFVt31TiTr/zT+IL6HQAAIABJREFUpYdl1X3w4A2PLm4N2BoqTv/lr85o35ialz157UurduxpzDzqV9dfPLxr9/C2zgKv+FTXhsTKv/30/gG3331SQWTub875S/jGp/84PrjrhV/8vuEX957d8FT3Yuvauffd8MjyhA1xVXrS1b89dxDujyTdzR/75KaL7u94uTpdgcvGb7j7If/d/M1VZ1YYK0BHRPIe1e7rXBNppZRWyvNI69Mriybn2fHtWxJKR5WOKt2qqNmjiKImT0cURVzdqrnZ1ZyIciJK8Whz3PM83ey2/SilW+IeJ1o5EaVEtNlVMcURV6cHafG41aOop6OeTmiNkYYzykMTSzK19pTnKaWU8jQRQPtV/4PqNmAwGAwGg2G/YBCgRTtP+tRzDHfVPrm9ko3Upj8Dp70Juqz6cztLQbqBv0enxvMH0e3W+ZP/i+Sh5NSUtD0Q+Kn72d9KC7c3F9Xuou7TMwAAa2DyZ6eOhyllBQBmSAZlSu4gPAAkjREMAKBTh9r//Pu0WSfSbwy37U8fTVVm2PsoKQ42x89oCxfkl23evLWhoWH58uUbN2ytr2v1XGmJLBvCOTl5zz33jJQwdOgQISxLBjZt2hwKZlroDB1yaFODem/eJ6+98v59f3vygXufmvHS22++9u67cxa89sqb+bk9IvXR5vq9eQHouq3NGrIO65tarLMyxx/Z/9BiWwDENiy+/p/brCnHP3TjCefn17zw8IcfNnf/YUApJMQ/3pz737+cPNGr3W6XfO835zzx814NCxY+utGZODEPdm37pJE4uuedjVQwpn9/Z9+zAwCAWrNKnnrRkacVxZa8snxtonuRWtcseXQJnHn1uc/dNPmocGRZVUJ31zcJ7Zn35MpDvzM+Vzh9z/iWnPH8ujgAcGLb9D/dWXXy9b+clC8BAGTpMd87oVef06+66sxeIcutqRl+0R+vu+X2C7NmP7e0uWXpffeuPfLau++96967fug8f+dru3SH69FhNB2pVkN+fOsDD993/00T1j72rw0JlJZqiI796R+u/9NlZQse//iQS3530+2X9/t4+qL65B+J/GwzJmp2D/zvv97z8MM/y5r9/CfNzUvu+dvyw6+9/+/33Hfneeqpv3Zs7O7ZPeTyv933979fXvzOg69WeZ27t6guAn/6RxcCfScObPhoYxTimxa1Dh9Qt3C7y81rP4wNPzxvxd7E1tVzn1zU96q/PfC/D97/PxOtPRHd9UT2V5IulyvS+Qq8CUddkHw3jf7flS5FARFJaaUVE7OFIUtOObQSEGHwQADsiYiAySg7RGBGTP7BNrS6sGcbACDKfsOHFmeHUjdi9r/kd0daoXEXACOK/sOG5Aas5P2RGZgBmJmAAdi/QRIwn1uh3tn4gSalFWtWWqn2cqZurwfb/cBgMBgMBsOnQFoLywNAAAfA1x8RAJV2pQwqBYggLQYAAkQATVowAZCQbakBtFJCWIQgUCgGBNCaBbIlkVkjCGIWQhD5zzuMAsCvTISgNQkLkDWQRyhISFBaCgApNSsLiRk1AwpQWgshBDIAefGELQKsWQUsZBCMyOA//6CAZGUAfyUf2wXyA2hmBE7nEdBEUiCQAgZAy9fdJTJ5LgjJ0lYMAsABAlDAAtjRiBZYwFoTSykAgIhBIKcfphSxZBTCz7skpdBaSykBgIgQMb0Ek96f3vDPwT+utRZCJBIJ27alFMzJtAWASH7dBQTBvvEBtKeEZaEQRCAE+OWihRSIQiktLSs1ODCAQCAiJi2tjjWnvs68PGPWoMry4uJiz23OyAi3tIilS5ZNO+OQhNYxlairq/nxRT+M1dSpCMfjcYFWOBDUGhvqo14MX3nllaptTV5cxFs5JEOurZq8hnDQaqpvyMsokuAI3qve40eqaGYArp7z2kXPNQAA5FTeft0Ya/muJij4/hE9SnLw2KMLHntoz4JdatRezwArjx1yeN+AbowEmta9cH/Vv4TXBKqhmYtGDuj/z0Vz18cnZ29a7macfHibL/beZx/XGwBADDlh6IQBsuTQrBmzoo2u2tWdSOMKispg+ZP3vLFsUMmYUcOOHxyUm7v2BfDdAESPE26+359d5B933b3HxZZepxvevfvqtflXPnpiz+4vVLB0dL8sAWjnFgQTrS27N6+sXrfmukunAwDFlA7Ue1CW/ix2Gk1kleXsuf/mXz0pA1S7u3lAXIMNgZKRvcIIXlZhXnnvijCCziwIqVaPPteMgfKJhxRaIIKFPYLx5pbqDZuCo84vcQAge9D4Hnve3+5+qyyUbtx78oh8AZjZf1RR4/zd3shO3ePYVeB9EOp/RPnOj7Y153+0veLUk2IvLdvTPOCDmn5TezZ+sjexZeHoY0peuOE3N06eOPHoY047otCCeOcT+QySdLxcrdWbOl+BxKH7OolvMFZXdy4GUp7LwmZApTxPNKIQACKZLtA3VzMCMwAm7x7MSC7FowDAAi1upERrajAGACC2vAQlWn2dXcRqSCXTBPjZBwA4pfynN8hTpDxXkSYNmlxOG4xTPnjGDcBgMBgMhm8URCD8akXMyrMVaduRyITIlpSu8qRtM5NWnmVZwAIQLCH91HrKS5DWUkgQKC1bKSWljQDa9QhEICCZSGnPEsJ1Xcu2wV9xYBACleeSStiOgwzSEszaX1wnzUqDY0lfRZVCAHsAQml2YxwMCkw6FLAdcMAjLcDVKiDs5PkgIgqllCUdItLaE9IGIQSip5UtgQjQrziAAACep9CWSoOFEoSvdTMgkI4LCxGx1VXSsZKRCDoKQhBaAJJZao8sy2FiAA8lAkoCdF3lSAHCQZQA0F6r95V8RCQiIQQxa60ty3Jd13EcrbVSyrZtABBC+F2EEMwcDAaJSCklBQIKRBFXbFmYzjqlvIQUKC0bAJkh4emADaQ8fzQ34Vq2nXauIPKzO6AQAgRopaR1kCzqhcMZUtqJRGLVqlWnnXzGww8/37f/kbt31BT37Blzm23bJiUXrVy+5L2lZWVldXV1Iif09pvvJeK8auX6tas2aB3MCBa0NNVoK+FKmRUKRiMxcmO7lZuVkx1w9hZaL4t6Z9tQvWB9/OSCcP7YyXf2S6x/5e17q9IN2j9fJ60/CKwIAFi51H6ojJAEUKunz//X2rzLrz/5qOjyi29aDgAir+fU3gv/d+HOjzN2x4uGHF2cVl33ObsI2AIApdNelM4i2eUj7riu+IOlO5au3v7k/65546ST/zx0b327R9XtyZ+St/SF2dUjTinpNgWCSK5zplQlWXTMNX+9dEi3H76Oo+nqWTc/tO2Mu+44oVhUv3zpz5YnBfcHRAREkXTC7uBy81lmxE6NsZ1DErD/5dChtf+/lMmCbR2670XgTwOzh0zK+ufiNT1WZYw/a3hkxr3LVtZtKz1iQAYs26vYTt//uuXxEzd98sEHb9998bOH3Xj3Rb3+HUk+0xUwdKSD+1nSvqu053pKecpzPc9l7bHngfKAPNCKdIKVYu2BVqA9Vi5oF8hzkDjewolWiLc6oFi7rPwfD1QClOuAx/FWTrRyvNVmxcpjL9kGOv6w8vyOrF3P85TnKuV6ntJKdxIV9iMgzWAwGAwGw0GDEKC1Bp1ggGgsOu/dd6edfGpOTm5uTn5BQcFL06dX74kQ+6osCSQB7HkJIojHXUBpB0LSCTAIrbRlWVq5yosHHMtxJBGTJiEkMzuOhYiJhIe+7yODZdlOMEhacWrpYuvmjd876+zeFf3vvvex5haXNQkEpT1AIgZGDIaFv7SvSBG4tTu3DSkpGTtixGtvvan9ZAYEWgGDENImrYDYtoNSCoEY97QQQVcrAka0EIXyXK2VZVsakKUFKNjTmtiyUAhES6xf/nFeVs6IYcNXrdumGUhrkN7qlQtGDx8z/vDTlAtS2Ik4IzKDAogDuB4r27GAbNaW9lhp1gTEEIu7UkopJREhghRApIC1bUtm7ThOLBG3Hcd2HCFEev3f/01EpEm5nkCBKLxEQittW6g0JJ/jECzHFpalPRcAEMEJSEBhWRYAM7PjOEIIZmAERhAShUBKXnZAcfBk9/Y8V2tPSjl06NBly5YHAoF+fQcIYe3cvTsSiQghqqurd+7aUbV9WzwezcsrUEo2R+JM1po1G+ItbqK1VcVbCrKDhblOThjd1oZIQ019TW1zfXNGMAdUYG/zZg05ZGo+LXvqnXve3vrx1qatazfP3aTACTgoS0eU5kDdy+/W1DTWvTOnjoIlR5RZMpyRAbFlyxtqd1e9ttbrMh67UQ2IkuPL3tuyGyDR6rHMGDuxUK/55LFPvIqJfcrs/Zm9W2Gt7kQStUsW3zF9T+H4kZf96PCTC6B2976XrTsRGHD2hZdd9z34x63/2tp2SiiRPNVNc7t4ZGVi8ZxNMQaOrfvn3S+sjbY3MXQcTUdrWwKlFXkWx7fMnrMl5tHnUFf2MWPnxocMSHyyZJcLQE2rP6wpG1veXgN3q+avaSLg1k2L9xQML+uinNNeBabWnZu3N+t2GylE3qgx/O4r8+jQyryiYUMjs6Z/nDlpaLazd7G9nW899tJGp99hJ3/v8osPa/14QzN1FuRTJNnn5epyBQJ7fTcNYKV96f1//q2OSCmPiVBJQM8DlCknLv973o89QwTg5Dc0oKaNLQoBGbEPK1aETElbjGYAtklvakgAMwP06+EC+Yv6/vp/2hGA2wcCgNLa8xQr0kCsRTLpL/rJdI0LgMFgMBgM3zQYQAgEppbmxltvffCBhx8Zd/i4q6+5Jj8388Xp//zxRT867rhzb7v9ln4V2cCaSAAK27ZjsUQgGGSAhOfatiOkhczMJAWhEEq5ChwhEaUUyEopIaVSOhAIJn0ZiZEUCi1tGwA9pYWgYNCRAhFlVm6mZVvMxIhaaxCESIDgKbAlImpLoAR2goHscMgTwpIWMbge2wJRMAFqrSwkISSRJlBSStsKamJLCgDQmpjJdhCYFOmYkoicY0uwARgZQAAIoOxwMDNkMbOnSAHYQgATkAvCzs8vYQAkCAQQmAUioNCsBdoIAFohgQg5mpmZmCEQSGpsvgsAACdVfSKByMzBQFCT9lzPsW3/0VBKmfYaAGInEAAmYLIdm1EoTSgEImhi9jwpyMLkMpTWpEHYEhEQWDOjJiVksjxBOgoAmIlZCL8o9UGCtDAvP6ehLgwgEKQUTlNTUxlRQ6RRhr1AhqiuriPNpSVlEc9tiTaDoPKB/cvc4KJF6xJRKCoI5oScnv3LWhsaGvbUCluFs0MNkXiLdndtr7YDwb3Ni6EeP7pySvZzH8986d23NDhZOUPHHHbzyQP72AD9x1x7tnf3q29cOBPCpb2+f/H4sRkgKoaeN2rng6/NumTFgDOHZ8Aipg5P4fagE4YO2bj8L9e+PvqUw346bP6DL8x5bvC0bx8yYNAzH6728n40OtPev9m7DfsOdSOS4H7FxXM+uu7qZR6I3L6Vl5zRIxTZ8pnfAKvk+CsvXnTp9U+NvOfb/pkUjhym/+fa3/Cvz+/cNuPQS66YdOPtl/w4YLm67NQrTuqcDLD9aOdPPavPNddecllZj/5Tzz6r4o777n7/gs9qo9iPGds3Hn3JZYtuuOHi2QHpir7fv2JqaVvADGurqHDZvVe9uLO6JjD1ikvLrG2detsVXQU+TwMAxJb+9fKnpj5+7/FOaiMv9QdoF48ZUv/ovKPPL7JsPaZ0y1Obz/t5rgBrr2JbeX0ylv/5pzMxZGmdd+zPJ+UL2L3fkuzzcnW5AgEv+W5ee8tPBu3VIPYNBU8cUQoAqZyx7GkaOHjYutWrEQQiZQTshy6a4BsGUmH/bc4WfiAAAiM66ITACQo7xG4UElFKxEB7SMzASIBSgh0STgisICeiHG/heAsoDwCSCj9AWyAAMDMDk6vo+y+uIWBmwUCDhg5dv2aVI1PRcYwMXCeLqnbXfDEXa+fOnV/MRAaDwfBVJh33CwALFy4cN26cv42IzLx79+6ioqKD6THd8JWCNAj0GBtfe+mVn1z6h7GHT/7jdb8/ZEglardq55bb77xv8aKN9z9w97DKEikY0WJCYmQQBCgsyQCkSQAAKSkZSAlkYttlWxM7FkrUABoBlWYAhxgtCUIAkEb0gFmTw4hCUM3uTb+99OdzF2+5+k93fO+c02xytWUxK1s1sxXyZNiPoiR2pVDIKtrYctb4Ka2ZGdfcf9/Eww4PeGQBamYrKBC05AQzEkkCJYTQFJASGT3PU7YIIirguBQioawWcAI2hrUnBBDaikECS2ptrNo08rDJOpT/wqy5wwb3CpJnY/3SD989/0c35vc77PUXHspwGHyVXnjAzGi3SmGDCMebWTM5GWRJIhYATBoRLUuQJsTks5lAJNKIQjMwCPDTKCglpcRUFIByPcuyUAgmAibQCiUS2nHFdtBiAGSWTBIUMAGi1sL10ArZpCkgNJNWxACCAYmlHZCagJmlQH8OYEKBnZxYv148+/JSADh+ciUAXP3bk485euLq5fNXr1pxyJBRO3a2HHv8ecedeGacaMO2VbWNa9+bNzPgudKF6nX1Tc3NfUYMGHboyIUffbxi+fqli7YeMX5kPNJiAYwaOnjjuvWhUCivoGTTll279jQpDOYV9Hhhzmtf9ukaDAcV+bkZn7tvaWnpAZRkbzxwz53Dho/AJKLT//7Wzu3bLG4Lrk/lmcWOX6zUlrbWL76brrKL5BffBSYXEy0MTKkcAamVfABgIkCPINpCTMh+aloGoo65AH2tPm0F8KduszGiL5hvDd5rXVmDwWAwGAwHM0IAMHix6G23/TkYDJ1zztlDhw4GJmHJ8vKKK664YmtVw+DB/SQmEtHImlVrF3y0pDHSokGcdPIpg4cdAgKEEMAkpBSgtdZ19bWz57y3etMeQFFaUjDlqMN79+65deu26TNejkXBCQSGDhk2ceJhOdlhYN62efNb78yvrqkLZ1jDK3tKgZq0Zg0AkUjktdmzt27ZYLux3MLiI044vU+vcgRGBuEbzpQXdgKtADv3VD/7/AvV66tyM8MnTDuhvG95wMZorGXBhwsXLVrB6GXn5hwx8aRBg/tX7dr23LPPV5QMmDZtSmYmrF+38fU33ysceNi0EyeHwH+kYoHJgOJQZrhfv74fb9jx/ocfDhrcC6WINcXnvPlBbX3kyDOG2o7nUXT+B4s/nL8IURTk9Th07IReh/S3HLF59dI335jdb/TESUdPkVLOnfvuoo8+qqgoP/fbZ1somEkIBADluuvXrZs9e25zLAYopk07OR6Pr1q96qgjj1y8aPHGjRsnT548d/ac3NzcH/7wh/F4/MMP569a9rEmysjKO+KYYyuHDiICAUDMEgCA6/bUTp/xak1ja98BladMm0YW19XWvf3OO5u3bFNE/QcMPnzihJKyMtuSTEwMUiAR40H06JeTk1FUVLApEHYTHI+xLcNVVTtisViCWSlqafa8hIg1xeq2787QGX369B5Q2Z8RjjnmuK2bdnlxmHTYeNXcajOPHF7ZIyuck5NTVFyenb06a+uedVt2a93VY99gMBgAkhUBOtI+yMpX4dtqsZLvgs9MgMmCvMyAvi8/+gVofb2dGYGZGQmQU6q+r/aTf8/idtp+O7W/PX60QeoQioM1sUO7ugbJBMYAkE7923avS7UjSBpifLc+gE72cO7YrXN3P/svYlvT1Mu0d0W6zlI3M3DqjUl+KpJGJE4VUmp/LqkPDqP/K5n9GBA61gdONU8XD0q+ShcBZgRM5pBtqyvUVmqo43n5FxHAL5ecuoic7A8dx+lw1bpK1eWCJi8+p0sYcUoY3J9FieTlSkrUnRCd3yP235H0Fe5Wqg6nkH7nODlL53Pq+F51I4bBYDB8dWEA5kh97arVG4YdOmXUqDHsf3czAnB5aUlJcW/BnEjEZs2a9cADj7geVVSU79yx6+235/zsl1dNm3YcIgAjk2JQLZGma3//h9nzFlT0H1pWXh5trR8/bvjKZUv/ctd98xcsmTTpmGhz5NknHv+v7/3X977/PS8R++tf//bijNfHjD88Ly9j7bIFa1avCTrhUCDQUFf34F1/eeqlGSNHHZLF3tJPnlvwyaafX/azYYMGMEgGQKEBNLNXV9v00vSXM6yMlu01iz+aP3veOzfeenOviuIX/zXj4Qf/bslQ7z7Fq9asnDlj/h/+eG1U77r5lhsnHnbilGMm5+QENqxfc9df/zrp1AtOPHEygwD0gyr92xEGsrN///urf3bF7597+qlDBvWbNGb4nLfee/qZl8t69T3v29NsGX/m2ccffuSFRIwHDxiyae2b06e/9d+/v+Lw8SPeffeNW/98zw9+JQ8/+hjBPG/223fdfffRx534rW+fIwCFEEzE2lu84IO7/nb/3PcXHD/1eMsSf1zwAQvZEnX79en7yvQXn3vhxSnHn9CrvGdTpKkl0jDj5ZcffPjRgtyskuIe895fMGPW29fdfMPw4UMRQAACQnND43133zXjtTeHHDLWDuUBQvXO7Y88+uiLL8/s3bt3Zmb4uWefHzNu/DW/v66ioizlAgDEjG1OSF97cnKzsrKysjILsjOLJWbmZIfqahtisURM63Aoy7FyykoGxqzqhu0RAPRIN7U0Lp4/L9ZMI4aN/ME5Fy55f9GkQ0dXbdwQZrswlJUVCmfYMj87M9LD3d3YQNg10NpgMBgAujcBtP9mZV+l99WWZMB+UkVlagvSYvYPYpt679+kiRiQCACQiZNxAZzSmvZFR7vAwfOV3wFiIsZkOKAABhUFy9IQoGTKTpCQNPVrgQJYkEuALGwBDIwKhQII+iMxW77RpJ06qjUBAghBDIJZoEIAJWytOCg1IBMIBiEYUQMgeFIBoABpkZ8HWWnyhAwD+fIwoUdgCZCCGECTQGJh+42lZgAAiSmdWyuyQLBkhWSRQEIgBRaQsAlAMPhLAYSoCWwA7YEMKAAmsIgRAAg1gmezA1r6zzkpW4IC0AxSgwPAFilG6QFIIERSgJ6GDLRAAwggQRpZAglGYAv80MmUrQGSFi3wtJASBQACMQGzb3fy7VgWsxKoNdkaUCNLRNsvMk0JkILZYkAhUBMBgvDTZmgW/hD+E6ogAkKwPO05UiII/5kVEH2LGiEgE3guOLYGIQkFA0liEEKhEAAybXTxS0zbmgAlAGvBmoSlAS0GBGIUmtlCAgYgAUJoBEEADFoAIkjfKid8L6CvsVOlwWA4yOC06b/rfZ/9b2usa9zV6mJ2dkF2Vh4yICAoLS019+3ZD97/6qAhfU87a+LD/3gqQhm/vuqyQwf3i1Rv/+/Lr7jtL/cNGzOxT49wMHmD9R576MHHnp5x/GnnXHftr/NysqVQWU7szzfevWDhkmuuv+3ICePcprr7b/vD0/94pFdl3x0bt7/4/MtTpp1y1TVXBYLOe7NeeeeVV+3cjEwbZvzz2Scee2TyKef++re/DOvE8//37H2PPtW/f0W/fhfbtkMsBSi2BXHM87x+vfp899zvZDP+6abfznh5xjNP9DvrO9/9050P9+9V+dtf/aJ3r+wF782+6spb7rr9jgt+fio6gAGHZQBFMDMYDNlCsLIRBCICChTkP4WhjXbg6OOP+t1vLvv1VTc8dPtt9eed8/ST/9oTkzffcPmYoX2jezbfdftfw2WH3HbrDX0K8xa/N++PN956zwMPHzr6LzurNtrCzi7owVIISoQgHgQVKiiNSYkANoFA0dxQ/fxTT749b/7vrv/TGScfJ9zoqy8/e+2tdx521MmFBbkV+RmWHRo9+YQffu/MILu7t6687647Sgcees1vrigvK5z+6utXXnn1Y48Nvv22m5LlpLWu37PnjTffGDRo6A03XQ9OFrK78IPZz/3zXyeccf4F/3VmTob451PP/OHmv/QdOu6Sn1+U7YAADcQopAtoHyw3rdbW5rq6BtIyM6PAc0VObn5tYxxAhEKOHXYCu7NDgfzc4oycsTlbV66urt61tWVzYVnZnp3bI5GW8pKeGzM2NFVHghzcuHx9JFJTu3sXO1ur6up21EUizfWKD57qiQaD4cDSzVdoRxMAA6Wc8zUjAWjfwz+1kwDS7v2U2k9sFZQXXD2z4HezCv9nVsHvXhMZucyEQEjE7bvv6yedeADS69IHGf45MipKrfC7LcAeIyoEQtAEngYG9BfQffWeUCSI3EQCWPtarNaAfr0cYCCdtMJoAAAhEAWyn+tR+LomeBqEANBKu3FNioG1YtYACSYABaSJtPZDObQQrP1MHOwXbyRKBmkwMGsgV2vQAP7Hwzc6uwkgTQAgkBlcz1UUZ5fA83VvUp5KeQeA1lolow99D08iUq5SCU9pAA2CAFKfQwACrdlTillr5SKQBiBmIE+TJkDfbhDVcSEk+IYCD5h8uZiVB8oDBtbadV2l/NzFmon8a8UAmnRKzUatyS+DA0CAxKBAEGNyVV6nE5QoD4GAiBUhIiPGVYKA/fRJWhNpnf7DcimBApnZ8zytNDMRKWB240kXCyJFrDQo0MwJ0kzad11IJc0kAk2aWHmKQKTsC8jASZcJJoWgBeiY5xFIQKH9rJu6s58DERHthz3OYDAYvhDS+r+/3QlggAQAyeLSQnC4IdIaiTRLZCQAkEAqVlf33hvzZr46c8eOqrWbto6dNGXCUVPK+/QZPnr4qSccu37Nxg+XrLAQyFOstG5qeuu115SddeIZ5w4aXFnWs6SktCTaVLduxZpDRoyZeNSRZT2LBw3of9aZx7U0bH9/4YL3PlxAHpw07bTe/fuV9uo1+ehj+vcfGLCEF22d987s5kjzkKEjmqNiw/qqN16fVbtz+8YNaxpaWjQAIyLa4MUZVHFRj+OOnjK8cuCggX0v//kPM4KhBe/P3rBmQ82upiOOOm70mEMrKnqeesoJg/r1fv/dOds2b9CapB1MJLRWur62Nh5LOBYK8H32BEHaw9JiCAgncMapU390zrT33njlyl9dNWeNaMMHAAAgAElEQVTBsgt/cdXUE6eGbLll1ZrtW5umnnzmiNGjelaUnHjy5MrK4iVLlmyq2qPiMUYUlo3Igt0gehZAWe+BLQAKgECy5pqdVZvXrx00dMRRJ0wt71le3rti6knH9q0odexAZkY4y0YJ1tAxk7KKeuTl5az8+KPdu+p69Ruopdy8bfNzLzznJuLLli1vbo4hMGsGIXJyc0tKS2fPnXf5L3/tKtHa0rpqxbJwKPvIY48ZMGhAeUXpRT/5gQXw9pz5tRHXI2bSoDUxMvpZqb9MDtSnvby8ZzgczsvtkZtd3FAXi7Z6jY2RaDTa0tyKYJWV9g44OfEY9izrk0h4oVAIJZdVFNfV1Yw/bNzwISMnjJ60dcOOqo27ehaWD+4/pDi/h2AKBuyW1gYULtomFbrBYOiebrwAhBACBSMgC4C2XAAAAIDo+9v5dVmY2ff/Z046eJOvt3Nowjlt9fqkFZpwTnTWfX4WACTYLxcASM4iQJIAwfKgTC7FzECEUiKDJrC0C44NymUblGZhoRCAAEjkJaJ2MAQgCRwFgAi2DQjMKmFZAUUgJCD8P3vfHWZFkbV/TlV1940T7uRhhmEiQ85ITiJRBBRzQsUEigpiFkVARcW05tU1oWvOmAOCCoKApCEPGYbJ8Yburjq/P/rOMATd3e+337effvM+PA83dIU+VXO7TnoPgFKARGYEDY2QRyPpFSFDArAsS0NiqHQBoICAcc2wbRsIdaGjBSAVAChQgnGwSdmKgUIOnANEeRsZgIZA6LjXQTAgFweQJImUYsLFyY4ANxHBVFxJdAEZmgS0kRNIMEFKCrswjiRYAghB40IihWxLYxoikOQomGAoiBNA0JRuTQeMANmKXMQRAAXXEATnAoBxAGVL4ICIiIDEiaSb6USWsvRoNWhkCqQCJgSCBBmsYzF+TgwR0bHCII9ELK5JjhwYV5JIkRDEOQAIqVCpiBCIEI1GRACOoMgCrgEZJMOkwsoGoXlMhZKBJgwAiEQiggvOhBN0YJo214RgzkIRMo6ABJIxBhI1DSJBm2vIDLcEi4ECIhQMgVlgG5yRImVL5IxxRoohcKGxcNh2GYLIuXtAEySS4Aj15eiJUcIdRhSSAIBxQgYAKEhalo3ImRBOIegWtKAFLfjDQAAw8sel9u/XcUvRzg0b1rcrSCMnuBx5UkqyaYe9Lk9dsKE+FHJ5PLqmIUoIRwKJCZKzivLDRAoZMCHqy4OklK6z3JzWHEnZhIxFTAyalOj3+t1M2YBCuOKTFGBZWVW4ISQEJCYGTBM9btA0IzY+/kDFQWnZyrZCodC82XfdN3+BX4v069Hl9jvu6NCzm8/jVgqkAqEhMA4MPW53fCBACMiY3x8LyHRDLz1cKgj8HoNxlGQJNyONhSKhwvz2Pdr32LGhePP6X1slt1u2fGVNvTVmzCgAYARWWFloMY0hMMGEsoELKyYh/rIrzl+1ft0P63afc+m0SZPG+9wuRLu8skop8Oiac+DQdbemG7ZZyQFcXp8ikFJaUmmAhEwwFgo2aABSgWAAyMKWFYqYiekJHpeQNqBt6m5PYlJqOBQKhUK2VKRIcMEYWLYphFZdVfPCM08vevFZkpGxp427+Y47cvM7CM0AQCApbTs2IeGee+75esnyW+66f8zJwx9deHfElLrL4/O6OUMkJNNOSU0JBusZIkcChYDMtlT0YPSnQGxMKpAByk2WdmBvmWAxDTVBFbHBJUpLyhSRNJmu+1pn5lZW1oMWcafGbN+0q13bTuGQvf9ASX7btovffq99m6zDpYdi/HqorjZYX0sAtbW1UriE3sKB/gdG9e6lVcXfhKr3KCsIAEzzuOOy4nNOjmsz6D89tRb8GXACpZpxDhjN1ELGHK3e8e07nlh0fMBKgYx+iA75nyQnIgC9iUbHYc37NHqeiroHlSJF/3wIADik042TYfw4XYXg32iL/Y8AGSJjSpJTkRE0YQYb7r7l1i5durz44stmxFYEShEppXE+/dJL2uW1e+KZV2Q0DZ2DZbm4MsAWAizbSQUgkAoNDkhIFjgxAtGQetKEYEIHrgkAhohcI2C6pjEEKWWkIRIGC4gYMLJRETBdAOd19Q0TJ541duwkxzXOgLGoCQAAEJTct2fn8AF9Jp46/pd1G0ypiAGGas45bWx+Xv/Pv17NhVIUknZk7i1zu+T1eu/zT7bs2dG5Tf7ZY8+qqm0wbWUrRQCG0ADAitjIBBFDkkgSFHk1TUMO4QZLhcIyYiqbcQBAaTMizYookKQxGWmoDYeCEVspAo66QCQ7wjiAdIIXIOr7lhJAMsEUQYRQAkilFJFCEIYmGCIoh/iYcbQiph0OKyJgIISGgACcARoMuJQkLWTkMFWirgFEDu7ffeUVUwcPG7WjeFfQtAHQ5dKFYIhgRkKWGdZ1XUqKmCFbmpxpgjlZB2RJS0mFAC5dIMPqUMhGAJCMEyiIRCIaCEIiBOSMiKQtCZhCLgF0XTjlOk2lLNvWOAiBoEzQ1aRRw7v0OeWT734hjpoAgQoRZNgEIKFxBUwSSKKWIIAWtKAFfzCQQuJz59wXDNa9+tILe/cdkLaMNNRLW/ni45lODeH6tLSM9OSk3ds2lpYcVLYlAb/6+lufBv369CQpbWkBKF9qalxyQqi2/LuvFytpOznv3piUpNSE9et/qayocWkUbggWrdliKl+XTt3bZGU2BGtXrfpJMMuWqqSkZN26dYDoi41Jz2jl8/tumzP753XrfvjxxxdfefX6G2cOHjzYpes6B40DAwWEYVMdKinZ+OtaK2xHIvLHH1dJFfG4Yzp3aqtUffG2jZZt2YR7Ssp3HzyY0iojLyv/Lw89YtVVfv/t4qItRes37+nR55SuXbtFIhQOhRVJw9A1rjiXpMi2OYELGEvKThs0uH9Kcnqvbj3SkxMdj0zbDh0I5dbNRaF6k1Ds3XNw//7S9KSEtMRAbdAksutrqgXDioqqjUXbauvr4/weInAhSdsiYvEJKTHxgVUrV1aVVjIk0IyyA2XLV6wM1tc1BBuAa6BpthUxAHxud1p6enKK7/Krrlz2w7JNm9Y99dQzt91607hxp/o8DJGIcad2YGHnztdcN/37pd+VVVcWbd6S1ir9cMm+vbv2WqatCHYU7y3es6dtfo5H5ySVlAoANZ2r5mxJf3BsKTp8+LBZX624cutk1JXWuUinMOlMc2kuBKisrCorq6ivM0npzPKEy7AgrUtmYkF9nbQItu7a1r5b22WrvineW7Tsxy/2H9jpMoTX7fXFJEilAf+vU5cDANilq75ZX/2f4RMIrps/acbXVb83uLXvvVmnn3XFguVle6Ivmi7/V2YeXr9gym3fVf/OjmrsLbxxwUXTPyr//xbIP9PPnh8fK9v0Vkp2h54TZw+85IWBl7zQc+LslOyOZZve2vvjY795F9Z/cMn+dfz2Mv2OiEJr55x3/Ve/t17/3DUtOGEUAGeIQAyYQnZMFIADaiwQ4+QxEypy6sE4cQGeHuOAHdUzGh6j68jwj2/jv6SxEyFDJADFEBVjjgngGPayP/gKR7XqJt47pcjeu29PWXlZQzAIiOjk+yGAZVYdPlBf11BjspAELwNUAJyDCitlohbLOElpIyJqBqJSZphrGsmIRYILTiQZAkNumqYmNGBESgHnQAxBcsbq6+onDj917/793239MSY2ngNyrilJCKTpxsGSUlJCEXAgBImg0MniR+Joe91aVUVZnQ11kTAxhsBAiD27iqsqPG7DC6g4MiVZsKam5HBxTX1FIKV3RWWwrLLGtk0u3CijzHW2BM0tlFJKSSYIQDJAAsZIgaAbrrxs0eJlM265/Zbp1zFAIJQ2CKEBqH07tp01fizGtZmz8NEhfXuADSjQrbvAMgEBhEaIQAxJAgNArgxh26au6ZJAIFdKKqUYY6SQpFPHmQGg0HUENImAgCFYlhKaRrZNZGqcE6JCLSQlmOjS5Yql382Ycee+Uqt1YfvS8rqCbNGYF4FAqOuak4hPhC7d5RBjKFshkxbayLjDS0AhxX3M4/FJcoh8EQT4uC5B1oWDXrefOUcfIkIMSzJt8hsMIiZojHEdkYGK+rdA2gf27YuIbAt0W4LBbLIjyNyoCUImlUIGiH9ajo0WtKAFf1IQcABCJryFbTtfedXlzz7z3NRpU6dcPDk1IeHg/h3XXXcDaT7Dw1JSU0eOHP7ss4t8Op45fszGlcu++3HlOdfM6lSQJkgBga0URzb77rvWFV/9zF8eiDfMTp26xQVatc1tPXbi+Svnz596+YV3zLrt4K6d9z70eO9+A0eNGFnbucOm1T/Pnz/XEwikp6V/8MZLCrC+ob62tubyKy7fVLTx0UcfTW+dnerBXxtq33jn3f6DB11yxRQAYABS2iR0Qv1wRfnLr7wqQLOrKx9Y8LDP75186ZROHduee8bQTz58TWg4ePjgJ595qrrBmnnjtOSU1h7DM/XKCR9/9vHWnRsPldpz5s2Ij/dv37L55F5jhw8b+Pq7z3HNREAOmmGgbZPgBAiKMSmlYA4lMwJSan7BBRee/faH7+igRg0d+OZrr+zad2DG3dcGfK7+g0954eXPPv/086zsvF3bNqz6dbNNLFRf50UQBIxzUpCa3nr8xHEbdjxz/jnn/WXhAyjrb7ttlub2Gh4XI7JsRYhIKtgQ9nqxTYfOI0eN/ui9t5MDvt69uiJ3PffCKylpGQ8umMsQkEiRrUhuK9p8uLzmtbc+SEyIySvIy02Pyfvsm8ceuC9Seyg1MfaOm+9ok5130blnxHoY58ARAZAjMEXwZ6GHrqioNoMWEbXv0O5A8d6OHdpt2Lzl0MG9fiuALs0wdDNSH6mrLS0ttRUwprm4b8emAxlZecGgvXHLtv27dnqVbNelQ+X+7YGUhISkABmedh16hIzAjtKa8P8fFwDVrXv3vQNXD+wcp/+7bvffCQpu/2lP4ayXbu5pfTtrT+Gsl27u5Wn86l+Zuavzzc93/t2BGntz/Rtm/U9h97LHPF7eacidQkMgE1QlALg8ekaHwakFg3b8/PbuZY+1GXhd8ybOXVDVV//zS0YE/7Vz5P/yDfanh4gyhzdbPwJSCKyRcRVVU7pzo8oPECVVV40vohkBRESMCaP7GOd6e896npKDLh8AGH0mhn94ywkl/2fhBDcDqaPsvX8i/d+RnJLIWbTGAtlc1/Nyc2nZOimVaqqYAAo0lpoYZ5MKExIDFrWFMJA20wypABA1ziVAxFYuzoQmQDYA1xUYtgQPRwRFZOu6kLZEptkEoIgBkZLIGBFltc7SDJ0h58g546QIBACyiGWHw2G3K1YSIBB3KkMAA0BAZZphaYbNYCgu3e+OibEUaYTAUFqmpsW7PS4iG0gRaYyhQFKW7dJ9JnBiDIE4KSBA4grAAiUQSFlCcKUIEDknUkqaQaFhbHzA7Y9Jy8xkgqFTX0KCkgB2WHdp6SlJtj8hOTVFKSIGNiED5CqEghMhgSAAIAmoLDCCViTWxRVIAA4IjHFAIEWIhIJLIgKSkkAqTXBEx3JFQgggRMaZVMoOK8ZtLgi5y5B2uH7bpi1bt++/auZdV02fmpjg4QCklBN4L6UkkEiESIbGbSmJCLmTqIGM6TYpQSaCjjpTBERSgVIgJAEnIivEBBlulwTJSCrJCLkE5Ch9OjKlSAhCAGDMoUhETTKDK922ldBYIMZrMAW25dRYUAwVQEQqtyZISVDEOW8pCtCCFrTgDwMpgSlQmtejX3/9NW0LCz768P0FDz7AiBipIcNOHjR01Jr1qw2X56opV6QE0hYv/nz2XXMMoDvvvO3MK65DIARFiMAFkCzo3OXdt16/a849b7/5zttvv59X0OX666aPO/0sydnzzz07d86tQNrEcy48++LJ+Xm5em7WDbNmPP38y4sWvcKkHHPKkCG9unz8xZKYGH9OXv6CBxfOe+yvTzyyUMggkt25W/fuPXoAASNCBow4V7xT1x75fX2DJk1a/P4nO9avz83JuezyS0eNOZWBdftts+Li4r9c8u23S77zBRJn33P3xRedA1L6PK5Tx49Y8v2Srz5befFVM3ucVOAWLFhX17lbu5y8bGnbLpcmlSJFCkAIDdDFhDe1VWanTp0SAzG6QO7Q2xLceNOsuOTMxZ9+sfKnH5ISAnfcPXf8mRN1UoNHjD3/ohVLVm5+9plnxo8bfemUKZ9++pnP0DRwsgtBInDDPWrcRKUHXnrljbvvuiMQ77tzzn17DpSsWrPOVpSS2bpzxw4xPiPgdYFqSEvLvPnW2/2Jry7+5JNPP/nQVqxNbtuRpwx3skg5ZwBaqLb+zTf+/tWSnwi1++6fP3rUMAPC8+bPf+yJZ1/82wu2pTp173n+hZcMHtgLgRggckFSAYBg6HDf/AlQfnj3zp3eeG/sodLyBqtSaUFXrNp3YHOXVj28fj0UqctMjz8QqQ0k+w2/xrkQLh833BHFU2MT9hws+/LrJWePG6uF6xPSs/wuUResy8rICUlU3DhYWpWZX/ibA5u7P7pv9lt73UkpBR1wZdGgpx46ha156f6XVtdzCqlWp14/vc+Ox59bu81+8MHYm2dNzNQBAGT590/N/duGiAZhO230rbeMt5+/6um8hx4fnVD7/c1nPuyZ9/rdJ7kOvXP9nVXXP3pK0WP3fribdBXEthfdMb3DjzNmFl/+4k3dPKBKP50xbfW5f7ujl726+YgzJubyPR/Ov/Pd/TFprbIyauVRE5ZlPz0798XVDYYmIXP8DdN7b3vipc2VZc/eetMn2sHNlRXPzn5U3j69TzwD+9CXTTOfOWDf35q1mjEhffNdk5/0DcipKaspO2B1m3rXle13zb3s5X5PLeyx/W/z/rqiUtnQaswtN59V6HGORc16u240UGjnO/Ou3bjnUJk+8Mb7ru3lrzhqVjMmpBfNvuS1Yc8tHBqDobVzLnht8N8e7Ff18dGint/quH7ijgRll+9cGqwu7jx0pmANlSWHd2ze0HvQyQC48vsv89p1CCSl5vUev+K9h8p3Lk3MPZIREFo757K/ZY9P/NiZ6vQRRfe8EDskr3RfWcnehg5T513by7P34webrcgNI9O0xrZrZh8lkzvG7rpz1rGL1a3ik6ObxxXNu/xpb1fPprrBd98xPsPp7NgdclZbN1X9cswqu/EYwR6/TK3g90Sk6tYvmv1B0YHSat/gGfdM7Xn8KkSvq/rl5RMN3QIAaIwCOGIFIAIk4MAInLfYPAoAqfFH18n8byyHhk6WOBEC6R0HM0+sc3141YdaRkejz0QA4Imttdzu1vZV/8LsSBE0ZjgTHmM+iA7/x08EAGBKKWDRaoyk7HAkpOt6jN/npOwBEoACsmwrLDTdFRODCKjU3j37V6xYHgmV6YbWZ8ipaWmpe/fv+nH1+qSMnF5d2scZWHNo16dfL09o26Nvvz4KgDtMgQwA4I13FtfX1aSlpHRqm7Nu3dpASnLnzt1OHTtmz759mhBbd2zd+NO6vNyCBjNcUrJ76JDBuu52ckGaiTtaGs8wNBkKmpEg1xhxhhxRAZgKkSJWOGRFAACRcaHFJMQynWug2SHb8LncPo9lmd99/+2B4r3xia36DRro93kkRSqqypd+u7SuLpjWKrV37+5bN2+ur6sO+MS+A+VmWK355VcMBrt27FxQ2NEQQjBQHJZ+801lZW0kVPrZJ59uSUtsl5+9bvMWf2Ly2CF9dGUePLRv6Yq1ya2yWsUZG9b/Ws3848+YuOz7b3btKI6NT+3R+6S09DQgAEkWmKt+WbmlaAdyPSs7t3v3rj7NB0QaQ6UUoEJkyrR3FG36tWhdg2klpOcOHTxIMHvr5g2rfl6DXNu5e/9HH308fuzw1KQEjqyRvdpet/bXDZuKXB7f0GFDv/1uCSl16pjRFRVly5cvT22T3alrJ93ND+za+8U3q2Lj408a2PmnlSv9scl9e3SPc+s1pQc++mhxoKDjwIH9G6rLf/55w57S6sFDB2a3SuTEAJgUmgTSSJaX7Pvl5+X7K0KB1PSJw3oKdwwjpSmLKysUql+yZOnBsuqwEn0H9S8szHe4HDg6VT9ZixWgBS1owf9+ECoUQFIC6YAYiPdMOmPCsCEDa6trBDLGIDYuJj4hoaxinC/GZ+j65ZdefNq402wphbIystqYQudOpiEyRciAI6mCgtznn3364KGDNmi6J5CQmAiaOH3i6QN694iEw4R6fHKmy+fjCCDVuAkTe/UfVF7bIDjPaZVsN1SNnnCGLyFNuF3tO3V8eOGC6vqgZgYZqJT0Vm6vB6MOEwlAhsd/+9z7TMHd6WkDep0UqanXhZbWKhVQKGUnp2bMuunm8y+tt0B3+2JSEuM5I7JsQGaHLURvj56Dzzx7YmJSHCnVs2vn11/7m8ute70eUpIjAkeliEACcbcrYdKZFww9ZVJCYpJAEBxBATGekp4+c8Z1Z591ti0xJiY2kBAwdBEO1bm9cXfeM39KaR13uZOSE8M1NaeeNiEmOZMTcFBKgQKOTMQHUs4666yBg4aZZtDn98UlJFXV1Y09bUJ6Ykx2ZquBp50Xn5bBSJEiJJ6Vm3frrTddUTnFNC0UenJKWkyMx7aAMVBEiOD1x1w5beoFl0wRLn+rzEwOBErr0rXLQw/eX1ZeBsBTU9N8/lhEsG0gBgoBEBkgI/Wn4YdOCfgO7tsBqWka5+QKHqra1RAps1RFZfmuuLg8ycx9u7fW19QAt9IyU7ZsK/YJ94C+fSI2W7Nh66qVq2vKylD3oCsmzuMGGc7NyqsKRYLVwU+/Xrr9UMWWfWW/MSzVrHhqUeWkx587Lbl26X2XLpZDWcPap57cOmjB42OTWd2ah6549Ks+D1408p39Ylaj/g8gD3+/6JfsWc9d31EP7fjy00O1oke//KpPdgZHe4t/aeiYF1q13+ydsnVFqOPktPDh9e2mLLild4Lc/erVt76364WzJ6R/8MGa2q4DvGXLv6zqfWlnf3Dt/KNG/Oyke5Kefr3qzMefOy3Z3Pj0JV82swFQ/Zon/rKh7wNPn5spqn+aO+WRr056dNpFX29YdsH9c7pGvr7xqmUXzL2+mxsAAETasOjMJ8Svu/um5q0+O+n+bG6X13ZfOLd/XHj9wkueXDzmofYAQA1rHn9sw4AHnj09LbTmufsWrxtR0DeeHd3bxJRtCyJlJfnzH7kqsW7JLZe8vW5yoefoWX120n1Z/1jUAHB0P5f0HBzTtKEPFn2TVdhX8CAA/PWBe2qrq3sPGgQAH776t5i4uJsffERwq1Vh3z2bv2luAgAA4GnDLhz5dXSq28yyso4L7p4SU//DbRe9tXZyt06H7eYrsmPItHaNVBF4tEw+HzXnuMVStUXHNL+MaebBQ91ffG5YQpNyftwOkW3VuqP31Wd9Hj09nf+jZVpQ8HsiMktL2i34yzUJ9T/fO/nZxafmFbz4l2NXGQDg2C3dNHQLAOCYRABHnVagnNjgaIywPErxdoqyRasDOgXNnFgAJxAAwNVjXLS3cL21foks2eWYAADAOGmitW3lvzA7AoaMiBCdau9/bG3/xCB06P6lkogKkFBAfHycZdmlpaVFRVs4IkMb7HoXWjXBWguJaUza9vIVPyx66c0flv/sYeGqysMjJ2yedvXlu3ZunnPX/f1GTcrJzY51ear27pxxzY0nX3Zt1959PAIACFHZwbpXX39r5pxH3W5vp4LWnfOyvvjss16DB956e8Yrry5a8sOSMVeesXbt2ttmzmrbvrMnPra+rqxdYSESOlyOCEhKINrg0AESA2BunyevbVZ1sD7U0BCtsxQKR0I2qUhlTZXEHKFQRULV9bXg82W2zvUIPRBj1NZVvPv+h99+8fEvy37Q3a3m3PfAOWedfOjwrvlzH/zi02/93tjEgHfixDFffrPEEKJ3Yfryn5bX1PH331v80zdfXTr5ktyCfM0QYCrbirz72qK9e/bVi+pnnn22a/uskUP73j3v0fZ9Bg3s2zvBjTs2rb3njjt6Dhk7pn/7e++Zs93y1ypt1bsv7Fz/q+J6v6GjJ19xVZdOBaisJ//6wptvvVFTXmbbKiEpffIV08ZPGJfgdSFEa/uZoYafvl/+9FPPbSreLEEa7rjlI0ZdO+2SDRs2LPtxRX3I/PLr79Zt3HhSt66tkhMYAhALB+uWfv/Ngw88trN4X0p68sai9e+8vbi6uqpXj26rVi6/YcaNZ02eUti+E/NYm9f/fPnUW9p3KHzmiZsXzJ3XprBPdnZeTGZ87cGdN1xzY8/TT2+dW/jpK89/9P7ndSaLD8RlZQwHZMA4ITCSh/btfPG5Fxa99b5iekbr9LKiAbZCBtJgVtnBXe+++/4zL70VsiQT2ieLPzz/ootOmzDRYCj+yQqdLWhBC1rwn8Axhn6n+gkKoZTjICBDF+mpqempqUoRQwYICszEpERAxgE0F2ZlZkpgqCQXwlKAgECoSCHXkARICRy9Pl9+QaEkbqNQCAAguNaqVSYgEmgmE5KcCqoMkVJTUpNSEQA52YaI98TriumkbCJKToxNSIjTFHFGkhiBU+tGMVAMmUKe2KYNMWYK9BouLSmZFCAHCQ4Bs8sX48n1J0jQCDkDQIiErfpFLy/64fufd+0rue7GW7p3b6sxYkq6XIY7KwXB8dU4ZznJuHMS0wBFINEXSEQix3ujCIgUQyS3y5WflytBKHTq80iPSwdk/tgEX2yyDQgMvYaRnJxsETLnpMe5U4AAUAhOrTPTFNnItIiiQCA+IS6WK8uTlOxL0SUykDYyAYREGBvjj4uLVQQEHBCAQDDARocOIktvlQHAJTWGeiIHkIFAXHx8AJkgRFuSBqALJKe2rhP/TzJaUPg/h39XCl2Mm+d1akuownZYeOy+Qzv//PPPe/Zv6NSp9Xdfvuv3xwsIFeS3Wfrj9yXVh9OyW9fW8wceeyYUlgDMtiSTava9D/bt1jErOd7v0X5evyUZ2gQAACAASURBVLWitv7L5b9wf4A0t43abwxrlW876OvYLoEDi+85omPMa2CWrtt0eNuWOdd+CAAqZEuj0up2TCue2H1Y6jtzb543sF+/IcNOG5AowBiQcXDl3rrAyv2Z40aHPlhfWpf3U1nOiGy3vzK29Ol7ZyzihiovqcsLQ0KfSQWvvLuqqnf7n75oGHB9O7e579gRSw5WHvC0axvPAd25vQt825pN+PD6YlfX81N1AIhpe1Jy6Y/7zWHwj3CiVtmgZ/ZuG8MAXK06BKp+KDHbA4B9eN1Orf25SQLQ3/3Ke7v/Vo9GRr9OiQKYKzHZFa6rP7zjuP6PNQEcL+rj+wkTHNFvqw/v6T3iNFAmANRWVwOA8zr6VpkAkJKVv27Z579/86607jl+BqjFJbgiDRH0px+9IkcFWRwtk1L/uGMWCxg7rrkGeqte7Zo550+0Q8zi4/cVHKOHn2iZCn5PREbWwM4BBujL7ZpUvXz/vvAJVhnAOsGWPnbo/9MQjSkAzs8vOgXZkJAYIUNAPJYLwMldb6w+Bk0VAQAQiCfliKxoSo257msVbqA9m+ShHTwtDwD0DoOYP1HV/pZV8jgQIXOUZEKFKjqTo08Df3jlpdHY4jxRSDFpBwKButraN19/a+m3SxgqBEtnYU3h9k1FiscQ2Du3b37y8UeLth2YNuPG9tmBLRvWPfT4iwJp6JC+oBBRKGRKqsT4GK8bJTDluHgJgNSa5cvuvWee299qwcMP+KyGr95/u7KsTAiOQhCCVAoYi42J0ZhQiiZOmpSfnZ6V1YYjs20bUBJwJAbAFLNAcgZMSfDHx19w8XmzH3zm1zXrT+rWxaPB+jXrK6obpI3LV/xwxpieYMqi1St/WbO6Y6++BQUd0LKYHayqkNW19ZdfcXlBetrLr3397bIVZ53e9+7bb/r48xVnn33RxHHjakv3fvrhm6tWrRs0ZNhp555dL9lT76y8cMqVI/t2aJOZqWlckeJcCcEvmzo1vHBhtYi/cPr17doEasr2IqOQRabuttD0GBhjaMC05JRkr1u3qxu++nbZ9EumeKlh6XdLXnzzw3qbzb3zuhU/fHvPvQ9279599i03hsKht975+LEnnkvOyB07pCuAhegBpYq3Fz304II627juxluys5K//ezzZ598mDF76uWT9+wsvu+JRcNGjTpn0tg2Wa2ApCSbkbZ925YHHry/9HDDjTNmte2Q89U3X5aWVHjcHts2y8sOK6mSklsZbi+pcgATmIiNT3CR1BQoZkgmCOyEOE+MB8ImbSve//KiN0YNPfm008/MapuvUIRt5eKIQCpUvfzrj15+7fUO/cdccPbEGJf85LWX9h0oScjPdHP44v13n33u1YGnnTt8+CA3yoXz7lp47/yEjOzBvbuQU97wT+JQaUELWvBnw2/oWsiYkwDllD1zUqGckEFCJ+sJGBABISJwRGBCStKYY3ZnCCAVEHJkOoAi20bhhLE1/hwSi7pJGAMEjs6jmjuBk865iRCRa+AkpiNyISQAI0LEqPcCGk8yzpx1A2wGALyxzjGyaCFd4BooAaQ4EqNo8SVEhoxJYL641CumDh8xaqDb4EBSR0RQyJCIIzVyCSEBSERGwIAxAmAEiCpaTZchMoHUnB0XnNpOAEDOGQSIA1PRKsQkotehcwsIAMARFaBiiAqBc0YAHBnnHEAhIo+eZBhECxIpADpSd4bA6QcZQ+BOXSJCYODUGUZA5tT7Q2BOGV7G0akHjIjIgABAEWMOE++fAW6B2a3TayN1a9YXt8pOychOrWnI/vWX1du3ros0NDRUVwX8Pk3Hdu3a7dy3f+2mzVu3lRmuANMMJZlE0/C4S8sPrN24dWnVIUUyNSG+Nhgh7g5GKCY5oay84rfGpWYJwMicVzxp2G2PXNuuKS/b2rXimFZ69rn3vzyqeN1PP33z+NQ3e817/PK8dv39767eklzkPemMjrUfPbl+U8XetAF5xuEv7n1u74THFo5MYYc/vvbqDQAY021ij6dfXLax4js5bFa2BnTciObOv1JjAfBjmYqxsRiZM/1/kgzixK0ab9wJNT5aKP+oQxb9a8amouXH9n/ko6jacgJRH9dPMwSDQbcXgSIA2LV/PwAAMgGg+Wu3lwUbgv9grkcNIY9fkaNv7CiZHLdYsuREzZlmaEfP/7gdcrE4bl8djxMu0++IqIlBDTmPxoqfeG/846H/L4Mdv+VJKeSNknceks3+oZKgJJBE5xOnIoAiUBKkcvUY29RPZNVHTu2AyMqPoh9xYfQc88+XA2haUYYMGdBRxog/vOrfCERkCMg4I5KgLOAMAQzD1bffgGnTpt8wY+b1M26YPn361ddMKeyYw3VAhNWr1qxbvXzg4IFjx48eNHR4yJIlJSWrVq3af+AQZwDKYkDIRF3QDEbIlJIal5mUXLtqRVV59XkXXThm9PCRo0eOGjUqOSHB7fGgEFIpQ3crIIZMMF5Y2HbUmNH9+/czdN2KRNyGwTlIywRAS6EpmfMwRyYA2ElDhxa2zV3+/bd7i3crxd795Jv6iJme6Fn6xYe7DlRELPr266+279x13oXn+ePcXrcuAP1+3+lnnDH6lBH9eveOi4vdV3Kg8vDeD9/6PDu77UVTrh44bMi4iWNGDB/scsVp/rSCDu2Tk+Jdbm+XTl36DxzQuk1rwxAMFDLiQuvWu3dsfCAhIaF/v5N69Ojij/GgAMuKhEEoQhmst8yIjQwYcgRS1gXnnHvK6LGDR46ddPbEdgVtvluypGhD0UvPv1gfrLv6mqtGjBzRrqAgWB/cumnTps3bIhEJlgQAJc2dG9Zt2b5r1OmnTzzz7KFDht1w7eXpCd53P/qqzuS5BfluQ+S0yerbt1dsnA8RGDIrYu8s3rFlS1HPHr3GTxh/8vCh5553TnxsIqLm93s5I4aoCYMxBmS7PDoAJGdkaIaOIFFwYgiIwVBYSiBinPHK8qq1q362GmrT0lKQMyEYAEjC+praTatWapp//JlnjBwz4pRhg2bddANJExQGg+FNGzamt2575gXnDhs+dFC/ng/dNbOkeOdnX35br1AhB2zJAmhBC1rwh4ETPNdc8236/Wo8GTgKbfS4T4pIkVO8BRQoW0qpGGMMAQEsqQA4Mh2Ig0PfeqRaEgdkDjESB2BEgI62HDXeg5M6CQgECEhEHACIuOPrJskwWqwWgNkSAAVEiy5F2zTNWQFKZIQcSCAxRg6NH+ci9vyLLrt9zq0XTp6UkhojQHHJgAhAqSO8+E7GGQBxIAHEJB7J1MQoaZNjH4nSwDqKVuMrx8cfdRQckSU2CQGbmQyg+QGsUfgIgE5YIAACiKiVo/lljlGDmgwPSIjUeLpnQIhEdES3RwLWyPzfNCaCAoToOH8KBLxxu7fv3Lp5S2lZSVqrlK++/fRw+YG2hTnB+urayvKyAwfTk1JQ8tKyyrUbtxZt360ZXt3wVByuMG2luzxllRV+f6AmFPTGJWiasbeiyvDFmUp5vL6ysjL+m0UBRUJ2Yv2WnbUKVNUvn6+vIdCTuxREVi8pDhFQaNu7j7+zNQjIUVn2kVbWwa9f+mCnntNr7IXXTe3V8OuOOsXiu/agZZ8sVd0K4pM6tK/94sNfff3bx6hgeb2RlhkvKLz7uyW7Q5ZCAE/haUPqXn/kYzFmaLoGoKccO6JMyE9t2LytSgE1bP1pW32zg76e0ikvsm7NIRNA1WxeUZbeM+P39LrozE/cyty7YkuNAmooXlue0DFdBwAQKV1yI+vWlJhADeueuWH2183J6I+VQxO04/t3GV7RUFovAcx963bWSxCBY0X9D2DaALIeVARU5MzzJ555/kSgMKjImRcceQ2y3rR+58aPxwlXpNmgx8rkmMWSv9+8EcfvEHHcKgeb/Xz83jL9noj2LY/OdnVpQseszBM3147f0v9x1VEq+h/4909OJsoFQFHuP2o0vDX+BCOCah4rgo7D32nkmLeBAOoaMBRB3Rta9EBo0QNHrgYAgMjnr0c+f/2oLiL14NLB/Y8KljqmdOfhBUhE1Ph8osY5qj+DLYABgCKbIQFHZdKu3buFJtoWFowcPUIXKLgSEAIKfvD+G3JbmUAVDtbWVNW988bbX36xVNPCNRWHC9u2bd+hQ0paemxC7Krl31UePiMnkP/SGx8o1PKyc3QGgByIkDNlmwgUH+PlQIDM648RQhguA7mwlZJSIqChG27dpQkdESxlC8E9LrdtWaiUEJxsIOTAuWVauhDIGaGRnp41YfzYeQsWrvppGNpy6S+beg4Ycsm5p82aPf+9jxcP6d3+829/6t7jpF7dO/tceqihAoi5da/f70dEjSHTWEy8/9DeYpSUnJrRqnU2gWScCtrmx/gTwkoDKW0zBGZEWpZSKBgwBCAbEIFxM2xV1tSIxDilFKLIzs41dNy9beOhQ5WJSXz3tt2HSir6JyV5PC6G5HWJDnl5psU0EKmpydk5bX7ZubK8rKK2qsYKNtwwbeqdQijbBt2d36WLOy6OiAHTgCjSUHtw7y6Xy5PRJkNzuQnspJTE7KzMlXuppt5miLZpCoYIzCYCaRqaBqisSNilg8+rCSYiwWB2VhvOdQO5x+U2zYhtm5ZlEQFwLRgxQdeRcY/Xl5gYt37N8t07t7dL7/7S39+vDqkeXbt179zh/vvve/z+e6ZPu3LimulXXDctI9YtFXKmRcLh8vKypJT0zIxUTXAgyMxtnZ6SaHGtqj607+DBzJzuCUkJEsDrEnn5bdxC1jXUWQpsYOL/alyUYxdrKYnQghb8oYAEjkua8IjL0KFtpcbIQIdaB6J/4pxLWzHGGQekxi8JmEMrCxyQgeNtdhoD8CjXDVPMyXkDRuAcR6IxBlE6IhZVYokAkDOGiJY0gWtSWoyLRl1bAJBUFgAJjkjM4U8CJyAhqr6DQgByLLISorquxpnGBE9KddsqiCQZIDCGYDoxCOSo2qgIbSAGwIEYNCVOOsc0xy0ffeeIEKGJAMbJrAAAhyLRyXcABaiidwsMQGFUDNhYwbgpgCAaDeGwEwMRNMb8RxNHoyM2sxs0af3NJnmkt6ihoHFqzrkUHasPASoARn+iH+39ew527tGlcu+u6qraoqItikyPocXl5huGq0bWtM8vLD9cZTLPBx9/XlkTVswIha1gsNLj95nhIJJ0uVxCY8GQiSC9MTGR2try6hqX2yuE0IT92wzcLK7fleO/uOe6yz9ITW/briBQjeDrNm1m/3kPTZtiCFOmj5s52i1Ulw7yjtk30+z7r2hrAICIb+Pd8MCVn6JbSBl/8jX9AwxYSo92lS8uHXJ+ktBkj7Tdr+0675o4pseOOKPNbbOnTU9Pzh0x6YzMhU89/sODswa0Hnmy7/214wYmcwAA77EjumKzrpr05V3XX/ZJalp2Xl4ib5aJ7O0+bfovc+dO/c7gJsu+eOaINB7a9FtSFYmNM58/bXrno1sVgZYYu/YvN31QUlLmGjVzerrYAQDo7TZtaoe777riC6YgY8zNFwbY8b3ddP6xAx0/K48aP9o3d+6tGzISkxMz4rmE40X9D8A8obpyjz/W+dNq/NshUBiuCe9ffTDv5JxQXQ1xz/FNtd+cqpZ5whVpvM1jZQIARy2WfnzzHy+ScCxOsEO8gWP3VZMAfm+Ztv+2fEiKpMT1T856/+DhMmPEzGvTY73H7Y0igBNssP88GSD/31TK5ARFAR3TL0bPxYjyaN971AhMTVwAUNugtx3oufguEDoceaI0GosBABE8cc0HUBUHG164zSpeDe7fNfQQITIERY1R7E3fOMyFTYaAPzRIESEwxhhwACSHhhEFosYZ0zQIhyLCBQxAQ+4SYCD4fF6X4U7NyR82ZqKwyk4ZNqRX7wGmBEmRnbuKH3340VVLvstNSXrq1Q88yaljR45EBZIDR2REOXn58TH8xacfn3LpJXV1lV989uW2HbsGKLCVEpoulXL46klK0zKJgDNhmg0gbWXblhkSLjchKIYSwWUItMygabpcXslE79492udmvPDsM+s37txefOj5F54Z2iH+ySf/sujlV1evbLt6654nH705Ky1DQEjzeAC4IjR0nZECZQGYglnZubkRi3bv2V1bU5Psj0MU6zdsqWwINoRCINn2HdsRTQE2IihCjkCWDbqmEJSm1TbUpaUzJCRwtUrLferhB0+bdNFj993z8JybV23c3Sqv/ajhA/zuWiTFbbN4y5ZOmScBaSUVNcX7DtqSMlu3ion3I2pjxk3onJPs8Xj6Dh0Vm5mNXLhJgowAdxluX3rrrNraykP7DpKUjEFVWeWO3YeJt05MSCwhS+MUDIVIWTo3BNeAiCPLyspyufzr123ev3dvSkbnRxYsKN5T3LpVhmVZBOQydGmbStpAYteefUCKgHIKO5w/+fzpN9/1/def9erQ9qNv1voCiSOGD0+J81x8yUXD+/ecO/uuxZ8sHjHxnLSuORoqsqWBlJyWtvvnVaWHS4kAbKmqynfvPpiW1NUbH0jObLNp1866qkpXagID2r3zQIPFk+PiNADO/usFXf6IaLJ3tqAFLfgjghAUMACIRtBHHcLUGJ6vAJy8eudLBgQIpGkIpGzLUhKYEEoRAOmaZkpLaEIikq0Ec5RQ5ERMAYACBhKAADgxpgAcTz9EA+UdKEAn5cCpLAvScmkMQGkaVwqkLZ2wd8ZQaHo0oR0gSq/j3EJTHFYT3zKLAIaBBABnihk6V4CCuTkwaZucAYAFKFRUGo4obADNsQoQgmPc4E4ZXwJAJHTOckwhNjrkCQAUYwAMwHbilcFRxaOp97xRh0eMJlzwRq88Nr2hI/q+AoBolv5RfH101AeO8QLJ8X9EA3qj1gAEYMqxm0R1fpsaAwoQFIKMpnj8Gdw/AACGHlNbHaksqwvEp7ljDEVmblZm+cESv/A01ES21u7hRmy1JTZu2hXhLgC3bcpAbGxVZXVuQf6hQwdjfEZqUmJMfpvW6Wmrfl6Rm5eak5e/dsOm6rqQ1xDmCf3BAABApmo15u6nBxf61YH3r1+RluxC5u51+cO9Lm9+VffrXvq02Vt05505+7kzj7mDgqnvfDnVed3jtg+/j36cMWHOKxMarzn1nUsBAKz9P/8Cwy46qVHvZIHjRsw/697XzzrhjHlin6sf63PUyMMXvjEcAMDd+KJpor5mMz+6VQiA+btdeOcpcU0btNtdr3cDABhw7ZMDTjRy895e6en87+4w843HAQDg2FlB4fkLX2tUwK8DAFV94BhRuzve/Mrjx/bTBE8g69C+/bntdCD292f/VnG4DKog3ezmTvABQKiiPm9o+qG9+72Bo1gH3I138dtTPcGKNOFYmQBYh49aLO1EC3ry4GNFdaIdcvwqN17928sEvy0id/d73vzrMT0dtzcapfFbQ7cAmpkAjijTShECIiEyQIUgj4oCiJZHiz6nCAAgZHovmVsy+yy5c7VginMluBJMNr5QjBF0OAVu/LKpF5aQ7rno7ppbR4Lrt6hKnEmRY4tAhQCoVKPLP/rUafbmjwsFAE6GG0klBSpQZNk2Y0wqpRQRocvlQgiBLasqahuqwxWHSsdMGDKwX//la7f17NKxf69CIOvNN98p2rF9zpw7LrngrE3Lf1j85qLq8opDVXL2rOt6dcpxwhDJlgRs0PARHTq++PnyTd065MX441sHAgV5+ZrQhG44kZKG4SJFSikuGOMcAHRdBwCNc5eub1i79pYb5+Z27z395um5CX4Acrn9lkKmu9p3KBx78sA75jy6av2O3E59evfvYWgNI04ZevcTr+0o2jx+4uldend3eZAQQvVhpSxFMmyZinlBEdoRO9TgiQ1cc8OFjz733p133LLw3nl71v/87pufVBw6YAaryO02vLGRyJZD+4urKjq7XW6/WxeaJi1Laa6IJUEYpWXVJfv3uzlPjfeNHTvyygsnfvrt4i/79/th/d5Tzzi3T+9eFVu+Eowaaqrn3XVPQfoLXr3m5Zf//sPyledMvjavsN3Ua6Z9/8vU9WtXz7z6kZhAwt4DVY/e/cjY00aO7N0VmAFATNMLunTp0iX/rZef75CX2atn14ULnys+VDP1lvPSk7xbpA0SFDJCZtlhzhkAcp0Vdmh3/nnnLXzor+Mnjnd7tTa5OQXZeZYVYUykJKUS0I8/Lhs6fEjDoc333fcsRJihaYrpQ4cPPueMUUu+/NRqUJt2VFww+dph/XuCZdVVlysCCzgKTdOZBgCWtBUPpGf06NPzlfe/eOCe+alxMe1zUs4fPYZrmlVXS4y379bxvc8ffubhR6+dflmsRxt9zpTEtMyTB5wUqwH/06RU/ougRjDGWowCLWjBHwpOGSLFnZhwxy/fGBpIwBpjBxUQmFIh2ZpgCCAEEkepFHPqtZCl6VwhhiUYghHJI55rIkBQqGxgzNGWVTTwQKFkwBAYNGm/US0ZAQAYgJRSSgIEZIxxxoVUaJnAdUAAi2wBTh1ax3tPAMCIO/p8kzLtZB4AYChCmg4kUWi6khIIAWWUh9k5hR3nCzniMKHmTn4GoJzYA0TgpJxEfQKhAAUQgJLOzQIcSWYGJ1efEBQCoyOJF8Qa3T3NsgNsAOHkJPDoMjn5GsQUHjfRo3MLGqHQYQxwClOpRgdok4lBOkM0+Ub/6Kirt+39hwX3lh8sjbP9Xp/r4J5SbmMIpdsbsE0tbLJf1mzk3BuqC2k+DwfTDIcC8TFxMd5YX3YwWB8xg/v3l+3bW5ySkhIbG7tpy+b8/LyIZW/fsbu88je5ANDlqlw6f/oiZlDY1eWq29u5/5tvNLzlrzct+AEGXj+v4wm8139m/Kuizuly8splr2e1CQjd06dX3+xu2UD4820qY1Q3ANj/0Vo7XLXyh835J5373zbl/7uL9X8KTXSA0OwFIXMc0YhwdFHARuU7GgbQ9JBBAC6YL44xhVwhU8gUcgVcAVPACNhxocZRc/Pv/4JHTQAKgSH+0ev/nRgICKAUECPOOCmkULi2tj4uLt7jdnEepQlUtiRbeQ1PckKC23BlZbWZOfP6hx57/vqpVyqzFoH8CWnDTx1XXlWdnhJ//dRzpk+fPWfOnII+Y669cRpZoGlgExDjKMEdSFr0/gd33npH0a79fYeMbpeRde8dtwmhmZblj/UnpyRHTEvXjcRAYkJsABAIFAL5vd6yitKysgOrVq1as3ZD6249uMYJCJjmPOMJiHE2dOiAET+sWbq6+NKLznd7DMH4hDPPee7Nxe649GHDR6S1zgrZEZ2h1+VLSfTqCV5NdylFHq87KT7Gg2hLcevs+XsqIt9/80WfXl/lt251xWWXNhjvAdQ3VDWcee7F73+5+sH58x66b8Fll10y47qpcV6D6waBCCQnjxw75tnn3zjnjAsCgeQXn3msT8/MO2+a/uP351095Yr+J58+7sxJsW5VTRFpUU52ziUXXzzhtHF2uJK57XFnnXvZFZOTUtLGnHbGQw/VPPLIYyNOGR2xGdPcGQWdBw8eGDalV9OUlFxgfscut99++7x7Flxz+eSQVIY35ZzJU2ffeY1h1RuMBxKTPXFxKLhLcAYUCobchhETFzvjphsyM3M+eP/rlPSUy6+4+ozTL4qJ8ft8MT16nzR48MAlP/1y3qSzenfLfeLJx6ZMm9tQWxNBnpiUOPmCU9euWvvEE89m5ve6Y95ttqkqDu647brrVqzcmJbT7vobZ7bNTmXKBiW5rily9+g3YvIFxX9/d/G5Z04Shj55/Kj+o+I//WmnYRhjJkyqq6l/5eU3Jnz2tkmQkttj5vXTTx7QByVJScCR8RYduAUtaMEfART1ELNm6vLRXyuk6JFDIQDnHADBts2w4Ly4eNfa9Zvb5OR1bN+WoxKaS4EAZAqAowRg6NgUFAEnBaScUnTEoxG54Ljuo/GO1DgkECilGENUCoBQ8EP7Dvy6dl2r1lm5bQu9Xq9lAipA1tjNkap2jpbr0BDagEiASAaQAcQBweUJ2ZJ05rEthYBcGAgWkGr0njcp0dg86B6jfvKjtG6H+VVCI5k+SYcNtlmoZxN1sGMgiEYZNKrf0QupaSxnBOZ84mRSkGo0vwA2Tz1oHrIBzfppDPaPdt6YaxCddnQOdIQ2QTnlDf40BDa79hzkBjN8ukuLyUnPq6gsramsEYA+t5aUmLJnTxkavi1bd5nCDWSAZLZlcbcro1WatMNK2gjS7dZSUlp3bF9oWVZ6ekY4HP5h2U+HDh0uLCwoKgr/1rjoyjv9rhdP/5+7UVfh5Y+/+L/AH9vkLf8fw78q6pwug/ZsWbv65609erfO7pwMKgLAmkdtr16xVY8rzOky6Hc6+ZdwnEz+tyxWC/5bIY7mwoyG1iMgcUREQkIpnadK8xCu6G+y84WuNfztzpRbX0C374RjRB9KDTVNn6j66uCrc0AX8PtaPZFD44sIIBvtDX+O6P8mOE86BRwYgpQSRGzq2Rdc2mdkXbuO3QwBDEEqqQkDkU2+8pohJTUFPfoiF11793loYdsfl68KNlRIkjkFnfr06SuYxVRtVoeOvqTETPIvuH8uA9B1JzsQGCjgSBF47+/vjvx/7J13vBTl1cfPOc8zs/Xu3t64cOm9owhYAFGQ2LDXN5q8iTVqYkk1GjXGmLwm9sarSUw0mpBiRCyxK4jSVCz0LgIXLty6uzPznPP+Mbt7C6DGV0RwvvCB2em7OzvznPY7U446vqhke4t5YsYTjS706Tugqqj4G+ede9TRk6uTFck+0ct//IOymqpEJKRBKTt24SUXeE7GpNIvvfhSl149j5pyRHlRAjzHf6SLH1agcL/BB15+1Q++tm7ruImTQ1qDgZ79B976m1+DlRg1enTYAgWWAi1GLrziuxhNFkUjSnH/YQdcedWVybKqSDQZsunO225/6YVXW5qdYUOG9unVs6xHj4ybChcUjRp72IMPTl+x5kPLCg8ZNDgejytLARgESCQKv3X+BX0H5sxyeAAAIABJREFUjdrW6BUXlfbq3QNsKu7SrbKy65bWrSedcWLvHlUkGU+QLUw1u2ecefKg3rXr1y8rLI2NPeTQ4pIyNAzKPu+888eNHffG67PtUCRSUDJ89OiamuoQgBijtAb0QOwxh0y4697aeQve3N6Sqe0xZPzEsQLCQAPHHnb1NUVdBo0pDFsoLIKRSAzAM555440FLanUJZd/h5T96GMz1m5Yd9kl3wlHY337D/7JNddOmv9OPFk0efyYlsbmG6//UWlVF4VgRHXvPqBLl24V6zK//tXPFKhwSIqLSs/91rcnH7N9+JjD+g7uzyAABrQWESSronvfS6/84djDJq3c0lhQVHra1MPeXPB2z1EN3cpLqsrjl152xbChIzds3thq9MSjTq7tUoTChEyW3p9+T5+enGT3V/LNBwTss/jGpxIhoaxWEAIAoR8TJwQERkERIAYAEkJEYdJ2WNzUk4/P+PF1vz37vy+48YZrihJRAGDPaMJs8T8bRQQMguiL6msA9O1tyirTK1G+Zp1Bv3qfQQCQFGlABkJg46XTLzw163s/uOa4007/6fXX2ZGoZWXj4Ro8AhKwGBBQoRi/qACZAQwjGtGIJMYQiSAyu1pZ4hqlyAC4RhSRQguEKO8FAALQWcs8V+fvF0t09AIgZXUN/VcIgCigsg6N9lWq6DsKKBdwB8nJ+2V1BClXL5C/h/qbEOaOKdkTyeom5Heek3fqNJTLVY5KLp8C8zPbzh9E5wTAP9PV8+Wj18CBLa1N69evqSgrKggVLP/wveLCQiIVDhWUlFZt3NKaAY3aamltjSfKm1tbbG0VJwtLSorqtm7JZFK9eteWlpUNHDhw7ty5l1xyydy5b6Y9N55MpFat2rB2TY/aLnv7/QV8Fiaedtlzf77t/QfmHXxY1261yVBYFfYr2vCvRQDQFNlSv6n0iDMu29vnGLDP014LQLKJbOxrARD68rnGtN2lfU+stLmdAQBCynn/Je/GxZLONqgQJwVmpwIkbaOV1f/DcJRT2z7ZBZCTskX0nyHS7jmyvzgCEEB8cSIEAGXFQKyDJ009OFv/BgKg/PY5yjr4iGPGILoAJAykK6urTjplmhE2KCBKs6nfuH7OnJeee+ml5Zt2nHvhVZMOGQQCjILsaSFAD0BARdJs3/Tr326s25J2USR69PGnHDR6bETjpKkTgUmzSpbGTjjzZMiOeRAIjj3xGDBm6btv1tXVffOC8w49dKwNoIhAPBQOERkgoRjFQqPHTxoN5LcTRqULEqWnnHyatD3uCUDQjh5/1jmAyIAI2K3voG59B+cUhqQoWXbCCSfmshFh8pGTJFdkOHHC4RPyA4XsJ6gIAFBXVNaefEp3ERQR9pw/P/y7tavWvbP8oynHnHDC0ROjiknAg0grkydkDI0/8iAFB6I4gErA78EsCDBkyPAhQ4b7R8hHJUD5URMFqEBJbe/+tX36Z7Mc/XXCkZreQ87oPYzRT6RENiyARMAiGceb9eyzd977v8alurrGE0444VvnfcMTRFQDBg0ZMHAoAQF7xUWl557bjQGbGxpmv/bK8/9+dvHi5WefdfKhB/VJhAAAY4WlRxx7EgD6oRsBRFHg97sCALQKSqoPnzptoh9HAj5o7CEHZoeHQuH4pKOOBfQ1sAD8fjFfPQO4vc1PtP/ISgcEfGUQBQxs0FPimbQlpDQa0UYAhLWARgQDCCLiGVcYkGxFtnFaCLm8JBYOh4squrIVT3lgKbY0igEyDMYBESEGVIxkPHDZhEMWCAiwYY8NKNCKFLDneWkvHAFgC9LGAEOYiFBAEQKyMq1lyXgkkogXlYYK4g6biFYpDzVBlATENYIZJoUK0k7IIiRbRNgzGcNkkdIk4AkiCyJGXCejJW1AZ0ApJAIStNFPiM/b5aIB2roVKADKV99nnQ+QNfjzGZ2oIdsXCnyDH9HXIgIABbkaMeU3OwANgIBC0i62D1kXjJ/sL2D7UoGQ0yPEdqt2zvjP1Sf4O/F7OQIAZqURfAdt1oPgVzMIKL8oATucwr5NvCSR9lIi0trY5LU4ZfHi0sLStOOGwlFRuu/gwbOefxVtDa2uJgHPZSJPuK6urrmlMRSy+vTtm3GdDHvFFWXPv/pqY2PzwWPHpVKpdevWOJm0pYJn3L7KEWdctnThK6/Mfn7rjIVOulUAQuFoaVXtoDGTRo783OL/AV9lOssB+ia53xEQAQCRoolP3AvV1iSuyGr+S/P2hptO7NhHAACAyrolLv9T9gWbhptOlObtH79bZQRgC2ad2W2yMTuf8L5Nmz/bD2dk8/cwJ3fYpr6Ts6HRb9/rP3aRGBhBCMVJtb45Z+7ceYvGTZh0yinHA6OtwGTzDA0AAGnD+O3zLurao+sHS5cAqMKSLmMPOaRnbTVixgj6yZW+NBABZ7MhsweWLj16/PRn1/YYODIWsRSAEVRIKB6BZiQGQrRRGEDQf3zngwAdvjv/OZ9bBtjOEN0pqzMfDMg1adrpGsg2BBU/GRGAmUV43hvzZs9ZMGjo8Esu+05RMorMghiOJXv1HVCaiiqdTcNUAtA2mOi8750enrmIRLsN2iZRYz7BEhCBRJiNaMueePik0vLK11+f52SQIDTtxBPKy8v98ZCIaERkzqU+GktrJ5OaP3/B7Dnzho884PTTTi6IRQlBBIygzsVpMPcL7XC+2P6sckGg/LwOS3fzcQYEBAR82RFgh12+5eZft0aSU47+2op33nl3/jwQ7jNs5ClnnVqgJeO4L8+Z9/wL/3bTqWRByaTDjxh9wMDFi+f/9S8znVT6xX8/v23L9oMOHHrc0eNLk1E2GhE3f7Tu3nvvr+ref8SoA+fOfX3N6lVCcPypp/Xp0/e5WU+8NX9B1A4dNmHy6IPGPvOPRxa8885Jl/6wf68Kbtz0zDOvLFhad9opJ/fv1VURgqK6Dev+8uhfm5ubXnvp5evd5uGD+xcmiufMXzH5a1Onju1r3KbnX3r1mVffPn7aSXWL31i6dMmgQw+v6dH7n39+KNXcNGDgwPGHH9m9R/cQimTSi5ev+ePvH1RehsLREWMOmThxQrKgANEvKWg/AGqLskMuzr9LQzm3Vd4A9+dgh1ltrvb8rLbnYXvTvV04HnOh/c8yLGt/qrn959L/IX+U9p0C9hNWrF/Zs2vt5CMmrHp3caq+obyguKaypne/vv9+9bXN27bW9B4w763523Y0xOKJVGuzpRQRkVZNLc3pTNpx0ps2bVq9YU3B6lWlVVWbt9VXVla+8vrsbdvq+w3ov+z99+rr6/f2+wv47PQbeVi/wNoP2GNoP68+Z0cI+FoAvi59Lv7+iXuxB0/MT7tL5gDzzltx3XqzebWq6AEAQMoeND7zxuOfuGdEEl+mQGT/1ALoQEdzLks7hSABQsnairkBgOt52tKILGzKKqu//Z1Ljz79rGRZ14rSUo0AIp5xbaVB2DAaI0QKEI88cspRR01lZkY7zcjiWSQIxMagzjfmZQAP22ruOKz1wePGGRU2viqk3zBZ0gACEOJ87iD4nXu+oF5zvqhbtvsygFJKkf29K39w+qY6HS4cMKCHICMiClXVdP/J1Ve7kIjF/I8boe3dfd4goiAQATORGj58xLChoxBsEXI9IBIkYAGFvhsEhRmMUVqLSElxyTe+8Y2jpkxNFhZ36VJj25bIV0u3PyAgIGB3GGESV7B19svPvLRsy2vz5vcqLYiCzHzy6dTj/y6q7nrshBGznnjixt/cH4qERg0b+OLzz7347+ev+OGlPbqWxqNRYDbigVJEGtgAMBKK8Rqatj7y8B9SVvn48RNqy4t3bN7wz5lPvvTGwlFjxxWFsLmh7pU5bzz7/Jz/+e2dLz/37MMz/j7i1At79yqnTPP8uXMeefadQw47rE/PrgSgWMS4tk1EICgsbkSZD955+747HyupHTD1kIHoeO+/8+bvfv9w/wGjWpcu/cPd91W8taS4W49+ZYX1Wz6655mZL86ed8mVPxzdr/qdea9fdvUvG5tbjjj4wPcWLpz5zPMbN246++wzihMFe/tLCPh8iCYj4bjdt3f3cUMGx4HEdRYsWvjG3Lk9e/f6qKHxrXffWr+pQRAQjedmwqGYDkVi8UQorFIp23XSy1eu+HDzppJKp8kzpKxlq1a7mQxkPC+dqtu2vWf3bnv7/QUEBHxJ0TvZP3481Zd3A0D8NGaH7neQpJr8affdV3a3ifv2c3To6dlN+o/NvPmvT9ivr0qAAgxI+WqybH64H0HdH7zBHfzu+cS+vB0O7fwzBkUQlQAy+rYjaKVQ2Em3REO2Dkdre/Tp2qu/B0oYbQTDbJNi4xEQkIWACggESFnMHhiDGjSBRhBghRYpFM8Fy8Ks3o/JeudRAFGFIkigxCVUrhFQCvy0AeH82lnx5C/QWt1FOTdit9qeZSVVdkGCAUQIAYApEooPHX4AYyjjCQCyCKHaRerB53JWAEAISjEbEcGsWBQAgNaACKm0E45YxjMCoEmTVgDAzAhIpLtU13TrWitAIuC6xrY1d6zUDAgICPgK4leYo4XAqa5VRd4Hm3v07nPVeWcmQ3Y65f3+Hy+9897K8UNqbvzZz4p6jLrmup/2qS1f8957V3zv8ut+ectTs/5x8rFHvPjagrETD7vk4gvKwnY0BIZFkwLJxCzTr2+vD7Za44846piJBzV9uPztt+YtXPD2Yced+M0zjlf1G+7n9H1/eeWDFRtcTxSAuClEUqFEKBondAXZRUUAClVZt64nTfvak68uOnDsmMu/f1l1TP9p+kMowkAeKUSIWhixtWWFy0uKLKLlK1bc9pPrJgzpJQ2b77vjf+7987+7DRkzqOb4n151xaqPWu7739+PGzFg2fJl195w058f/cuEww8vClwA+wtFJYUZNz1nzuwRffol0LIVDew/IF5SUtWv98Jly2bcepcdBsuyW5pbtLJcz2lJu7FEQVW4JBaLhUoKt2zb4hjPM9LY1FTbs9eGteuHDRm6dvmKgngU2WxYv3Zvv7+AgIDPgnjN2xscK1FUYO2poX/nQgAAEGH0m7Jm/3zysZund9Sl2M0m6ZcfSb/8yCeu1gYBEqIQkYBgBx1AbEsm34/IuQAEJdco2H+HWS8BCxITgAFlIKuQAGIUUSQcAiREkmzyHGoCL+MAiWUpROXv02EETyyNAkSkQQwbT8hiBALMOJmIHWdIEehcxx3Jax4DgMdiaQR20XhahVscL2LrbGlCbiXZG18LZtNEcmksgkA6HI0LALNh41ra/3zChj3SaGm/zEGACWDP5CsQpFucUNQSBlIWACqt2QAhZDJMRJGwBQBKEQE6mYy2LFJKjBhhy7IQEZGMESIkJARABDYSSPcHBAR8xWFghQKZxrAliUThmIPG9OxVi8ZNJAsoHHcMbtq4YePG+kknjxwydHBBCCrCNHRgrz+9tGjxsvUhEmBlR+MFyWSM2CI2LBnXDWlRYYjFowVS1K17n9LSivICLCtK4ia3z8DB3WpqMtgcD1tK6YxHgkiILdvrFWBLq7ulbpulSJBIoyB4GUNKKyIiKChKlpZVxNGVtAteq2ndJogeqx0NGSeNIoAaCWHUqBFjxhyYDEE0oQ+fNH7mC4sXLHr3rXkVy95b2WXIAVY48v7SZTP+8ujc2a8ly2s2bakf2E+CR8H+wVXfv7/THAaoAQCAA7uO+/ukc7/oE/pY0u/efN79A35z63GluUTV1KLr/vsP4+7+bYeW8p+Gz7xhQEDA50LuR5xrKgOCbDhbx+2nAOzlv4RIiASIzCy5poR+XrQA7PNpAPnGOtnSeAJgQJZ2WQAd1haDYASEc6a5pXQ63YwozOK4YoQASSMAg2VrrchzHQARZmMMIiuFAOAxsIh4HoOgcMZNpY0TtsMAoCwrqweUq8jLF/5py/Y8DxFcNo6TiWjUIEC6TVUoK0f0hX4p7QsBEJGIUBEziqDrpjVJ2FLGM8YwABlXQISQETxfDnkPxdaFIRwLIRIpS4QAyf/o0hkvHCE7BIBgjMdiAMQOhxHRdRyltWVZxhjHcZlFKRIByyLPY/ay311AQEDAVxkFCo1AyHYcJ1KQiMUKkA24aa0AU6lENO46aa1UPBZnvzNAzEYNbmMarXgm1YwAisjSIOyKiFKWIguMI2LEeGDEslGLRwDxSBQElGUZNsa4RMiGK6vih08aHw2r3//ud57IB+9/MPPJp7v3HlhVVakQXI9RWQasHU0tIiaTSaU8j1Vk0uQplQkzY/otDc0ty9ZtfnHOorKq6u49ysQypCQRjhRFSCEiQTQcDsfjjuu6rucwLHjj9WOOOGLSEZNfeeXVq75/1Y9//OPqrl339jcQEPBZ2P/LeQMCPpbG+m07WlwWk27aUb9t27Zt9TuaM0YA2s9pSrm5Tq3ipRq3b9u2bXtj2nzuvx4Nncy1rGAYAUkuBr2XrQ4EEmTMtpPNisFILugs+0EigGRVfShrbBsRajeHAYAx1x4AQMD4SsCSC89HQmExBpVGS4GAGAZEQgTjIoJl2WC8DevW/fSXd9W3mLtv+mkipOpaW+Kx+KY171/+3R9xrOLnN/5ozOhBxjOW1p7HWtu5ggSCNjF/FETDsnblijvuvPtfs551Uy133H7HhCnHxAvivshwtlvQF+sFaF8IkG/zRgQiGCJlxBVAJOWLXNqREAALZxSRCHC2HcMeOCsCABAWIEIQ4xlCIsKQnU29YWO0yhbbAAASWZYlLL73LRQKeZ5BESTFDFoT8/7TByNgP6a0tDRotRCwJ0EAAlYAFlkRt2kzuw4jEJFla4roxsZtZZU9w3FYtHBB/db6aHnso1XLli1bUtmzZ5+evWfM2KjImFTKdTzRBABgjLIUiAb0xz0sLKI0km5oaQX2NIhSZIXDqDQRZjw5/b/OnTXz70/Mm/P0P59qXL/MqMikyZO7dqkmAFuTgjAbAmV7TkoZjzwvw9Jj0MCfXnn+z2685Xf3Te/ep/97qzefeMZ/9e/bd9sCTBt8+eVXP/hgw7DeFa2tqdmvv7li+bJph04ZPmJkjx7FCSz+7T3Te9RUJWJh2w43OW6yqLB+29ZUU1NZWVk8Hg+amwZ8BlILrzn3rvghPRvqGuo+dEdcdO35A1de+42HD7//lokJTC267uyHxz/4y8Fv3XPDg4szFqS9qqk/+uGp/RBAUitn/PySd9d+VGcfeuVNlwzO7o+bF0//4a07zvj1lQfH1z/x6188vkZsbsV+X7/6e1MK3//5t++JDY++1zT+Z1cfX2N1OJF2Gybr59x3w+8WtIQsA12P/97l03pFggs7YL/Cs+LJmIVe2qAVTSZtaWlobGkN2TFpaXEgmiwOk5dqzbhGNAKAeA7E4wWqpSndmvJC8c+3JiDbNLYNARFBQhIC8MPve/WvgGT7+sLOcoD7w71BGIAFIOveEQYwgP4c8ZPYhY2IMGTz7JmNEc8zuTnGgGEhYj8ML6IQEZEZhChb0Q/iuOmtW+o219W7nvu/0+8Z0G/47Xfc6aRbNn/0YTqdRtICilALA5ElAshiWDwgAfT1kgTIMC5fvuq2225fs2798OFDC0LhM08767bpf2hhAGE0HgmIMAvuQk3/C6H9SMifVAiEpJTyXRQgAMCasuvuaVMFCf3ja20rpQGQVFZ7QKmdynAQkRSgItIAqLVWSlHuJGmPCRcGBPz/yetx3nTTTclkMl+bExDwn/IJV5qvNosWSNQxFoIoECQNOtScTnvphjB5pdVdLrzkgnfennf9tdf+9bG//eRnN2xtaL74218vjquqnkPSht97c84///r4C7PnNzQ1idMCIIAa0EIi8VqRM2CMayDjCbjpqBIRZlEpJtfzWpoyrMN33ntP9+Lwvb/9n0f+/tQB48ZPPfLQWNjyR1QsgFY0XJCIRaPvzV/w+F9mPPva6y1EZ3/jtEljBzx0z/TfTX+ke/9hJ5wyraIkrLhFA0fihdded+O/Hn/y1v+59eGH/9F/8JCTjptSWNXl8h9d66Rbfn7N1W8tXPDySy/ffPMvr/7JNevXf3jRxZf27dt3xowZzMzMn/ihBQR0BpW3tXHkxTdc/6tbL6t56f4n17ud1zBbXv7T/B5X3XHv/953z9Xj9JZGAwCQqdvU54Lf3jl9+oUFL/717WYAAJDMusdvunX90dd/7+BiZRo3ewO+dfO90+++58YxS3//9xUZJMvZ+NHIn9x/XWf7v/2G1LzwzjsWj73mngfuvPvWM72Hf/vUR51biwUE7ONEoiEFAETIbqppR0OzwyDMgKQVmNamhqYWF+1IOGfr60jEtuyQrUAMf963+V1qAWS1yglhL6uQ5xqZia8L2Pkhh53cF/smDAKCZBg0+TF/T4QZLRZBYa1IjDD7SQFKhJE0stFoyP/6PBc0u2yxQhRRYpBZSBtBAvQzx0UMkZDSzAzMFWUlU6YeXVFeaSmMRsIIaBhFUCOKESOiNRojAoCkhEERGBZEFKTS8spvn39R/wEDjPGm//YXN/7yzr89PvO/vnVBIkGKEIEZUBD3eria8+H1nNpfvrMCggD4DQso14h4T9KWSrPzceg/6Z8ku9lJQEBAwFcIZkZQgNH+g0du19UlJYUGlAIeMGDAEYdv6VpdrMPRb553IYYrX3juxccefSQWoUsvv/KUs88GxsnHnHLqwneXrl4349GHDhxzyJBeNYVlSQEwYtmh5KDBw4ua7cJEDCwr08T9Bw0LldeWJWIWkrGj3foMHD+ppWtNKShVWFp++3XfP+6s88sHjv3OD7/Zt0cNAYsQCwABaXvYAaPPOffrb8x/a+Zf/9Jt2IgRg/sVlRRf/fObDpp4xvbMu1dc+6ORQwcjNyh0EODYaSf1HTrsod8/oN3WiVO+9rUTTxkxvL9W1lHTTjGhxMN//suDDzwowqWlpeOPnFpcVNSnV6+pU6dWV1eLSJB0E/DZsLuO7pcggHCXQcXbX9vk9O+0XJWMPLxyxg0/+Pmh48ZNOPy4Q0o1pAFCNeOGlGqgcGl5ON2U5gSY7a/e/qOlxVf+7qguNgBQQXVyyz2/uPxPKsRbNzX1ThuwwO5y4IDCzhdqxw2dze+sCg8/q9IGgES/g8q3zN7gnFgd+WI+i4CAL4RUqxMqsExrc8rV8aKELa07dqQAAHU0WWg5juu6TqoplYkUJmzIhzX3kCG+UyEA+MF2JERE6Rx5/GLcAe1NfVIogoIMu8gCgF2qwe9b5Lrao0IQEJCP1q/6y4x/FXXpP3XqUYVxa8n77738/ItVPftNPfoYY+Sdd9+f9cJMMTxs8Ijxh06MRwqIcMHrrz2/aMmY8RPHDBuiPPfZJ2cuWrJm9GHjx40ZRYRiGIEBDBijUCPwoP59un+wqay8IhyyipOJBgERmPvGm/Nem+1kvKqanmeeebpCYJBly1a99NyLzQ2NWlsnnnJyVW234tKysuIiRWBZql//AXbIrq9v8FzfZSRiPEAF6gtqB7g7ctoKedOffK+EIFDeqSWY76q8R66hnQtsdrHcd0/wzkt3WlMCF0BAQEAAAGil2PWIoueed/HRLW5xebEIGcaTTj1t0teOSxYXekKxROEF533r1BNPcJ1MOGyXlBZ7pBWKlSy/9vpfbG/a6mAkFi+uKLBBMgDgGiwsqTn/oss8FSsqLhXgeEnp1dddnwYqKytTgrFE8alnnzv5xLMTJWUMApZdt2F1cbLoxLPPmXD4eC0OghiwPQ8tGxBUl27dL7/yyvr67QwKCwriBREBXFnXpMKxKZOPnDZlUggNiicaXISMwyed+LVjDhmpTCoaixcWFSvLZgEdLZh23HGjR49Ou6K1DoXsRHGpFbJ++IOrGrbXV1RUKKWYGQACX0DAf0y+HzhLrn4zO872Lyq7xxm//MNRq96eM+f52y967MCf3/7tbgBI2XZU+dG3t21L8cSiRTNe3Dz0mEptNj/zi/vXTbvtlikVtPmJSy5cDAAAZIV2zmHuuGFuOJxFgh5IAfsf4rSk3KSV03h30w4DoLBx0q0ZCseisZCNDQ0Z8wl2weeChnx9cbuAvyABGMPgeW5elg9yCoHtXlKbbh8gZudAh6X+noVz/wKIn7TmC/pJx6UibfMZxQj7fQF3eyPYD/LfhFkQQSkW0AAb163+1c03DTv42MPGTyiKq6Xvv3vrb289bOpxk48++rG//vMPDz24fOOSwoj975lPzJ2z6NKLL6kotv7197/f9bdnb6iuHTN0EGRaZv7tsel/ffYnvyo6aMwozsaZBcQDQsfzGHnh/Ln/+8ADO+o3jb70tGjIWrd1x/3TH2ht3lS3fs1HGzY5kEylnW9949RXZ796xz33r1q6NGaHNm/Z+saCRVdc/ZMhA/srQGHPy7Qufn95s2POmXZcMqpFQAQJv0T6jLkrA0EIwO8pgTkVCb8qAAX33PnuzmLPX7H5ReRnLXzsrvb56zzgq8CnzOUOCPh/IB67SiswVkFxOFpKQn4uHSSKSgoKDaMYRAYK21Z1ZSUiAIEBRkbXc8PKSiaL4kUxF7QmWxtPPOM4BhUhRsqruwkSCzCiAHWp7Y4AxjAJAIUKiktjJUCIzz771DP/emL20zMPGDPunFOOj2gxQpqMBmMr7ToS1pYIRhOJWCLhGQaiFauXX3vHXXPeXFRW0+W/v3l2bXmxeC5qahGVEtDIUUtV1FSBMKLyB0iGkZAUQU2XKkMhBEEEAyrjmmQimSyIE5H/WwuM/4DPgLNu7pKGow8pbFm1aGvJ4OpwKKZbtjQbSPL6t1c2m4nuxud+/2aXU6YdeHSvwV02fXv6iibutqv9hHqf/N+XDnnj2ktv/vuQX51a1bq1OVTVtUhLetWLL61JJXi3Y5uOG9ZWDOmdeXDhR06/brrhg7l11QfU2HvuzQcE7A0iilMtaTsW0W5r8/YGKxqL2c0tLU2ZRJSkpXF7KwCQDseiFkpmT59Mx0KAXE81AmRUIoYFz3xrozHDAAAgAElEQVR6PRtjgEWATbbmjHOjvPx4T3zzXcQ35LMdBnIgAvkBe0RCQCBEIEL0Vet81QFChYQIShES2qhIKYV+HYBfCLCnP429ARsQD5ViybZliIQtAWOMEUIgSCYLLG0pRe++v+Jn1/+y7+Ded9x1d3kUn/zbPx6b8fduNX2/efaUtatX6mi8qLxSgAk8xS4qiidLmRQDEBIhinhiPEuHEDwLxbgugIS0SiZiGxa8V11bfcF5Z/WuLVu/av2Jp1/yl7/MGNS/4v7p9y1bsfqq7102fOjgdxd/cOmVP24F+w8PPRCyENi89Pyzf57xr5PPOuf8b5ydDCMD+DkbgLh3y0d82ioRhEDQl1eQtuYGCEJ70lshudj+zhX8O7sAIF+tsPu9QeAFCNiHkECiLGCPgYiC4jqOHQ4LmowxhBRChWKAgJAELUJCAQASNgzCRIoIFSpARhQkDUQsAAopTIioSNgGRARDCOwr8QKg62mt2YhjDGlSaBCcrhVFlZWlJ339vDHjDutTXSoAAsp4aWTH0nFDaAwAkREmUqiIOFOZSNTU9j68sHpgv0Ejhw600BfrCQ0YNf6875pBB4zVHoCFSErA71UjRACMIOw6LoZt43kIBq2wJpRs1562REhmzutxBAR8GqzS5KI7vv/PTZvqwkddcWl1TB8/NX7DDT9aXFNaXlpTpIwq7h5b/KvzZ2FEG1M06TsHFxNs2s2+dOWRV140/5LrHx5251mTT+r+42suvrS6vNfkk0/qesvdt8/++u6L+ttteM7Iiy+df8MNF70YUg71OOeKyVV7OaE0IODzJlpYEgUAgGRxvsalOOz/b9mxDuvGi0uyUypSWLIHSmLaCgEk+ywRNkyakFnZlv8QRCQWZmFhEPAj+SiQ/SO5UHy2Y590sHDankcikHs+ZXMJfPl4JP8FZlOzs7JShCR+ehsqFABCNru4iezzDzwkVMpjYRRF6LW2el4GUQTAbw7X0txkPM9xMwvfeXfb1h1nf+Pb4w4eE8WGykT8pVeW/vOfM88+8ZBUqpWscCSRFDFgMgo5HInEiov9AgAFAMwWgib0uyhqBWxYGFErROnSteq/v/XNo46aELPTFoBth2xbf/DBO6+99spxJ399ylFTqsoKn3rq6abWlvfeW7Jq7cZBtcX1a5f/fvrvx085/luXXtynqpJQXEDxJQCZs+0kvwz42f9+EB051/nS9wvQnhTYl3Z2+8ceY5fLd51AsNcFFgIC/gMCL0DAnkAQjHgalQ6HBIGRiZCyLXVB2GMCRWQMsBENDCCsyAUIAYAnJgQApEGxiDEuoUZSICwASikxDMhCfmoiIaBSih2PLK1BMQoiE3gDhwzo0bOX69qxWBxRxBitPCBgQc+A1gCeAJEB2xGxEBRKYVH84vMvaEq5yVgkYisEw0q5oAaNnNR3wFjLjoYsFs6a/4LkCgKARQioFSkW1JZGQccYIU2EwmCMyY2pMEgECPhPoYIR//XTIwvbbtL9z7rl4bOy05cBAMAp19x/SodtBv/godv9qcigKx69HQDg2kdGAABA8YSfPDwBAACmXffQtNwGx8z4JgDApPGdjx4ZsfOGkTEX3jbm//emAgICPiVtWQDZBwlga6rVssKuASQRVMCMArmAPfod4H0bJZsz0JZZ7ev3A+xKRjD/EvNme/7Z1WbZoEguHC4ggEDZ1HJLq5bWll1lbX8R9RJ7DAFgMJ4mAkLPsBUJ9+zRoyhRsHnDmg8Wv1N22KgFi5dsrt8xcuTwtSvet6O6e/eutgpptisrysqqu2zc3MIW2JZCJ0UMGgUUGERQdigUJchauwDAhpmIQQDYYw8QSaGvQOg66a3bNs9fuMBr3HzZJZcT8eGTJhbEddP27Q/ed//DDzyogWMFkeHDh8TLu0dsHVJqwZvzW1sbp51wfNfqKmQXBAG1r7cnwuCneuxVcj0JcpKS6PdLyM+kbEXLXiuw/9jh2q5PJxjhfUkIRBkCAvYmiiwDbBEYY5CQ/MY3fsQCSCvt3+qVRgDlJyUqIPY8y9Yply2NKKAIlUXoIRjWFjEAi3iehEIKckIxfhIXai0GEFETGPYEjFI6HgsBRgXAMFgWIYthUDrkeQgAKIZ95wQSoAhZqNAWXRGNgQcI4vlrkFZWLGzHiDMgGdAh5rY4iiZAYBAiRQAIwmI8S1kGkVl0TgWAiIwxEJQDBAQEBAR8anTHSD0gwdatW7t1rQUAFhAWUH7MXjCf7g/QpnLelnfW2ej7mPAP7rSGtJtJSIKAgiTiv1YEWqsPP9yqO+wz64L4LO/7ywMCoCiUjAEkAqR4Ycm9v7nlG+dd+dpzs6q7ls95a2X3gaOnHXfcC/9+klOb3n5zTv8BPUMUWrF6/YcbNpb3HkokRMwZx91ep72SjzZ+tLY+5SpbsSgXbAscMIiCqFDQMyykDYVQWKOIybAya9cu/8HllyoSpyWdiBX+4n9uufBbZzw382+JeGG33oNOOPrEqNaHHj56wNAhKRcjIdsYM3TM+EvKagb27WUxkLIAONvoBRGVtddTADCff4/kt9RD8MNEuZmYteP2WDEA7TSx86Lcubb775P2FvAf8Zn8g/Lx3hmR7G47fXPBdwTQzq8bxP8D9hAoCKgUEAiSUgis/MgC+a39tAgBAFEuIoGkEAiElBKQULYlrAKRrG+YsjmIiGiHFAgDSE6JTAQBQVChn0WnKQxggwAQCQgAKvK3tkhZAEr7URKtEMHyE+8YAW0QbdtaBEADCBJqFGAGRb57WjGQAkIUv6EmIXqOY1kWEgEAgQCiaAsxOyZjZmOMUgo6xFPaBkW7fJlnZ80OxN1o06KCbMNogZzsE+b2kP+x7/ODsa8YbUH4gICArySdmwISojHe2nVry8rKY7GI1u1X2PUNHj/m1S7n5gTZoaPbIPtIydlmkPvfuF5Tc8v6DVsIOgveyu7OaR8im2xICsEAeGwsOzrswAPPOf2kV16d/eH21uVrP/reJZfEo7EpR0zo3q3i9ltvCcUK+9Uk7rn9ltV1W7591TF2PF7bt//2V2f9afr9fQq+/tTMJ+e/814mo9jLhBUYT9KYVgQAGgWEXRFxmG0r5Cs6IKnevXr+9MYbRo0a+uPv/vDxx5+KhEMZRwYPGXX8tBOfeu7FeCwybtwYAHf6/fcuXrzkjjvuAoAXXnr16aef/kFx2YgRSb+7Xrskj734abbRZpi1OZzay+99AUHcwCbcP/GTXdpySrLzAgICviAwJ+YKANjOZycIuV9lR+O2nUxtu8wvzG2Sm4/+Tvxc/LbNBdvtUAiA2i/M7Vq1zcntlvxJ8p3SlC+WlFw6JAoDgyACKsoeRfLGOxEaY5RCY3w/vn/O4rkZRKW19q1uz/N8Ozyv0ZSv72w/QNrZ4M+b7h/vsMvpFPltovwM0D0ppBsQEBAQsOfp7AJABK3QM97GjRvMTrrOArs2uBGyD4a2x+nuswBy+QO7mr8T/qNMIdpaaZV/ArY/4X3/OcQIyo9DCKECthLJ4hNOnfbywvf++MDDR5900uQjDy4oiCcSkZt/9du77nvw+h//QKFb07XqyssuPnbSgUqHTj33/Ofmrlg8b+55F7x1+uknH3vc0c++tiiTahYBpTCCYWVaFVnlJcVbWutATHFpaZeaisKiQhUrLi6q7NWroFu3mtraLld+/7vLV6665+57JxxyaO/uPc+/8IK0ce+6+9Zbf+MISqIoecSRU5qamuLxeGtr68aNG3fs2OF5ntrbLQADAnbDZ/LCfPIdJStjElj+AQEBn0hHOxx2riQSkXzw35/hz9RaMbPrusycf84qpZRSiChiiAB8VUEEEc67GNql4cgu71TtB04dpvOHbw8L5lzo/mBPcqWeQfw/ICAgYB+lswsAAAjRUqgom/jfceF/LEiGHR8pnQ123GlSOi/2+7YRod/droP9/x+dypcUBQAiaEQUIXuohEDrWElRUVFxz94DTj/jtIqKUgFEVhMOP6JPv4FzZr/OhD379Bk8YFDIsjyA3gOG3fabX21Yv7a6umzQgP7vL11+6FHHDx42DBCEQSlE1MXlXb7+zXPq0055RdnwA0f9+uYbq6uqiorLTz3zv7anVc8ePRVaw0eMvPOO2zZubWxpaRIuG9h/wI0/v3HxwnebG5pAQXXX6tGjxxjDWutjjz126NChw4YNC4VCe/sDDAj4IsF2/wYEBAR8Au2lkdrM/JzlnFVhAjFsKN+YORvPR8PGeJ5nPKIQACCiMCNhB2sfAAE4N52N7+dbMvtbdT6n/PlgO7t/NzGetmQByBeA+okM2TcT3A4DAgIC9jU0wC60+xBB4f93pLvL8HxeegB3tvXbIdJxRkfPw+6SEfZB8knqSADGAAo6mcz0e25/94Ply1as+frXLxh/6BhLa0QAMUSquqrylJOmsbI8VJYICnugmKwDRo44YOQwJkSRUSNHDdVhQPLL+hQQohVJFB00piwjEqbWHr379uo7mj1RlD7o0PEGbT+rz7atw8YfljKsEUQcQCovrTziiC4AgMoASq71g3Tr1q22tjZfCrj3PsCAgC+e4IIPCAj4tPj1i9muydlWg+DH/HNPT/ZBnbXIjfFS6VTdlrrmlmY342zbtg0RLcuKx+O2bSNRoiBp23aysDAcDmcD/b7ZLyLM4HddzsfndxOl99fPVvmLAAApgM6pltlTFWZB8IUJ/BbQILkMgo8dkUlwvwwICAgAAAC3tanV9buoh2LxsN6rt0cN8LHCfZ8PmKv8h1wuWcf0gE9h0bcVt7WTCsj3I9yXIUDxjAekFSKRZoL6bduWvr980hGTp51wTCIeUQie51gamT2liA37lYXCRhERgMeMpPyHMiIiAYmHaOVK/RBEiRAhWH5NpFaeK1qBiDLGgGJf74cZhEUTALiokEQJE4KfZGgABED7KYi+/rBSKnABBOwffJr7SLvM3V3ODQgICOhMbpAibW2U/M7HhCJsDOdnMrMIIxKLaW1tXbRo4da6utbW1OrVqzOZTCgUqqysjMfjlmUVFhbGYvGuXbt269aVSEWjEaW0rw7A7AGgAgKkbD6BX7qf68aUy+iHbAsfEd8BAQC2ygn75s449xZEfGFEFgFgYeKs18EfH3xxn2ZAwD7IcRf9qTARfuiXJ+/tEwnYy7R4diIZIhC3uaElYyfCtBeHkLvOAvjcaZ9qlrP/pdManzgGl7z9L+1m7esgAaBCg4jMgIRWOHTRd7936tmpeLK0uLISAFD8Zj+CCGIEAAlBxCNCw4DImrL78ZsZI5FGEGBmpfwP1s8QRNDIAihASvupgZZSihERxPNAKSRAz3ikiNkQIWYTEyWnAYwi2V7EvjRjYP8H7Ad8yhtJ1hG5H9x2AgICvhCy4XO/B21OtC+fsM8snucxs9ZaayUiGdcTEWNMa2vLBx988NHGjatXr9m4cSMAKKWSyaTWWilVWFho23ZZWdnBBx9cWVnZp0+fRDKJhMBtagLtH87+tC902On0RJjZeJ4HALZt7fIt5HaCAMDCbIwwKKXa9ht4AfY5TOOKV2fOXtkCSIWDjpoyukv4U4zmvA+ffnR+j5OO7xf5xFW5ae3yxvK+XSJ7dZDobXz70nsy3/3p6L42AABkNt9y3YK+Vxx1bElnqaD00lcvnFnzy+M2Xf9s9TWT1v3wyZpbL++R/DxO/rs3zXrtkfOPueAPnRdwetETs+97o9ERjvcZctXZfbvan8PhAr7MGC/V1JAG8P2+vHeFw3XnEoD/fHybrzhrv6fdPw7ya7c74C5+Yx31cnCnJfsTiAQ627YOAVGVlNeUlIUZgQmkzQXgIhIoRFCAopBRlChE9FT+80JA9FvfeQKczeoT9AX7EQWAGUBAIfjBBkRUICAgWgkgC4vWGgEFNSIAmlymhs4KFSME+n8B+wTM3LmHSC7URkT+OJuI2iljQy6RlnMxOml/W2MR47ECLcKoyP/peo6rrc430oCvJu1doh+foZbXfuso3ta24S7V2jttkvfGBjVZX1oQ0X9gSg4AZs7efIjItu1MJqM0sRjPc5UirS3XcWLR6I7t29euXTtv3jzP88QzhhkBkBQhaVsbNrFY7LnnnuvWrduYMWMOPPDA2u7dqyorI5GItixhdhzHcZxt2+rXr9+QTqej0Wg4HEZEx3FisZhfVlBWVubrC/qbGM+k0ylAVEr5Qj+IyIZZOH+LI0Bt2VmNwMDy31eR9JrnX97U98RzDyjiLfNmzJzX/euHVuxCHawTustRZ3f5dEdIb1i0aPthvbtE9qkBY7j32Lv6QHrpus9rhw/PfLuqrAAAdjSmOy1KrVh426LCH1wzaYBufurWp6cvrr1uVCi4ie/fUCieiO3d9P82Ov/gP/Pt/BN6ymRTzz7lCCXviMh2Gdh98f++XweA2Y8nl5/nAmhAAgBf/hDb1Hb8VnYIjNmw/G5zkDsuyh2CmQHY75GMiEztIgMCSAwgjELZqwIFBIEBDAAB6P9cCzIgYG9CubLVTsYSEbmuq3U2bzZv/3ueQRStdb69loggkoi4rksKtNJkEQgiKBAxxihS2tpF3Czgq8nOD6T8tZR/+vlXYH5R3v43xrQPt+a9VPmIMeTqvfMXdt74/6LeX8BnQXKhdsjlzvtWNwD43sZQKMTieZ5nad3U3Lhhw4erVq5cvWr1iy++uHHjRtd1CZHyJXgiAgIMLS0tTU0tdXVblyxZ9sorr/Ts2XPgwIEDBgyYMGFCdXV1127d1q1b98ILL/z97/9YsmRpa2urbdvhcFgpZYyJRCKhUKhXr16jRo3q2bNnly5devXqFY1G47F4LB437Ef6DREhERECZ0v6829EYdD1dp+GU/WNdnXXhAJQJT170DOrd5iKUt9adzfM+tPLoT4VrTu2bW5IjBierFtXV1/XmBxzwtQe25/849zeJ41d/Y9XIn3LmuqbG+qd6vHHHV5d96+H3ux/1sn9wuCuf/KBeb2m9V/5yvrN/O9no5OP7Nv05tOvr0uTuFI0dOKk4SWZ5a/Mmr3RU+BxctDUyaMq2h6i3rbFz816eytocaBizNRJg5KybfEzjy+ot+OJiipYvanPWSf2l9Wvznx9naMVQ9GwSUcML7X+47Fpetnsi/8WOqymdcOOlnWp0vMvPGAgAACklr763SdrbjraX0taVrx1zZ/Tp1x20Ji4s/CJ1x9e4pB4Ut77orP69fx0WtiPzVr82iPn+9PHXfSnscO7/ui88f7LUM9Rv7lCFYUBIFxdhK0pTyBwAezvuI4RrVG8dKuroxENxjAqRSC5iS+OXfv8QuFo9979i0pLI9GobYesUNiybTsUtm1ba9uybcuyLdvWlq0t27K0tkJKK21ZWltaa+X/VVqRAgDDho3necZ4nvE847me63rGc13H81zPcTzXdT3Hy2Rc1/F8x7WbcTMZJ512HCfd2rp969Y1Kz7IpFt3OtP94Mci4Fv0AIgOgAsQA/DlfXYWH0e/0b0AAmQLSBgIgJQAADJSrlk5taVX5DIqCAlAG2DJDjdRkAABUQgRQAsYQgHjCFmcTf2nbHB0P/ikA75iMHs5+yrbNwsgW2rrN9UCEGaDiAiESJZWfnGsb6Blf5bAiGDbOjv69QwCEWkAUVqBcUErEAC/OXnuZ9K561fAV4b2Bnn7lmnt07+hTfK9LR1g5+wqEdFad9okv/+8+8DPagnu0V9asK0NAKNvUrfT02ExSKBAgciKlSvWrVv39ttvL12yZM3qNRs2fJhKpcAwKoWkCREQmUFQMpmMRq1sZVlWJpNxUs7mjZudlLNx/UbxJJFI9O7de/PmzfPmzlu5bEVLY5PjOG46k25ptSzLGJNuadVaexmntal58Vtvl5WVDRkypLa2dsSIEcnCQgRAJBY2xhhjFFlZIYDc24FA5G+fh6Llxe6ry7e65RVQv25dQ2thOn/nQiJOObWHHnMIrJ754KwNX/v21HG4/qkH565t7Z7IruA1N1WdcOy4SGblPx9cuH5cVbjT7pP9xgxatJ2OnDw89uGsmZv7TDt1SAFl1v/7jy++132yvLGudPKZh3fR7pb3321Ic4WVs3s408iVh54wuXtMtr3xyD/equs7uumlN1pGnXrWsIL08mf+uJj7QWb9Cy9t7HXCmQcWUWrVrD88/17PU4YnczvIOu4/8f2jInd764BLDj0n5rx+1xN/Wzp0QEHndTKbl936SOOUCw8Zk6CWDxbcv67rDVf2LiPnrT8+dfecLjdPjOdu2Z0P+t2bZq1aX+9P5+1/f+KQM+9r+5B0qLgAAMDZuPyxNaXHnRwN/Gr7PTHba25oQBBR4XgIQZyWhlSoMBlCNzvxBV4Eu3AB2OHI0APGuJ5pbkmlUo6fIqa0IlJKK6U0KVJK+9NKa0WUN/hJKa0tyiaWKUIFCJx9jhgxxvM8Np4xxhjPGM8wG88zxmPPZNdyPWOMYX+5609H4gVDDhjz9vzXnXSq48nuR9EPBAADOb0EP8EO826A7BoqV4yM4lf/A3SsJMkb/R2fz3nLRAgEFBEqkmy9BiMKMAkjk0L0QFwAALBAEIAEJadjFDzzA/Yl8grZ+avXGA8RJS/OLZxV2YDcj0E8EVFKZUWyjHFc1/Ncz3ONMcySSqWcjBOLx23bVkqRYDQe15ZNRMHv4ysOtm/41tFuz4f6mdk37HdODfADwu3nAIBvKEJe773donYVK9Tp0AFfKtpVdmSvgfzF4F8jhjmTyWzZsmXRokXvvvvu66+/vmrlqvpt21pbHUSwFXmeIfQ7AoKIsGEjJhSyAcDzPBEwhnfs2NHc3Lx58+aGhoaKiorq6i6NjQ1r1qypr69vTaWYja/8b1na8wwRItLWrVu3bNkcDkeLigq3bdvar1//goKCHj17xmIxy7YMczYJRWWTVkgRIQF1vtQD9kEw1G3SEb2fefHRh1RBRU1Z0uIOlocuqCm2EUw4Hi0qLrIAOBy3OWPy37qVrC0NI4CKxC0340l450P4mMYNGxu3bJr12FsCAK5hnQoN7V+w8Ml/PNWnV89+fYf2jrc7MoUKw00vPz1jLmlpbkyVuV7zlh2h6qoYAUZrB1SH54Fp2rBV1xyUUAAQruieaFq13eRdAM7Kfz7wxoBzzuwf/eTncai0qkcUAVWyUGdSHnd0AZjGdXffWV989jFHlikAU7ds65Z1237x6+UAIBk2dsqDnAtgp4OuWl9/+teGPTrr7bz9v3ukefV7N//uw8HnTjzkcxEeCPhyY0cTdrTDjESx3XHii0N3KuIXga7d+2QyjuN4SivIFrEZEEQhEBFhBD/qhcIiLIIIAsLCKCjCwsBZzRhCAwIMDDnNWWFf8tYfwWT3gOKnvIMI51T/GMQAACAIc8pxbVt37d5nxQfv7HehDpS2MgoSwJy9ggiCWcvFV/hRvtkPkDfG/R4AfschbuvwKwigAAXA+KkBCILALAiCCnX2K8kKMbggAmwLoyAAEilhcQU1Avq7YjQqm1Owv336AfsvgogChoUBgJBEwC/8ZzFtGQEEwr4GAAMAEbHnCRvP8zZu3Lh69cq1a1Zv27Y1nU6nUq07djSsXbu2ubFpyJBhyWQinkgMGDDwgFEHVNXUAHI2dSfgq00nvbe8ue7/62f7+8Um7eP2fljYTwRovwette81gHb55H4JQD7+v1feZsCnJGf/+ylFlE/lICKlyBgv42RaWlqWLFkyc+bMWbOebGxsbGhoYMNsOBSyiQhZ2DCb7B5QsqV9+SvB1xFERNd1Pc9bvnz5ypUrLctqam5WSoVsrRUyUk71X7QmX5LAdb0dDTtk+47169evWbNq7ty5S5cuPeigg4YOHdqvX7+CZDIciSCA5+Z8FoaVwmxfwE99q8PAV/DlBKPdxpzQbQwAuJte+MO6kliHWwnuQkGyUyvvjmmqmF9hJ/cQFfSbetKEqnYhx+oTzh20dcPKVUuef3R+9+NOO7Q8u4wb35/1Wv3wU08eVICNix97+EPoEH7KnVT7nXdUE7O6HX5qabi9sKFlWV5jPsNBPKfBUwUW7eotdMBraC0+IPz282u39OldoQAASw8Yd/Nppbuw0nY+KMC7yzftaq+dkKZli655pPnICyZNrf6y1IcHfHXorGLFIgWJRGvKyabJekYsFEFhYPo/9t47TI6ryhs+595b1WGmZ6ZHk4NG0kgjKycr2pYcMBYOiGgwLMYsy7ILy7L5+fi+ZZ+XBfbdXTLvvizRgA1YxiZYRsbZkmVZsnIchdFoNKPJOXSsuvec74/b02qNZcJiY1vu36Nn1FNTXXW7qvreE37ndxiJQCCzYQZmW+KITGAM28w0AlfUz4yUVuTKxdvpgIhiI/29bS1EhsgYMkyG2TAbBmY2RIaZiImYbaibmVjboCMnU16kqMgwq9yAxR/zUr2ysCX3EgAZCAAYRFZ/F8B6FyKbzcydcxEo53XOZMlo4wkMAoAQCEECoo2xEDMIQKRMDAhZSPBZS6s/QMACrdkJYDKnZcw7OHm8fsCGjBSZmmqwE1EOr8YYI6TIZGiByWgUghknYhNtbWePHz367I5njx8/NjQ06PueJS7ZKqWA6w4ND3qe19R0xZrVq91gADJaWfmvxxsXl6zJz/X8c1QnM1JwMEkKsJl8KaXtzWYsXc4GzbOl11I6juM4Ttb5h0m1i6yq5R/5I+fxu8AWImVJwpYCYE0dAI4n4mfPnu3r69u1a9fOnTs7O7uISAiUQmpfMxtjjCsVQEZRQgADohRSCUlgiNhxFDMDaABUygEAx1HGUCAQTKc9pZSybX59Hyb7AjqOM/n8GCmlECKZTCWTyf7+vsOHDycSibGxMUSsr6+vqasTUmQfOfs0SmHbA/2ejVTzeI3BDO/Zsg02bFoVTbcdPBdsWh75Q6KJqALSG/cIQjTcNZCmJgAQyIZAFtVV+s+cHvKrKh3df3BHV826WSMHzpVcuaRhUVlNydiPdtkZqk4AACAASURBVAykqCLDBGAvlnaKS0OC9eCp00N+kGVBWWH6+ECKK8LJ9uNdSZ6timrLzfPt46YyKpK9bbGShuiFGip0i6dd5KSrkpo14eYH94zNvbo4wN6Jp4+21cyZXwAw8Fs+UaD+ijvfW77v2098+enyz91YXN5Umr6/41y6rMnVZ54+eGz20k0NkwoELzppFle/71tXLW+46+3L5zVW2C21VUXZv9Loua/fN/rmj214S8XrSjIxj8sFL5IDZFCOMrGEVAoMsUJiQhZIGokBHSZiYwCQjEFANoayenXMgcKCSGn50qVLbQVjLrTWhw8dGuzq8GMThg0bw8ZI5USrpoejZamJkY7jh5gYgJk0sSGGTO7DkCEmo6UTnmJiXUariwHQAAEAYdfynD9lOilyViYxEwa1nX5RgKVLqEkCBVwcCuAL/xCYM9lKKcXYxHh3d8fw8FA65YERwUCQHK6tq2yorhUYIMKM/48+AAI4+VKAPF7D4Be9ZgQyhvr7+9vOtSXiCSKTSKa9VBoEIkB1TdWVK64MBAPADIxCCWY+0dy89VcPP/fcc+3t7cPDw/F43BhfCLQds5SjHEcR0eDggJf2Fy1yly1dEomWAme/ZZAV47yMApR5/HZMYfLn1vlrrbXWQgjHcWwJgNY6qwZnHXi7PZVKJZNJm8tNp9PpdNoYYw8bDAaLiooikYhVdPN9n4gKCgrsu5RSTl6W8jUJZgIrxZu7EWBwsL+jvaPjfMeuXbs6OjoOHjw8NjaCiL6vlZJkiIiVsl14WaCQEskQEwmhhFIMpKRk9j3PR0QhLBFAaKNBG4EiHk8IIREFERtDRCwE2u5CWRVJBvS1dpSSUliZwLNnz/b397e3d5w/f76uru7Gm26qra2vrq62w7aVCwwCbUwCM58lNwMMF2UhLt6Qx2sJsmTeopKHHvr+QYZQ/brbFpf8QXwiVb5kQWDrI7/sKimMFEbDglkU1lXTLx/+Odz8tmvfNHvrE5vvVUJz8eI3LQiERaDr8XuPgSuZQldcN+sC/0BG5y2f9tCW+39aHCmbv3xZ9MntT/fcevWS5kce+NGhopKqqopwEiFQf921tVsfue+UEganrX3TvOLfNHSn5N0fW/XDH2//+GOGGIsbGv/xw7MrJKR/hw+FsvD6P1lx4D+fu7/ppvfPXfHXS3d+7T+2utKY8jmfvOo3KRDOqi891tIHAFu+8SdHT/d9+/49e491AUBtVdE/ffiayb2o/2DzC33x1q9veRAAQJSvueZfb/2jc8HzeAMD37ywKvd3X9OaDdePDI1Ix5FCZGr6M8X/SkollF1B7F8yvwghhZQoMFJSPnfp6sVLlkCWsQMAk/bQkcOHTx1+IT46yMSGdDhaGa2ua2pq0lofO3Sg/dgBIkPaGKONb8UCaFIywGhfR6dFd29/ylE5X3aGPijtHx7941ws25v3lYEBMAAOABIYmFT7QwDIFFGAlEprrZSajIPQZFLTIApgQUyTJKmsMpkhJgaBCAKIWQBINiSE2H9w/759e5pPNA8PDycSCeMRCkAlSqJF1eWVoVBhuKh45vTpy5ctLo5GhFSRgigTAF7QoM5WM+Z7BObxR0OGmAKACMaQlIKJUTAAXWg1SmZkZPjcubOjo0M7d+88cvjw0NBwMplKp/yMACARAtRNr/vA+99/08a3RKNRMnSm5czzzz3/85//vOXM2dHRUS/tA6DWWpOx1BmwahwISspAwPV9XVJSfOutt950881r1qwuiZYCCAAEFMxovxdENtmbkRpgZiGmsGInFeBfb1Zybh373r17V61alf31W9/61gc/+MHL3iPN5vyt28+2bcRky4lsfj67m91iZ0ub5AeA7u7utra25ubmZDIjc+N5ns32Z9tYxOPxWCxmjPE8b8aMGW9/+9sbGhrsuWKxWEFBAV6MLM88X639yuHFog+X/BMAABIAaa2lVEyZF0PDg0ePHt2zZ097e/ueF/YODAx0d/eFC9xwKJRMpnzfN5oQMeC4SintG0RkQmBGACGUFBIEALLv+77WwLboCQSirXuSUiGAlBIRibUxvhX1RbQ/RaYyk5iZpRSIQikJAJ7nkeFwYUFFRWVlZdUNN9ywZt3a5StWBIPBUChIRJbBgAKVtBrEYBgApclMYrZeQCOQIzNMQgDx6va+foXwh/Bu7n/4IADceE3Tyzecyxac7Go5L6fPqQry6OEHHhi45q431Vzmi0ser3GUlhT8j9+bjai+ovjmf311wcLFk0aBmPK/fdXd2XGpjgDEhhm1RmXLBDQKhURgNCCzFiwkS46UVgRCBeNDveRrKYmMEUKQoax/OGUhzNQxGtKezwzFdTPqZ8xesmSpE3Aff+yR7jMnjPaJjM2KEJNhKyFIhshoY5iB+EK5uz0mwOVCfpQZ/wFAgGSwq6yYzBGhEBIAbJxea+O6jl2AEBFAEjGALQvMeOPGaFsLnbnnAHYNRiRGAgElJUWLFi2qr6+3pNORkZHTp0/39PT4KX3k6PGBgQFbZVpRUdHQML2hYcbKlSvXrFnrugGblcp2U8uls+b2YMuzUvN4JYA2tWSrgzKxAAYgS68GpnQ69fhjv978k/sGBvp8Snd3d4+NjjGD1qQ1IQopZCqlA0HZ19s9PDAwPj526y237Nu773vf/V5ra+vY2EQsnrbFTcyAKACyQTdgYN+YdDrtecZx5PDw6AMPPLB7zwsLFy78wJ13rl69JhAKG+MjSiFkOp10XVdrH0BkZcCJIEc2OJc7kI+jvZ4wRcnPivbZCn+70XadtLOonRuNMUopz/POnj3b3t7e39/f09MzNDQ0NDQUCASKi4uvuOIKIUQ6nS4uLnZd1xK2Q6HQ4OCg7/sTExM9PT1HjhyJxWLLly9ftWpVWVmZZQG8WFxgihJBHi87ptA9LLLGT869YGJGACWlNr4Q0nGc0bHRlpaWxx577MknnxwYGBgZHg8EXNd1mCCVTAGzFAJtqoPZaH1BaXzysARkBZjshJahnAAAgECJNmaJaIxN2hOimCzszozZbpHyQq2K1gYRlJQGyWjd19c3NDwSSyRbzrYFQ6Ha2tr6+jopBTNr44NmFQoxEQjBBFIKexW0NoBColQoBDAzMRkUKl8nlcf/GKjcRMvWB15ABdqp3bCxKu//55HHy4NLhACIiI0xwKARgAUo0oYlSxbMJKUEyfVXLKlpmF1UVNzX19t26Hnt+1I5kWmV5Q2zq6qr4RJyIAAAVdXVg4ONvu9hqHDRsivnz1/oOm7zyWNEUFY7s6N5v+0JQFZ621hFbk3aGDJsaCqXzuLyWVZypKEAASHLHYVJHiEz28o9W5iHiJYXYIxWSmV1obTWtpvvlOPb/meGjJCivr5+xowZ2U7Fvu/H4/F4PO55HhFprX3f7+npefDBB7dufSQej1dWVs6dO3fTpre/973vzXJZrd2ZSqWCwSBMGkB5eao8XlEYbStgJdiwoAAvnXZcB4Xo6uq8+3vfvf++zePj40QUjyekUkZLz/MFSikDRrNhkEIl456jAq0tnf/7c1/6xv/5zkRsLJVKEtHwcMJ1hTEAIKR06MI0llHcUI6rXFcb3zA5yvENnT17tqOj48CBA5ve9vYP/emH6+rqEEFrz3pxStkMGPq+7/s6GAzixaTZy2kKe4NgSgY4d96zk3ZWrs9O13ZPuyWdTg8NDT3xxBPnzp07ceIEAASDwauuuqqsrGzZsmWu6yYSiUgkYh+eYDAYDAZTqdTExAQzNzc3Hzt2bMeOHRMTE0uXLvV9364OqVTKGGMn4Tz+aMiqP2R/ZsPiF1EgiX3jW8U+IUR/X/99m+974YUXdu/e09vbU1AQVkp4nsdMRILJuutSKWRmIDSGLM0OhaVAsZVLBkRAAgQhLTkgV4oiQ5ayekoAmSBpdkgvjtFnNClsXkEIANbapNKxtra2sfHxsbHRWbNmrl27ZsGC+fV1tZFIITOnUj4gBoIBZOOlPGPIdZygsk2gmAiYGYUQSjLn/f88/gA45UtvuWvpqz2KPPK4/HCJEAAzGaOBJDgAWjATo2sjvTYDN33estoZTWvWrpVSnu+IAkNyYrgwWlFcXDyrsbG0tPSlMg/l5eXLV1y5y0tHS0sXLVqSSiV939u/f/9NN77l8KFD2vfbj++lySCAdN3Zy1f3tJ4e6Gwn3xAbYJq6jFzWy4pNInmeZ3ssWgMi6/knk0n7Qms9OjqaSCQSiUR3d7fv+8zseWnb8MxaJEopKWUgECgvL3ccp6ioqKCgIBQK2YLSbGlHSUmJzVZZAmp1dXU4HA6Hw1u3bj116tTx482HDh35xS9+0dTU9J73vGf+/PmW7RwMBi1bAS7V2jqPPF5GWC69kpKMkVKAYKO14zjpVLql5fTXvvbVLQ9v0dqXgJ6nAaROMjNKDNlGF0YbbXS0JDruj6eTxnWd8fFkKuUZ0kQ+oBSCmTHgBnxtiC+hfuF7vs9GSml8nUx4UkFBQYFS0N7e8YUvfPGxx5/46Ef/4q1vfWskEjHaU0oxIJG2hTwv4sZn8oR/nEuXx8sF6+Rn46c2XQ8AWmvr9tvwqA0HpNPp8fHx1tbWzs7Obdu2tbW1BQKBOXPmXHPNNR//+McXLVpUXFxsd9ZaB4NBO/d6nnfgwIH9+/eHQqHly5cHAoGSkpKVK1deeeWVP/nJT5577rnPfOYzc+bM+chHPuI4TkFBAbzII7XIZSvk8TIie5GnxIOyISGYvPiWcK81K6nI0JnWM4cPH+7s7IzFxgFYa+15ntYmGAwiotEacm6lfZyyB8/8CUxG84dfPJyLhjH5J5oyyWS7EmYPmzkKsBX6YyawT7IxIyMjnZ1d6bQXDocd5brKCQRDjlLBYIABkUEwSgJHKkRgQzrtMYAbCqBUzEBkiVp55JFHHnm8tnDJEAAb34Bi9hkdCQAGPBYCmADkjIUr6xvnrV6zxppBdfX1xSUlsVgsGo2GQiF4ifx/Fq7r9g8M3HbbplQq5TqB/Qf2zZwxq6CgYPWaNdaNPHtkl9HGGNOwaMX02XOBsbftjCGyJQav0FV4bcLKRLluRhxEa51IJMbHx5l5ZGRk9+7dR44cGRkZGR0dHR8f11obY0ZGRijT+YcRIZuOsE6+zRQJIYLBoOsGHEchCimFUioSiUSjUZt9su/yfX90dJSI2traiKi4uDiZTLa1tbW1tU2bNm3nzp3r1q27+eabFyxYYIM+VgCSmT3PQ8RcTmweebxcQAQibQxIJRmIyDCbjo6uHTt23HPPPYcOHSJibTjleYjSmIxLRkC+0cAgHRUOhQdH+8OhUGFxyBij0zqeSksp4nFPCAgXFMXjcUAClEyUU8FqXxEqKdERQgilBBEAJVKpRDJZEA6XFBcfP9r8D3/398889eRdd921au1aIQWw/RoCADGjZYPDBe8/nx97/SHrnk3xAy09ysZqY7EYAKTT6cHBwSeffHLbtm29vb2e5y1ZsuTmm29esWKF1joUCkkpU6mUrdl2HCcej/u+bxlYDzzwwA9/+MNEIrF+/fr6+vrKysra2tqZM2feeOONa9as+f73v//EE09UVFSsWLFi3rx5ROQ4Tq5KS3aQr9pluqzxUmS3TMHjZL8GRFSOchzZcb6ju7v7ueee27Ll4d27X1BK2n1sGF1KBQDJZCrgBHLjOIQAwBIv6IxmREVsv5/JSAHklH4gouUA5gQjFOLUmEUucyH7K04+1b7vExhESdokEonm5mYAOHjw4E9+vLmutmb9+mvmz5//1k3vdB1XCiFtiwFfD3Z3n2k5Mzg0HJ1WOm/RwmnlFSjy6qh55JFHHq9RXCIEYLQ2RjNIIRmYhQPMmX7Fs5asqW+ct3bdutz1LxKJRCIR+G3Ov8XZs60rlq8QQiCg56cPHjxwx3vfDwBCiLXr1tm69DMHdwYKiwqmVcxunN1+9qwmY9sIGqNfts/9mgfndH4GgJGRkZMnTz799NNnzpzp6urU2iQS8ZGRkeHh4WQy6Xm+UioQCLiuEwgEhBBSKseRrutmPfOsbZpOpycmJtJp3/M8rbUxfigUamhoKC0tnTdv3qxZswoLCy13wBagDg4ODg4OdnV1tbe3nzvX0dPTE4vF9u/f39zcvHPnzpUrV9555521tbXRaNRaIVbI6lW+fHlctiApAAQyGd/3unt7jh099uijj/7iF7/wfT+VSvvaR0QQjtY64LoAYJusIaKQEtFoo4NBRzmgtQ/AxvgMkPZMMBgkMumUr6TDDAyE8sWCalYCk7XxAcCKdBhDxJRMJNNpLxBwpcAtDz10+NChj/z5n69YtbJpTlMkUgSAUimrBPYqXLM8XlZkvWsLG7y2s6vv+8aYVCp19OjRkZGRw4cPt7a27tu3b2hoCBGrqqpOnz7d1tYmpSwoKKisrJw5c2ZFRcX06dMLCgqqq6sDgUA4HG5ra3v88ce3b98+NjZWWFi4bdu2wsJCIiorK3Ndd9GiRVdeeeWGDRsSicSuXbsmJiYaGhqCweAUbzCf/39FcUlrJ/fKT5Lt2RiTTidbWlqOHz/+9NPb2tvbhZBEYAPlROT7WkqFiK7rkMnU7WcdeCISSlyQ3geeDD1xzu3NnM4K++VG/yHTkuBFY0aYDCLYXn+ZugFjyAYCpEAhFTP6WiOiMWZ8fHxkeGR0ZDQcLkwm0iuWr2loqA26YTasPS81Pt56+tS2bc/09g80zZ07vaGhrKKCAZgAxGWj2ZRHHnnkcfngRfYoAjMbra18NUiWCCyY2MxcvLpu1hXrrroquzi9lIXh+/7Y2Jjneb7vA4DjOK7rFhcXO47T3dO9du06ZpZSTEzEi4tL7CoIAIi47qqrfN9Pp1MsxVVXXR0MBLUxRmsybIz/xmEBZBZ+IQBgdHT07Nmz27Zt27p1K7MpKyubNWtmZWWlEKKjo+PkyZNDQ0NFRUVVVVXl5eWVlZXRaDTL8w+FQjbtb+0DW+GfTCbj8fjw8PDw8PDIyEhnZ2dfX9/ExMT27dvPnDlzzTXr3/zmG+fOnRsOhzPSDETpdDqRSKRSqaGhkTNnzpw6derkyZMdHR3nzp1raWnZt2/f9ddff+ONNzY2NpaUlFjaQt76zOMVBPLo2PDRw0fuvvvuJ59+JpFICCE8z/d8jSgBgBgCwaD2fGYNgFJKRCAyRExEwWAgkUh6ni8lMrAxRqCrfTLGBAKu7/vKkZSTYYMLOaxMNg2FtNa+rzWCkAIRkAwnk+mgS8AwODD46U9/unFO4+3vuf2973lfbV0dGY0omA3ihVk3nx17PSKX7G1hOXHxeHx0dPTIkSM9PT19fX3MPDExEQ6H169f7zhOMBgsLi4uLCwcHR0dHR0FAKVUf39/f39/R0eHpfrbGbu1tXXHjh39/f1CCNspIJFI2JOWlpYODAw8++yz7373u5uamgKBQDqd3rVrV0NDw+zZsyHHzctNRL8K1+iNgSmp9VxhCFu15/teLD5+9uyZhx56aM+ePfv3HyosDBcXR3zft1MQAEullFTxeCIQcG13E4RsExIQAhmBgUVG/pQBQIiMGKqU4mIZyAzr3ur+ZDeCFRGY8iAgIAKCEJNaAEQkQTIzEDEDkSZGZuP7ZGsJlVS+r1tOnR7o7Y8WRd+y8aYr5jYJJcdHh9tOn3rooV888dST4+MTiVR8w3XXQqZv8St5A/LII4888vif4tJygL72JbOUaPX4pRJlFQ01M+eu37AhN/8/xScnot7e3t7eXitoZHsgA0AsFvN9/8SJE+FweHh4OBgMADARl5SU9PX1dpzvqK+rt0cQQqzfsKF/oD8YcmuqageH+j3PM9o3ho3JdFHKXVGQX/eu5pRKwuwLKaXneefPn3/kkUeeeeYZY8z8+fNXrFhWV1fn+35bW1tnZ2dpaen1119fVVVVVVU1ffr0aDRaWFjoOI6llUoplVJZQn42W2W9et/3rWM/NDTU3d3d0dFx/PjxI0eO3HvvPa2tZz784Q8vXboUAOzRQqFQRUWF5/kzZ/KCBfPHx8e7uro6OjoOHz68Z8+etra2u+/+3rPPbt+w4dqrr75q4cKFZWVlVgLdGGNVDCAfFMjjN4CZp36Xs3X4F14wAAIb43d1nn94y8MPPvjz06dPGwZjTDqdJrIOjwBAZE6ntSMcYgEIzGAMMYOSCiVrn6RwhBC+r6WSAtFoUiogpbJ2MBlbApC173Naj2QrcjPFuAIRhQQgQmBmTnueUsrzPURsPt78zf/+1sjw2J133tnQMMMNBIisRLbIaZ5tD/sKX+E8XibYOuosXzor12oz//v37z9+/PjExAQAlJSUSCkLCwubmpqampqqq6ttGj8Wi42Ojsbj8fHx8f7+/pGRkUQiYYxpbW0VQvT09Bw/fvzYsWOhUKi2tnZ0dNQqvwQCAcdxZsyYIYRobW3dv3+/lHLjxo1HjhzZvXv38PBwSUlJNBqVUtrwsc3cQl6f5ZXBJLX+Ah/kQpM9ZikFM2ntx+Pxrs6uPXv2HDp0qLu72xi2UhGpVMoYEpPZfXvLpFREU+j9gJl96KL+R8iAKFAIKaUQdjTEDMw0yfmD7EEyhUgXwf4xWzKAQgKTFQIg29GJmMieFIUQwGQ0KyElykQiQVrvfv65SMghLxUKBmKx8aNHDh86dLC7p8f3/JHh4eGhAWACFDjZuWXyvHlySh555PHGhaHXUN7nUoUARFr7VkQWldJkgIVyQyXFJVN6wueir6+vra0tGAxWVFTYTsVTnFubJGk5cyqRSBQWRBC1IfrQXR/+v//9X1etu3rZ0mWZsxszMNh/xx13jI4OG23Sibj2fUNAxjdEkBNV5syP1/1ykptJsBcKEdPp9IkTJzZv3rx///6ampqNGzfOnz8/Hp84d+5ce3t7Op2uq6tramqaNWtWJBIJhUKW/59NCFzS687KCubu1tDQMH/+/GQy2dfXd/To0R07dhw7duy+++6LRqOzZs2CyTyS1prISCkjkcKCgnB5edmCBfNXrFh+9dVXNTc379279+TJkz/4wd3PPPPU+vXrV61atXLl6oqKCq01TKbI8gt/Hi+FTOErsZAIDERGCJn9ivvaEyikEsiY9lJHDx+87yc/fuLJJwcGhpLJlG8YwHplcEGhTQilFBsQwrH5fwQUQgEAGW33MZoRBRlGEFZiAEAAsFKSbc+tzJdICoF8sUaXNcYtXReAjY00oAAmZvK1T0xKqaJIUX9v/+bNm/v7+//yYx9bvHiJlJIZtPaldGwZ8Kt20fP4HZC7kOUm/ydLuKWVTTHGjI6OHjhwYNu2bVVVVYsXLzbGJJPJzs7ORCLR19c3MDBwxRVX3HDDDZFIJBwOFxcX26NZp9FKAJ47d663t3fLli3pdNrzvJkzZ9bV1Z06dcpS6ph5bGysr6/vLW95y4IFC55++unTp09v2rSpqanpxIkTIyMj58+fLyoqsooA1m3L5HXzz9grgEn/3y7ZlM3EI6INDhLZEEBseGS4v38gHo87jhMOB7Q2yWSKiBxHSWl7AVjSHxIRc3atnBQUBATIyPrLTHM/RkQCRBQokHM4A2QjmJORCDtUpEswQTJmAKEQPEkVQcyyAlggkqGMALPjONrXRhvfaIkqQSaVgEMH9vR2nTt++FBhYaH2/daWMy0tZwoDEbfInRiZOHXi5FXXrFeuAqtKADJr2/yR7tBrG++5bdmrPYQ88sjjVYAUr6E5UL04CWW0NloDEStkJpTILLrPNre2Lpo2bdqcpibI8Vpt8LulpWVsbKy+vj4cDsMkjx1eZD+Fw2FjaGxsvLKiSgj0fC8YCn7yrz/5s58/+Oyz2xYsWBiNRo8fPzpv/hXhcHh0bCSRSIwO9WvtG83EhvRlqAWQU7B30erY39//s5/9bNeuXddee+2b3/zmUCi0b9++1taWoqKixsbGefPmVVVVBYNBa4ba8vtMX5/JDBVcql4xp0bxwhbHcRzHKSwsrKurW7169cMPP/zcc8/t3r17+vTpgUDA7qO1dl3XijXY9gGIWFtbW1FRsXz58rVr1x4/fvzRRx89cODA8ePNTzzxxE03bXzTm2688sorLW0kt7QhjzymABGM8THTPE8rRwFmsliMIKV9Ar3Tp1t+/etf/Xrr1tOnTyUSCUDhaR9AWPY+AEshUAgiYtIo2BgCZLQkWGAEFJO9tXIZN7Zalq32FlpZLGZLm818mYgZbcbfJtxyx25/Zt4gEBiZ2Wjja0OGA25gaGDw4S0Pj46O/s3f/O2yZUsdNyCEMNqzpANjKM/Wfs3iomKQyfA3TjZ+s+KOUsqTJ09u3rzZdd1bb701HA63t7efO3cunU7v2LEjnU4j4u7duyORyMmTJ6+//vqVK1eGw+GsKrvlZAFAY2NjUVGRMaagoGDWrFlr164tKys7duzY1VdfHQwGh4aGdu3adeLEiXe9610rVqx48sknjx49GovFQqHQLbfccvTo0c2bN69evXrt2rVVVVVaazvl2gk8j5cdzGxD7jyJ7MKa7QrpOE44HCotjc6ZM7u+vh4Re3p6Pc8wk1Iyp3EvZ/v0ZdMBiEC2Ph/QaI2IQiAxoMjMFq50mCHX4c9GlLIGGGRsMAOXkh21WQBjWIhMVyCBAoVEZAQWQghmQ5qIiDUDAzIzGfKJtAAaS8XTiXEvnoyEiyXJkcFRVwdnNzZV1Vb1DPQOdg8JlIAIYAAv6BHmpijeyLj/4YMAcOM1Ta/2QPLII4/fG6UlBa/2EF4eqEtk0Zm09lgoYmBBgiWhYBPf/9gDCFhWXh6NRrP7GmOOHTsGALYQMbvwZI50sf00MDDQ3dNdVV2ptW/Xm2QygYjvuf2O8fHx8+fPDQ0PX7lyZeOsxo7z7TVVtTuefbb/3Bnt+2TAkJ9VtbnMYG1Baw3Y1+Pj44899tgjjzyyfv36m2++ubu7+6mnnkqlUhs2XLN8+fJZs2ZZy8PKKFif3JZd5Hr+2VwQ5PYTelEY3u5s0f0H9QAAIABJREFUDxIKhWbOnLlp0ybHcaxSQE1NDSJ6npfb9Sp3qLZzdSQSWbhw4ZIlSx599NFf/vKXR48ea24+eeDAwbvuuuumm24KBAL5TFQeLw3WxjfaP3r0aGtr69KlS+fOnUtGWwasdeCZzbZtz3zlK185cuSI73teKp1Ke76mQEBJKePxpONIABYCEJGAiAiBhAQU9ltgSbOWKTB51myijEEpOVkMe6HzCCICCCJrQLNAmfkeTR2/ZS6wEAgoUKBtX8rMnudpTcXFEU3mscee6Orqfs97bv+zP/uIchzHCSAKZpBSaG01wPJRgNcccifMrA+TnRKt7snExMTevXtPnz595ZVXRqPR1tZWIpozZ05XV9f8+fObmpqklEePHj116tTWrVsTiURZWVljY6PN/Ns4gp1LU6lUMplsbW0dGRmpqqpKJpOxWGzRokW2R0A4HJZS9vb2tre3X3XVVTNmzDh37lxnZ2dNTU1DQ0M8Ht+5c+epU6dKSkoikYiVdLWO6Kt5+S5fTPmy5gbf7a20vXUKI5E5c+bU1NT09PTs2LHj9OkWZtsIUCslIfM4CavMR2Sl/sh67EIgM2azKRdYfgjEJDgzg9nivim8v4vvu7ikx80ZohMzY6bNgEAEArCxUkRkIGamZFJLia6jlHSA0GhjDLmuGwwEhoaGB/qHw1AYNqGGiplXX3F14xWzt+3arnRAsANAIC4tBphnBOSRRx55vLq4VCGA0b7nkSRJwEIJJoFIAs2YP9TTMTw8XFxcnN355MmTUsrq6urcTrOXBBE9+fTjG296czqZGhjsb6ifaVc1z/PisZiQor5uel3d9FQ6ea69LRQMTcQnjh05NtJ93pBvDJDR2pjMsTDz4/KIJGfz5J7n2ez6M888c88994TD4bKyss2bN58/f37mzJnve9/7Fi6aX1AQQkTtayGlEGg847hSSCDWZDKhhIyiMF/I9l/EYb6Y0YqI2ZZUAOB5XkVFxbXXXjsxMREKhbJpDSFEPB4PBoPZKI9Nf1m3KRwOM/OiRYsqKirmz5//s5/97Ne/fmzbtm19fX3hcPi6666z+78KFzeP1wOUkgh0//2bH3zwwVWrVn/oQ3fdtHEjMDEzCCGk2PLQQ5/+9Kfb2zuUUolk0hgKBYNuADzPAzCuqzCjdunZAwakEwg6iARoEFFIlEIgChSMYKuZMrp+zACMREiUSakRExNpQ4YMsxFCCKEEKmI22gCwuMDjsoIBAgAAgYARICsHLgCkRK31yMhoUVEkEg4fPHCopaWlvLz8vXfcwaQBBRFIKR0nHyB7nSFLp2pubj5z5kwymfzyl7987NixnTt3zp0713Xdz372s5WVld/97ndra2sBoLW19dChQ5/97Ge/+MUvptPpz3/+80IIpZT9GQgELFPgscce2759e1FRkdUOrK6u7uzsbGlp8X0/FAp95zvfaW9v37dv3913371kyRJjzHe/+91NmzZZKdY//dM/veeee774xS9+5jOfWb16tdZaSplOp/NEgFcCWQYHTKb9bc2F1V/IhnUCrjs+nuzv7xsYGBgeHvY8LxQKERGiFgIzdXmQjQUAIxFrZLRBc2ZmMMp1HMeRKCY9dibiWDIOwLnN/7KLe+4IbTSB6dLNRzlrQzEyoSEiIkQWEoUUKGwIKTvjMZFBRilBKpcEeMxKO0VcEFXRmSUzr73y2qVzlkWiRUehOeiHIQmsABzkDLkKIJ//zyOPPPJ4zeASXhkiGKOZgAhYAJIWKIVAx3WKymvKysqyk3hXV1cqlZo+fbpd9qbQy3PnekR8+pmnSqOlCxcuPnuuBQG7e7sqyipsYg2FSKVT6XQ67aXT6XQkUhQMhL7znW91nzigPc+wJgPE5pIRhtd7IDl7lZg5EAgw865du775zW+eOHGiqqpqx44d4XD4TW96080331xdXen7XqYGVUlrgFq/fUqqh5lh0v/Ppf3nnmvKa0T0fT/rzzc2NiYSCaWU53nW/2fmwsJC+y57u+1Gz/Ng8nY7jlNdXX3LLbfMmTOnsXHOL37xixMnTvznf/6nLY79I1zMPF6vYEilUkNDQ8PDw089/aSUYsbMGXPnXgHAQ4OD3/ve977+9a/H43GV6avnAFAylWZix1GIQmsPAAQCCCkAlJKO4ygliT1bW0uGmQyCYeBMOS0IK7ZlLWNmRiSlBKIEUMZo4RtiJEatje+nEbVAJYQENJBx9i+aeYSQlkSQ0d9mACBN5AhpDMdi8YKCcElJUSwe+9znPltRUXHd9TegQIHoay2FFHmazGsSL17ULOzc6DiO53knT56sra0NBAJW4S8ej585cwYAqqurbWw0EAhEIpFZs2ZVV1e3traOj4/b0i1mtjoCtrSqv7+/vb0dEaPR6PTp0yORyMTERF1dXVFRUXt7ux1AfX39qVOnYrHY+Ph4IBBob2+3xQjMHI1GicgKENTW1tbU1EBeC/CVxBTHO/uCiKwQr9Y6Ho8PDg2ePXu2s7NzYmLCEgTSaa2UTfLbdiQgREa7N5FKMrHASdVJAVJYKX6JgFrrjFypMUQgBEwJAeSu7DnDhEv6/1naQs7HASLOVDsJRkClJGQKAIztzoQglJRSKHAd4wujqQjdqJpWH5zeEGgoTZXqPuNMBAo4AkKClGn2gbUDSqDIvWivd8stjzzyyOP1jkslZjOkcSLDmhgJEI0UonLm3Gg0WlBQYNcM3/d7enrq6+uzaWG73erAnz51qrOrM52YYOZwQXHd8QMzevpW/tc3z5xticdjruuMjAwmU/GKaZWZZjNKOo4bwSIl5eDQwFe/8uXu00fHe9ttjS6zyA7sopHC634hsRYDTHrUfX193//+93fu3MnMg4ODy5Ytu/POO9esWRMKhVKphJgEgA3gMxlCgcBgU5WQYU1n2v/k1t3xpWQCbA4q+yer3mcFqD3Pi8VixcXFBQUFxphEIhEKhWBSBysbdLB0R7uu2zaQUsoFCxZUVFRVV1c/8cQTBw4cuOeeez760Y82NjbmiQB5XBIMHAy4w8NDiZgXDOrdzz//4E9/+o53vL1/sP/++3+6detWT6cBKZVKAEhtQEqllAsARvtE5DiO1n4w6EohmFlKKYUgQ8SOIcMZLS0GIGLWfhoAASTa2n0UAKwko9AAQkhUypEy09OLGY3jaG08zxCRksLWEjAys8iVI82Saia1BAgIHOkyGZtJi8fj4YKQI0XH+fa//btPfv/7P5w/b34wFHYcyWRrfl/fU9llCbxYzgZyEr9SSt/3Dxw40Nvb+9a3vjWRSFgO/549e44cObJ+/fpZs2YVFxdLKVOpVE1NTV1d3VVXXbV3796jR4+OjIwUFhbayTPrxe3evfvYsWNlZWW1tbWWh+X7/p133hkMBl944YXW1tbBwcGrr766tbV1586dRFRZWXnmzJne3t5YLJZMJo0xJSUlyWTyvvvuO3/+/F/91V9Z7sCrefkuX0wq6ospDDtLBLCL6cjIyIkTzVsf+dX27duPHz+utfZ9EwwGpDSIwhjKOO2ZxH4GGXodGWbjOm4oFEqlUgxAxvi+b0MDRCwlCiGFsGQBmlzWAS6s+7/1I0wVDLKUQEBgJGMMM7BEmekawMBkJykpUSgZS/tBWRiWbm1Bw/qmDVc1rp1XMzcoQnFKFnExei5oMARpYkEskYW8SCVqSpbojYyaijIAEC+6GCxs0AeVUigkEREwSukTogCFpMBI1sCktdEGlBtgIZmFJhLACIQMyKZ7cPRV+FR55JHHax6XcMlssDYLJxguKq1QSs1YtHrZ8hXZGbyrq6uoqMi2IMrujIjd3V27dz7bvOvJxPAAACDCrU5BeajIcQN7//Lj/Gd3inDQS0ullDGGmAXy8PAgovB8r7u7+/nnn29pOaNH+4ICuLR8fHDgpQb2esSUgr3sZlvWMDw8tHXr1scee9Tz0pWVVTff/JZ3vvNdK1deWVAQNsYUFhYykxUuQ0RiBgDHcbM9EjjjRSAiIAprW5AhACAmY4yUioxJp9MAGVUhJZVyFBEhoFLK1zqdSvX09hw5cnTPCy8IIW7auHHZsmWFhYXBYDAr7J81hXMXcms9BAIBm9eqqCh/3/vumDfvil/96lcvvLC7pKTkAx/4k7q6esdRMLXC9iU1EfN4gwABh7oGB86OLq1ZFnXCHb3tm799/yO/3Do43j8yNuZrkzIGDStiJu0ql4whYuU4QjraeACmIKSUw0Q+GwAGJiTCZMonICArt8UATMxKOFYGm5gRkBmBUaNhQiKNKBxHKKWsaqsQqJQMuK7r+J7nGZ2iDKUWQTDaoAKz/WpAplEXABhERIE2xWe/MeFwSAokA2XR0tJo9IknHqutqXPdoFQS8wXbr3nYWC1OFnsT0ejo6Ojo6ODg4NKlS5VSzc3Nhw8f3r9//8qVKxsbGxctWlRdXe26rtY6GAwCgDFm6dKl8+bNGxsba29vr6urKy8vtxFzZo7FYjZS8La3vW18fHz37t1NTU233Xbb0qVLjTHFxcXt7e179uz50pe+1NfX19vba33FgwcP1tfXv//9749EIiMjI+vWrQsEAvfee+++fftuv/32qqoq25YVcqbW/Bz7O+OSDmpmsZ7sAoDZID4iWrkiRFRKxeOx3t6e3S/sfu6559ra2n1fI4KUGUVRInJdJyvCx0y+72tj7ISjlCJCJlJKOY6TTqeNMaSNNgaYhRQMYIgYMrF+ykQ5cQpr5UIYAC8RErjQ5SS7rKMQ0hUIZHw2PmvDCOg4hZECY7THvueliQkFC4Ehp1B4jkOBaLB0RlVjTWmdS+F0TGPQKXCLhJEAAMxKSARkupD8z1JpXvYbdpkBM309bIkIEZmMscQAxFKiowQaJG2CjuMWhYbH4ozEIAgQEWwvyMvAbM7jssTouWdHzj6VHG0nPwEAwgmHShqis24ombH+1R7aGwiXysrm2KO1cxctWHN9aWmpUs6cpqbKykq7nYisVpwNeNuNiNjT0/34lp8d3/lrYEYEBfxeVVIXLqirK/cn0qMdQ/3/+d+Rv/2IU1ZaUlLqOoHN9/9k7559tTV1hZFCBCgrK7963TXXrr/+bGsrMw8PD7U3Hzq++8nM8V9kKDO8zhaSi11fuyhag8DEYsknnnj8m9/8RldXV01N9Vvfeusdd9yxYMGCSKTQGE1EzNJm7m0B8wV7DnBSUPjCibQxDCyE0GSEEMQcTyR6e3u7uroGBwcBoLi4uKioqKSkpLi4OBwOK6XIUHdP97Fjxw4ePNjW1uZ5XlNTkxtwAYGBQaBvtMRML4BMumDyU2SjA9Yw1VoboyORwnXr1lZVVVZUlB88eHDLloc2bdpkhZEBACBLf5D5KMAbDRdJ6jOwZ3Y+9tzg2fFPvvPvriyes/nX9/2ydWtvX68oMCqgkjrtI0qBASMEgtG+ACFRkCEADgUcN4CAPrOxX6l0mozWzIIQGQVkSTMAVu2KGQ1w5sEGAGRiBJCAkgHSPnu+D8CuIx0l2PcBWUkWATQKNbE2llFgpJAokPSFpir2kMwEQJO9B4RhjUy+77FEY/x3v/sd73v/B2bMaoxEiq0ioO3y9ce9A3lMxZTJGSYLrLIzrXWns3zv8fHxjo6OUCi0ePFiRDx37lwsFisqKiouLk6n00op2/kvl2ZVW1vb0NCwa9eu5ubmYDBYVlYGk0SDVCplSwDWr1//zDPP9Pb2Llu2rKamxkYQotGo5V5NmzYtFov19fUdOHCgpaVlYmKis7Ozo6OjqqqqsLBw1qxZUsotW7acP39++/btt99+ezZmkcvRywrH5vHS4EuHADDbCxCsoB4CTjpZDMC+79vqvOPNx/bs2fPQQw/t3btPKek4ChGNMba2zj5Fvu9rbaRkIkbBUqLjOFLKQMC1+3iel06n7W7ZUDvbztIoADO9BKwJYMMBOYPmyeRAzuspH5In4wiT/wjIKpoKQCQEYoVSeEJAAEEZZiaPDWvjm4RS5JY4xbVltbNnzC6JRCnJLJCQnUBwbHRsrH9CsgpUuiAET+oW22fPhr3yk94kBABkGjACwSQjAIkl2MI1tgK3iEIABCRqbdhowQLBsAFiX6dF0FWahGaQKJAZrJbjb1PR9nuPfOJfj3TDtL/47E03T3vJeEG6ddeHv9Q+/xPv+n/n/aFczt98qNSpHR/8WntSVv3jv91wTQRBj/zwM1t/NgQzb3/bv9Uf/ehLvPEPHF7y+Nc+8b+2lX34W/+2seI1FDLR/Xu39865bnGw+T/+/NvzvvzVt5b9LoObfFfJ7/NJUsd+n1P8ZpjB3Xd//htbT44ZUTzv7X/9qT+9Mjr1oO07v+aNttTOX18244OBgnIASMcHBs/t7zr+0/Gug9Ov+uQfPIg8fidcUgvgwrx8xcpr3/HOdxUUZPofZO2G8fHxYDA4pfaMiJ7b/vSRbVvIGBToAvxJoKQ2GqmpqfBGYt5Eqlzw2MBw1+e/fd09X2lrPffjn/xozeq1f/Wxv06lUlVVVZFIJHveOXPmAIDv+z/5sb4QAshZxBCQLx2kf00jqxuUY1wyEcVise3bt997770tLS2RSGTTpk0f+MAH5s+fX1BQYMmBWbbFlFVzis2a+9dJJjNba/XQoUN79uwZGxuziYWioqKysrKysrJoNFpSUmJ1GQcGBgYHByORyHXXXdfY2Dhr5qxoaTQUDLmOa8hk6wuyyC2GtOO0hkuW2qqUamxsvP32240xzz//fDgc3rRpU1lZmTWmL74OFz7OS3Al8rh8MPXWGjpx/KSr3YUVTdNF9dvWbTo90bF3aC+iz37KBU4ZEtLRZJSURrImAjaOg47jKCkIiYmIhDFEGoxBIDHp/POUc76YbgkAjBc246RRnPa077OjhFQ2pSIcxxXMklBr9oxP5AvhCEv7n6ygQkREQcTGGBSObd/NzL62FAOHmZcuX0aGEQUgGqMRZb5m+1VHltSdDWva7VprY0wgEMgGOo0x58+fP3bsWHt7++LFixcuXLh///4dO3aMjIxYZdxQKGR14O0kZhupSCkbGxs3bty4a9euXbt2VVRUzJkzx9atjI+PDw0NVVRUzJs3b968ec8//3xhYeHcuXPLy8stqaqoqCgSiZSXly9btswWan3+859//vnntdanTp3asWPH6tWrr7jiiurq6rKyslWrVo2Pj99zzz0zZ85csmRJMBjMUr6ndIzP4/fEJeIC1g6xVzWrzA8MJ06cOHLkSFdXl50Kcikkdok0xpLtWWtDBI4jgsGA3cc22XEcp6enJ51OT/LnGVFIKZRSUlIurSP7ZP6hdxYZJWij0coDMgsQxjfpiTSCIGYkVKiQgBgUyAC6pZFoeXlZcWnEdR0iclwFjjGgOzs7Tx85XTo/WhetcwOOQU7n6ArlWg55vBQuaGwjAYASgMhSsm9Iki/IMEIkHJChQDKZHkukQ6GAYcPGtpgAIBS/vb7MdO9t68ZAiIeeOBK/6brIS61D7vTlX/3sYqf4j1XLaQa3tflXL3b1UOcLQ5ltgVdoDKZv24/PvunTH2/59k9PXftX84Iv8+F/L+TeMZ44/LOfd/3lNYt/rxFl31XivgLjs6f4TY8VjT7/5a8dXPIvP/rSvHD8yLf+4t+/t/ruf1iU+xHO7fhauEAuuvbTykFgD2gYAIJht27Bhqqm9WdeeODcjq/NuOYyjgKQlyYVUL8x2ML+xGjCLSkOvLKT5G8JAaAQVtBoyj5WHH5KFdmpkyePPfc4GQMIAYA73aLasmhtTWVv3+joRKLIB5HwK0kPDsW23PWp2G0rPv6Xn7AMSXvAwsLCqYNTKvdBuzAwBmul4yUj269tXNywN3MBW1pafvSjHx04cMB13Y0bN951111z584NBALWdrTaUZ7nZbM3ufcod0t2WZVS+tqXQjKz7/tjY2N9fX1lZWWLFy+ur6+391RKaXMOjuMIIbTW5eXljY2NQohIYUQ5yvf9eDxu3XVbL5Brdrx4AFleQDYWYHkB5eXlt9122/Dw8MMPPyyl3LhxY2Vlpc2PIeKkNjtA3u1/gwJRKekGiiBUHZmGo9xY0XjL0lu6d/afi58JuhBSIqZ9x3UIwSMkKVgCIgtXKFcig/aByfHSxhghhZRKMZAx+nceANvcS3Y8mVGhJDKplJYCAgHXcRQAApNAdh0hhTTGpFIpZnTdgJ2SbNpFCCGlQCQGkS3P0cYgggyoX/7yoblXzPvgBz+kHGHDZZOuRf7hfzWRnYVyJzdbNmVnttx465EjR9ra2sbHx5uamgCgu7v7xIkTkUgEEfv6+mbOnDl37tzS0lJbvG0nOmOM67qLFy+ORCJ9fX1DQ0PJZDIYDGqtx8bGxsfHGxoaGhsbtda2x2p1dbVSypYSZKuuXNd1HCccDs+bN6+vr+/gwYOxWOzEiRM1NTULFiywc3VjY2NnZ+f+/fufeuqp2bNn567U2Vk6j5cR2aiKXfUGBweHh4cfffTR48ebBweHXNexPD7IqYG3EXMAsOwA+6vWuri4uLS0dPny5QsWLAiHw7t27ero6Dh69KitzAfIRBmMYaWmuv3/M///ojWXmUkbo5WUIFEJN1pQEnELIM3gsefpNKcJGFGAKyurpvsxKikulkEcTQ6bmIcpjBaViqBTO7Pq4J4DP/zhD664eu4tkZvrGuqllLlfoiwPIg+YwonLMAIIAGDSm2djgFHYKJIxaHRJQaggoEKOjBSGCwoKYvFk//DoeCJtfJ9AAHP2akvh/KZz++PP7plw5696f2rvd3d19q+fVy0h1bLzQ1/pWXbb9IGnT59KhJa/44ZP3VACHQf+5kvt8z/xrr9TL3zoK91LNtb1PN3aJsvfdefcxNbdj3RC443XffZtlYWcOrz1+W88092TUjWLF//9B+fNFiMP37vzvgNjcXCqF8z7+J2L5gIAQOrs4f/vByeOxjLHv7htSXBeld+8ZzCxuGqiuaOvqLxyfAAA0pNj+NSs8d/lmHx654e+2rPw+rLTz8Y2/dPawOPP/2jfWBycGauv/NT7G6snvZ/kqQd+XfCuf124euXyn3//qYOLt/77uY98/5+WhYH6H/m7j++/4+5/Xqn3/+Dff7A/JjlJtbf+zd+9vTGUeXqTB/7lrv9bePWssYGxgS5/2cf++Za2T//j2SlvXzb0qy/820Pn2KUEzr3zn//2pmo+9/DFW0qaP/eR/y5YGj4+seF//fOmOgcAdM/jX//2wdP6C18o/uRbgJOtD37uE8faewbca/7hf39iZbhjyhGq7X3Oeddf33DgX356/be/dF0RJg9+5k9+vOHuz0b/68++UbChabTz3Omeqre/vbr1QGvHmd6aD/77p9bCbz/FRYN8i370kgMAcKa/8//51Py5hQIgMnNprfnFiA+QDQEMtj6bGD27+Lq/VyI+3Nt35sTRVetvAMA92x+fPW9BaXnV7FWbdv/8i4Otz5Y1XqYVAeSnUlTgqteCxXcpLQBbnIaA/JJBCq21ZbvlorPz/MRgNyKGET7sRqurKyoqS9t7RobHEiGPtEcQ9/rSwTFWujz6jre/K7sGOI5jsg3/XgQEwQIECyHE6zDxfwFZM85+8GwmfHBw8NFHH927d+/ExMS6des+8YlPLFy4ECd79dncwu8upGftAAK2alVSymQyWVRUdNObb1JKBYNBN+DCZCQiU1cGGe9Da21T96lUqq2t7dChQ11dXUuWLFm9erWVmxYCs+69PR3maAFkP2Y2JWL9/HQ6PWvWrDVr1uzcufPb3/72wMDAihUrSktLZ82aFYlEbLv2bJ4qe33yuEzxokwaAgPpdFqCcDmIRhb6obfMvCkxkb73yD2j5qxxPRCGUDhCaU3kYygcdhQz+eQlBSjBIu2RAAcEEBhtUiAIFaK5dCusS49qkgjAtlkAAwOgVEIoJkqkjPQ54DhSCQQCJonguI5ATKXSZNJSKiEEGjA0mb1hCQiGSAiQQjCR0eQLnUym/+Pfv6Ckc8cd71OOK/Mama8l2Axt9lcr+2cZVZ7npVKp9vb2vXv3Njc3z5gxY8OGDdOmTRsdHT1w4EB7e7vN/K9bt27hwoU2gY+TTVtsi75QKDR37tx169Y9/fTTVVVVDQ0Nq1atklJWVFSEw+Fp06ZVVFQw83XXXed53syZM40x6XTaNme1MzMAJJNJIcTVV19dXV19+PDh3t7eLVu2GGNsT1al1IwZM/r7+w8dOvTTn/505syZ73znO+2Hskxs+7lc9xXLEL1RwcxSSAAYHBxsbW09ffp0f3+/5/mBgBLCyXXUs1l9pZRSGW3dWCzh+1RRUdHY2LhmzZoVK1bY+15ZWWm7pcTjcSv6yMyI7Hna1nv/Ie70lOUbAZAMAgGiZwhRFBYUTS+rkwlWvvRTfiwZH0vE4v8/e+8dH1d1po+/55zbpqqM6qhLtmVZsmXLlrExtjG4UE2AkOwmC/klpOz3x6YvySbZTT5JdjebBDabuiGEBEgC+dJCyS5gDNgYYxtXWXKRZXVZZdSm3rnllO8fRxrLjZACoej58MEzo7n3nnvn3nPe8rzPS22hkPzcvAk+CQpL0ljXcAdJEV3opbjcrwf8Bb78cOiF1hcsX6qyocLj84Ty8mQULJP/n2UB/EFgjDEgIRgwjhCXmhGci2yvXpyXm5+TpanIUBVd1+2sYCAQHBgZ01J2Iu0w2XyBMgH8tcsA3JGe7eN4wXvKVqS7fv5A567x2hsKMMKYgHWwM/tfv3zlwbuevv/3re2XrK6d3gRhTMBuixT92+eyf/jt/Y/cSz7+2Ss/+/tnvvd8a8uGgsbevd96Onrpp276cTjyw3/dfsdzxd+uOPDLA/C3X3rfZv/YY493He635+gAQI8fJZ/72JqqX7/05O9b2y9ZveiMGIBatTjQuaO7K509vC+e1VAf2j2anvHn1PHXtc9agglYh7qzP/fZJVXu8BNq0c1f3LgqdeAffrT3l83lX16gAgBnZL3RAAAgAElEQVTwyEu/PrLk1o9nYy34nhvIv+wMXxF+8vED8cWX+EZ3bZlc/pFFAfPgv/24fc23f3B1AU4cuOPj//X0iv+6ITwVSUWEjsWb7vzmqmzr8J0f/vEzV3z9PeHHz9ycx4/Suo9++5+Wh1jPr/7Plx47eenf54+c9cmtWHUGh5p++bPLMrUYSvFlt2x6ZEC5/fbrC0982x4dnvtv3/v7vMS2f/rwwy0fXlJ/9h5uq9PP2qqg9cDZvzdR6KS57BNf+zjs+doH/vXQvzz4lY+QQ/92y337JlaUwR88xMxBsrE95x8AYF/F0kYAAGCT+x64d2DxzQt9M4YwePT5ivkrFWICwN3f+UY8Gl2+Zg0APPGrXwSzs7/43e8pxC2Zv7L32PPv1BCAnTJdCskk8vt1nk6aLgcAwLrPbyjArGQizRAhhPyBCp6/DM4XAiAEEGDJtb9waHlKAWsaQohkbAIAcrHyEdVXWFOWE/R3DIwlE5bH5R6bgekO2Z7jNnVriq//j9tn7jkjiXT+MSLAgAQSZ/XNmvYZ32ZRgUxuXL5Np9NPP/30I488MjQ0PH9+7Sc/+cna2lqY0edPJgfO9bRn7vC8R8n83+fz+Xw+wYUk88teVqqicinRA0J6/pqmSbuwt7f35Zdffvzxx3t7e+vq6pqamqQVq2kac+m5i3emuiETVpB8P5n1opRK4WuEkGVZx4+fiERGdV1bvXr17bffnp2dPVVEPU0umLUM3uk494EVSBXEgxFCCmiqUPzUH+DZ19Rfc2S47cWeXmGA5vNRl2FCVaIYRMdIEGAICcd1HcfhDDNQEcKAkQDOERXAkACCVCT+yJynQJkRygcOI4wIAc44B8dmmApNRaqqOI7DGNNUjJHiuMylkuaqEIUwBoIjjBGgjCYXQQg4c23bFSLtOM6dd96JMfm7m2+ZJtXNsgD+ysjEH2dGJDHGkgjg8Xh0XR8YGHjssce2bdt22WWXLVu2rL6+XtM0y7KOHj2aTqdLS0ubm5tXr15dUlKiqqokbcndZphWGOOmpqaHHnqopaWlvr5+yZIliqLInUtpANu26+vrZdZUHnqm9y6jS5Zl1dTUFBQULFy4ECHU1dV15MiREydOZGdna5oWDodXrlzZ3d390EMPPffccxs3bgwEAjJ8IOfq1wi4z+JPwBkLFoK2trbdu3f39/dbli21+jOr+cyFkhCCMZKBckIIQhAK5Vx00UWLFy9eu3ZtdXW1DD81NjbK7o9DQ0PDw8OTk5OmaVJqezx65qecSS38cwYvOGeMAkaAFEVXdNWTk5tbVVFVnVOGTbBT1ujERGd/78D4iPASTdNsbg2M9lnx5HDfgEb1XH9OFKI+M1DdMLeopqjruS7riFl5sIJoeGFjY3G4WBoYmcqFP/2Kv7Nwod8MY4wEABMICVVVNZUA467j5GcFNGCYWX5f0O81EEIYodyg37JdDknGscMFY8wRlAv2mrcE63+1J4JCf1Ol5dCKKtj//KHk5o1BefD5l1bV5GBSH7i/z4w6Zw9tzorSiuJkYy6cCFStKgs49X5osydsNnxs1ATzf3/w8P8CAIDaFXOb8sPQ+usfbTlcW7R0cf2G+QbpBgBct2nBijmkaEngyWfNqANwRggABeZUV289/NKJwaFT2rKrs4Z3w8wQgB56ffsEAEDzLq9bWaWzaFyPnXjkv/sfw24M6GSCCVARAOCCTf/+31Nnlbv+6z9eL+I7X3jo0b2Tyxe88mzqks/UeZz+liMjJ45//ZNPAABPU6ZPuBDOGBZa2fLaIAYwSupzJ1+OBK5977z7Z24OGIezIv/975/7NdH52HBijsVw4OxPQAWtpLnuwuX7eunFC/MUwEZegWElLHTuHl4f9KLGci8CN5CXU1pR5kXA/CEPTbn89RxixiDPcwpngka2fOefHg78f3f+4yVnKAFER3qXb9wM3AGAeDQKAPL11FvuAEBhxdyWHc+8zjN620Hz6oQhv9/ANJmgWjBLxyDcZCxlawFsprknmK0TQVNR+00YzHlZAAQjDAJJTZLzztTnDTxjQooxuVkJFNWV+3Xv0d6IlbK9VBgWA9MdsY0TNosQO3/9wvP6sRdaEhBGwDFCp9fRtynk+GUXaMkOTSQSTz755F133dXR0VFYWPCBD3xg0aJFMvmvKIps/ytL92FGUOCsKoBziwIAQACk02mEUE9Pz+jo6MTERCQSUVXV7/f7fD6Px6Oqqsfj8fv9Ho9Huuiu6yaTyb6+vq1bt+7cuVNV1Wuuuea6666bO3eu1+vFCKdSSV3Tzz6QEISQ6bTG6TPFGMsBMMZ6e3s7OjqefPLJ0dFRAD44eMq23dLS0pdeeml4eHjevNq8vPwMb+28kgezeEfg/ApbAvikPRaHSQwCXIapilwkKMnSs6qzq3YQLWnHVFVnGhd+gYCrjLuWLThDwCnnAoCoAiPEGOMAmHBEEBfA2AUEvc4DBEBAyDUMT38i/SVwGZWevRCCUhdsF3GiYKwohHFGXZuoStDjSSUt26EcMCEKxiA4IkShnALGaLplF2DMBbNtmxBvIha/5+67S0pK1q1bhzBB5O09ub0DMDMKCdOxWlmK7/f7bdvev3//1q1b77rrroULF1511VWLFi3SdX1wcPDhhx8+derUmjVrPvjBD27evFnTtEQiwTnXdT0jyI8QkkQAv9+/YcOGO+64w3VdWQsgZ3jp8MtJXghh27ZhGJmWfq7r6rouw8GGYXi93lQqVVhY+JnPfObnP//5iRMnWltbf/Ob32RnZ8v2BLquV1dXf+ELX3jppZe2bNmyZMkSySmQcd7Z2fUvDnlJKaOmae7Zs2fLli2Tk3HDUA1Dc103I44D0yw5NK2Y4zgUAIQQHo+xZMniW265pby8vLCwUN4Jc+fORQgtW7YsEonE4/FIJNLf39/d3X3q1KmjR4/G4/F4PJ5IJGzb5n8g3fu6TgGBUDFmIFzqCsAp1xyMjBQYueXewpJQcUld2HapZ9+rp3ZGTo0NxVAiloiBzSZgtA+6iUA66Ntbt3t9/sX9zdyAUF7e8OjI/ff9aufuXVdfd82GDRvC4bBhGFLb6DVMvncbsMhoAZ4BJEAIJqvFDF31ew3BuJsGDUN0dDg1AWpleY6vCCFkM6YAcuy0a1uOY1GOBQIAIJi8FoHUjb6wLwUi9YN/fvAH8pNdvUOXLSwAAMAqQQCIKADnWUexRhAAVjAAUQggMlXOJit3Q5/89ys2ZGdOSdz59cJXDp46eGzg1z8/vuXKq7+zAACwrmIARLTz7h9IsPDSsP3glqNpPfw3YfLQmX9VSxe97n0Sn4cA0GNP7HqsPefT37h6rdn6//9bK1w46I6CS65f+t+/3NE2/iK77PYqFQQAyb/sy9/7ZN35qVOZAjEuAKFzNmfDz/77z/re8/07NxXikac++X9agY+c/Ym84rp64YkZTbd2kBzi8+7h3I0yjUBOzw9T6qWyb5hMv00XIr6OQ0wP8g8OwOl56rHJzV//wpris+4/0zQ9PgTCBkCLV10MACAcAJj52uPDZsq84LV4p4C5lFGaiFkA0pdjjDOkEAwAiGgKfv21rH8yFIDpFBScpoQLJG+QC96P0ik9SwugyLJXK77wojkaVtp6IyzteFxh2Ayl3YhtHHfEMHE68+Plgexztz23rGDmXwWeysid/TcBgN42q0gmswQAiqI4jrN79+4HHvjN0aNHg8HglVdeed111+Xn5+u6DtOlFtK7lnz+C+3wvMX5XIhoNLpr167jx4/39PRIkzRT/y9jAaFQSLYD8Pl8svPQ6OhoV1cXpfTqq6++5JJLlixZ4vV6ZSWq7dper4+zM4LKclpxXRemo0IyL0EpdRzHNM3Dhw8PDw+/8MILr7zySldXFyFk/vz5CKETJzra29u//e1v5+Tk3HrrR9///r/x+/3yZN/Qn2AWbwmcKSbj2k7rgUOvvLgDsSC3VB17OQUFk2wjsGze4i29JWOTUTNtc8J5kDrMochSFVUhxEpzM42CfiUrGEokUtircgGWZds2FZioiiJef7JTIIAZpVlyPhQcIaSqRAjuuBYIoRCiqBpz3Xg8mZXl8wX8iWQcQOi6Zhieycm4mXZhqr/gVKYLY4QEFoIjQAgrGLCKcTqdZpR2dnY++JvfVFdXV1ZVz5IA3iKQ8yRMT2iKoriuK4RIpVJHjx7t7OwEgMrKylAoJGfC0dHR9vZ2r9e7bNmyoqIiORl6vV7TNHVdz8ijyLCvLM4yDKOqqkr2DpC1/TDt5EvCl3T/ZOZfhowRQo7jyK6rMk4qXxQXF8+bNy87O9txnL6+vp6enpqampycnGQyOXfuXMuy/H7/yZMnKyoqqqqqMn7XbAjgz0fmMkplYvnWNE1ZBTAwMKAoWFI/HMc5res2o9JE3maEYADEOQ8Gg7W1teFwOBgMyptwKvIIQlM1r9crY1Jy7S4uLg4Gg6Ojo319fYODg7FYzLIsufhmQgynDQMEgk9x7zGW8nJIdgJGsuBJyFA+RhxhLpjgCCGiEgBIpZOR8ZF+Tx9LWJhzrGtxK2oykwJNWElOOCNukjm2IBqoFtga1qN2Kmu81xJ23EnY1GEWHx0b7Tx5sry83HVdKU4hxym909kbEiMh/XzXdbGqYIzTaUd2VgoG/bFoVBPgpK25Cxu6Tp7Qfd5QVpA4addOpRPxSZVUVlf1DXSOxRNjkymLIuAggAmBCSEgGKUX9COcU10vR6Fs06WfXGRgEGP7dv7Hi107x+qv/zNOpbAu3/d8/9a9E82LUw/ceyS56pJbjPZ7DmjX3tT4qZVlOd/Z8vSwxRa8jj0pniVLgz/9XdS3bHm1ftYp8LEDh+764/YpHJMBQkRYh1/uGQYwUq6AC6nseedvvjTx5e89VfLe74ZVAChsnGf/cFtXev58wzrx2N2HGz56Y603c8s6fbuPx66+JDvVdXAs1BDWzt7cMceSenFZjiKsrhe39aSDnJ3zyQXuf0QQd8/3+/HX2sP0Vkj3KalIkkEW72/pTLJ1r32J/phDwB88BbXifd/6F/08yo0OBWBJQBgA3fTB6wEAhAUC3fR314OYeg2COe4fNdq3K7DuD/qUzLWjM+Ieb44vpJxBYZOvhcBAAMlO2udnAWia5jhncIPE0daGl54rXFaHGGrtHgHL9ThCdxhKu6OW0e6gceR0hqLZJZVlZWXn7lAKZZ93iDJohQSCcxTpLzS8tywyazOldHx8/MEHH9yz51VKWWVlpRTJk0w5WW+fObWzVAAz5NKZbzOfyNe2Y6fTaVVVGxsbV6xYIRtQy+NKMMYy5kLmWHPmzLnyyitDoVAgEJAcfmmSAoCu6y51MUxJGQkh5E7k2FzXVRTFNM1EIjE2NjY+Pt7V1dXW1tbe3t7X1zc6OirpjqqqNjU1rVy5cvv27Vu3bh0dHY1EIg8//PCCBfXLly+X9u6sFsA7EWck5DnnmCDBOULYSqe3P//8Hd/6Vueh7pvCn9BZFjAFq4qglDNrfmVNcVb5sYn+bPArgsejQ0KlWMOKomKheXQvCIs6YmhojAnu8XkIVrhAGBkgFO4wjPmZOn/ToznH6ESCCAEYA+MMYywEZ1zmb2V/Qa4oSAghgHGOAIGiKRwBZaxh4cKS0nBra6vr0FAozx0ZY0xgJPtqiUyrASGAg8ACMEa2yzBRKGO247700kuLfvfYRz72cX92jmyNOe0tICFOE39m8SZgJgUpw9hCCAUCgVgs1tLS8rOf/SwajS5ZsuSmm24Kh8Oc82g0umPHjmeeeea9733vrbfemmmaK6n7mairJENJh8eyrPz8/M2bNwNAbW2tXPhkrEFuKMVf0XSbFTmMKU1WRZFzstwn57ympmbVqlUPPfTQ8PBwS0vLU089JYS4/PLLly5dKhsNNDQ07N69m3Oem5tbW1sr3Qy5/0w3lrPkXS4UWX7X4rSSn0x1ChAw1QGXc04wESAYYwhQR0dHS0vLnj17UqmUruuuS2UYUS7rrksxRlL5iDEuBGCMpDRvKJS7ZMmSq6++urKiUghB2elIkDxcbm4uAgSlAAAyyD4wMDAyMnL8+PG2trahoaHu7u6JiQnLsmzbTiRSioIZ4xhjzhnG2KauqhLXoX6PV95vqZRJCDEMfSpkb1Ov10BUICCuYylEdRmjLkvSRFu07dTJ7rA3f+GChcUVpe1D7ePuuIktIjQmKCIcCGLUsbitgIpEmjEYb9npArOFrWoKN61oR2xg6NT4xERdXd3NN9+ck5Mjw17y+cpYETNrcCTOCGS8c4G46zCKscJBIIoYEYqiaEQxXWsyGs0NZgnmcNfBGOy0VZwfCvi9QT1sKEo0Nuba1pHWtngyHY+bmqJbnAkBMC05STBcWP6Tdu/qm0D5f7e2ZH42AoBq37zKFw+8uDd+9etx0S8A//zm2zfZP37q6Vt+R4oaFn52sT/fKSzc9urXv3TYBZxdNe+29xR44j2vY08kb2F5+HfJsuW5Hoic+SecU/3H7lOt3bSgrrP1P7/6TNM1zZ+o33XXI9semn/V34bPf3HU8k2X+3938NrVBQQAwLfkts+v+tc7bvuorjgsfO3nr/TMtB7UvKyDP/zC48PDo8YVn/9UWAGAMzbXyjbeWPnlr972qXBBzcb33lh2509+2vvp6yvvmPnJD3becp58hZLXWM/++atfFF/44NkDPGefP3j5u7dfkotnbvUvX73uSv83v/ml1tK8grzSHML+KKLQeQ4xY5DnntTpAQAAQPrgt26+7+Jf/PCac5osYm86MeYNZAHInqow1bWUIytmDewfnHN5dToRE8T7x4z27YUpdgZRFUg5TCgKEtQyXcWrK1ikmQAFCepSDm+8Yg/a1FA0873LeOOyi460tMi82LoP3Pa+973v3BS9bduWZZ0u4D+41/3FTwubqt0UO9ITQTb1uNywGTbpqK13WHgE2e35E0InK6790FXXbp5pf0vrR9d1mf0+YzCu+39/+9vtv/2pnP4XNDa27N+jTc9oMj4xgnJGxqJ/0WtyQQwODv45m0u3Wc7IqVTqiSee+MY3vpFKpYJB/1VXXXXbbbeVl5fLzE+GO5pJ2mQWwrMMtZk7P52XQMhybMYYZ1xVVQHniRfAOetrxgrEGCNAXPBMSb8ME1BKVaJk6gXa29uTyaSsX02n0/F4fHh4eHBwcHh4OBKJDA4OJRLxVMqUCoL5+fnz5883TbOwsPD222/XNO3ee+99+umnR0ZG8vPzP/7xv//Yxz6Wk5OTCXbMrJ+cxdsfM0MAgjOOMWKMghB79+z57re+u+fFXTk0/xtX3Hl51UbFtBhhSZJOKJOmP37HQ99vO9W+sna1wGzrkafj9phOFL8epAy7QhhBr8ejnxxo59jVDSIwcpgQQgGhCc4RpoDOXlnRjErvzGcEqYwLzhlGCBNJjWOcMQGcEIwRCBCEYBCIM6EqCiHE5/c0Lmz47D9+dsmSJY8++uh999136tSwZbmxWNJ1qcfwmqaFFYxk+24xlY2TlCtCgFMXgQgGfIsXL/rnf/nq8pWXIEymnX+BsQxJvH45wzcbM+eivXv3Ll++PPP2rrvu+tCHPvQaxK63Js6aaaVrJM9iz549W7du/e53v1tWVvaJT3xi8+bNeXl5vb29PT09P/nJTzDGn/70p9euXQszeqPKOTzTBS3jRsrGLocPH2aMhUKhioqKDFNAHj0z32bioXLhkF9Ip9MTExMAkJub6/P5MMbj4+Pf+973XnnllR07djQ0NKxZs+YLX/hCcXHxr3/965dffrmpqWnPnj0AcNNNN11++eWaprmuK2sBZBpWsgxmFqtnLgh6V1O1zy4jkglzzmmGxg8CHNfJRIsGBwd/9atf7du3b/v2lywrLdv+CYFUdUrEgTEOALquAQClDCGsqoQxvnr1JfPmzbvxxhuXL1/u9XiFEC515V2EMeaMq9rpBIm8kTDGtmVzwS3LSqVS0Wh0YGBgaGhobGxsZGSko6NjbGysr28gkUgIwVRVdRyHUqooigwepVJpr9dDKUUIMt15TTOtAVZBE0hY3OUEFEJUirxc1Rn2Y09uTm4glN0Z6YuYUQsxTfNwwYFzDBwoE0wgIEgghBSXc4QxVrHLHA4MYdA0raioKCsr6z3vec/q1asvueQSmYHIMFMyK37GhoG3vOf/5+Qq/u9TBwFgw+p5AFBbkp9OpwERpBCXcc65QjSEkKYrdtr0e7yWmWAc6udVJCajZcWFuR7Nb6i5WcHerk6vz9PT159XGB6LmzGXj8fNWIoyjBkHm7oKAl3Xe4aG/2Ln/O6AO/DIl77We8sPP7/oD/mh6YNfv/W+i3/yvRl1D3/M5u9CbL3/a0ubQzV11SDwg3f9YnxkFCYh7CzxhPwAkB5P3vDjDZ3HOvfvG19/y9f/2oO9IHKzfX/4SxdAUVGeGUs42AgEPDydMB2BQAhi+P2GAiydSFgcYUwUcKmelaX/iX7QT3/0X/UNi9AU8Fn/yleDA33nKRPinCOBBBYIoeHOo7977FGf14swnl+3oKqqSn5HVVWZjgAAeGW789v7w8vnmTHrSHdEcZjH5YbNiUlHbf2kjUeRc6JwEmlKw5prLlp58bk6grIYMvNhd3f38WNHBecp0xzpOo4wEkIgflpC7/Sm8GaxJf5CkBkAznk8Hv/+97+PELrkklX5+XlSWTrTPVguyXKTs5z/zFXKePJw5qoJAJxzXdO54PI1AkQZzXj4maNkLD8pOiCmdXqFEAgjBIhzLrgQIOS2ruOMTkYGBgZaWlp2797d1taWSqV8Pp+u68lkMhqNpdOmaZqMMdelM04WFRQUrFmz5vrrrx8ZGdm2bdvo6OjVV1996623YoyfeOLJU6eGtm/fvnHjxqysLIDzZGhn8TbFjF4TMz/lQjAABQG0n2i///77Ww61WC6vq148b25NOj3uiNihgbaXR/YnlTjxsK5oZ0Egu6m6zgF3z8ndGtYbQ/Mr8qsCObkmOKHSvJaTB/v7u4UAwV0GnAsBIABjAQKh81MAZr5FCAFgzjkGhAlWFOI4NkKcKAgrmHFOCPJ4DNd1VFXxeHwKUfz+YEF+QfPyZddt3ty0bCkh5IYb3xfKK7rrp3e1trZhjHRdtZ20qmEuhORSIfkPIAAQwAUgDkAQSltW25EjW7ZsqV1Q7wsEVUUFAELkZCgAZvu3vdmYGR7CGKdSqVgs9rvf/a61tbWoqKihoSEcDu/fvz8ajfb09PT29hYWFm7YsKGmpgams5qqqsrSLTSdi4MZ6rky219WViaEkOX9mRKqGRyQqUyvpFadOnUqEolMTExEo9F0Op1OpwGAEKJpWigUCofDzc3NnPOenp7x8fE9e/bs3btXjhMhZFnWkiVLWltbk8kkzAj7wowONXABHda3uAP2piGzLGZC6FO5a6IoRJHB8eHh4R07djz77LPHjx93HEdeSUUhsiAoo/kniSHT3XCFZHY0NjbW19c3NDRIuoeMGErjyjAMTDACxDiD6cgUAKiqahiGAKGqak5OTmlpaUNDg+u6snfAsWPHZN+Kzs7OWCw2NjYm4z4ej8dxHCFEIODPzs6KxeKmacph+P1+y7IQJowyr9fHHBBYKBhzRpGGuQtJno5N9JPUUIylqQZAgCOGBAIMgnNOOAcOnEnqEuUUI0UjGqWUC4YFcl1XFtHIU66vr9d13ePxyKdjJjsSzYC8/u94kwBzSjASwA3dEJZjM0EIoZSm02mCSCyZ0DB4VDwxMZGTlZVMJiuLq1VBKaW6rvt8PkJIIBCwkcIsGku7AlEBgBSCOROc/fkiEe8yWMfv/sK3X4bVn/nXhj/Fgf8zN3/no7rx8ld3PFBRmato3hXNK6uWVIFAe77MS69YAgADTx6k1uSrLx+be9Hf/rVH+kYBIdWXnTsVQvAGtTPuE+IJZnvexMGcJwQgOEcYIYQBRPvebYOdRxRVJ4oyNnq5x+PJcB2locOefdL9/eOlF9fFIsljvaOKwwzp/6fdUVvrTOMJcE+WJHLK58xdunrFxatyc0NnGRay9TFMGxyRSGTnju3Hdj3PKXWplZwYAwCMsFxpplh4p8f6lk2SnQfSbpCmwDPPPHPy5Mnly5cvXLgoJydrwYIFXq8Xpk20s5ZACWmxzWRpwplMAfmJ/IK0GGC6UvGsMnvZ5kpapTL6jtCUFIjsGpABwohRNjk5OTIy0tfXt3/vvpaWlmPHjo2MjMjeVNK+cRyHc5CdioUAzgUhWBorXq9306aN73vf+5qbmzs7Ozs6OiKRiOM4dXV11113XX9//5YtWzs7O3fs2DFv3jyZlXr9HRBn8TYEAiEodffs2vXgA7/Z+twW20kjBbR80p5uOzgU29X6Uuv4sePJbvAIhBilrEAv+Pmzd4GChsyB5vLmj1/69wXBIi1LTyrpZ3c/e7jtgAGqgxxHcMaZAADsAgKBAPh5suiZJ2hGLJKjKdE+xqmLEVdUommylzvGGGmKWlRYsGzpstra+f5AVig/v6KiYm7NnJzcHPkEBoM5GzZsMnTvz+766d69exPxuKErpmkrCpkSMZGPswABU8E1ghXZ0cA0zS3PbWlsWrpx0xWqqtq24/VIiZa3z9T2jkBmPsz4/4SQrq6uzs7Oe+65B2N81VVXXXTRRRjj+++/v6WlJZ1Op1Kpu++++4YbbpAOv6TZA4AMameCrWia1C0dfkppXl6eTIFmxPkznn9mSpfsgL6+vscff3z79u2Dg4OhUKi4uFhRlPHx8ePHj9u27fV6V61a9alPfUqKxm/duvXAgQOPPvpoIpFYt25dc3NzT0/PtddeOzw8nKm+zmStpeLszFjzzIqAzGMyGwgAAPkzTaXlZwrWIuCcJ1PJjo4OScg3TVNRFMdhnAtVVTAGWXkhr7xsI4Kneky6QoDf7+vq6tJ1vaurq6KiQtb8a6qWWbIzzEEAIJhIgp4QwmWuEEJqDQohVOa8RHIAACAASURBVEWVTX+LioqkGGRBQUFXV9fg4OC+ffva29tlNEpKSAQCAcuyhOAIgesymNYeYpQhjLFG/IbPti3HcpBgHDGhKS5ltusy5licYYwRwYJzAgQABJ66Y5jgnDNgnCgKILBdGysICSI4lzc2xvjUqVOtra0HDhyorKysrKyEGR2FYLpjgrzOM42cN/nnfpORslwVARUAjGlEoZTLlJgQOBjwuVaaYJFOmrFYQiWkKD9kOU7STLlpU1XAch1V1xiIYFbWuDkqQ4ccE4wJJkQgQcWboCn2ToIx/2M/+OXHXu+3PUu+9sCSP33zdyGqG9f0Hj+4f0/70uXlVYsKgNsAeKYrun93u5Y9v7rxndkR8K2G84UAZDZYSkYCJKPjAAID7j68q6WwaOOmK6a2VBT1f3/nPPc/pRfPjwzGOvrHVId5XGE4jKTpmKX12lpU4Z73r19VWlBeXl5dXZOxsWYeTkYxMx8eOnig69Cu6FAfBz4lUgsgBJKhcYCz0v5vM/tEmnfxeHzr1q2api1dutRxnKKiotzc3IzhlUkEZc5tJiU+Y1POTEdkPjy9WApAGMlMAkJIVVTKqLRjZLupzLFgeomVrAGY5rIKIWzbjsfj3d3dBw4c2LVr15EjRybGJpLJJOeMMU4pMwxN13UhhMfjkaWnjuNijDBGAIJSpqqq1+tZunTpsmXLAoFAfn6+VK7SNI0xVldXt27duuPH23t7+7Zv337dddcFAgFpTL9Jv8cs/hrAgJ78/ZM/+uEPe7t74vE4cynl4uUjL57obhOW6JvsJQFC8oQlHMaZw9kwG5kUE8xmSWrG4uMp08I5ylPPPXUgcqD91PG0iLvIdhVBETCEpI+NBEMCAeDXiBHO8PcEFlQIhjAiCgn6fBiDbTuM0uzs7NWr115zzTVlFZWFhUXZwSxF11VNU1VVapRwJhgIjFWvV7107aVIiMmJ8ZaWg4oCqiIABHBZgYcBEQEY5DNLhWporpPGgFyXdZ7s+sH3f9C4eHFFZZWuaQACECCYLYR5UzGTVJW5Nw4ePPjb3/7Wtu2LLrroox/9aElJCaW0trb21VdfDYfDjY2NmzZt4pwfP35cUgOi0ejY2BjGeNmyZWVlZatWrZopfp5xuTNsf5nXzYQPEDrd5j0ajba1tT3xxBMY48suuywcDpeXl+fm5sZise7u7kcffbSnp6ezs/O5556LRCJLly798Ic/XFZW1t7eHggEDh8+XFdXt3bt2lQqtXv37mQyqet6Op1ub28fGRnx+XxLliyRsnNyBZnJx56dfs/FdAjgdHTetm2EkKqqaSvd0dHx+9//fs+ePZHIGOeZhLbQdayqqmRtoOkiO9elQlDD0HJzQ9XVVXPnzgWA3t7ee+65Jz8//+KVF+cX5FdWVmZnZxNMpGT3TIU/WSvHpWLfdOBJfiLDT4ZhFBcVFxYUhovDyVQyEU+0r2s/ePDg5OQkAOTl5cXj8c7OzpaWlpqaGq/XOzo6FotFJyaihCDAiGgqw1xXFdvirkN1jKa4/ioSiAgiOGVCMBURzphA0/KCUl2cIwGcc6ZqOgC4rmNIEQRHcMZl+cnIyMj27dsty1q8ePG6devC4XA4HJbxMoDTheszeyi84+9JD4JQftbYRMxxLEw0JJjgVD6MoxNjBMBvaI1LFjYvXbJt63MAMDExIVxbuE7A741F4wKBmU4HQ8FoNGq5DgNBOSOMISzQ285EnsW7AOve/+mtD37/6D17V60pK6/I0g2SXZsz8ORBAEh4IhPDeev/9tN/7TG+W3DedKsQaMr5RoAyJvRoX9fY2FgymfT5fCCE9Zufp3duL11Zd6p/vKt/POP/KyYds7R+W4+qaN1/fSmrqkQuXRml5ZmQ3ekymqVSUHe07yRgeWAkc4Yg0DQz9syB/kWvxRuNzEJOKe3r6wuHw7ZtG4a+ePHiQCCQMQRlQCSz5slGULZty/ZUruvK9BHGWNM02WJHivzPPATCyHGc8fHx4eFhTdNyc3MNw5BdpnVdz4hdS83qzOGkCoCZNuPxeE9Pz8GDB/ft23fkyJH+/v5kMuk4jkoUmXrKzvZlZ2dXVlYWFBQsWLAAYxyNRh9//PHOzi7XdRGSLdlAVhjIU8AYy/bXGGPTNDHGBQUFa9eu3bVrd19ff1tb27Zt2woLC+UZvbOX/Hc5HnzwwTvu+E4kEjFTKdt2CUZe3edSZyh+ynJdHiRUUBRnlDEXQMW6qmqMMAHcwOhU9NT+0cPdzsCjbY8Npk4leNRSbOphDGMOGIFKOEEMsAAESCAuzukYcm58DSEgiHl0zev1jo5Npk0zFMqqnTfn0ksvXbFiZV1DY0F+IRJI0QwBwIEDRlwAZVTFGsbABYAASrmue9auXUuZ/dWvfqW7szMY8KZSNpPyzFOiNwIAcwBECONcIIwwpoy6lLa2tn75K1/5xS9+4TE8LnUVonLBp57IWbxZyESo5YLFGOvv7+/o6FiyZMlFF11UU1MTDAYZY42NjQcPHgyHw+vXr7csq62t7cSJE0eOHDFN07btjo6OZDKZSqXKysrq6upCodBMclNmCUAz1AfPagQrvzMyMtLe3p5Op5ctW9bY2Jifny/7xUQiEYyxrusyVRiLxdra2kKh0JVXXrlixYqKigrOuZSjk8HlgwcPyvrwoqIi2Vve4/EEAoE5c+ZkZWXJJUNMV4HNvBSzk/BMTEfeuVyeNE3jnGOEZSedlpaWkZERxlyMkazRcF0r81PKX5ZSKrciBOfk5DQ0NDQ1NVVXV8disXg8Pj4+furUqX379+Xl5aXT6YqKCrlqy54UkjgggzWEECQQABBMpspMEAYEUi1Scv4xwsFg0Ovz5uXlZedkh0KhyclJOYaxsbH+/v5wOFxaWjpnzpyBgYG+vr49e17lnGGF6H6DMWpTJgRVsSCYMM4BGEdYKIQjLhAAF4IK7nCuYEwQABCEAYmptA3GgguMkEqI4BxAEAwIMOdcWi/j4+P79u0zTdPr9dbV1WGMCwsLZe2DYZwWaZ8Zkvtr/OBvHkpL8ssrKtiJE6PjcaIijDAhxFDIRctXFhblNy9e7DqWY1uhnMAzv3+qIBTyGRqijqGQZDJqpk3XYZHI2GTaiSXigDWPx5N2KeUuAqliM4tZvOWw/m8/3X7gpZd2Pj/2yAHHMgWAbnjziivqV1ze1DSb/3/zcJ4QAGMcCwQCEAYESAiOERIIBKXR4f5IJFJZXm7e/QP36KGSFfM6T46cGpzUXGa4wmMzxaLjltZva2MELv6PzwQrw+em/TPQNC0nJ0c2s5GfDA8PR4f7QXBAgAFzmf0HEEKyZ6fL4GGmpfIXviJvHDKhkHg8nk6nXdft7u6+5pqrc3JyMt/J9JGW3n4ymYxEIn19fV1dXaOjo2NjY6ZpSksiEAiEQqG8vDzZ3q+oqCgYDKrT0A3DcZ2xsbH/+Z//6evrY4xlZWVJM1S2ANR1PT8/v6ysrKysTDreGON0Oj04OHjo0KHDhw/v27evs7NzbGxMWqsy6KCqajAYvOyyy9auXVtSUhIOh0tKSgBA1/Wenp79+/f39fUxJr19zXVd23bz80NlZWV+v1+euwz3YIx9Pp9pmiUlJZs2bTp69FhXV9djjz22du1aWVU7i3cATjNSTv8Hjz3y8Ne+9jXLTk9MTiqYqJrKGTfTloo13aMm7BSzsI6ISkHHOgbQiYYBbHAUFTSkTprRnQO7yDBuT53AXs41blkOMQh1GRIKFgQDQQJhzgEEIkxapTO5AFOulxCAEMFEURWFYIJ52kwJQBUVpTe+94a1ay+tqqopLS9XsIIxAaSAQAAIuMBE4cAAgUpUEAIQxgiQAEwQF1z3eDddcZVtW5///GdjsSghsvsXiClWFQZAHISqamkzaRgqdR0QwnFcf8DYvn37d7/znS99+cuaqvEpLvo73PZ9q0ESoGCanIwQkr36PvrRjy5cuLC4uFguZytWrNA0bc6cOfPmzXv++efvu+++zs7O0tLSmpqaiooKx3F27Njx8MMPl5WVNTU1rVmzxuPxiOkKcABACBmGkaF5SzqATOHKmZZSGo/Hd+/evXv37htuuGH9+vWZDDBMqwmMjIy0trbKtWBsbOzkyZM9PT0bNmzIyclxXVfuNhAIzJs375lnntm7d29LS0tXV1coFJJcdFkUIOvPM6IwswnDCwFPEQAwZ5xRjsl0YT8WlmWNjIycOHFC1tW7LsfYJQQTggghrksVhSCEKOWuyzweYhgGIaSgoGD16tWbN28uCZdouhaLxXp6ep599tkXXngBADo6OtauXStvM1kSIm/ITH9BGUWS0iEwLVUoowOyN4Hk9EntyYKCgpycHIwwQmj/gf3JZDIajdbU1Cxfvnz9+vUDAwOvvvpqV1dXf/+ARpCuabbDHctWiKr5NeZQ6jLbFURVOUIcBBIYKKKUCQoccSHz9jLtgBBGghDsuraqqoahWbbFBSdE0XVd5jDkCPv7+ycmJlKpVH9/P6X04osvzsnJkY/ezNr1DLHxnX1n5uXlhkuKBgZPjU3ENU1DmAT8PkU31qxeFQgEzEScU9ejK4amG4YRi00aKCgo9fmyE6MWUXRN91HLTaSp7XIj4FFUnSVNx0wBMITJeXvizGIWf3XUNq2pnfX2/9q4QCEAnhaiFwgQAoEwRoYvkFVYkhMMpr//LX6qO7xsbseJwaGhqOoyw8n4/+qAo41idNE3bsudX/UaB1ZVtaioyLKsmTN+Tk5OVmGJ5vU56ZTggBAgMcUGmJmjkPXt8jV++ywNknKJMX7ppZeGhwcnJydzcrLKy8t8Pp+YLsjPZOMxxmNjY88888wzzzxz4MCB0dHRZDKl6iqlTNNUx3EMw7AtGyGUlZ2FEJLUwZKSksLCwry8PNl3Jzs7OxgMDgwM7NixQ/renHGEkdfrTSZSqqYUFBRcftll77vpffX19QMDA6+88sqWLVuOHDkyMTHBuZDHIggzxhRVW7ZsmcfjGRoauvbaazdv3ixpkFILgFLq8Xj8fr80c+VvahhGTU3NzTffvHz58kyCKx6PBwIBv98vxWwIIQ0N9XX187u6u/a8uvu+X937z1/5Z0wwQpigWS20tyTOeuIQwHTBKgeBEeZcACCC5TeZbIDCGRWCtxw6dMd/3pmyzEQiiYjCBXAuEFIEwQ6gtGULQRSEEEaMUAamqulYZ4hgTLGVthDHYIiX2rciQF6fgVXsWK7CsOIq4FIQnGBXcBcT7FBH1xQQrooRCODTZUUACCOMsdA0zfB4EEKu6wgh5tc1XHHFlVdeeWVZWanf79d1YzpokGHjYwBABAAJAlPUAlkLIC8CAgwIU+ZirF5/4/sPtx77z+/d4dF0nrYZYxiDAJcQ7LouwkSayIwJjAhCGIEwkyZRyf2/vPfGG69fsKAeISSAyG7eM66zmJY/mQ0N/OUhJ+FYLIYxlk3XpXaJ5NJ7PJ7FixdL16usrKy0tPTYsWPPPffcT37yk8LCwm9+85uNjY3Z2dmGYbz44osFBQU/+clP+vr6HnjgAULIxo0bZUKYEJJMJj0eT+ZnlQFfSZKSMgGU0qGhoW3btsXj8auuuuqSSy6R9dtS7A0AAoFAQ0PDqlWrhBA9PT1NTU2XXnppW1vbgw8+WF5e3tzcLAkCkoJeX1///ve/33Gcjo6OpqamTZs2lZSURCKRV155JRaLydIDzrkszoJpxnuGXv7Odr1eE6efMiFAUTQhBOeAENF1KdUBDARjoq31yI4dL4+PT+i6hjEmhHPOFIWoKkmnbUKQEFjy7xBC0WgyGPQ2NzdffPHF69evnz9/vmwr6Cn0+Hy+RYsWbdy48eDBgzt27PjRj3705JNPfupTnyorK8vOzqaUEkykfqSkASqK4lJXmg1ccBlel8ECAJCtCg3DoJQyRjVVtR17cnLy3nt/GYvFCgryP/axj9bU1BQWFA4NDZpmKhTKnZyc8Hq9mAkzmmSuIBh5dd1hQFSDptO2xRVFAwAF61PsBgK26xDVQBgACURAQcQWXHBX1YiigOu6ggsEiCDMmMuYaxiyhAphDKlUcv/+fSdOHG9rO9zb211TU7Nx48Z0OoWxIoSQdAAZ73AcJ0NyBAApqaBp2gzn9kJTYubDt/RtXD2n6trNm3sGTvX2D+Xn5hjeQLi0bN68eURwneBAbg6n1O/VDF0J+jyCuX393T6vwYHlhUvHJmJx044mnMKS8luvvvHFHS9HY4nBkYgAnhPMsSwzbb07GqzPYhZvK1AzmsIBH0ukSDCoOvFoik3nfLDq9ft0grhjc0VX3tCK0PPrriFAQBCaKgLASICi6o3rr29evFj56R0iOV6wpOrYsVOjIzHV5R5HeByuWGzCUgdtI4JF0z99JL9x3mtYDz6fr7Cw0DRNx3Fmfp6VlbWsebng/MAzD1PXngoACIQQnE/b++0HaflJ2XyMcVVVVUFBQaa8MPM1KfOTSqXS6XR2dnZzc3M6naaUchC2bSeTyd7e3omJSaIoQvCxsTEAZJqmbTsYIyFEZr30er2UMs4ZYwwAKQphiLkuTaVMj9fAGA8ODj355FO9PX3FxUW9vb0nTpwYH59UVaIoCkLc6/UAAKUsHA5fccUVGzdu3Lp169jYWDAYlEcRQliWpWmaoiihUGjjxo0AMDIyIuM1NTU1V1111bp160KhkFy8o9GoaZo+ny/TOktRlJLS0qampl27do2Ojj744IPhcPiWm2/xGG+mKOYs/lxMtUBDstYdAATnAmPgDgUMCMC2rc7Ok/fff9/AwEAqlaKUAiCMCQASgMXUzU8QESAYFxRjgTEgwgRijFHXpZyDEFyA4ApTCBEKczkXjAMXhCOvz48AKKVccNtys3MCjp32GB6/18sY1w0PF6CqWjCYRQhxHMfwGF6fjxBSXla6ctWqK668NhQqhIz4FsIZQvjUGU67A9KaPK+9KQTHmAAI16X/8KlPO45z7y9+ThQS0HUzbWGMXddRFPXM7rwz5NkZSyTin7zttrvv+XlVVY0QQjm7pXOmGGo2BPCXB0IolUoZhqHreiKROHbsWF9fHyFk/vz5o6Oj8jvSW1YUJZVKDQ0N7d27t6SkRBIEZE9TQkh5eXl1dbV0dYaGhnp6eiTnWXr4aFoZHqZDvZmYqeu6iqJYliV7vHm93urqaqnJIgnhUjE+IyMvhKiurm5oaFi0aJFpmu3t7f39/XPnzg0GgzAtZ6jrejgcLisr45wXFxf7/X4A8Pl8fr/fNE3TND0eT0Z9YKYG27vY+X9tTHmbnHNN0/r7+wcHBwcHT2GMpDGTEVxECBEy9U2EkOx5LJf+0tLSioqKoqIikNEfFUt3HSEUDoelzOThw4eHh4cPHz6cSCTq6+v9fj9lFCGka7qQGvyZ7sjTvxQhRCEKoNOavjJMzxhlnKXT6VgsFolEVFWdO3duYWGh3++PRqPd3d0E44KCAllmYtu2bC44OTHpUOpyJhBWNAPLFD3lIBBwwYXQNRUwF0ggjACB4IwyKkAIBJTJASAATLAM9TI03d4SpkUxXNeVDS+OHj0ai8UWLlyYm5srSx4odTEmGXuGc5bpZwUAb7uGo6+NZ7ds3bFrdzyeXLS4IS9UFMjKLSurKCoqSqfTgnGsqEhBiopt225ubm47tF/PDXV2nWIcd/b2WxQpqrF0+cWLmpbFE6lly5Y7rltUVHTk+JGJyQkAMPTZVMosZvGWw9RshqddP6wHsv0qAhA0FUuYVAsQ17K4T1PeUHPvfCEAIQBLdZcpyxwDKqicV10cLn7wHoU4eYsqTx4bHB2JKTY3KPc4XE3TCUsZtD3DWDR88oPhlY0XOp6maQUFBR6PJxqNSurjWaipmTM0NNRfPmek69hUHa+AqRjA29woyVRXRqNR16UYK3V1dTIEcFYLQMn5DIfD73//+6+77jpJ/yOExJOJ4eHhnTt3btu27dChQ6mUqWmqruuapju2rRCCMDLNtG078nUsFqOU6bo2xabjAiGkECKrDIQQhq7btnP06JGTJztkiikvL1cagj6fz+PxZGdnV1VVLVq0aPXq1UKI/v5+WUogppV75WLsuq5hGO95z3vWrFljWZZlWT6fLxQKGYYRCARkgaI0iE3TlPW0cqWXCbf6+vri4uLh4eGhoaFHH3108eLFy5YuU8isHNrbCVMa40IwxmRBLHCGCHIdx7TST//v//zmgQcOHjwYi8UYY0I2jwIEAkuKvXy6CQHBpYGLVVVVFEUgRF3KKBMAIDDG4PHqkhhEXQpcKBirCtEUxbZtjJDgwufVqWtjjBmDwuLwypUXe72+4qJwIJg1TbDHpaWlpeVlhsdQVSUrK0dVDTFDjPps//800IUSSkiKlgghzz0rGPyHf/gHTSF333W37TqccxBAiCLE2V1MBExpr1KX+ny+E+0d99xzzz/+4xeygjnnPdAs3jj4fD7LshzHOXHixM6dO6PR6IoVK3RdP3DggKqqlmXJuKdt2/v27duyZcuhQ4duvfXW6667TuqhSvdm/vz5rusuXrw4EonI3mzXXHNNdna2dIFkUUBG+SVzaMnMp5SapnnixImurq7NmzfLXcmAqXTnZBWAYRhXX331hg0bkslkMBj0eDymaT766KM7duzIy8trbm72+XwAU8Xhc+bM2bhxYyKRWLlyZSgUGh8fl3+amJjo7++vrq72er1SEYCcHXKaxQXBGMVYbW1t3bt3X2trK5yj2gsAikIoZZIVBQCqqgqBAoHAunXrli9fXlxULLnxXOHT4ktQVlpWWlI6d87cysrKHTt2PPLII9nZ2TfeeOPy5csNw8jKypLuPcEk0yYQpq3JmT+fNDamev1gLCvwH3roIUppZWXl5s2by8rKbMvet3/f0aNHLctav379ypUrk8nk5ORkV1fX8ePHDx08FIvGEokkpcx12JQpSJCmqkIQlzHZmMBxXFXFCsGEKNNCwgiLmSkNwRkXMGX8ZGgmmqYyxuLxRCx2PJVK5ebm5ubmLl26NBwOh0IheVqcn+6jJNUqHceV9Q6cs5kX/G0Nh3Ev4EtWrW5Y1EhdKAqXEKJORuMybEQIIYpCMIkmJhcvWdrRfoyopKo0DxGdeoRIOzff8iF/MJS0bFVR5lRUpW0rLxTyGNrevXsSyeQb60DMYhaz+JOAVY+BMBEe4+xevFwAVhC3U6ZLIZlEfr9B3rCH+PwsANkfDgECEBhhAKEk41WP3KuV5+VVl9mDseRYUnG4h3KPzVWLTljKoGWMKOjSL/2fhr+5IhqNJhKJmR6+oijBYFDyJJPJ5NjY2IWSDJTS6MSkk04CRkJwJKYqaOFC0/3bZ37LVLVFo1EhuGHoVVVVPp/vLApA5suEEMMwgsGgtCxd152MRXfv3i0bRFVVVZWWluq67vV6Zcj/2LFjHR0dGCPOBeMcCVly762qqpLpKY/H4/F4KKWnTp0aHh72+XwrVqzIyc7WNR0hpGmaTFVJrSmv15udnV1YWFhVVZWfn5+VlfXCCy/09/eHQiFd1yWxHwDkC8MwGGOapvn9flnsJ3NQcr2XnP/x8fHDhw9TSmVfyUy1raHr5eXlc+bM6e7u9vv9nZ2dBw8ebGpqOvcCzipUvWUhOEcIZJcpVSWCC8ZcDMAZG4mMPPnE47/+zW86Ozttx5F0a4Dp/xCST4aQHfwQEsABBCFYklop54xyLoSkDBCMdE2TMayMrgRjzLLSss2EouipVEpRSDgcLi+ruuVDH1h36aWuS1VVy8kNEaJQRjHGiqIigoXgQnCEiCz0nTqX6a4cF7jZ0HmbkXIuEMJCyDwtpowVFhV/+CO39nR1P/3ss4GAP2WmhQAuOKBzpzKEsUIZS6VSWVmBLVueW7q0+dprrlOUs4UMZvHGISOPPzk52d3dvWzZMil3YhhGc3NzZsbzer3Hjx/fuXNnMBj84Ac/eNNNN2VqmKXHxRirrKz84he/ODk5+dxzz6VSqaNHj+bl5Un2U0b8XE7a8qCZjmiU0ldffXVoaGjNmjWLFi2Sq4AkFMjvSPVWKQGgqmogEJCHrqioaGpqikQihw4duuiiiwDAtm3pQvj9/qVLl3LOpc7ckSNHsrKyCgoKJicnpY6gjBecN7E8iwtB+p9DQ0N9/X2RyJimKRmWB0w1d8ywKjAhGT8WVVRULFiwIBAISIdZURTp/xNMuJjSzc3Lz1uzZk1VVdVXvvKVw4cP9/X1fe5zn6utrc3OymYynQ6nPX+Y/r1OS5wijAnOTBsI4VQq2d/fv3PnK/Pnz6+tra2pmQMCurq7XnxxW0lJSW1tbX19fV5eHgA4jptIJHp7e7Zv295+vP3w4daRkQjTBaOUUkZdRggIQAIhgREWCiHynuScSeYXwoAxUmQRCeeCi9P+f2bA8jGhlBGCAdDIyMj4+PgjjzxyvP1487JlmzZtysnNQRhR11UURQgOgDgXjuum06bP5yNShvCdcpMSRV2/YWNtbR0iKmcoNy9/ciLmuq7P51NUHRFVVQkV1EzbBcFAdlauHZ80DK+VdgvzC1hknBAyPjYWLikbnYwLxgXjhbl5DbV13KX79u5xmfOHRzCLWczizQVSNA0AQNMABAPgdjJKAYTgHBtBr0KQVyfsjfX/4dwQgFxJECCBkexfBVhkA3rv2HBeU21uWaF9KmpHkgEGzOUem2sWnUwrQ7ZnSEHzP3h1yaaLLMvKzc0Nh8MZD1C+sCzLNM3JycnXMC8opVu3bOnvaItFBhBC+P+x995Rcl3nneB3732pcuyq7uqcE4AOAIlAgiSCSIImKdKkSEpUsCRzPdKMLM+Md+xzdnbG5+x49nh3xqLXliXNsSzLSpBFiRQDSIIBJCCQAAigkdFAo7vROYeq6gov3bt/fFUPjUQliiTo/nAOTqNQ/VK9uu8Lv0AY8MKzjvJr8BIJgLjR0mOEm1JKQ6FgeXm5A2m7ggiAPzhM+1wud/z48ad+9tMTJ07ETtqo9AAAIABJREFU4/HNmze3tLSgqQ/yS3t6eiYnJzm/rGYghESj0Yceeqi5uRmn9z6fT9f1wcHB5557zrbtz3/+883NzawIsUNQaD6fRzYpgqJxbAUAjDGv12sYhpO8YkZLinYPCOwHAFQEcMZKtm2n0+m333573759FRUVtbW1+OvobySECAQCLS0t6BU8OTl58ODBHXfvqK6quaIGW6n/PxRxjQ9BABGUEMFR5xzBO1wA9Pae+Yd/+IdXX311cnomm80J4QhrUxAg0EtKgBAcgCOcFIoAaRxemYZl2zYRBAX5hBCGodvctm1bAAcCto1UFzSnBlmWamtrE4myxx9/vK2tzTCM7/7z9/v7B9ra2x997JOxWEyWJEIo5zbhghJKKBOCCwH469hmwkLr+i2na7yIqTgKgAlBNNVlW2ZZWeJzX/jC0MjI2d5eSqll4wavhyOgts3zeX1+fv7gwYNb7tiqqtoVb/mVP6SV+LUDl6xUKjUyMpLJZNauXVtdXY1LXyKRSCaTuq7jXP3UqVOEkO7u7k2bNkmSlMvlcCkrSMQJ4fP5kBUVi8V2797d29vb2tqK/qm4L4dpv3yKa5rm/Pz88ePHvV7vhg0bYrEYurVnMhnbttFLBStJFBdEzDkuwqWlpVu2bHn22WdPnjy5uLjodrsVRXGMBiORCPZkFUVJp9Mej6exsXF6evrIkSNdXV34sL76Urzvn8CNFHiJbNsWXEgSw87OFReNEEIpsW3OOSVEGIZBKW1sbKysrNQ0DUgBus8FJ4JY3GK0YNYrMSkQCDDGbrnlltOnT+/bt++ZZ57p6OjQNK2kpERRFJR7dPx9QRQ0kpG7iT0Cx8zJ5vbJkycPHXpnenr6rrvuisdLZ2ZmJicne3p6AGBt97qq6qp4vBRvNgASDocVRVEkpburu76+fnh4eGEhiRKSuWzOyOupVCqby84uLJimUFXUA7Js25KYhOh/wdGcCAAIpUTAJZdNZ0XlnBcxCtQwTABy5szZhYWFmZmpVDrZ0NCA5JqCwCEhCwsL6EZUVVUFQsYTfb8+7d9tREriZeXVHKhLdUmSml7K2oKHoyX4hbU5cKCmYcmaaylr1De2nDlygFJJVaVsNt+5uoMKqsqKx+NJLeVt0/S7PUCo1+OpSJQfBSLs6+/YTp57c9fRSc6IyQOrtm5fG1N++SW1xl7aebj2oY83/3KuJk8P9aViTeWuD/SDsud6//R/zn7xv966Si28ol94+z+8nPgv24b//IWKJ/9DbeAjch+txI0cVPUWiABcX0qmc36/8n7s9rIWgAABQggQgF4iFAghHuCfB6Wssz5UGUv2TfGUbudMj8GFJSBvLeTYhO6aYKzqzo1df/iQEAIZhoWtSxIAOJ5/7x6WZb36yu4Lpw6PnHyHU4IkAEKoIBw4CEqEwDbADZ+a5HI5LM6j0ej1wGxOPpHP5zVN6+3tffLJJzO57COPPLJp06ZEIuHxeHBAlE6np6end+7ceerUKdO0rhwIUNrR0XHLLbegKy8mLmu71w4NDZ09ezZWEquqqAQA5KCmUqnBwcGLFy+ijNDS0lIikWhra4tGoyhiXFlZ2dvbOzs7i0xITAugOEDDczEMAysodDMCANM0Dx069NRTT83MzNx9990lJSXOxAk/UKQbcM79fn9ZWdmJEydOnz5dVVkNK2X/hy+cr99ywX9CCAgOQhBKBbcJpSDE3jff/MY3/v7goXeSqbRpOi5oBIAIgEI7AAgHLoRNKAcgQnACIDOJMQaAMgAWcMANCgEceN40CQhCCSVU8II/ttvt4pz7/b6HH354yx1bfH7v+MTkyy+//PLuV0ZGR9es7rirslrT3IQyQhgUTLaFKMzTKAjAqV3hlK5LBHjXK1PolEmEgGEYsiRRQtZ2r3344U987ckns7m8ojA9b1DCoNi7xL+JAMu0FEUxTd0wTZLNzsxM29wGcsWk69oAhJV4TwLvT1wGAQBF+5HegiR80zQNw0gmk7Ozs83NzY2NjcFgEMVQkAWARH2Cau2yzDmvq6urr69fWFhAErhTaS8fijph2zYqw2/YsCEajZIia2x6ejqfzwcCAU3TkBSmKEppaSmyEizLkiRJ07S2trY333xzdHQ0lUqVl5fj8uus+QCAM+qpqSnGGNaTaPWK3Vi4/LZf6QK8eyDSzUKgvyj0dJZziFDaCc0WkAFkWZbX616zZk04HAYASgo4OPyOp1KpUCiENw8BoqoqC7AHHnigtLT0jTfe/OlPn+7t7Y3H41u2bAmFQkIIfM4qioL8f7JsWRAIMSnO3kHA0aNHDx48mEqlKioqFEV588038Tm+bt26VatWebweSZIYZaZlIh7QpbnCwRAAyLJcXl5u2xyNJC3TmJma7u8fmJmZfvMX+zNZEg4GmMR0XV9cnDctLkmMUmLxAieAMYkgPOzye0kUvRKhcL8Ztm1NTk7Ozs4MXhw8e/ZMR0dnU1NjQ0ODJMmyLJmmefHiRUrprbfeygpKsx+dZXB151rN4wUmuTyeXNYkhHg8voWFBb/fT5hk5HVZli0uPIGgns1VVFXv+tlPwqFAMp3x+AOx0kRJaXxsfGp4eDgcLU1nlhRFSWcyiqKUxuPRaHR0bPR6+zXH3tg31fLIY11+muv/+Xf29rU81O79pZdVKr/70+W/2onlR3t6Fm5rKHd9yAhGasPGrzdA/tzwB30gK7ESVwWhiiZlshZ/XwRPruMIUMgCgAC5m8rxlhp/SfjQjw8kTUEsGvO7A8KGjLmYY5OGe5xQz5r6zj9+7OqM4ZpsfwDIZrMzMzPBYDAQCOArlmW9/tprA2ePD544RAkBToAIQinhQAr5PwhRUAW4dKiF4duNEU4L3DAMy7K8Xi9KQ19z3ogVNQI+Z2Zmfvazn01OTv7Rl/7N/fff7wjv42/l8/mdO3ceOXLEsiwhOAghS5IAsCwTewSRSMTtdmMii+BqSmg2m+WcS7JEGQMhMK0EgCNHjvz0pz9ljJWXl+MH5LD9E4nEtm3b+vv7X3zxRZfL1d7ejqkMAOAQDHs9uAvGGKpboZ72D3/4w7179950003d3d0OvkDXdc65oiputxttkNPp9IYNG06fPj00NPR+fzwr8ZtEUaBOFGCu3LYIARD85Zde+ou/+K+jY6PJ1FJxYsYliRVXFyoIx2+zsIUAQTFTtG1GCw6UhBAhAC2mCUKKCFCCcIACWUlQqiiKpqmWZZqmWRovZZQ99dRT4xOjU9Oz8bLy+obGf/vvvrJu3c3xeKmmaZwLQgSllBIseAT2IPDbh1hu+PVbAI6OAH4lbdtijBFKhSW8Pv+999537Pjx555/Pp/XrwkBEAQkSTYMQ1UV3TBUl3r69Om9e9/8+McflGXtxkM63bBhmua5c+dSqVRlZaWqqjhrBQBFUVwul9/vz2azx44dy+fz3d3dNTU1hmGoqprL5QYGBrLZrK7r+IplWX6/3+PxJBKJpqamAwcOoPetEAJXRVwqnWIb9z43N4dWfyUlJS+++OLFixcHBwexW4q9g8LMlFIAQJe19vb2eDweiUTC4TByARhj6XR6amqqoqLCgdIgvJwQIssymgICAPq0Z7PZTCaDBC7s5MJK4/VXC7ykjFJMfJbnP8564nxk6JhTXV29YcMGAiSXzyHhjgs+Pj4+Pz8/Pj7e2dkZi8UUWbG5jWr/CPSbm5t7/fU9i4sL//RP/5TJZLZu3ZooS6AqJAIH4HKnZKchgOuSze1kMjk/P59IJAghp06devrpp1VV3bx585YtWzxeT4GHAgLvTNMwx8bHTp04OTo6+vrrr+fz+UgkUltbu379zatXtXs97sxSRjf0ta+9nk5nSktjhmEMDg78Yv++vr7zlmUzxggwzgUhHHCYcXlfSRR1CgAFXIsQQpdLZhK1bfPcub6xsfE33nAlEgkUqshms6lUqqmpaeOGjYXGwYdc5f/XiUA4nDdNn6Zlcno2l4/HywzdsgWxBbEE5yCYLFFbZozIqpicnQ6VlAYDPiotbbrtNsXlzWTzHq+3oaV1bGJGVlVBhS0st8cjK0pLW+v07Mz19ktUv2pndVsAmHlLcrsl52tvju76/ptqYzy7ODeV9Hd1BmaGZ+ZnUoEND+6oXXjhewcaHto4+PReV1NJen4pOW8kbr9/a2Lm2X8+1PL4w80amCMvfPud+gda+veOTPFXdrvv/FhT+tBLbw/nqTBFaM2WbZ0RvW/vrv3jFgOLB9p33Lk2fqneseZOvrrr+CxIwoD4hh3b2gNi7uTLPz8yr3j98TIYnGx8/PdbxOC+598eNiTGIdSxbXtnVP41lqz8uX1fer7i//49/JfIXDj2X36U/8RX12/wGkefe/sHvQYVlog1fPnx5jr13be0EivxnoewDIswFyH8fXC9v1YLgHOB1HtCAEilxUJV8bN7zr4lzGMu22XD9jnWpvClPJs03KOC6KW+xTpp1wvPh8PhNR2dkUjkXfY3Nzd36tTJ2dnZ+cnRYLS0e+26+oYGy7Le2PP6wJlj54/8ggKxiaAg0IkAyCW8l+D8Ksb8e3Ud3o9winYc+GiaJssyDsyvmXI5tM8zZ86cOnXq1ltvvffeex1jZ6T3c86TyeTw8HBmKSsrkhDAhbC5TSnVNE3X9bVr10YikUISKYBRBgQM0xgfH+ecI1kUA4fwbW1te/bs6evrC4fDmFl6vV7MdVwu1/bt21VV3bNnzze+8Y1oNFpbW7t69erKyspwOIwagVAkL2QymdHRUXSf2rt37/j4eDwev/vuuzELKdK2JSEEIZRRGiuJVVVVDQwMyLK8fv36Y8ePnzt3rqWlBS8O5lJFGvlKfGAhhODcpoyCA50HZDIRbtuEEgIkn83+5F/+5Wt/8+TAwIAocp6xfrE5fguQ9Y9gexuooASI4IZhSRJm1UyismmalmFyjn0rsG1hmZasqQBgWjbnPBjwI7d/MZXCXHxuYb5/cKA8Ub66Y82GDRtK4mWBQNDlcsmKQggTAtAcGwqy/gUdQoqS1ssEvd71NiN46kII2zbwHgYAQgTnFmPMtgVjko26/5QK266oqn74oUdOnjg1ODRk27xQ/gEhhKL1gG3bJgdNdZmmTkCYpjk6OvHznz9/000bqqtrflef5b/iwNIIF1gAQMA8ABBCxsbGhBBNTU0LCwvJZBKFSxRFcQRQ5ufnZVkOBAK49i4sLMzMzAwNDc3NzWUyGafCQVvWDRs2pNPpVCqVTCbRSgDZUljGOBIAWBGl0+n+/v65ubne3l7LstLp9NLSUiwWCwaDiqIYRR0NQkgul5ucnBRC9Pb2zs3NCSHC4XB3dzfi7xYWFqqqqpxzxPaBaZqqqtq27fF4bNtGUkM+n8/lcs7d7sgZwLIu2AoWADkaDj8IH0aSJNu2hUAMUuT/YzWLTXMhuGVZhDBFoQAgy3I4HG5ra6sor4Di5eU2lyRpcXFxcnLy9OnTHo8nFosBACUUZf80TYvH45s2bQKA8+fP9/X1TU1Nzc7OlpSUMMZkSQYCnHMBhScj+iVzUXhcOs/NXC6HdwIOAzKZjKIoZWVlsVgMiSSO8Z5lWePj4319fceOHZuZmSGEeL1e0zTGxkYvXAgHA4FwS4sn7gYgt9xySzKZDIVCnHOfzzs+MT4xPrm4uCgxxRIWgqqEELZtEUrh0qoLxftLcCEEcEKJRBkQThmjlFiWaVnmwoK+uEgMwyCEYJctmUyWlJTohm5bNpGJbduMvi9I2d99REviiupyub22LTxeP2VsZmYiHo+n02nshiuKZlmWYeQJk3ov9OdsSzOtSKJM57y6ojKb18ti8b7BixyE1+d3uVTdMgkhZj5XXlHh8Xqvt18pvmlb9Y9++p1zfrakl21/uPoS74xQynNG9eZ7b4XB5/9x1+g9T+zYREZe/McDQ9kaf+EN1lK67MH7Nrn0/mf+8ejIprIrWGs00LyhvWeBfuzOTs/YruenGh94ZLWP6iOvfG/P6Zo7xcHh6J2f2loumdNnTiXzPC4XH7lcT/HSzQ/eWeMRcwd/+PSxmaab028czKx95PEOX77v5e+d5M2gj7z+xnj9g5+6KURzA7u++9rpuk90BoobwBX4V00U9anzT/4wddeXbt3gp5mzR/7XcOX/9acNJdQ49r0X//6t8r/a4v2QIRhW4iMaXE8vmphSE0nzeiRKhAzpdBp8vmXNufc6rmcKSIEIZNqbJrdmMulkfpRyAJJlYsky52x50XCNcJKPuHrki9k3TgJlZdUNU1OTm27ZXFVVdc3NDg8PH3h7f2/PgbGB88Btt9cnhJiamkqlUhfPnTp3eB8tJuVQ8EcknAARVBBBBLlUcizvAN9QXQCM5fxPfOVqCACO97HIP3XqlGEYW7ZsKSkpAfT+WYbb9Hq9iUTC43Wn00tQrF6QO9rR0XHvvfcmEgn0JVYV1TAM0zJzudzExEQsFlMUhRJiF8H8mqatXr36M5/5zMDAQF9fHzYgOOdIxkMcbHt7e3l5+ejo6LFjx/bs2bNz506v1xsOh0OhkNvtdrlcCDdYWlo6ceLE1NTU/Py8YRhNTU2PPfbY1q1b4/G4oiiYKuHJcm4LEG6Pu7m5GX9l3bp1O3+088yZM83NzU7TZPnlWokPKgiBpaVUOp2ORKLYY9JUGQBs05QUBYgYGx75xte//tRTT01MTdrLqghxqWVw1YdIAIQwTKukJGIYhqYoum4sLeU0TQYAyiihJJXKejyqy6VmMzmfx+XxeoTgQIhu6C6Xa8OGDZZlDQ8PlZSU/Mmf/ElHR4esaZRSy7QpY5QyvNcopbZ9SfPsNw48G0f5YnFxMRgMQrGSZEwihEoSBQBCOQAD225paWlqbOq7cEGWZV3XUUHDsmwBHCEzHASWEIQQ07CEyI6Pj8zPz1RXV3/EUK8fhrjmYiLL8tzc3ODgYCgU8vl8ExMTvb29d911V2lpqW3bPp/PGbBXVVUpipLNZkdGRn7wgx/09fWdPXt2dnbWGbDjqlVdXY2WqGNjY6dPn66pqamqqpqZmXG5XM683TGQo5RevHjx1KlTfX198/PzMzMzN91002OPPbZx40bkizk9i2QyOTc3t3fv3uPHj6fT6UOHDh04cCAcDm/cuNHv9+u6Pjs7u7i4WFZWpiiKs37iXiRJQm/5TCaDXwQECDg49uX1/0osjyt6IsieCIVCHo+bUoF8CiEE505HAMHvwjStTEYvLS0rKSm57bbbSmIlOP9HBodhGsj+2L9/v2VZ3d3dqqoqsiKBZFkWJdTlcm2+dXNzc/O5c+eeeuqpubm5oaGhxoZGr8drc5sSKkAwyhwUAFn+hxC8tdBoMJFIJBKJubm5eDyO1pV+n1+AsG270AIQkFxM7tmz5+23356Zng74A+vXry8rKzt48MDExMRLL720lE4zSltbm73+YPfatdgI5rbt9XpmZmZOnzo9MzMjhEDZC8uycZEUl4MUMGxu4y2NkMZlCq+X7tjp6VlVlWVZzuVyACSX06emplLpVCQckZj0kblJbUGYrBoW5xw0mWYyObfXM7+4MDM1Lcuyqqqq25XN5Rkjgos1HZ0H39pvAdm4ZXswFNGBZ0zdx23ZrRFGhUwXcxlvJJRcWJBcarwiofk819mtMEbeeHWs+aHPbyhhS+d2/fjVMxUfX+V3SmfJVxFWCNia1x0Kh2QArnkVrtvOVZcD1VGNADCXVzZ1S2jX3g2AnRodT01P7vrxMQEAps2lnLqmxXf0hadfbKyva25a0+BdVrBTNail33zpqQNUEkupXIlpLU0vqokyDwXirm5NaO+AnR6dlSrW+xkAaPEaf3pgwXZaAEb/M98+2Pq5T7W4f/lD004N//3fzYc/fe/HShiAPXN+dnp47r//v30AIHRuKzkLVloAK/E7D8K0QOTq74/sCYav9+19r+I6RABKiCBAgBKYIFAyMONzu9cu2Ic0M5hnYEpJ4bpokpRm9XpGdEMHSoXgo4PnLMuKxeKVlZXX3NlA/4XjB96cGhlAFZh8Lrv/hR+X1TTo+ezCxDDBQh/BwYQQtARERRlBBF2Wl9zIS78DmHfmRdfLtxwtwGQyiSo4Ds8fIfSqogJAIpH44he/2NbWduLEif7+/mw2q6pqbW1teXl5Z2fntm3bvF4vEhcN06CMapJ26tSpxcXFdevWKYoCpADjNwzDNE2/33/bbbdt3rwZyato4oDDIs55b2/vgQMHZmZmFEUJBoN33XWXZVmTk5OLi4sTExMzMzPpdDqXy+XzeVLUrCovL7/jjjt27NjR3d0dDoeRIusgrgtQcACPx1NZWZlMJvv6+nbs2OHxeoeHhxEp4Fyi5WTalfiAgveePXPmzJkdO3ZI0YiqyjjfF4QkFxb2vvnm1772tfPnz6fTacYky3J4QLRI4SEA+KTmcEnLU1BKAIgiycmFBds0GWVut4r9L1vPS5IUCsiWZVdUJPJ5PZ1O20JEItH29vZHHnlkw4YNfr8fQNi2/e1vf/t//PWTX/3qVzs7Oz1eL5Oo4FxwTigDgfTdIhkbd/wbXQKnekTq+EsvvWQYxmc+8xm4yhgMcUyC0Ug0Wl9f73Fpuq6DzQmzgRW6eHgBZUnipsWYDGAJITi3lpZSqVT6NzrAlfgl4dQYzgiXUprJZBACoKqqqqqjo6N9fX3r16+vqKhwBunI/BdC7Ny58+zZs3Nzc2vWrFmzZk1ZWVk0GsW1PZfLCSF6enqmp6dPnjz5+uuvz8/PCyHKy8tLS0tDoRD2enBlW34wc3NziqL8wR/8wV133bV582av16uqqqIomUwmn89zzrF55Pf7KyoqPvnJT372s5/FZmtfX9/BgwdfeeWV/fv3j42NRaPRioqK1tbWbDYrSRL2m3DGiwgs0zSXlpYQR4Y9CyhCAJzR8QreyonlMD3nYS0EB6Dl5eWNjY01NTXj4+O2bWNn25nAo609Y5Isk/Ly8vb29g0bNrjd7ryeVxRFlmQhhCzJGzduDIfDzz//PMrlRKPReDwuyzICN9Bnx+PxBAKBJ554ghDi8/kUVUH0EAjQDR2FfuAq+BJmU4sLyeRi2qV5Oju6K8qrFhdSXZ1r29ra4rEyQhglxDAM2xKGbs0vzO9+ZfeLL77o8XgeeOCBjjUdq1ev1jRtx467z5079/TTT/f09CiyHI/HZVlTZKXA+AdRUlJyy8aNg/3983Nzs3PzHo+HUsoY4BuAEEKvpSIrgBdlnvF0OAcAkCSqaaqiKIuLS7IsU0rdbndFRUVHx+r6+nqPxyNAWJYlsY8IStvtdhNC8NwNw9L1DDJAS0tLU6lULpczDeTZMVmm4UhJdX1jVWUFVTVXwJ9MJlWP16aUU+L2uCenp0oiUd00OCWhSGRoONXU2nKd3fLUyBit7ArLBMBbUeveNzhvL2sBFJ9z6NlTeO0KaZrLm/rEecNVOS31Ne946I6yZfVG4sE/aJ8d7R/ofW3n4Zr7H90ck4pHdWbXL+Y7H3m43UdSJ3/8gzG4rAdePKjlGxeX/VOu2vpIVNN+paa5lcyG12nHXxuabmyIMwAg0XWb/urR6EcEXrISK/HL4rIWANbe2AIQQiAp9pAM8uBsazxYQxVpnnCbaeAaNiBJs+ciSdMCnHYJEAQEEaKgB36tsCybCsEIpcWZrrDMif5eQgUltPCcIEAooUAACKVFojG5HJFYVMUi4oZkLRqGAQAO0fTqwNcRnscYC4VC+Fu2ZXPBJUlSZMW0TEIJKiR2dHTU1dXdd999uVwONZ9QvMfn8yGVDodI2HQwDOPAgQMLCwuVlZWhUAins4hyxN6ELMuKovj9fpxsIGQUofvr16+vq6tbWFi4ePHixYsXJycn0+k0ohVqa2sbGhqw64+DJkmSAoFAdXX16tWrY7EYMgUQUemQVAGAEMpt2+12l0RL3G732NiYYRg1NdU9PT29vb1NTU2YvC73rFqJDyoE55SSX/xi3+jo8D33/F4oGCKU2rZ98tjxZ5999tXXXtN1HSWyDNMkDIeKRBSLf0Ku4DahlIDgnMsyNU3T5/NnlpY45Zqq+v3+XC7HZIkQ8Hg8q1a120B6z/a6PZ7bb7/9k5/85MYNG31+HwAALlmc/8m///dv7Nnz1FNPne3tffDBB/0+PyJ1ASscwshvPU7HLxHevUi3WcosPf2zp++6+65IOCzLim0XhoGMUWFzEEApU1W1pbXV6/WBEB6PyzAM2zIpk4ggvNgG4FzIUiERBABFUVCeA1DeeyXe63CwSFgGS5KUTCYJIdFo1O12YzcTaypUNjFNM5VKjY6OIoS+srKypqamsbExEok4wq6FokgI0zR1XS8pKWloaDh//nxFRQWuvaFQyGHmL6snhRCitLQ0m802NjZWV1e73W7sROBUH2Fci4uLtm0HAgH8X5fLhY4wkUikra2NUhqJRFDMdWxsDNEl2HKFIprdsQlwRASxEQDFQveKR9IKHADjatgIIoB8Pl91dXV1dfXExIQsy5wL2+ZF3BMQAoxRzjkhEI1G8GPFz9q2bUELF5zbXHChqmo6nU4mkwAgyzLyNfDZikg6TdNqa2sLcv2ykslm8A1er9eyLE3VoDhsF0JcMgggYNt2OBzO5/MNDQ3ZbNayLF3X0R4Iu+p4n6AaJd5s1dXV1dU14XBYkmVd1wPBYDgcrqioGBwYWFxYXFxMVlRWo9UhPpcVSQqFQiUlJV6vd2pqLpfLmaZJCEW/QPtadxHmADj8dy6yJBHsmxiGaducEED9FJfLFY1Gq6qqwuEIANg2l9i1Eaw3YmhuD2Gs8FixrWx2CTjxuNxjwyPz8/OmpZfGorKmWpaVzXFKRFV1raJK0bLShfRS3jCrEpVTM9Oqx2VYZigSGZsYr6iocFPP+OSEPxDy+gLX2S11h735U5NZHvNRY34i4475fpu2H5FUZqQMDi4+Pzaj8yYAoETYHJi/Im7uOT9nlsZla7pn31hiU93C0YvBdR3Vq6NAnAChAAAgAElEQVSJYPL7+2byPFZAAghjSZcDYRcV1uy583OmJpgn6tVPz+RFzJ0bOj2WEw2Sv7zEfmsoZcdDNDc5uBSsDl1KDYkSiPyqJbxa2fLZx0oO/69X/vr1kv/2sUBJU1j/8fBFPdqkWBde7znV0Pnx6l9HY2AlVuJGi2ujAACAEnQFpBOUn1FJejhZIdMqyqYM15ghFmi+vypjAyUgCAUigAsgQAw9m81mHF7Z8jBNM5vN6LksY5QUnqnFDiMllFBCKICgUND8wmRdUEoESnZ9FFAA+MhHdL1pmlfbCDmxnMkZi8Xm5+cPHDjQ1t7OpMI8E/NIlH1WFCUUDIXDYfQWdsCfWMMDANoRIUR/ZGTkrbfeCoVC1dXVmqZxbhNaEPDHodDyWRD6F/p8Ppwj+f3+YDBommZra+vS0hLa+V68eHF6enp6ejqXywEAEgc8Ho/H41EUBb210W5QFDWTlzMV0YRCluVEeaKmpga5A5UVlcd7Tpw7d66xsRGKYt3v5ye1EtcIIYCQ1tbm6srE9777neef/XkiUe71+ubm5gYGBubnF2whTNOklNpCCMIIECEACEUXgCI9T0Bh/i8AeOGfXAAhS+mlQCCQBeL1eO+6664d99zTf+HCqVMns9mlO7ZubV/V9i9PPXXu3LnHHvvUH/3RH1VWVjqNLcqwcUkZpVu2bSuJx3/+zDPf/afvPvTQ75eXlxNCGWVw+dQXj+Q3sJZ2igGHZ9vQUDcyOtTTc+SuO+9ePlUWAruYIISQJPnm9etXtbe/9db+SCQyNze3lMtRRillts0B0EyuYKONeojRaBR7fyvxnoezBDksFVyXcrlcMBiMRqNI4Pd4PF6vF3s9hmFMTk6eOnXq8OHDkiTdc889ra2t4XAYx/5DQ0NTU1Occ4/HU19fHwqFsHeJ2xwaGkJJf+yNAgAaBzjNKVwMb7rpprVr17rdbjQjsCzLNE3GmN/vz2QyOLfnnPf39y8sLGia5vP5Kioq4vF4Q0NDbW3t1q1b5+fnR0dHjxw5kslkEDKAHC48BRwt8mKgTSzKwSwnC6yU/VfHFfU/IYRzmxBSXl7e2dk1MNh/9OhRbNNQSoowN4KNda/XqyhqV1fXqlWrPG4PAIAASikIMEzDNM3Tp08PDw8rilJbW1tZWckYw5k/fmSWZSE/xTCM06dPd3d35/P5zFJmdm42l8stLCxs27aNEIKkAIcCUDjOokdgc3NzZWXl2rVr5+fnFxcXVVVtaGgIBoMOFBFvLT2vj46OWpZVX1/f3t4WK4mBEHld90pSXV39unU3XTh/YXx8YnRkvK623uNxE4ptXupye8tKEzXVteFgeMo9ZXEuSTLnthAcrsNiwhZAgQ8lBC2qwFJKdV03TUsIy+t153I5SWK1tXW33Xb7bbfdXp4op5Ta3LY5d6QQb/TAhJkRyjkXli04t23b1HO5XI5JhDIVu3W2bed1XQgRjERdLjWbMbLZfDAc7h8cCAQC09PTkiQtLCy4XK7FxUVNUaPR6MLcfHXltWm5AMTdeOfm8V3P/uiETC0e6NrWGf5tLqhU0tGuvrDrmbGg1+cNuakQ1FtRxp957mdwzwN3bG944ZWd35OoJQJrtrerbqqO7f7eKVCY4K6WLXUep/nAQq3dkZ8/++N/Cfiibd1doVfffH3i3ls7zuz6yfeP+YOlpTF3joBaueWO8hd2/eicRG0S2bi9NfDuzQuevPiXfzGFoBGtpvv/vG3ZVWDerZ9ee/T/+cWPm+56vHntH3fu/5u/ekFhtl3S+NVbVur/lfiIx7U6qQSzdk7QK4uyM34+odDxWU6zLAt6ymOPxXXOKOOXes6I088l54cv9D73nHU1jJBzPnWxL5deYIwVsf6FsoBQIIRSQinBnBkoEA4FYAFBYdmPShBC0D4K56XXe8+l8obS+vr6QCCwc+fOREX5unXrysrKQCBmgmIjABABSAA1hAojSkIZZU47ALNM0zQPHjzY09OzZcsWrK4ZkygaERXfhugDzvnS0tK+fftUVb311lt9Ph8sG8VLkhQMBmOxmGmaXV1dhmEsLS0tLCwsLi5mMhkUvopGo2VlZfF4XNM0TEPxGe9wnp28CqmACJVEcEFpWZmiKCdPnrzjjjsikYhzbDci6OOjEUIIEMK2TRA8HArYlnXhQl9f33nGZM4FpVQAWJZtWTYhHAhVFcU0TSCI/CcFFb3LN+k08wilEmNosS6EqK+v/3df+UpnV1de17NLaS6sY8d6dv7oh6+8/ubHP/7Al770pcrKKlEwbJMJIYahM0YFIoOArl61OhqJ/mjnj77x9a9/9rOfbW5pE5w7GtnLDLN/w+BcoNgVIWBZVmVlpcfjOXDgwNat22RJoZRh0st5QTWQAHDOKysrH33ssZ6eo4RRxhilRHABVNACIKrgHyY4ZRKjlIbDYT9iHArXauXOf89CLGPIQ5FhhAz8UCgUDAaz2ayiKIlEAtcufNvQ0NDY2Fg8Hl+3bl1TU1MgEDAMI5VKTUxMzM7Ojo+PY+PbMAxd17HaRxhXfX29ruuXXNwvw5Nf8nBFszenRCdFAVS32x0MBklRjQWJV/l8Xtd1/BZgCCGCwaDH48H9InrL6TU45+sIH+JTJpPJpNNphFuLojgiXNks+1cdzqVwCmbnU/P7/eXl5TU1NS6Xy7ZtQoAQ6nRY8G+32x0Mhurq6srKymRZBgJMYgSIYRqZbGZiYuKVV14ZGRnx+/2bN29+7LHHsKfv9I/y+bxlWSdPnjx9+vTu3bsHBwdramrq6uqmp6dR0GHDhg3IvV9e+S/n3quq2tbWBgDV1dWHDx/OZDKappWVlaGvcAGrD4DNprKysnfeeWdgYGBiYsLr8fr9/oDfbximLMuxeGlzS+uxo8dmZ+dmZuZ8Ph+RKCA0DACEQHCK2+2enpvXNIXzgmfwNX2b8Bo6QgAO9wQxkrLMsI0iSUzTtI6OjptvvrmhoYFQwgXHBspHJhBtRChYliVs07ZNSzeSllVVWa6qcjKdAuC4ImmaRilta1t14cL5UCiysJiyLK5p7tHRUY/Ho8qKRJkqKygKLckKI0S9ahp3KViweeunmq/1P1Li7s89gj+V3f65xwEAgJZs/sJjAAD3faESAFoLbwC5bPsTjwAA+G566Is3FTawDQAAqrZ87o8LL9zySPUty3ZQsvaex9de+6BCnb/3B53Ff615YhOI3Ji96r7HGks1sXj8JwN+nwxUrr3t0dp3uabLNxhp+ZuvX8GGqP1OKwDUfgdf9lf9p/+GjRJp7QPb1z7wq213JVbixg/pioyYAKButiAUhKCUCAAqYNEtklUEhFUAuAkqARGCCCEAsayAf+DCsbcuHHsLim4GBbJQkQkmyxJK/BMcDmIngKIDYLFtQAgHQTgVBKEIguBT7QafToiinhDWwL8UBYBZGue8oaFh69at3/rWt772ta/dc88927Zta2lp8Xq9OPAHAHyCOmMcgMKQQZZly7YQe4+gwZ6enmeffTYUCm3fvr28vLwwBAOAYlKIm8JUNZfL9fX19ff3K4qybds2tLNy3kCKvr5+v59SGovFMBN15ANR6QcnWg7mVhQDd2HbtuBcgOCcR8KRm2++effu3efPn29ra/P5fAcOHLj//vvD4fDyU1uJDyq4EKlU6uBbe48e7UmnlwiAJEu2zWVZMk1bN0xRYBQzAGrZHApjf4dHSATgl3m5mKcAIrgtZE2TKNN13eVyda9d296+SgjQNHVhYfall3a9uGvX2wcPbL5tyxNPPJFIlGPTARUETNNiTBKiIGZuc5sQWl5e8cQTT/zDt771j9/+zqOPPrp23TrCJEKKrMFlylm/MaaIUiIElyQWDATi8fixnp7xsbHa2jrbtihlCGUCh/hAiLD5lm1b1t20bvcruy3LkhjjhYqCCs4JsKJgdkEsASXoL12nlXhP4+q57sDAwOjoaFNTk6qq+Xze4/GEQiFFURhjSMVPpVKBQODOO++85ZZbAoEAroGpVMo0zXA4LIRAYVQkcjtyJ7ZtI64bALC1isssK0J/nWNwvPoQmA3F1TKfz1NKEcPvcrnq6uoQPr3c3g9xCgCgaVpLSwuqADhQMjxZR9FACKEoCiq8jI2NVVRUoEOtuJz0fqM/cN/DKLYALnsFyRQ+nxc9cXK5vBBCkgpFtaoq2ACKxWK33rq5tbU1FosRQvJ6HgDm5+eHh4fRAMLv969Zs6alpaWystLtdgOAxCRCCBBAEwchhKqqVVVVlZWVk5OTyWRyYGCgt7eXMVbs4zMA4IIXIAACuOAAgGKBLreroaHBeaxLkkQpyWaz6A7gNIMoJYGgf82aNRMT48lk8plnnqmprlm/fj0hhHPI5nLnenv7Lwy43Z5otMTj8QCl3LIpZbjOK5rW1ta+fv0GRVFef3Ov0y4BQq55G4mikSpc5aeI3ShJknRdj8VisVhs8+ZbGxoaAoHAslTno7MmMsZUVWWECsvOG6alG6ZuCIkTIsLhMIJBdD0nvB5s6ilMKi8t7z/fV1FdBYRYltXU0IjAJSIgOTdfU1MjMymbyUYDoZHU0gd9fr9tEEnJ9r3wk4NEAksuv/3u0vfFMH0lVuJfQUhXT8S4zQmjRHBBKIiCtRUpsMwIoYIAMJAEgBCUCyBC8GIDAAX8LrOoLQ56AYqTfyiqDmBZR6FQvF7aADbTccNQ7EMQbt/oaAAs1y3LMnHgeXVNu3w6hE87IUQgELj77rsNw/j+D77/ox/+8MDbB2699Zb1N69va2+LRqKEEIGoYwC7SPsEAN3IMyYxShmhAiCXzfb09HznO/80ODD4+w8+2N3V5VK1AoqjiMoDKEgDIo7A4/GUlpa++OKL//zP/1xeXo5phAMoAICCmHlR3dqRnoLLJyewTKYIi3+EuRLHjJ0QTHpaW1pbW1qGh4ZcqhaNRs+ePbuwsICXYkWe6oMNzMzcbk9Tc9sdW7adPHVmaOgi58A5z+Ryti2KqB5KCBUCnf8K2kCFvwkpMgAKZTEAKegCgi1LFKWtIpHI+o0bZFUFEKfPnvrB977r9/sXkqmKqtr/9Gd/1tjUXABMFgTMgduWJKkoQSKEoLQw9gz4g5/7/BeffeaZH/14J1Pkzq4uEIIUR/SXh8MwunZaWXAzEIILTimjBAS30d2KMaJIUktz467nXzxx4nhtTY2TnJIizoEQEFwABb/f95nPfua1V1+1ABiltmUzRglhpmlSRk2uSyBTRiglmqJWJCp9voAoYijgo5TzfgjCISIRQnDiOjg4OD4+vmbNGkVRdF33+Xxo7IezXMZYU1NTIpEIh8PBYBAbnaiKipz8uro6HPwCAKU0n88jmR/H9dgCQBy+w7Ry1jRa9Eh3lkfnDVj242EgYBiPVtM0TdOQqIXrsPOL2IfF5gUW/PjlxcUZSWH4ZsMwJiYmRkZG6urqLtVsKxIAl+LSd67YwHeaRwWYhsvl9vv9siwTAo6qAqU0lzMAuCyraAxRX1/vdrkBgDE2MzPT09Nz9OjR+fn5cDh85513JhKJRFlCgMhkllRVpYwSgGwuq6kaISBJssvlKisra2lpmZ6e7u/v7+/vHxkZIYQsLS3l83nTNF0uF+I7FFkpdFYJwUaAIsslsSj6oVIKkkSzuezQ0KCiyi6XanMs44Vl24GAv6uzi9v2W2+9/fZbb7+x541z585LkpzLZNLppVQyLctyV1dXbW1tOBq1bWBMFkJw26aMKrJWX1e/4eaNsiQfOnI0l8sKoEJgbnCN28npMeFdZ1mcMcELUlJCkMLYoLq6srGxcdOmjYlEmaaqBYkBKhGyHLR+vaXxxriNNU1jjFEQhApd11OpFKPg90XSqcVYPKqqqiBoQFMQ0cpl8jNTs4xKTDBCRDQYAuDcsvbv23f69OntW7dFQuGQP1BVXnFxYDASCn/Q5/dbh1yyHBiwEiuxEu9VXEkEIECyuawiq6YOhAlBGPACJL8wiicUwOkHEAZABDjFWbGiBOGM+ooCnoW0+F0muQQIIBZRFLdFgFIigAiQJZbJZn57Na8PMAghpmn09/fPz88BAKLi8b+uQF3yZfbCSBaoqKh4+OGHE4nE3r17e3t7n/7Z0/v27mtvb6+qqiovL6+uro7FYn6/HwGENjoOcCEI101zdnZ2cHDw0KFDb7zxxvT09B23337vvfdWlBdkrq8YsDtcfUw9u7q6Dh48uGfPnm9+85t/+qd/ii7ZmG7i0HW5RN/yU1je3Xd2sTyvLQwuOAeBCBDKOS+Nx9ta2w4cOMC5KC0tVVUV3bCXw1l/dx/QSrx7EEI0zVXf0FxSEksm03/7t3+bSi3m9Lxlc0oYFMpdKi7R/jHEVT8UtgcAAAyAU0IMPaeqLkli0XisuqZGgDh3/tzzzz9/0/qbFxYWFlNLTz755OpVnZRSbnPKKCVECGHbpqLIHK2nnd0IACBCkGgkdu9996eXlp566ifhSKimplYIu3BsVyLrxbJDurQdwQE9rXGnBCgAxwQV0MzCtt0e1+2bN7+6e/eZUyfv/NjHXJoLQIDgQCgIEFwQiQDBhgXdsHHj3Xff/cILL9gCJCosyxJgMyZxYTGFUkosmzNCyuKlnZ1dmuYBoLgg0sKiekMvgR+iQMiS0/dErPXU1BRil5AFUF5ejvU2NgtqamoAAEHX2J9FxpPX68XfQqE1LK0RGZ5KpbLZLM7woYi0cjDPzkhz2SSW5nI5rNWxetc0DRsHjDGs6vGwkQKGen7OqohFoMvlcrlcWP87+wUAFBeYnJyMRCLBYBDhCUNDQ4qirFu3DuVar1hjV5ZcAAAHOiQKCYwAEAKw/Y1LB94Azq3CGLMsMxDwNjc3bd58W21t7eDgYDqdFkKsWbPmjTfeOHHiBOd869atLS0tiURClmXKqBDC6/ECASG4XcTnS0xCfAdjTFO1ivKKWEmss7OztrY2mUyePn36xIkTi4uLbW1t2CeyefGmAsIFd4bqNrckJsVL49lc1rLM/W/tp4wmysq44ACCUUYJESBKotE7br+jY03HmtWrz5w5c/5839zcvM/tCYcj3d3dTU1Nra2ttfX1sqJym3OggtsADAAEB1lxrV27LhSJ7H79tZGRkcXkomXbONm5+iYihQW8IChoGAVnCrzDuRCKItXV1d1998fa2tsrKso1VQUhKGFMkimRUD7m/bsFfpeBKwYT3DTNfCY7Pz/vc7u0hJZKpSzDxJ6dbdvEMAXlMmWGbiqSAhS4bXvc7r6+vtLy0iPvHD586J3F1OKZk6dWtbZJlI0MDWeWlqanpz/o81uJlViJD2lc1QIgMDs7W1lZBQA2F4ILYIwAGvYBAObFhfT56pkZlnpQkP8qbvGKN8CyTHtZUVAE5xJKqCg0GwQIIIwyGSRGx6ZnpMs3Jm40iqxhGGfOnFlaWkJEqKPV5KRZy3GYnHNMB/HnqqqqaDTa1dU1PDx87ty5CxcujI2NnT9/XtO0YDDo9/tDoZBWDBSCAoDJycmTJ08ODg7Ozs56PJ577rnnkUceaWtrQ0j/FcMo5xgwF5Qkqaam5v7777948eLOnTtbWlo+/elPY77rEBBg2YT/imRRXE64xTcsT1iddoDz/mg02traumfPnnQ6XVZWFgqFVir/D1cQAgD+QPDee+977rnnTpw4oblclmXreQN+C8K6JDEAoapKNpvL5XI+n8/mtt/n+9znPmdZxpe+9G8eeuihm266iXNUjSIAMDc3e/r0qWi0pK29jVsWo9cQAbZMKxaP77jnnr958q/37n0zHourmutXv5WEKEoZFsBJHISwLYtRBoyCENyyqCRJFFpbWsoTiV/s23fP7927ZtVqAgKYLDgHhsLvQBFIRUQwHH7sscdefnm3kcvJsgy2ZRgmYRQIMMpM0+RCeNyedWvXdXV3E0LEVY2TlfjtAxuOuDphEZJMJoeHhymlJSUlmqalUimv1+t2u7FZibj95Wsm1nvIjVJVFXX7sFmpaRoUu59jY2PJZLKsrCwYDKLwnmEYhmFgVe8MQvFIsOYfGBgIBALIJnAgVI51H+4d8QLLOwVIE8hms7lcDhu1aEmASHI8PHwooL2roiiqqgaDwZGRkVQq5Qz/lw9mP5jP5kMb1ypi8RvKGEMaPN4hRX4fcbvddXW1TU1NiqIMDw9fuHAhmUxyzs+cOWNZVlVVVV1dXVlpmaqoFFX1CBW00Cgv3GMAAkCRFZsXGHYAoCiqprkbGhpSqRRjDLUh4/F4rCQmyZJhGIQQVVEdYSAA4ILjLAEVfCoqKkZGRubn5xcWF7xeryRJS0tLXq+XAgXKVACv19vc3OzxeCRJtixbVVW/z19TVVNdXR2NRiVKBedMYqZlc9vCG9WyTElRAuFQHSWxWGx6ejqf15nECKVC2Ne8oo7mhSzLlBYSCUIIk5hHcwcC/rVru1ev6ahCfoQg3OaSxChjAEIAkqc+CvGH/9uXfptf3wIAAPc/8sn35GBWYiVW4l9PXNkCoIRYljl08WJJLOZxuyT5Os4rRa8+WE7svSIuowBc8eI1tnadf4FlWUtLmZHpaQZXFqtwo0EWCSFzc3P4YEYvX1GMK0bolFLk8OPIHU0EkOfZ1ta2ZcuW2dnZmZmZ2dnZVCqVyWQwt8jlcqhN1d/fPzExkc/n8/n8wkIyFotu3rz5gQce2Lp1K6pY4ygJs9vls3oMJ9sghGzevDmfzw8NDWEX4LbbbsO8GYt5R0TKOcFrnvjyc8Q9YuDZoTICXpOKigpFUWZmpt1udyQSwauEzYKVrPRDEty2q2tqP/OZz/75n/8ZpTSTWVw29heEoGn2rxGmaftD/oWFBVlWH3/88erqakpoPB4HIv7u7/6/hobGr3zlK7KsgKCWZQpunThx4u23D2AjbNOmTf/Hf/7P19wspdS2rMbGxvvuu+9nP/vpqlVruruvLUF0nV8HALAtzhihEgFhc8G54Mn55ML8nGkahBDD1H0+X6y09NFHH/3Lv/zv+/fta6hv8Hh9mXTa4/cBAGV411Jum2DbVGbbt29fu7b78JGjNudUULfbnc3mmcQs22YFT2ytqblpxQ7gdxoILHKwSP39/T09PbW1tV6vF0uaaDRaUlKCixtjbGlpqbe398yZM1NTU2vWrGlvb8dVWtO0dDqNPYW5ublsNhsKhVRV3b17dyqVeuedd+rq6h5++GFVVXENd1T6l3c/MVCcb2Zmpr+/H63Cs9ksIaSurg7N4U3TRHlCIYSu66jVQikNBoOZTGZqamppaSkajW7fvt3xFBRF1RXTNHO53PHjx23bjkQiOPOvqqrq6elBLwPnYeS0A1bW23cJLPILeiSEuFwu54FuWYIxEYmE2tvbu7u7m5ubBRe7du06fPjw4cOHb7/9dkVR2tvbV69e3dLcAgCGaahMxaG9ZRV6SfiAtm2bUeaARPBBaRqWoqilpaU11TWRSOTll18eHh6WZdntduOi4UDwKKW4WUoougaGw+FsNltXV3fhwoXz58/X19c3NzWj7wCKCNq2DSACgUBnV9eq1avXr99IKfV4PBKTJCYTZDrYdl7XNZeLUgqU4gOacy44V2Q5FAq1tbVdHBqiqHGHjKnrdDLRBkUIIcuSJEn5vG4Zptur1dXVNTc37dixY/3N6xGxQoBQJhHCRJEFdiNlfiuxEiuxEh++uAYKQGbEtO3x8VGbX6u+Lri4/fJw5tpXvkiWDQsdyP+7bIcAI0RhFJVrrtjajUUQF0KkUqlcLqcoiqP9c83ADMDtdjukU+d1ZNGXlpYmEgmcCOXz+fPnz+M8B6Wt8/k8Ogl3dXW1t7e3tbWtXr0aE1wstuGSxJG4orrGVxhjDmv05ptv/sIXvvCDH/zg1VdfvemmmxAIcMWE3/lduLwR4IyVnLQGj1lRFCEEjibwB03TDMPweDyJRCKdXqqoqAwEAlfwFFbiAw6UAGEMAB74/Qefefbn+/fv93p8qORfhAE40PVfNSgBw9B9Pt9//I//+7/9yh/LskwoFYIcO3b0zTf3fvWrX1UUxbZtRikhZCG58NLLu1pb25544g/n5+cff/zTzc3Nn3jksWtvmTHbMru7u/fufaO392xrS6vL7btWJ5KAuMYBc9umjAAVej4/Mzt98MCBF557/uiRHsMwJIlJEhPA0UY7EAhkM7nTp84sLiyqiurxelE7wGEo0AJlhsqq+o1vffPuu3ZMTU9LkpTJZCSJccEpo4wQSaKMMZfLJfhKivu7iuUVL65I58+fn5+fR+8V1P9DVL9jVIY4//n5+f379+u67ggEVFRUAACq601NTU1NTSHMfmho6MKFC2gHEAqFcJXGWT0vKrbwotEprm+6rlNKq6urz58/Pzs7m8/nZ2ZmdF2fm5sLhUJut9uyLJzqoxBdMpk8dOgQ57ytrc227eHh4UAgUFlZid1bXOfRGtCBDMzMzNTU1LjdbtyI1+v1+XySJCGz4IP7QD60cRU/iDiwIIBlSDeHtScKRo9QWlq6evXqjjUdlRUVAuATn/hEfX292+0+dOjQpz71qdtvv/22zbcBgG7omqpxXpB8Z5QSIIQQRVEpoYZp5PI5h64iSzKjMu5FkTXkOt2yafORI0cOHTxcVloe8IcYlSUmcS5AUMYk27bRwcQ0C2qR5YlKVXEtzCf7+/vfOXSkPFEZCAQUWTMMi3ObMrK0tMQY01SXIivRaJRQym0bAAxLF7qQZEWSJM3l4rZNJUZkqSASxRgIIcmMMdLS0vLaa6/hV0YUgKRXXdlimqHrhdaYoii6YYTCgY7Ojnvv/b3uzq6Ojg6/z8sFN01bCCHLgjnbIb+Bo+tKrMRKrMRKXIprDPkpIQojjBJxubDfZbFc7v+6KIBrzP8vIQMupwAU8QTLWgLE+T2KXYArykBHx/46u//QBQL8dF3H8X5jYyNCQ6/3TgDA+T8AKIqCDgJIB8U8wzRNbBCgHfTw8LCu64qitLS0tLa2ut3uaOpkIS8AACAASURBVDRaVVVVXV0dCoVQqgo1ivFnWvQdvPoAcLNoUJzJZPx+/9atW1944YXDhw8PDAy0trYi4vFqUMYVE6Tl9b/THeCcZzIZZKI65wtFBUTUIDRNw+/3BwIBZ7NXNxdW4gOIosy94Nzr9X3hi188dux4Mrkoy7Jl2cXbCe8o/qt3ARijlmU3N9d86ctflmVZCADBk8nkT3/6046Ojs7OroIUCRAhxKlTp0ZHR++44w4gEAj477vvvsOHD3/ikUevKuwJZdSyDMpYOBze/rGPjQyP5vN5l9t/jSO4jNTkSHICZYRze2527p1DB7/zne+Mj493dnR+9U++uqp9VXlFBWMEJ6v9Axf27dsnCPxi//6zZ8+UJhIgONBC5ovXhBCCuAJBSDQWf/zxx7/25Ncs26aEEoKzRMjldI9Hi0QisVhcuc7isBK/fTj1P/YCKKXotIc1P74iFQMrLpfLtW7dOtM0X3755W9+85vpdBqFAFpaWgKBgCzL4+PjU1NT+Xwedcurq6vLysq+/OUvr1u3Du0DUS0V253II0A8FCkarAQCgVwuV1lZGY/Hc7ncmTNnLly48MILLwwMDODSTQjRNA0nrmjjh4VTc3NzY2Pj+vXr77jjjrKyMmw04IMDDVlwnnzmzJmRkZHbb7+9tLR0ZmaGcx4OhxOJRCqVgmXkCOcSfZCf0IcrxLJcp/ADIQKXI0IKOLhCZa4otq1zLjRN8/v9kWiEUGIZVllZWXd39+zs7NDQUDgcDgQCXHBFVgQIIIBafeiPs5hcXFxcJIT6fD50miiqDIJtc0Iosj+cezgajUaj0aGhIYSZLAcRwOVNCgf0J8tyIpGYmJhIJpPITJEkCTv+iiJ7PF5KCAGKOsHoLkkZkykVNqeECG7bNrc5VyRGCBFcFJ2eQQiey+cJIYZhgOAEgFBCKeFXpRlOC4AQm3NnyRWKorQ0N7e3tVVWVcqyzAUHIJIkG4ZhmiaREVlQQGG8T5//SqzESqzERzGu0QLAZ5JUpPJf89eu1xpYbkhLruidO0oB6KwLxT7CFW9atotfRfnqBjIJwOoX1aH8fn9XVxcyQq/5TqzS8WmNT3ocOjm8UBzdY5IaDAZbW1tra2tt21ZVFeWg/H4/5ouYX6J8FCaO+DMUDaiWz/MdLKgQYmJiYnx8PJ1Op9Pp6elpLPuHh4ebmpqc4t8RwXZ+/WpFAIfcyBjL/P/sfXd8XFeV/7n3vjdvqjSaUe+92HJTLJfEjpM4wYkDIQ0SJ4QAIWFJSOAXlqUsCxtggUDaBhLqkgAmXpbg9EaKW6q7JRfJkWxZvWuKNOW9d+/9/XFmnsaSbEwJiYPOhzIevXJfmXvP+Z7v+Z6Jifb29oGBgbKysuLiYqspEfrEiqK4XC5MqTHG3G63xa7E3d+hRzNrp26IxACjALBq1TlXXHHFww8/DECEkElxLJGC6J2Sl0YZoxQaGxvtTifnAoBILpqbmkKh0PXXf9zlchFCDMOkNpVS5vF4bDbbgQMHTNM8dKhly5bNn/jEJxL1SJORPLUGSymlRKmtrR3oH4zH439OskBapU1SciFEe3vb+t/+9tVXX62pqfnsZ/9l6dJlDodLSKCUmoah2tSSslKT8w9e8uFH//CHDRs2bNm27YwlS7xeL5GSJJU+EAnAowohFFU988wzN/zvhsHBAckpFwIDCczHulyuvPy82bf9nTNLYQSnUyEEdh6x1EmwHSNJdu8jyU6rVVVV119//WuvvfbKK690d3cbhnH06FFU/sOJ3eFwFBQUZGRkrF27NjMzs6Ghwe12AwCGWADAOcew3IrNrOlXSolJfmT7l5eXf/jDH/Z4PBs2bBgeHg4EAhgyYYOAwsLC9PR0t9vt9/tXrlyZlZVVVVWVmZmpKArm/xMicJybpqmqqq7rra2t4+PjWVlZmqaNjY1hBRn+uBKc8xNwu/7pTSazFlNJAQlGupRCCMMwU+Ud0pOG0Xh+Xn5mZmZ2dvbQ0ND8+fN9Ph+u7FgVAgAul6uvr2/fvr2dnZ1dXd0AUFhYeM6qc7xeb3ZONgFimoILoSiJzg5W9wHk/1vPEQBQQxfLQPCBYuRPKY3FYihguWDBglgstmPHjvb29traWiSqKIrCubSpGs5aKEgYj8cBgOGhGBVCSM6B0qR4cwITBgBghBvC4ObIyAgWFCgKndHDse4eIQR/XlicyCjNzso8e+XKxsWNyFXRdZNSqio29BDAWoBOc7vqQ4ve7SHM2qzN2j+7zQAB/DWS0ylO9dTdpxzMmsQhOY8nVpGptK5TGcZp569IKSORCABUVFTMmzcPWQAnp9NbYH9Sf3hSVtraMS0tze12kxTlPJlsLmUdzRLVt45gJaAstwWSzQgAIBQKbd26devWraFQSAiBXa+qqqoKCwvRhU1NGaFND/5xG0QcpJTRaLSpqWnz5s3p6ellZWWIYqSqEiDGoarq+PhEPB5HvWvrEmbtvWCTOW0p3W7PDTd8Oh7XN278IwYe6GsqiiIEP1GihhxfdQwAmk3TNLp69fmAxGwuQ+Hwnj17a2tqy0rLCVApQVVtACCEmDt37sUXr3355Ve2b99hU22XXXb5+eefP02bVAKAFFJRVc5NSqTD4aSMRqNReQIlaSklIQBEctNkCpZP63t27/6f//nl8PDwTTfdtHLlysysTJuqAUnI9FHK8PfEKKuuqr7pps/E4/Fdu3YNDQ6mp6cl7lLymi3aEmVAGausrjr//POffPIJ0+Rc6AQEF9JuU1FMzml3SCEIZbOJrnfCZEqnUimlrutYdY/zoSXUYuXS8TP29jv33HNLSkpKSko6OzsnJiZCoVA8HieEOJ1Ol8vl9XpLS0vz8vLq6+u9Xq/H47HCPIzcJlGhlHYq1lRpfU8IycnJyc7OdjgclNLR0VEsH8NaALvdnp+f7/f709PTnU5ncXGx2+3OyMiw0GH8Deq6Ho1GAUBRlM7Ozj179pSUlHg8HlRgCYVCx44dU1UVEQcMsab8Nk+v5fWds+kLkLWYouo+rpvJuweMEZvNZunyUsrwETscjtzc3MrKSq/XCxKETLDtFKZIKZubmx955JHBwaHh4WFCSF5eHqWssLDw/NXnW4UGjLFkNUIiqRCLxQgh6enpDoeDJOUt8RUSKU2CcbT4YhNCfD5fXV3d22+/3dbWZrPZ5s2b53A4uBCcmwooFhyGzALs1acwhn1JTC6Eado0RxIjw44DnFEWj8fHx8f7+3r1eEwKQRmTAoSQTKHJ94riWChhIIGbnAAQIIJL0+A2VfV4PIUFhWmeNJObeDOF4IoCClOBTIK8hJDT2in4/VN7AOCCldXv9kBmbdZm7S82n9f1bg/h72MnUPv7e1uqKHwSTU+UCUgr/5xoA3gin2OG+V4CnFY8ALB8ytra2pycHMsFTPW0rAXb+tKK2GfcAP9Ek838Ur1bkqxRhBRYwSIWWgWxk95MErBHt9Xr9c6fP58Q4vf78/LysMYVVfoBwKogtbAGy6SU+L3lGKHS1e7du5999tl4PL5ixYrCwkJ0OqfsSwix2WzhcBgrY63820mSCbP2jzTM8BNCOTcpgYrKqptvvjkjw/v8888fO9ah67ppGnaHJoUcn4hP3916VydfYAAAKCgoqKioAAAChDLS29PT3d117rnnejxplLFk70jCKKOa/dxzV1dV1fb19uXm5pVXVEghpmON1vkopZRIxmgoGJqYmJhOVAGAROY/KWQgpRgeGnrm2We2bd1WUlL8L5/9bH19vU1VOcefDBAgIAmlBNujEEKEkD6fb9WqVdu2bdu7d295RTljCqT0ywBCcLIiQKQUeQUFV1x5ZXt72+7du0xuAGGGoetc92akeTweT3oakBPXYc3a38NSZz/M/GuahnNOakNWK45C9nVOTk5GRkZpaWkwGIxEIsFgMBwOM8aQdZWWlpaZmYmlAYnYKZmJpdNawKbGZviLwOy91bCQMTZnzpz09HTMxDqdTsMwkPzvcDiwYYFVTWAFfqnHxzk2Fovt3bs3FosVFhaqqqoois/na2tra29vxzS1dQQ4fqVIXXf+aW06MgIAiCQi7ym5qlJKSfKbxELGGGMswXSLxWLRaJQxVlRYpNk1IQXm6imhXPBwOHzo0KHOzq68vLyKigpUgnhs42OVlVV+XyZW9uH7iRJ6QhiIj8disXA4jGUmllSQRW9J1Z5AYAhxIsZYTk5ObW3toUOHmpubbTbbggULMNVgmKZI1hEwxhxOJ6UUUlpFUEaFKfAtFUJIqUjJTdMklMTjcV3X299+W3LOCOUGp5QBJTjpSSEpI0j7T7BUTIEaMiBBcG7XHC6XK9HdkHO8dckWqwTkZNMKSulsIcCszdqszdrfYn9PCGDG/H9qaQAArpwp/zrJ7jOcYJqy4OmmWiylxHLT6upqlHdKzQVZ25z8oqb/dQqCMAUsSP1suTKWHvX0/D86EMgvXb58OTrE6G2krM3Mcp1TR259QDVBVHEzTTMcDm/btu3ZZ5+12+1XXHHF4sWL0SuCJD0B3RSLghuLxWOx2JSCxlO+zbP2DppMvEuEEAaSKIpSUVF5yy231NbW3HfffW8fbrVrNmEY6p8rZbcyokDANM3s7OysrCyABC7Y3z9ACC0tLVUSdFmsiCFAKAjCmFpcXFpUWKwoNkIIF5wySHqEx70nQkrT0DW7bXx8vONYx+LFjTMORghOgJhcUAKU0e6urv/51f+MjY5eeeUVDQ1n+Hw+yhgAYUyRklhZOJA0hRssCRH18+bl5GS/9NKLa9eudXs8ifs1OSgKIIBQIUxGaW1d7YIF8w8eaJ4Yp4bJKaVEgJRgt9vdbjehFE7cbmXW/hZLlQMEAMaYx+NJT09PS0tDnT9r2rFCJgBAcVYEN30+n8/nw8kN5y7cC3vvIV6AAZhV6ySTCi8pYeRU5BQ3wKlYJDvM5+XlYayFcyMOGFKgYez5h4fFfXH6RY3ViYmJ3t5elH9HCACrCQgh4XAYRebx+P+Qe386mrSQwdTeNBZrA4kkkPJkhQDEaBAFsDRBhoeHdV1PS0/D/Dng8gckGokGg8FDhw41NjY2NjaWlJQYhjk6MvrIIxs6Ojp++ctffvrTny4tLc3KyuacC8ENw1BVhRDKOY/F9FgsnpWV7fNlAhBKFUoJpYi/EwBKCEWsiRBGCBCC+gXgcLgWLWro6uru6uoOBkOUKn6/PzcvV0oJhFBC8G13OBymacpJlAoYo4QwIEQIrqqKrutCcFSgaD/a3tPVzTmvq6sbGxuLx+JCCC4E0EnCC8BkJG+9tEIIIRQhhDCFaRgAklJGKWVUIYSgzCKiAUnEYBYAmLVZm7VZ+5vs7wkBHFe9P6meczxD968O5Ih1REid/OXpxAKQSNujlJaVlSmKghrRp75/ahg8Y5xvfZPKIICZfM3U6BrNSlgBAK792JgKWaz4wVITtDwYq0Iv9eCWt4ofRkdHn3nmmZdffrmwsPAjH/kI9tOy9IdSj0CSrY8ikUgoFMK229bloPt16rdr1t4JsxiYlDKQknNTUZSsrJzzL7hgbGzs4Yd+1d522OGwT8RiZEbqTvIgk58BgEBBQYHd5RScE0Z03RgaGi4rKy8pLeWmSQhVVRWAcFMoCgGiUEakBGAgpRRcMEVNvkLHx/9CCGnim/anF/7EOc/JyaF0hikIc0rS1ImqdnZ23nvPPYah33DDDXPmzFEUlTHFNLkEyhQmuDj+CNYPjUohM/2Z9fX1GzduPHy4deGihsnXddJjpVJyShlI4XI6MzK8nJuEghE3bHZNZdQ0TcMwEtoBs07uO2ZWahdT5T6fr6yszO/3AwAKrIyPj9tstoyMDKuoXlVVfDqqqmIgbcXbFhgqU5KlWFNgRYmpyXkLVkj9q1Xdbe2FGBnWi8mkHoo1Y1uEBdwSGxngZ8MwEH4dHx8/ePDgCy+8YBjGBRdcUF5ejmsQEhY8Hk9PT09/f39XVxdeqXVzpnz4ZzaSJAcBSCuDbT1Bznk8Hh8bG5uYiFiMDykT1Xn47LhIFPyPjY1NTEwQINzklFEL9AEAm802PDxcWVlZXV09d+5ckCQe1x0OZ2tr6x13fLuhocEwDJ/PB0Cxfx7nXNcNwzBefPFFIcTKlStRdQITCpYYRPKVo0hMAJy3k0ttdnbOqlXndHd3NzU1bdiwwel0FhYXzZ07t6yszO/LgOOTBBJASAECD65wASgfoGk2zvnIyMi2bduOdrTHorHPf/7zXZ2dO3fsMA1DSikMThUqIfGjwCxCar7BNBMyCrquBwKBcDgshFQVlRAiJRHC+kVIAhQIVqLNcqRmbdZmbdb+JpsZArDZnWWVtd7MTIfTabNpNs2u2Gw2zW5TbYpqU202VVVVm6aoqqLaFFVRVY0piqKqiqIq2CxLURhTGGUAwAUX3DRNk5vcNE1hGqZhmKZpGLrJDVPXDcMwDd3Q44ZhmChQa8TNeFyPx3Rdj0YmAiMjHW8f0uOR1EHiAkJPn+QwrqQY92KrW6x7n15Ufyp2ci7AjGYF+RZFMNVttSJtmSwaxHXXkjuilKLCUKrDOmNfAABARxld0s2bN7/wwgvl5eXXX399eXl5NBrVNA39Y0hhwKaOxDD08fFxALASXzDrj74njBDChOCcmwpTCCVMKECklDIj3XvN1VcfPNA8OjKk6/F4LAYwM7w1hVJLCHU5XeXlZag7DQDY4aKmtsbpdBm6zlB3WmJkRQGYHtMJIYqqCtOUUjIbS4ECLdUuYIpixnWbZtuzY9eLL774kY98NDsnZ8bska7HFcZUmy0YCPzx0T80NzfdddddCxctMg2TMlUIIQVRbArngjGW4ntab76UUkiQlJCVq87+zfrfPvPc0/MXLqDHT7C4mxCCMQJANc3m8/kYYyBNhVEhRNwwnC67pmma3T6b5XrnDOe01G9cLldVVZXH4yGE2Gw2p9N57NixYDCIFf7IecYZElP9cHwyXyaF93CetEhSeBaLaY9fprK1rQYEVvwPx8/kWIyAAIRF1MezWB9QWA6Ss7FVEy6lbGpq+vnPfx6LxW666aaqqipFUXp7ez0eD+c8KyursrJy3759LS0t3d3dDQ0Ns0SAaTblhkgJHH/+GMfa7fZYLBaJRGKxmJSWGKAESBTnM8ZASgKJ5461JIQQpiRgI5Fs/YMiIIODg6FgSHBQVQYAubm5R44ciUajpskNg6uqZm2P+HgwGAyFQm63G3e3Dpj6vkHKGzUli0ApLSwsRFzptddek1IODg56PB4hRDSa73A4PC4nykkmEBAp8MIBQFETVTOxWKx/cKCnp7u3v4dz7nA6GhoaAoGA0+mUQgTGgiARjRVYrWAVyOCAky4Qx1vEOZ+YmDB0XVFUKUACISSJTAEFglqz7ytP4Hu3f7ihoSE9IwMAuru7JyYmbHatvr5+42NPBAKBwsKSSy65RBL2+9//vq9vYP78OYuX1A+PDO7b0dzfN6xPmOPjkYz0NMOMaipduKguEBz+5Kc+rjm1jRs3trW1XXzxxYsu+Mq7fYmzNmuz9l60GSAA1e6Yv3iZYfLxiWg0qjPGmKIyhTHKmMIYUyijlCr4mSkKo5QpjDGV4SaKSlFuSGGUMCAgElVjXHJumobg+G+DmyYXkpsm5yY3eaLRjGlyzrng3OTcNPCzw+We37hs3843jBiiAKgacJqtA7j6InBuKTZN2UaetPwy9ftTRA1S8zmYU0qtDIRpvaCs7a3u06m+KbqVqW7uia7USkk1NTU9/fTTc+bUXXPNtQUFBfF43OPxxONxFKO2vIHUKlZCSDyuBwIBm82GClh4x/4KoGTW/u5mPawk756AACFMpqi6Ydg1TVXVoeFhIYGSk/UFtF51yhgQ8Pn8RKBSHxkdHe3v71+x4kwphKqqQIhpCkYpY8w0hRRCtWl4cqYoACQej6s2dcazaJrW3dX16KOPzpkz5+xVqxilM3JIkYxjGobT5SopKZk3b15NTU04FHI4XVIKSlWqkngsrtk1IQCbUk0/F2OMELloYcO8efNefPGlL3zhdo97hmoIxlTT1BWFMlXNyct1u11jY6NMYaYQjFJVUQEgHtclkl5nX/l3wCysEydD1PNDXNKahVCO1IqKSVLyzeL5pyKkOJnjNvg9RkpIMYCUUib83krdp7IAYJrsCyTfTKsoIJnIpbiZ1ecFT+F2u7E13fj4uGmaR48efeyxx2w224UXXlhfXz8wMJCVlZWZmYmFAygoEIlEBP7KkmYRGf5BD+M9b5OBNCVUTrbCAQAhRE9P9+HDh7FJJEnU21NFUfx+P0o5yhQJHq/Xq2na4NCgx+NJtASWgLGxx+Oprq7esWNHcXFJQUERauV0dHQMDQ05HBqlBNlM+BKiJGQgEGhpaTl48ODixYuzsrIsltx0IGn6+m5dl8PhqKqqKikpEUIc6zzWevjwwMBAZmYmdrusq61x2O2qqlJGGSPYkI9QCgAIeHHO47p+7Nix5uam3t7eysrKivJyu92em5urqqrJBVUYo9TgHCTANL+FJDUyLO8oFosGg8FoNGp3uEhSSyWBayS5GABSgqTwPumZUjd3Xm//4GggdNW6q3c98CBTae2cuv/7v/9bsLDh0Uc3nnHGkn379l217lq3211UZMvPzw+NBXKzsrt8vv7eIUJIXk7uyMhQeDxIpF5VXdrS0uLyeB588MG29sM5OTntR47M9h6YtVmbtRlteggKxaWV8biu6yZTWIJVJjlIApKClFIKAgwkgCRSSCmkJAQ/CyIJkUIKbAompKCEEwAhhRSJvnBSSCEwYQZSEgTOCSRlwaSARLWXAMkBAAhIIaO6LgQrKq1qP9SEJFxJACQQkPSUe4+/F8zS78V0DfIJ/7rIVp60PH7KX61MuxBC13WLxSqSMtQwrbLAcnAhKSsFySaClic65SxJziHBsyiK0tfXt2HDhry8vIsv/mBxcTFeMnrPdrvdNE3TNK3OiOjR4r7BYLC/v7+kpMTpdM4omjhr74pZsUrSMwMCAgAoY1JykFIIEQ6HDZ1rmoJ89hMdJBlrASWUUeb3+a1wd2J8fHR0VNPsVkBFCBFSUkpAUsKoaXLKqOCSc1NVFZvNNiMr1DB009R37twZDoevuvoqn89HyAlFpKQQisJMzlHLjRCalpYuAUyTS2kypmh2TXIgJ5hvhJAgJWXgcjk/+pGPfvM//+PQoUNLGpfPuDEhRHBOiExLS0tPT+/u6ZFcAhBFYUKKoeGh4aHBrJwcwObjpxvWeVpYaprUwjSxo55M1tKHQqHy8nK3240FUJiQx5kzdW5MzbWmFopbRV7WOwzJMv5UHoHFq0odXipQi/taav+QMkVj6I5/wnjMUnELBAI7duxoa2tbsGDBnDlzsrOzMdpXFMVutyOYi6wuAMC+hlMm2JMvMf88RhKSJQiUY1WARGXQQCDQ3Nz82muvjY2NRSIxxhghgHqN6enpNtVGCBFCAgFGmaqqubm5mqYdO3asqKgoJycnFW1RmLJ8+fLdu/a+9OLLXZ3dlZWVsVjsueeek1JeddW6s88+p6CgQFVVFG7AhHl/f/9LL71UVlaGCyVJaTYB04gAMxq6BFhssmrVKgA4eqzjwIEDPT09zc3NsVhs//4mTdPycnLtds3u0DRNwzIZxpjKbKZpdvf0dHV3HWppUVVl4cKFSxobMzMzVbu9rKKiqKjQNIzgWJAqjCoMkqIJMinAIVIM1wLOZSymT0yM48+QTuoWU4z/Ey+kfF+JpAyPjPX09Kiqetfd9zJCPXb3rt17070+l8tz1VVXjY6OzZ079+2WVr83o63tSFVFhTfd3tV5bHwsDIYoyMuPhCOR8HhOVlZaumP79u3XXn/V1q1bY7FYbl4BpbR3YPDdvr5Zm7VZe4/aVH+WS+lOS4/F9AShzeQJepsAAVguLoTkMvU/wuTcFMIU0hTC5IbOzTgV8VxlolQLFmvhTBaRPG6acW7qgnMhTCFMLhK7w3FHwyS1lAIdIyFNLkESELGonpaWLlEThhACmIWcJImdFoZUQKy0t2Dv6Y4XJMv1hZjU3Y3H4+jqyWTdPv5vqpJTahgvUwySjmYsFuvq6urs7LSaVHMhJEgU9pUo2gsAWPVHiIQENw8ZgFaUbrEBrSRY6iWgwxqPxw8fPtzS0rJ8+fKamhqZ1AjATBpuabfbKaWUUQnAhUAXIRaPDw4OHjt2zGazud1uq2Bh1t51S/iUIvnECRBKCaEgBSEkGotGIhHDMAkF3eDJFLaln4fhN0WpKgJAQBKQjIDb5c7PL1FUTItJXY+Nj4eBAGUMncMEwZWAJCBAApESBFOoZrchFiAlAZlUIE1I9AtFZUePHnn11W3nnHPu3Ln1QKiUiE6mZtelVbstJKGEFRWVmJwPj4zgZIfcJ5NzbgrKLLQycSgpBIAwDT0cDIRDAdMwiIQLVq8uLSppP9wmeSJhNVmeIKWUwJhKCCWEappmd9hxE8kxCRaLRCbGJ0IgBYAAKYkEij8vKSWI2fTs38Vw1kJAEwBQxg8hAABwuVyGYbS3tw8ODsbjcStQwZnNmocNw8CseyqcKpNUf5wqU9P7iBFgIbc1sUMKjjAlA2+F+lNgUDwj1pSRJLfLmp+Hh4eHh4e///3vf+9732toaLj99tvr6+sJIQ6HA9XpEDvw+Xx5eXlIxUqo1k3jjf9zv2xTOHeJiSWJGRFVVfr6etva29ra2qSUlCJkB4gluVwuRVVQug4ZU4wxv9/vcrkGBwf1uI50SEIJYwyp8jXVNWcsPiMvL3d0bLR5f/P+/fvdbnd2dvbSpUsyMjLsdjtKPOITHBwc7O3t7enpKS0tzc7ORozeeqNwgbZev8T1pKzUlm+QSmNhCsvM9NfU1CyYP7+0tKSwoIAQEpmIdHZ2Hjly5PDhtw8cONjU1Lxnz95dO3e9+eabTU1NHR3HxsMT+fkF8+rnV1ZU+f2ZbpcbpKRS5ufnhCHxxgAAIABJREFUe71eSgCkYMlFXNcN0zTxTkJScVAIgfUTlABjwDnnpgmAKabkQkOS+wAhhL1vKAAAUFpZffd//+iKq9Z9/4Gfnnn22YcOv11SXnHeBR+ora3t7OzMycnJysoaHBysrq4eHh4OjgWefvyptw+2lhUVZ2b4eMwcGRrmhuCcezzp8+bNf/tweyAUcqel9fT1cwndPb0nOm+sddtVN6+/JPGfR67/4fZNA/wUxxxvf+NjN//vdw+Zf/bLUzejv+lfbl5/yc3PPTvy961IMg+t/8MlX9iyJ6VDUXTPHdd84cVAyvQW23/nx297cvikZ4413fnpr20K/CMnRXNwx8tNgZRRncrI/+w4px9kup3wsMbUIc3a6WszsAAUVeHjEaYowIVUiJCCSEqESYQEokohJOfAiBQcCJGCJ/pcEQBTSiIoY0zQUrc+128oKiEa6BG5vUfrjGENGJeJ/3LJOQguhRSc42GlEABSClMILhLhqCRcmFIKYTLVKWWypB4gKcr9j7xdf6thKgnpfBgPp7YDmI4FoJdJKY3H452dnXa7HemF1nqPPAL0EVOTq9buqZku0zS7u7sfffTRsbGxK664or6+Hgl+QlIgYHmTuNCCFEIKAgQICCGISCQXZFKzB7mLmqaJ4ytIrdyRqqrNzc15eXl1dXXYzQiSNHLc0qrITfSPJ6DY1JgeH58Y7+rp1nXD7XajxNGsvWdMYjc8IMlqHAAA7Ngk+vv6+nv7DIMLQYiiSGFBAKgKSpDLqTJVj8UIYwCCgKQE0jzpnjQvkUyYnDKmqorT6eCotY5vr+RAKBfYQpQDQ6FRKRP9oiiex0qqchAgZW9352N//GNRUdF5q1czVeMCCKUEAAsOEpJ7WBcgCVAquFQUxeF0eTN87e1HCwqKCMEqf07QUSYgBST2A0kJMYWpx+Pb33rz1Ve3qQpbfubyM85Y7E1Lb1x0xuuvvnb1VddgFwCECwgwCSCEZIxIQQmTqqIyyoSUBBRGGSVmNBoT0gwEx0yuMwApgFImgRACJueUEZByNjX7dzGcgS0oE5P8AGCapqZp6enpmqb19vZmZGTk5eVhJxdKaSwWQ7wAAJD8L5PKfLg7IcRCFlItNRhjjKXqC1jwqMUgSM3lyiThPxXYxfkcNf/kJKeGSCm3bdvW0tKyffv2urq6xYsXu1wuXHeQw2VpCuAwUjVZUiUS/unz/5OSItgBB32ThBy9lLoRi8ViTz/z1Ouvv97R0aHruhASQDKW6AHh8aQ57E5s4EeYBAmU0rS0tIyMjK6urvKyciEEFxwfK1NYNBotKS1Zt+6qQ4cO7dmzZ2w0oCjKBRdcUFBQsGzZMmyVF4vFFUUFgEAgsHnz5sHBwfT09MWLF2dmZqYiTTJFZTDVUp/plM/JIgLpz8jI8vvj8ficYO3IyMjAwMDIyEg0GkVIyzBNSKmg0Q3DZtMyMnzFxcUVFRXp6Wk0gWgIVdMaGxsN3Th65Mh4JMooAaCMsYmJiKIwIMTkklKGMlF4vylgo0Vp6rrgfJIcmuwqlUz9v9/eTKa577rvgUsvvWRiNOhwphUWleYXFK6+6KLtW7flFxb1DQyNbdmW5cvaunVrMBguLi4NDQ50dhyNhvS8nPzAyER5aYXT4bA71VgsNtrXP29hvcJsnb19VLV19/V/7GMfO/nZSy9edUOFEh/p3vC/rff+ylP7b3V57w66wnt3HO0lmkOOvNg0seZcz3sQ47HP//Iv5/9DzyjD+/64seezK+d7/wLd8HdqnHhYOfbiXzGkd84wLzxrf51NgwDQKRZcSiokEAGEEwmmBEUKKojAtlYSgCWSblRKIaUAKQQllFAhKFNptjpBVQADKAOFQjY1jhhOLoQUQoCQQnLOpeBSCJOjNoCZqBLgiaoByU3JhRBcAAfgUnCZOPPp+rRx1UQiAKb0p0AAU8xamIUQHR0dL7/8cn9/f2Vl5fLly0tLS3FHrJOHJBd0CvFvSk7JMIwdO3Y8/vjjg4ODra2tH/3oR1evXu31em12DRMRk9gBJCr/MTVk+ZfYFGD//v1btmxZsGDB0qVLFUVJLUHEjZFYaBhGNBotLCxMT0+XSTlr69Ksy5QgE1hDkj4QDAYjExMkmyBP1Tr73/uBzNpfbYk0+qRLJiUADA8PDwwMciEkkGTMf9xeAEBIIp6hFLiRKIfRNAelCmFMmBwAMrOy8vPzBgYGuOCUMIzDFUY5TklS0kQsJAAoEBBSAAAFMEzOGAUCkotgKPDrhx8aGxu55rprfRkZQkpCGM4fFDNTggOATIRhDIWnUMcrJzvntddfnTu3zu/3Wz8mbPpNKZUSpBSEgABOFRIfjz7+5MauY8fmzKn77W8eZow0Ll5aWVl5733/LYRgFAglSS4AcsUBNa6lNL1er9frTXxPKBDKTTMYDHZ2HhPCZEzDvJcUiRSkBEnpe9A1Ol1NpnCSY7EYtmjB+Dw/Pz8QCBw7dkzXdSxsTpVzw6xpanAOMzHnT5JFJ8eXEqR+DyksMEvXnaR0TgUAzjkWkyMQYBhGJBJpaWnp6el5+OGHe3t7Ozo6MjMzMzIyLJqDxaWyYAu73Y5z7IxVAH+XO/z+MOvOmzhdABkdHR0YGNi0aVNHR0c0GkUUHnuFEEJQxYZQYj1lLjiugF6vt7+/PxqLIv2NpNR6KIpSVVWVlZWVn58/MjKqKrYFCxZkZ2cjvg/JRx+NRnt7e5uamgghK1asyM3Ndbvd5HibEQJINQsysIrtk5QBQSm12Ww+ny8jI6O0tBTr8qxfisUWMQxTSmm3O1BUAv2QRDwvuN1ur62tDQbGmpr2dBzrkkIAoYqqWj2AUx0VQgihkMwxiFgslsTjpBAzLP2IBcj3i0dwqLXtiiuuHA2M1C7MEoyVVVTVzq0PDA660zyf+fxt3/raf8ydO3fVilXt7e2cy/vv+9Hzj28xOGQ44ZOfuK63q8fhcIwNj5WUF+VkZu7Y/VZuYX5gIlhYVBIz9PT09ENvH1m+5mRnTyvKXVCrAvj5jtbvHR06srfv5v8JfPArl9xQDIfWP/blndl33LlqIYw+9dvXNuwOToCaN7fulo/PqwEAgNiRff/+8KHmcUfD5au/utqbPKQ0+lu++f2dI2ed/8MPadseeXX9zuAEqKVLF3/12oqMI6998r6++vMyD28dv/Q/1l6WlSR4GqGt28O2OUuuje345Rvdg2fX5TGIvf3aJ+/tW/Sh4qFXDrdGEmexxcee/d3xxzw6w2aaMf7y7175yfYQ5BSdmzHDz0GEm9Z/4/GDPYMB96rbv3VzPYCMtj/6nVv3H+sbsq381+/d2ujsfOqH332iQ9pEhNR8/Ov/b413/x03/PrMB++9wEsAzO5Hb/vikRsf+rdFThCDz95+y651v/p6o7nr4e8/vGucyago+OAXbr+swpF4TaO7v/GJB9wryoNDwaEeY9HN3/zMGZ6R13/27Yd2TWgqh6IP/7/bLy2d2Prgt3/VHFchZuZd9NWvXJ629f6f7zls/vCH6V/+0mVFtlMdef3Rb0+OEwD0jqkXkjzSePMvvnJfYN0P/3WZePW4U3+0hsx42F+VfTjzqSlDmuHS0oI7T/E+fP3io//xpam3cdHI08cPOE9Ou4SD37nxJ66FzgPhVf/59Q8XIq+YD2+ZchUOOXaikcwazNwRQEguJTFNoiiY3CdEIUQAN4FIaVJJmWRYsS8FoZQxxoTgnFJKKKWEeqm00xiYRBogGBAJaURqkoQMKhOaskIIwTHzLwVq/gnOheAWgQ2BgcSmJudSEjHNKTmtvBRcm71er8/nCwQCVvbmRNtbaXxKaVZW1uLFi9966629e/e2tLScddZZS5cu9fv9lqA0JBd1i49qrbJWZokx5nQ6NU0LhUJvvvlmV1fXoUOHzj///MrqKq/Xi1X3lFKSBN1TlXiwffF4JLx3795HHnlk//79WVlZlgIWS9bsWakqPJ3H44EkWyG1Sta6IdaNscZvmmYoFJJSut1uq0/VLBBwOpiMRCLhcDiFbXrcX/H/hBCEAGVESE4oUW0qN03GqE2zmwZXVBuAzMnOmTNnzs5dO+fNn5+fX8g5Z0yNx2OqZjMMgxKgjAIQCgTDciTHciEIBcIISNHScvChh36V7nHdeOONpaWlSBAgILmUlDDODctbB0oETwAHhBAphcvlLC0r2bpty569e8477zxKGSHUNDnWdHPOgRDKiBRCSBNACuDxeOziiy86//zz77///qeefKKisnLe/PqJ6MTht9+ura2DBOlgMkpEjXACxJfhy8/PUxTGTUkoieu6w6GOjgb27dt34dBwQYEb8W3BOWWMUsqlCeQ0hkHfO0aS8n6QzMkHAgG/34/pfV3XfT5feXn5vn37Wltbq6qqfD4fFiVZRUxW5AZT5S0mcdgTTVkkqSMIx8+H1gwpUwznUmtfLCXDji0AgCpxQ0NDra2tmzZtwgUCp/pgMNjW1lZWVuZwOFwuFyIFqbiw0+lEyUOENqxTpK4as1gATXStE6qqUkKRFrd///69e/fu2rWH88St41wQknimCAFQQhPQnhVyA8nJydm+fXs4HNYNXdO0RMgOBB+olNLv92uaFo8bBEhGRoa1LBJCNM0WDk/09vY2NzcLIbKyslasWOF2uy2hilS8Hk5K5bD+JJJCPMgCkBKs3hZWdQyCTRa+kNwRdF1HCIlSimqINptCKRWmoahqVVUV5+bhw63RmD48MsqFpJQqCgMgUsjU4j4ERimlgnPTNMfHxy3JACkEOXGa5P1hH7z0ivzistKKyt6unn1N+6+77lqbylpbDs6dO3dsYGjhwoWBQKCpqWl0NOByuJ954sna6kxiip6e0eZ9+yMT8YKCIinlyMgYUyEvryAtIyPN697VtDcWjxeXlWNnpZOYFIJzoY/0vtYLkOnLYjNoB0y07H5oN6z76kcvcQ9vfPxIU1e8UgMAs+Ugu/3Gs8vWb33y6ebWFSsRF5Djfb/43c6O2jPvvTxX62vtVnOv+/IHzprY/bkf73iosfiLGmUQ23vUe/v/W1SXMfkOGAMdW0bonEuLlkWP/PKR9jdGai7PpoRSBrE97d7vfO2iPT977jd4lqHBGY85ZbOy1p0/3T5edtlFX5kffuierukXpQ/21935o8/5x9/67id+9syH7lkA8aH+qv+6918yw5u/8sk/7PvkorkDZt2n7/zKEj/v+O1nv7qx7ZxPpe6v5J9zaf7jj+8OLVzhGnrjT2NLPjXfE9nzXw+0nn3n/Rdn0/Duu26677ll912en0x8MXM41HD3t8/yxpru/uQDz1x0Z/VDP2pe/oOfrCtSAq9/+9P3Prf4K3L9zrIv/fwL9bZo25+e7QuRmvM+vubRbuVLKfH/qYy8Pu24K+WhGS9Exjuf+OF9XRd/6xtn+aD3j8efmtekw0yHZXnnXbfmpSlDmnppa++sXX+q9+H5C++YdhtF6OCUAf9L1tRLuIGqem9fw0M/P89vvUV8YMvUqxD7HjzhSN4l49Mj2XfPZoAAhBCScw4STAIgKSiCcwmSSSqlYIxJJkBKYBKkIJRKyaVgJKF4RAkhPpehkrg0gJgABgAFjYBbshGdTvo1AgN+KSfjflMk2gJwLoRMlJ+b3BRccMnFDMD26eYJR6PRzMxMIUR/f//JfURIJuExQ+X1eufPn19eXn7w4MG33nrrlVdeGRgYWL16dX5+vtURCgPy1NS95UriARVFOfPMMw8cONDd3R0Khdra2n79619v37Gj4YyGZcuW1dfXe71em82maRq6I0hAwP8dGxsbHh5uOXho48aNmzdvzsjIcDgcqE404+ANw9A0be7cuU1NTZFIxHKUp3wgBInNk/RX7LFMKMnIyPD7/akO66wiwHvaJCiKwpiS4iYKADKlsZaUgjIKgnDT1FRVVZV4PL502fL0tHQsKJJSutzuJUuX7WtqfuaZZ9atW+dJS0MJfSKlTVEkJFi1ABCNRhijqqoSoCgxGgqObd686emnn6qbU/uxa6/NzMwkBAxDj0ZjAwODIyNjfX19B/bvdzqdUoriwsKqqqrqqiqnW+GmAQBUIYySeXPrK8rKX/rTn6qrqgryC1SbjXNdVWyEUEKkACmBSiIZoQCSC57u9bYdObLWYV925pnrf/ubQChYWFzg9/s2bd5UWzcHpFUIgHcAKAEhgBLicrryCwpsNi0aiUnJCSGmySOR6LZtr61a9dYVV5QIblCmMiXRtoPSE8oZztpfYTg9ovjf4OCg3+8fHx93OByoUZKXl4e1AOvXr8/Pz1+zZo3H4/F4PIqimKYZj8dR2B+mVe//2bDZirusYUCK+J+F/OJ8jrVgVmcWC6To6enp7e3t7OzcuXNnJBJRVbWwsHDt2rW33HKL3W4PhUKMsWAwuGnTppKSksrKSr/fbzUjRNaY3W5HacBoNCqSfWGmTNGzhndGURQAaZgGskWee+65TZs2hUJBp9OBcJLNpkopTJNjSGyJ5iL2ZzE+cnJy4vF4IBAIh8OWHCNq7mAxCADY7Xanw0UpQ5Jdsi0fSCkHBgYOHTq0ffv2BQsW5Ofn+/1+SOL7uBZbr1AqOWXG60p1D5KTNkmUOFFswMJQa0lVkVYgpTwOqEJEzBKhlFJynuCtMEJy8vIUhTU2NnZ29YTC42Y8buFZVCJowlNhBUKIEFLXDYQAkOArk+ynd/ghv5u29dU3FjYsbn+7taS0QBLq8WYER0d8/izOuTs97fXXXzcMvnjREkbV/oG+ZUuX8XBI6EZ8QgaDoZzsgiNHOtLTPX5fVnV1Ze9wrx43vRn+2po5Q4FRm2ZvnDPv5Gdv/vkfLsNPWtZV11TnR2eAADR/Vj40r//xn5pqcs9YOPeCWjs7CgC0bs2cZZUsd5HnyRciAR23NXdv2GrE0q+/tTSHAXc7teDhR3/StZEaQTDHwlxqAECqV9ctL0ttl8O7tncMEv/VZbYMs6QMdr28d/ySD2AgS2vPKavIoGyu5zedkYAOyszHnLKZOdQ+FgfvuWf4/L70tfXa1l3TLqpk5XwfBeKuWJgVeKPfWABa4ZnzMhWg9sxseywcI5789MGffPf29UwTw/3hytgUoQTqX3Zl9W/+uGNsyZzXX5hY8YU6h96178DA4ZY7bn0CAETU5NqoAZMBp61oSU0aBbAXzPWNvdrdFTtiX3htrg0A0mqWZg++1uf+1Hm5j377y99ZeeaZ55x3yYpMBWZ0r//syMXxEACd6UL42Lb7v9rq+9eHLiywAUBmw9RTx+DPHDbVjr+0ru74qd+HQc+HptxGoHTqgGe4BBVsBY113tSggE27Cv3ISZ/Iu2KMvocW1hkgACkF5yYIBiqASaUUktioFMAYFgoIQSWTVHBBFUappFRQTP9SQohCIVOGKBAwAEyQDEABlYBPxNvNNJmQsRMS4/+EkFICBMCmswkgQEppmkKaXAhhcCG5xDLcJH6dlIk5bcwwjLGxMUJIeXn5wMCArusej2fmhKmUhmGgbr9hGKiun5aWpmna0qVLFy9evGXLlo0bN/b09Kxbt66srAxZ94ZhpKo6TckjAQClNDs7e82aNdgsSkoZiURfe/X1nbt2bdy4saamZsmSJY2NjcXFxR6Px+l0QqJJT2xkZOTAgQP7m/dv3rSpvb09FotHItHh4WFcwqc0lLKgByHEvHnzOOdOp9MquE1tMZjwGyClyyCQUCjU19dHCC0uLs7Pz08tT531St/DRrhpcsNgjB7/mI5PWRNJqCBEAEggklAQQqSleVasXJmW5mWMggRucspISXHJVVd99McPPDAyOnrbrbcinSQajdpsNovtwhiz2zUAEJxL4PF4dOfOHb/4xS8ohc/d+rmysjKvJy0ej29+5ZXHn3iy9fDbg4NDhmFkZPhHR0dDoUBuTm66x6Prem1t7WduvrlxyVJVYfgq5uXnXXLJh+68885fP/zwrbd93ufzaZpm6DpF0g0QKYUQnFBglGZ4feetXv2tO/4zGotlZ2fpuqFHo/7KyoqK8jfeeOOGG27Q7HZsgkKIJITi6yyFBEaYqubk5rpdrtHRCFNQ9ZBLKQf6B5584omGMxrLyipM01AUjSRkyf/Bj/X9aanpd/wcjUaDwaBVnIXAq8vlysvL8/l8nZ2dqA5YUlLi9Xot9hOy8S2e1JSzpNIBTj6YZBqZpzK/IIlQIKqLdQeWRuzw8HA4HG5tbT1w4MC2bdsAYMmSJRUVFVVVVRUVFahrSCndv3//rl27otGoRcWyDgtJCACVBUVK940p2MQ/ueHLYBgGZVRhimEY4XC4s7OzpaUNQGKLR865rhuJKjorok7+WiVMBuRpaWlSylAoFAqFMv2ZyCmwnggqNTDGAEjipJSibAQCrBMTE319fZFIpKSkpLy8HJ8p7o74zikukVMIJtYAsOhgynuChk4ZSTanxKXfOgIhBKEKQpiiaiA5Oi25uXmZmVmqokA8jtqZjClEJkpdpgxYSmmaHAsBhBTM4qG8r+c9u8MV0/XsvFzCVKqofX19A709R4+0RSPjeXl5QkBubm5kItbd3WNT1OKS4p4j7bqMFhQXl5VWRCK6kCQUCmW6Mt94czuhyuDwSKFRPDw62t3Td82111XVVJ/87BWXnf/ZSoXatOwcT5oCkf1AQJoCAKSpJ+B7tXD+3XfkvL6nZ8+h7vW/bPnTRRf/YA4AUE2lAITZAFIoue6qysLDbY8+1XP+DXldT7yxsTXj89+6eFWk+eb/ak5uxlyO42dLI/DKzgmQE/d/fcP9+M0bx/rOm5cNAEBVRgAIU/AsxqGZjzlls+M4wmLGvCtJhGLEQutoQl0c5+OBF777885L//vuNTl04KlbP9s8/QBpiy474ycPbds/somf96UyFSQAyzrva/feWjdzmbwlsyqkVfeS/JsESrSydd//9YVH9r3++sv33/z7xu/cf2PZzMc5+cin2MwXYo4M+s7N2PPopoH5H8xVwDbt1MV/5rAnu7S/7D5MvY28f+qAxYyXQFVNPX5g067ieuXkI/mnt2kQAPocBgdFSkMSlQEAB11SClJIySgVjCrI42JMCEKR/0+AEEYJELfX4/KoVI6TGBBUuxeSEUhzpNMwicZjiCIkov9EXUBSIlBwKYTgWBQgEvUApoHIwOnujthsNky5FBUVHT58eGxszO12Y8f7KVsSQjRNM00TiwwxV2Capt1uB4BYLLZ69Wq3271hw4bvfve7N99888KFC10ulyVnlXqjphABCCFLlixBRuumTZuCwaDJTRHlfX16X1/f5s2bHQ5HVlaW3+/3+/3p6ekA0N/ff/To0aGhIc650+5gjFVVVZaWlubl5QkhPB6Pxc5ITR+hK+Pz+RoaGiwaoUz235ryKGVSXsgwjUAgMDw8rNls5eXleXl5NKWf1iwE8B42GQwG2tvaxsfHJYp2Tj5iAWDhAIJSJLWC3W6nAEKY9fX1BQUFk1wVpgCVmt2xaNEZN91007333nvL52754he/WFVV6bA78eCEkFAwGAgEDMMIBoM9PT0dHUebm5tHRoevvvqqNWsuUFX1rbfe2vTSpueffz4UCs2fv2DFmWcuWbKkvLy8sKDom9/85sbHnrz3nnuWn3nm1s2bf/7zn1/3sWuvuvrqW265Jb+gACuTGpc0XnHl5T/96U8WLJh/8cUfFEJqdrvg3DAFU1Qs/I3rcV0aCmNnnbXyy1/59x//+Ec7duy68MILc/ILCGVnNC5d/+vfHm0/UjunFv0RISUlQAgIAUyhIAUA8Xp9LneaYhsjlAoDCKHj43GnUz733PO1tXNu/txtbnealCYhyuQPZ/ZH8LdZapyG02MsFuvr65uYmMDJCoFXm812zTXXXHnllaOjo3v27Pnd737n9/vXrFlTX1+fnZ3tdDpRCAC3T8VeISWlP+MArLRn6kiswqvUONxiY8ViMdRJaWpqam5ufuyxx44cOWKaZiAQAICzzjrr8ssvX7JkicPhIIRgs4BoNDpv3rzy8nKMzXCBQCgBj4/t5Umy46AF4JJklcTsfAtJnR1VVSklhqlv3br1qaeeeuuttwjhHk9aLBaLx+OKoqhqossd/k6FEFhSZwXbeDNxxR8fH8eaKUgRpCCExOPxhKwASaAAlFLkAgwNDb355lvNzfsJIVdeeeXixYutdpWIGlhQO9rJKQBw/HpqvbqpehOpbgMk0QHrWvBcjDEs11dVFQmJhBCgFDVWHHZnhtfn8bglULycxLsnRIJ1khxAEiJJwLtSJlpRnV4tn/46w4aOIIlhGG63U1GUw2+35GRljkpeV10zr7Z+9669oVCoqKjk2NGOzMzsJx/9Y0FObklxeXgiEokZVFXj43xoaLhqTtXAcPfo2GhkQh8eCjgcrpdf3tTUfPBzt59/krO7cvzVZZNZHOZ0uaC3qXls2B5+rhWT0GJ49+6f7bZ96CMLbltelPGDPz3XH+NzTnQ8peachhvmhW5+ZPsjZ1+4JMKBECZjTa929APYJwyROcM+es+RVwNQtOacW+fbKcjhna99f9OR14bnXjbTCfRTOibLLPfaoPflHcNn1IeeatZnOE7XGy3BtSu8E0d2Dfrr86eFiCIyPK7lFWUoMnZk0+aOaJog01qoOWsvOSf8tXufKrjyh/kqAOQsqI7/aPORaG2tPXZ44y+a6j99RY3TmkP1zjdbghev8E4c2TPsry8pKq+M/2p3n15TrAQPvTmUvzhv+KWHdxZ85NLGiyvqC/pv/EVbWJQRRoQxpcXCnxv5FOMzXohWeeUNt81765u33blx3g8+mj/00u/eOv7UxSc63oxDmnJplad+H/JtU2+jPm3AM13CDGb0Tr2KG1ad9InM2gwsAG6anBsSGGUCpKCqlAJVXjF+Y4IKwohCmZBYiM4I9gbjhBCiZs53r700FOpMT/dH+1pdeZWhoWOqvzp8tK+wo+3g9k1SyiQKAJjySgT/2MIZNtH9AAAgAElEQVQmiQVwzrkEbhgIBEjOuXmqDUvem4Z98vr6+urq6pARkJ+fb/WOnm4Y/FtJAE3TMOGAq29jY6PH43n66ad/+tOfrl279oILLkDxfPTwIMnTs7T6IKkdaJpmcXHxv//7v69cuXLLli2H3z7cPzAQDoex4VA0Gu3q6urt7dU0jTGmaRrWBcyZM8fv95eXllVWVhYVFVVXV+fn5wshIpGIy+WyxAjxRIQQPJFpmn6/H1MZeCGpXi+gFwKEQML/0HV9fHw8Ho973B6n04muD6R4zO/oA5q1v94kjI+Pd3R0hMNhkWjjPG2LSYVtU1VVu10z4jEAUldXl5OTo6gssRUACCJBUkKXLzuz+N7iZ5959pvf/IbD4cj0+wOBICU0FosFg8FAIKCqallZ2dy5dWVlZWeetay6uloI/swzzzz//PM1NTWjo6PRaPSee+4557zVbpcbg+8tW7b+6qFff+fbd6xcudKmaReuXbti5crNW7bcfc/du3bt+rd/+9LKs89WVUUI8yMfuXJsbPTHP/5xZmbWWStWctMEAE2zSSBx3VAYY1Rhio1IYIytvejiVWefE4/HPG63zWYjhF500UU/vPOelpZD1TWV2EMhqaIIhqFrSGeQwmazMZVJKSMT4x6XO65HFcYIYULIjRs3zp+/4II1FxJiA8nR9/5HPdF/LsPZDyN5y6w8v81mKygoUBRl//79TU1NK1as+MAHPoB92jMyMlLVASw7eT52Sn419Xur9goZ4BMTE11dXZFIJB6P79y5c9++fThPFhcXL1y4MB6Pt7a2Yqv23/zmNwMDAw0NDYWFhUIITdPcbrdpmg6HY2JiAoeUKmGItHMkjk2P9q2YcPaVw/vDOTcMc3wi3NfX19XVFQyOI5IOAIRQqxof9XQSQSxI3FEm++Agod1ms8VisYmJCd3QLVwPD5VQwAUik60Esf9ORkZGMBjcu3ePlGTevHmLFy92Op0IXWGzAHxXaUrbCBx86mqbaiSpRmGt3ZafkPrc8cOMqzDeFiFQJ1VyLhNpTSkpIURRpeCGoY9PjOu6LpOHxYKCyTYWycFYQ010dzmeGvD+lvwW3CBSjIeCeQW53DQIkZSCw6nNL6gPh8Nvt7ZJQc45b/Ujj/xe0xyV1bXp/ixOlaghwpEQY6opuM3hzM7P3Lx1S1VtRUF+0dDQyNDQSO2cuQ6nm8i/DEPRiuZcs7D3Z8+9cMv+ysvqXbBTCkkzynNyNm+/46tNBlBvWfUtl2Y7Qh0nPgbNWbbkylee3rDh7RVXzalrb77nG883fLDxM3Pf+Nmjm/9vXca07c2jb3SOkqyPrSqo9RIAKHdVl27avWlH6OIZgAalZs2pHJOk1Td8amHwF0+88LntxWuq7dDMeeqMK7mSldn0wJce6x0Y0j7wxVvzlc4pR1CLPnBF6de+cctt+dkVH7jyiqK7H7z/tWumxiBq8ZrV7sf2fGhlNgMAcC265YtnfeeuWz6tKTrP/9AXLzpOek7NTN/zo397vL9/yH7hF2/LT3fectvOb3/75k0a02nZ9V/8QEFml6v5B595ljgUzjNWf+4sH1XsC+byr3/jy/Ib37+pRjvFkU8x2wkvRMm94F9v3nnrt3634EdXlU49NfTPfDg1c9qQpl+a6y+4DwoAHHcbpw/4p8c+f1npXcdfwsenx4NKxrSrcPlONpJZmw4BECklN00JUkoKTDLsxS05F0xhiiCcMko5FZQzhQEhFGUAEMSldEHj0uHgREHevOFI3Fu1emg87iku6h0cLi4pPdJ60NB1magmEFJKIQVImeg6LzlwKaU0sSkgT4gScC4El4Ib03ym0+xREkLsdns0Go3H4/F4vKWlpbq6Gqvup2S5U1dcKSUq9FpuJU3cb9rQ0GC32x944IE777zT5/Odc8456DVaS/UU4r2FDiiKUlJScs0115x77rntR9oPHDzY0dExPDw8NjYmk1xTr9ebmZmZlpbm9XoLCwtLS0uzsrJys3NcLhdS/nAwKNszY5U+OqYAYLnI+E/LJpMMlBAgjLLR0dGOjg7TMNO96SgEkJoQm3VG37tGIK7rGGngv9EPTv5ZJthqlFBK7XZN02yxeBSE8Hq9FZWVbrc78Wsmk/+VAgBIQX7BTTfeeM26q7ds2dzV1Tk+HnE6XVlZmYyx3Nzc+fPnE0KcLocQYnw81NzctH79+n379t1+++2XX35l59GOtra2iYkJu2YTwiSUjYfDd9991+LGRVd+9ErVpmJZktPl+uAlH6qsrrrv3nu++93v3hwMrFlzgcvlppRcc801XV1d3/v+f/3gzrtq6+oEl0RIKUFhCiUUCEk0KSGqBOFwuO0OJ8PGASCdTlckEtmyecu5552Tlp5OUMMApJREs9mAgERdQCBSgslNu92um4YEEITqBrcp7MiRI3fffZfb7T773HMF55QqSGhkbPaH8DcZSRExxc+6riMZXqYwlQghqLTf1dV17NixUCgUDAaHhobsdrvD4SgqKvL5fFgaoKoqqqhgjldYSc7J9OakKqpItoaBZByFY8DWa7FYTEqJNIRgMNjX13f48GHO+djYWHd3d3d3d0FBQWZmZkVFRW5u7uHDh6PRaH5+vmEYnZ2dBw8e9Hg8WVlZlu46pvpxVreaF6Bh3OhwOGw225QIED9MSQX/0xquqviY4vE4VohomooCgVisZ1W6AQD2zUm0uxeSc64qKkgwTENVVEVRampqOjs7W1pacnNzc3Ny8bUBAJObIJOqujCpFun3+5uamjo6OgzDXLny7DPOOMPtdiOwjjBEKogwFWE/KQ4FKQo7Ux506nGmH2QKQYAmq1uTKQcJXEjBI5Ho6Ojo8PCIEde5yZnCTFMYhiHlcefFF9LkJqUU5QZkUsuAc6EoinhfawFQCTabTQhzsK/bbrcXlZRcd921P33gwdysbCmloqjBQPj1V181dD48NOpyp4GiCsoGx8YYUfz+rPDosCfdHY3p/qycvIJ8ry+9+cCBrMxsxtSMdN/+gwdOdF57zcrfP7hy6req56KbLrso+a+rr8NNiz59e9GnUzfLWr7+weX4seiiDz+JO3isL73rvvGxdQAAcOddC5L7FF0MAACfnHpOpWbdFU+uS/l39pz7H8Tof8azLDjJMSc3g/S1N126NrndcYMHcDR86/e/OP6r+i//JlGE4Jj7xf+9HwDg0jt+c2nyzx989FMAAOevPm4nY+CtnXDex5f6Em8z9TXeeE/jjTCjUc+i6/4jqdIPAJC57LP/vez/s/flcXJVZdrve85dat+7et+3rJ2ErAJJiAlEEBEVZFNGEFwHdVT0Gz9HnRnUj5lRhlFwHAVkGcZRAWVV2RwgCGQjJOks3Z10J72vVV1d2733nPP9capuqpdkgASy2M/PpVJ969xzb906512e93kLj2i4/Fv/cfmkz3jO+uIvnnzrM//2g0uO/F2tOPqFhM77v/95HgAATDv10YedMqWZLu0t3Yept3HGCa+778NT3lm/dsrA6Jx+A485k1lMCwEgcM5My6RCNq9mnDNKKeFEIdzknBBCOEFE2QbA9kmlUm6opHJobHxpVU08Pub3e+OxMb/XMxobjQa8HZ1di5au2r/lT2Y2I/c5YZO9csKAIteaJlcBINUBJC1XMGZxziZvBEfyiqcFOOcHDhwYHh5ua2vr7u7eunXrxo0bpUddGAU/hslVmN4HAEVRqqqqLr/88n379nV0dJxzzjkydX+MFBMiyqQWAEj5qOKSkjVr1maymaGhIWm1pNNpr9crLVq72Y80EwXjMjlmxxeO0dTwrd4caXDH43FCaHG0uLi42P7rbBTg1IYALpjFMum0aZogAFAwxgih8gdOCFJKZJE1InDOGbcEFyBEZWVlY2OT7tCnjYlCagNCTrr8fRdeBMApVTgXsi8gIMoegYaZ3bNnz7PPPvvggw+OjAx/+9vfufjiD4KAkvLyyy67/I9PP1NXV794yRIi8PHHH9+/f//NN99cWlbOGecCqKIgCMF5U2PjD3/4wx//+Mf//pM7s5n0xRdf7PP5AoHgF77wxe/ecss3vvGNW/7xH+cvWIgIjAuCiChMk6uqAgI44wAAAgnmfw5IHnzwvzizXnvt1QMdBxYvWQyESCFBAOAckAghOFWopMYoChUgBBcAmCttpJRz2LJl8y23/MOPSkvmzJ3PGBOc5OgSszgREDkxGi4pS/ZrGb4UQnR1dXV1dd15553Dw8Mej2fJkiXBYHDPnj0/+MEPysrKysrK1q1bFwwGKyoqwuGw1+ullGqaJiMCslGF7XLbQq2SbmDznmQuFxH379+fTCb7+/vT6XQymRwaGjpw4MDOnTuFEKFQSPaHv/jii1euXFlSUmIYRjab3bFjR3V19Ze+9KV0Ov3000+//vrrmzZtampqqqmpEfnaMRl6hvziKXdeuYNQSh0Oh9vttqsDptyc2fVWQn6DXHBVVauqqhYuXNjR0TEwMJDJZGzWBhQUu1mWlUqlOJMKILlIkIpq1sgiYl1d3fj4eCwW6+zsdDgc0WgUECzTygkBEBm+ETLeh4jpdHrfvn3xeLy5ubm8vFzK9MgT2S76KfJNTeLtC2FZViadyWQyrEDHxLZNCg0eIQRwYb/+iwo8VZSXjgwM+H0ej9fldujPPvW4z+9xOHSny/HqK6/5PMGO9q7BvhFErKio/Pu//4ex8YlIJNK6Z08yy/wO3eFwrF59jtvnbm3fNTgQIpQKxjTduWfnnrILqoqLSk729Z2pyOz92ddufQlWf+mWBa6TPZfTGLO38WRixo4AglkWCAAOqKgW58AZEGoSQjmTum0EcwrVlKAApFQ2dUVQnc0N9cNjYyXRorFYIhjwxsYTAZ+3b3C4oqxk+xs7y+vntL3+qhBSA04A5GQBQAoCCC47lMhaAIsxFMCYxTgwZjLOpKdsTzWfMjw9ILPrTqfz2WefFUJks9ne3t5gMFhYvydxtO280L2XFoBM0ZeWlkoWYqFZUEjnOxrJU1EUqihccLfL7ah0yI9LMX9EpIRazLLTYowxVVEgz/OXRuT0wv63ClEQ1EgkEt3d3aqqNjQ01NbmlFDsLNmJCjfM4sQDgTPLtKy8ZB0KIdsBENkXwA4ZMW5azKRAFYWioI2NTfUNjVSZ4ZslSAC4lPoXXGA+uSoFJAVFBAQuxkZHHn38sccef6y/fwAAly9ftWrV2aqqyf5TH/zQhw/39N3/wH+m0xmHw/Hzn/986dKlH77sMsE4URUChMnUqADBmNPhvP666xDggfvuVym9+AMfcLpcRZHozV/92p133HH7bf/6xS9+ad6CRYTQfHqKIgBjgpCccjUicMEIwbHR0RdeeAFRxGOx5559Zv7C+aqqci4IURCBC8hRZgVyAA4gALjgAEgIRQBmMYtaDocmhLVly9Z/+adbb7v9x263j1AquMBTSVH2dERh1NV+LYuZJZFbLo+WZXV2dr7xxhsA0NLSsmHDhkgkEg6Ht2zZMjQ0FIlEFi9ezDkfHBwcHBx0OBwyge/z+ZxOZ01Nja2WKpfTbDYrRd2SyWQ8Hs9kMgAgXcHR0VHG2OHDhxOJRDKZTKfTAJBKpaRo3JIlS1asWLFs2bKlS5f6fD6/308I6e7uPnz48IEDBxYsWOByuZxO5+rVq2V92ejoaDgcDgQC0v8v5FKJgrJzyNeaya5yM5K5/qI8sWMgJ9NgMb/fv2TJklAotGXLlsHBwVQqo6qUECJpAgDAuTAMAwBGR0ezRlZ+lguOIke8p5Q2NzUnk8ndu3fv3r17dHR0+fLlwWCQUkoVKjPhiChZAIlEYmJi4pVXXmltbY1Go6tWrSovr1BVNZvN2o147RjTCfqyjmttKbQ0BIAsLUynUzJdlNOjLOiQKiO8Qoj8eiim9H06RUIb7ygUgirFgd4+iIaZZay/8H3PPfWEruv33XdfRXnl4a5eTXWVlZX96fmXWnftHR5PcYB4MhXPMgLAkQzH4gNDg0XFcxvqG6PRaCqVCvhDWYuFAmFu8r6+gZN9fWcqHHNu/Ld73nR62blkUmb+TMJburRpB7+12ziLE4uZtQAsyxJcCAWEAKQoBHLCCCGME0opMEYlFx2RSbKWlSsEWPKetf2DQ/W1NaOx8YDfG4slAn7v8GgsEgx0Hu6e09DQtv1VM5uVK73AXChACAFCsBw90srlZbgQwJnFGbeYJRhnjE2Ru8PTyzyR9PtoNNrausc0DQDo7u6ur6+XOfkprNEZIfd7W7Anb3NwqUpts1jh6GkBucvKs+S0eaQ7gSCd/Pw2zO1CQVVVNVWzSxPln2zlquPPFAkhZEt2RJyYmOjt7dP0nBbglGufDQGcqkBAgoSSfMs6xMLYEIqc+LOM75mmaSpUdTmdDl2vrq6JFhUBQD60h5OGBRRCWMyiBE3D2L9/T+vuVqfuLCsrDQQDVKG7d+165pmn29vb5y+Yf/6G81986eWVK1aVFJchEAAkVA1Hij5x3XW/uOfuH952Wzab7ejouOmmmzxuN6GUMUYQKVWErNFFAoDBQHD+vHl3/PjHd911d1VV9YqVKxGgqqrqCzd94Yc/vO1HP7rjc5//XMuiRSAQEYngmaypa7oQItdRS3DBGSj0oYd+vXv3rquvuqq2rra9o/1AR0dTc7OiqNls1uFwyF8MIURwJlk2nHMBBAEJocCBc8YsblkWoDAMc/PmV/v7++rrj96TZxZvC5iXN6eURiIRKY+fL3LmiFhVVZXNZuvq6gKBwJIlS2SYIB6Pl5aW1tbWLlq0qLKyUtZ1d3Z27tixY//+/XPmzHE6nbt27dJ1vby8PJvNjo6OStp2f39/KBQihEhtPwDIZrOSazA6OmpZVlFR0VlnnRUOh0OhUCqVmpiYOHDgACJWVFQEg8Hi4mJd19Pp9ODg4KuvvtrR0TF//vyWlhZFUaQoxtKlSw8fPiwVZGwFFigIB9uA/OqtKIodKTjJX8apCruygzGmq1okHJF7rmmalsVUlUohAJHnNso+joODg8lkEvMl9zLpoaqqkTX8fn9TU1Mymdy1a9fQ0JDX662urg4Gg4VUEYI0nc709PQMDg4+99xzdXV1VVVVFRUViEQ+Mw6HQxTgJN8j+/x5OSDAXIdX0zSzWQNRMqeQyiomW2kiFw0AnosCAADISJwcKLePnNFxAI/LGRsbYZZhGpmJRNxKTuzZvduyjGVnLdmyZVtDTbOuue/6+T3FxaWpdFpTgBOITaQ5gEIxZRgGQNehQ+/dcF7vQJfmcAbDIQDe0dlVWVnpdXtDvul18rOYxSxmATA9BIAAQnDLMgRRuQBBBBGEIxGyipcQWdDICSGQc/sJzaUOnD7/4Nj43IUtw6NjxdHIyGgsEgqMxsaDfl//0HBZaXHr3v0r1763Y+ufLNOQngLnXGau5QYpXVjIUwEEMG5xizPOgDETBLeLiiEnrSWmdB0/lUEpLS8vP//889va2jo6OsbHE9u2bVuyZEkkEinM0hzDoxZ5JWfIF/bLjL1sFGSaptPpnFyDPRX24EfooIicmQCQTqc7OzsPHjw4Ojoqp9rc3FxUVCSEYJwRQhRVkUEX2+Y4IRF6OQjjTAgxNjbW39/ncjkjkYiUF7YTU3hMhe1ZnHQQSqVoNjdlnxDFfgylQ2UYTPYC5JwbzNQ13el0FRVFnU6XEAJQ5L/aI48oIiASSpTRseG777rr6T/84cCBLk1VA36v1+v2+b2BYGDhwoVXXnllUVHRY48/qan6Oeec6/H6LItpmoKEWBarrq755A033nP3XQ/cf382m62qqiKUMs4IVQUgIJElCVRRuGn09/Xfc88vdF23LPboo49VVlaVVVQAQFlF5ac//Zl77733ttt++PFrr1m9eq2iKIIoioJIcpxdzhmlBDh/4okn7rv/F5++8ZN/9VfXCcbvvf/ep59+urS83OPxKwoFKXmFmFsA80AEwQXnggAhhCoKRRCqQplm9ff3t7a2NjbOLbw/s3jbKHSZ8opu2NjY6PP5JiYmdF2XlGxFUerq6srLyzVNY4zZDSnD4bCu60NDQ2+88cZFF10khBgZGenr6yspKSktLd24caNcSwOBwPLly7PZbCqVisfjAwMDiURi6dKl8+bNw7w6gAzF3n333W1tbR/60IcWL15cW1vrcrlk7xjTNPv7+3fs2BGPx3ft2rVv3z5d12WeXwhRUlJy5ZVXSs0/6V7Onz+/vr6eEGLP3yY7yIu1mer2diMPnl1ajwH5NcnfJCImU8nh4eFYLJbNZiEfbUckADIKAJJJ19vbK0M/Dt0BCBazGGeqoqZ5GhCi0ejcuXMZY3v37n3xxRe3b99eUlJSU1Pj9/uFEMlkcjye6O3tO3jwYDweV1X17LPPLi4uVhSFMa6qqqRU2RH/UxRIhADOcxkF5JNoifkQwNTemYqiuN1u2ZhDcI5E4Zyf2XKAYGX37d65YcN7Dx7sWH32e5KJ8U9e94knHvtdNBIGy1y7+r2bNm3+5je/dtNNX0mZIhoNjI2nmGnoqmKYlgXMQUhX72BbWxsh5IUXXggHA2UVpW6H0+3Ue7u72ve1nuzLe1cR63xh7MCz6VgXN1MAQFSXM1AdrFsfqFlzsqc2i1kAAGQ56KdMn5OZWACMmYbJqaAcBFGk989zEQDp+OdfyTpHC5EQAPC5w4sXtfQNDFdXlI2OxUIB/2h8POjzDY+ORUKBrsO99TXVL7+6OVxW1d3RCgDCFs3lQuTaxAghOPJ8cwDBuGQBMODMmrkjwOlDBeCcu1yuK6+8cu/evWNjY2Nj8RdeeGHDhg3hcFgeMGWDnD6CXcBpJ/yFELqul5aWynSB7DkshfQLiQC2x27nfwp6CAsASKVSr7zyyr333isVpxExHA5fcMEFV199dVVVFSUUCZqmqSmqzZItJNMez21BAIEg8pURAwMD9fX11TU1MthkHzajbPUsThkIUlAekkvvAID0bIV8SHLpdkIUZjHLYk6ny+PxUoUCggAugAAc+SAhmM1kCYWhoaF/vvX/mZaxYcOGn//s5/193dlsoHnOuWvWrFm7dm1xeblg/O677n7yiSev++SNc+fNV6gGwkJCDdOkikoAKqsqP/OZz3LGfnHPPf/14C8XL1pCVI1zYZimoqiUEgSaTIy7PO5HH31029ZtH//4x5avWP6Tn/zk+eefv+yjV+iaJjjUNzZdf/31999/7513/Ojwoa5LP/wRv9eXSaU8fj8iZxYjlMRHR37/h6cefPCBj17+oY9dfW0wXMxM68KLLnrggQde3rRpw/kbVdUh74TNvZGccEQAJEhQlkdJPoVpmYRyt9spBHYf6sqm07rDLT83i+OHHcqUa2lDQ4PP54vFYpqmhUIhmc6V1fKyzMo0TURUFKWkpGTZsmUHDhzYt2/f/fffrygKpTSZTK5evbqxsbG6unrv3r1DQ0M+n6+qqkpmPnt6ehCxvLx83rx5c+bMkY0GEDGZTLa3tzscjpUrV15yySUlJSVSF0B65rqu19fXR6PRtra2zs7OzZs3OxwOXdej0eiyZcsikUhRUZFkLkiHX2oQyL4GhJBsNisTqlP8Lnv1lju5vbROWc9PYJz3tIYts08JMQyjvb198+bN3d3dlmUpii30iJwjYyKvaAQ9PT19fX2pVErTNMwLfGBel8GhOyoqKlwuV2VlZWtrqywS7O3tbW9vl2UFnIl0OuNyuSUxZPHixTKgg/n+fPYOfup+QbI5OwIAKJQaFssrQAHAEboiKShrQgSHQw0EArJPnowRnPHIxPq9GkEwD3Xsb+toO/vsVV6PoyTsV5A1VpWM9neGfDQ+2tvdG/N6gBDi94dKnT6n7ti3fw8IS1EU0zBeeeWVUNBbVV3hceupZFLTssuWtjzyyCMNDWUn+/rePXRtut2ItZXPWxOp+SvdXQQA2eTQcOfWnt2/Gu/ZXnXOF0/2BGcxi1MLynRrEhE4s4ALwQGI4BwIUkkCkCYDp0gAEXNdABGJJHI3VBR39Y+1zG0aHEuUhP1Do7FoODgSHw8F/T2Do6UlpXs7D7e0tHQ8+6BpGEIIFMAFB9k5B6RTC4Iz4IJxxgVwYQkGjFvyPUSYFAzOG9Hv3t06bhBCotHoTTfdtG3btpGRbd3d3bt27Vq0aJE0xd4Mo09KTNk+vKZpbrd77dq1d9111969e2tra6U9d7SPFwYO5Ot0OkMV2tnZ+Ytf/GL37t0bN26cM2cOIra2tr722msLFiyIRCIej4eAlOdl9lTlgLb0wNsGz5MapAJWMplsampqWbjQPlEuh3Aq2zp/QcAjiv1g//Y4CBAgkBBCCSGET+bzI8ivDxCFZZmaoknr0KHrmkOT+XApHFD4McGFqmmmmf3BD37QefDg/fffr6rq0qVLv/Od73i9ngsvunjdunWI+NTjT/705z8b7Bu8+etf/+AHL9VUnTOOQC1LyPSmACE4FhVFv/mtbweCodt/eJvL6/nmN78pgDh0lQMIEIIxl8c90Nt3xx13eDzeq66+ur6xYceOHc8+++x5711fXl5BKDLTrK1v+MxnPvPvP73jttt+uG379hs++cmFi8/q7+np6enZu3fvG2+88cwzT4+Px7785b+55mNX+fxhziyqKC2Llrw/Fr/zzjsZhwsuuFDTNMaAKgBCIMLw8FByYpxzThUklArBEYBznsmaPp8za6Q3bDj/+9+71e+PqLqDMTajbsIs3gbsxVAup16vV1GU8fFxj8cTjUYR0TRNy7KkvF8ymXQ6ndItkZ752NjY+Pj4888/7/F4QqFQfX19ZWVldXW1rOwwDCOTyVBKpRS/nahXVVVRFNlJnlKaTqc7OjoCgYCiKNFoVBL43W63ECKTyTgcDknUr6mpsSyro6ODc+7z+WQngrq6Onm87BdrmqYMASCiYRgul0vqGhZeLOZVV+xwqpR0nV1djwEZCWKMSfNjbGzs0KFDsVhCCOHQHRFdCMgAACAASURBVAIEZwwQEZAgcBCyx21sdCwWi2XSGQjIWB8VHIRAShXTsDgVbpdHVTRV1dKp7EQykc0YsfjoRCJpMYtZ3O12O51Oj8cTiUTmzZsnOwdZlqWqmvwGDcOglMomwTBZ+uekQZpksoefECAYzxsKSIjIcw8FlzVTuWqBSepOiJqmut1uh8OBRErJgBCCCDyDgwFdHW3xiURFWXH34c6y0mIjm/aWhKOR8MG2/S5N01Ti1vVMekIAJFPwmc//1f793S+9+Gp/74ApzIDDmcikHQR6ewZKi4PxsVGvp6S8rHjLlteKi/0rVrTs27fvaOfN7Lr1U/8x94f/ekkkv5Fn3rj1r3+54l++u06qtae3//0n7z37ztsmibe/05g+qxmOmTxPic4Xb3e56cLz/k5REYQBfBQAHC6tYv7akqY17a/+uvPF22tWz0YBZnEqQbDMxESGAYIAxelx68SaiKVQo4IzixGHg1omY4xRp8/zTnAHZmABQH5H4YxbXCAHREYJQZJLHCAizdMBcukFgioB/9b7GurVscyOkpbzhwe7w0Vlw2PxcNA/ODJS7NP721+ptCYG77unrG/3XiMoLXPIkQA4ALB8UQAI4LIsALjgwAUTQOyJHZmmHWE+TUBITku/oqJq48YLDx3q7u3t37x5y9lnn11XV+d0Oi3LMgxDmoaQl1ArjAvIHBQUtNkDgGAwuGrVKkVRgsGgrU48xc4rtAxIQesgQojb5QKAgM9/5Uev8Hg8zc3Nss/Q4ODg0NBQIBAggMAFF0whR8QIbbPjLdkcWCBJdWQEABDAGYuNjnUf6kFBisJRvy9gE3RnJQBOLcgvXLZqzgeCAJjDobo9TsngQUo5t4RUhxYEkObb4TFEKoRAwRSKIJimUBCCMSCUIIBlMkWlnDHGmUqJ4PyXv/yvl19++e677/YEgpyxdesvqKlrfOjhh3/1m0f/4677LNP0+f0tLcuu++F1zXOaFUUFQJn/1HWdc5l9QyQKgCBU+ZuvfLmsrOyW731X1dWrr7qmrLyMIFFUBSkY2ezffefvDnR1XX31lU1zmhHxE9df//3vf3/fvr0lpaWUqqhQQpSS8opPf/avVd31+9///vobPqVpulT0lJ7hOavXrFu3bt26db5AkDOGhDIOiqqde+7aVNI41NmTTqVVqlEq5VANy8gMDfRmsxlKqWDAQPbKFoAoAC3BOUAwXFRUUqqqTs6FXEPs2qtZvD3YgUXIL2KKomiaRikdHByklFZXV8u8uqIoUunN7XbLVC0iWpZ14YUXrl+/PpPJfPGLX3z55ZevueaaSy+91OPxSGJ/c3Pzn//8576+vmeeeaapqck0zZdffnnHjh3Dw8NnnXVWY2OjLA0YHh7+zW9+8+STT3784x9ftmyZlHTx+/02C0DuCJqmRaPRaDS6cuVKAChcD8fHx+XkZXyWMSajBnaoopBLNT3JL1dXSR+QoYTCvebd/EZOZVBCLNMEAEIwk0q/vm37yy9tYmaWIrEyWaSEoEzyo+BCoUQBtBgfHR7pPdzT19NTWlLGGKdUoYQYhqUohBDKLJZhBqW0OFpaUlwOwBkTQnBKFamQO/NM6JF93+l0yhcn+it785y+qfkYAAAOXHBCKShECKQqJQohCklnssA4cO7S3elURtU0RAJccMacbmc6PcE5pxQAUXM6Q0URp8dDqMKY3Q0QC+me+XDAacMAPTYm0hNVVRWqqno8nqGhIU0jifGxTGp8NDa2t3XP6tXrkNJMMnv1FRt/9/gfOIcLLrjgoUceKY5EksPxRCYdDbmZlVq5Yumilnn9/d3FRYHuwx1NzbUbNqw7dLhz/oLmNz8TR8vXf97yzl3oCcP0eQ53vJCKHWhZ9xWFJEf7B9r37FyxZj0AvvY/f2yYOz9UVNKw4oOvPPwvwx0vROpnKwJmcapACA6qy+dViWCpeCLDdBcCcKH5PCqYibGE6Qh6XWAmYimT6+9ADECZXH8rAIEiAVuYBSSJlwnBgMm+3kiQMATZFhtzgQEMOESYJMWLP4q4QdnxzWIMCvAWu3RURAVkCRv3jo8m+nhmFMJc6OCeMES+DEDkItgCZEA9xw7IJfhlyhEBkeT6zeBpuvRLk4sx5vF4Pv3pT7e1tT3zzDMvvPDCqlUry8rKpMEnSacz1vMfbYMXQpSXl8v6VafTmclkbOLim5mVDMyXlZUVFRW5XC4hRDKZ1DSttra2pKTEFouSuSy7uPTEQggh7dqRkZFAINDY2Dhdm3oWpwiOsDuPPF9CcMY4AwKarotkBoDbvQDyxxCZbgfIc0EFRyIozdW2AKCRtTRdkTFBhRLG2ObNm//zgQc+9alPNTU1McviQiiKWt/QdPPNX0+n0xMTE/InI1mjmuaQEmiQLxspaEkAuZkIcuVVVxWXlvzTP926devWa6+9duXKlYFAQFW0p5566uGHHwoG/VdddZUU9YoWF69cuXJsLGYaBmqEUApcCMSS0vLPfvZzH//4tZIr7nA4FFXVNU3yVlRVVTVNavsDUoJgWVxRtI0b32da3OnUkACzLKogCjHQ39fR3pFKpVAQMekeCwDIpLNuj+vFFzft39c+f8FCgkTkGiXM4riABZBhVpfLZRiGaZoDAwNer1fGdAzDkAuprAaX2WBZZiWlASil559/fl1d3YYNG/x+fyaTyWazfr/f4XA4nc6enp7HH3+8trZ2YGBg586d8XicUvqHP/xh586dExMTiUSCMTYyMlJSUlJVVRUKhSQZwdZbtTP2pmnKlK+M/2azWcMwJKHA5XJJJr8sVZD5/DcTmbWpVXYcf3pfwBNS53UGAPPquYzxbDabTCYTiQQ3LeSyw6cAgpLpRAkqUswPmJHNJuLxRCIhhCBEkQ8dpZRSBTGXB0ckMmUOQBB5nlZ1OgdfUIAAQJ7bHihRHaqma4QgQ0BEKaSKQCghTDDOLcMwhEDGGAAiRcOwCBLBOZf+vxCU0DP7Efz1b3750SuuqB6vCYYDnoCrubl5cKB3YnzUMIzFZy3VNWcixTra9wvAiST85N//o7y8ioPVP9wf9rqSE6loJOjzlSIYTpdSUV4UjUbKKsKWZYyMDpSWFiWTyWOcWqQ7fnPLTbu6+oa01V/9/k0LDv7jlLQ/T7zxwLd+29ozGPOs/fI/fG6Z69Bj//y933UKjaew+dpv/s3GQOt3b/yJ/7yGwcND/YeS8z93y03LpxzzhfmbvvyVAzfe87UlLuCDT37581uvuvubS0YenzxOqXrUWU0d8G82BnZNpSf0tj5bPec9Ck0BwM/+6R/GY7EVa9YAwO/uv9sXCHz9n29TqFk+5z1de56dDQHM4tQBIkGWmoinAYFzTqX0KVEpAgiU7fcAAAmCOHps+DhQyAIQIPm4xE65i9z7dh9XxgUHjkyKuOT3LoqIRc6Mg2aBoACAjEFTSTSBaoA6EA2EAhYHoIIQcHAREukxsyC/nX+Fkj8mCWLCngDaXLLCqdsdZE/0PXlnIX3dkpKS73znO8PDwzt2vP7cc88tWrRo3rx5MjclEzKFrQH+V3sOEQOBAL6JngLTYRuCkjUtfSpVVQ3DcDqdsujATjRN5xS8bfKhXYUrP25Z1sjISFdXV0VFxbJly97GgLM4eUAklJmmYcjOnagQarEZf5gIAvLhLSSoaKoO8jEgSBUiOAdEgghCxGKxRx5+uKysbOPGjQQVAGDckhJ6sgQmFArZ+U+Zm4UCHQ3OOeIM/BHO+bnnnltVVXX//Q/ceedPHnnkkfe+971Bf/DWW2+lVNF1R0lJSe4pR5TpXJ7rWgJCABdcCB4MhQLBoPxFcMYIpUJWxExW35CrGaUUBBCNapqsdwIuOEWKiIODg/39g7LR4fTIJuOcc37o0KH77rvvlu9+T1E0nPX/TxDsdU9uPoFAoLu72+12Dw0Nud3ueDwumdjyr4XeMs9DsgPKy8s9Hk95ebnIi7BIsoC9vg0NDR08eNAwjNLS0mAwaBjGrl27ZKChvLy8oaEhHA5Ho9FIJCLjDnJ69mJry9HL9+V8CnuyygeeECJLAOwLPHYU2P6rTSYvLLmawtX6C4c40oInVzbCOZeJiykFFIj52ApBWdc2PDRsmqaiEKRoF83JqI3dDNge53S729N7uOT7wYCkiaGqqB63z+v1KYpiGrJvce5JxpwUBRqGbHCYC5G4Xa6ioqjL5UJCZLgY7DGnnvoMwZe/epOuO4eG+nv7etesXef2OHWtkjOzpLgo4A8RocSSB5atWCUU173//ft4IhnfuyccCMZjY4mJFBMgwPT7w4BWfGxIoXx0xFJ1JRD0DfR1D/Rxl+tYzdazQ/2N373tM5HEn/7Pdb/ecd2CaT1njMH+ubf+6K/DE69+7xM/feIDCzcOWHNvuPX/rAizzvs/+7cPt5/3SaoYQ0MLbv3ODb6Jl75x7a+2f2LJwsnHHLzrikvLfvvbbeOLz3UP/fmPYyuub/Hy8dYp43x+rn60WS2ZP/Wk10+7kNhA14oLLgFuAMB4LAYA8nXun9wAgOLqxh0v/v64vqpZzOKEgmUnUszh8+sUeCYeN6cfgQX/+w4grwVQYCsc2YfQ/r8ZFlybyc9QAEKZGNcVAy0AC4ABt5Dk+VqcAzAAJggA4aATKOLxfZYHj3JZ4ijre35ip+vqb1tdkpxZWlp61VVXDQwMbN/++tatW8vLy8PhsGEYUibqzQ8rvXTb85eG4FuKjEgTRBq1Mtck8132mLaC9JSJvdX4i21W2vaxfUNM0+zp6RkZGVm+fPmiRYtko8RZnKKYviQgeL2+qsoqp9OZSKQ5ZwgERG4FmGwk5tkBiIqq6g4HAIAQnHNKCWMmJQqgEFzs27u3q6vrE9dfV1RUZJqmpusUjuhc2M4/wJF+ljKTKSMCR2XNABCk1dXVX7v55h1vnP/UU089+eSTiXhCamrs2LFDOn4AwIUIh8OdnV2xWKy42AkIgEiAIiXSDyBIkJK8zheZ9HgL26sXAAQEojSKESzLVDVFCJ7JZA52do6ODlOCnMH0lQ0BTMPUdPX3f3jyM5/5bG1dA3Bxhotjv1vAAm08IUQoFDp06JDD4di9e3cqlVqxYoXkVZmmKTlKMnQrny4A0DStq6urv79fCLF69Wqfzycz87IWoLu7u6enx+/3X3755bFY7PXXX6+oqKipqamsrBweHv7pT39KKT3nnHPOO++84uLivr4+n8/ncrnsWn259tqP+pTFUJaFy2kXkhQKVVrk83+M9VlGFuSl2W0pp5RczUYBbOQJEbm7nUtZFywyMkYjvzgAUChmMpmhoaGBgYFMJuNwUApU7qp2BYrNdCu8z6ddSmMqclkckBekaZrX6w0Gg5qmplNpxhiiBXkJaEJQVdVM1iQEdF0TwgIARVE8Hg8hsnMKERwQTx/N57eFPz79VCAc8geClVU1h3oP9PT0lRRFlixenE1O+NzB3bv3lZWVdfeN/ubh3yoUqKKms+ZwbCzs84yPTwBAR/uAkRlbu2bVhe87f9u214qLwmkj5XK5SstLZMvJY5xarzh7YUQB4ohEHZlEhk8LAejVq1tCBNBTv7go9ud+67Iy/+BPvvflB6jOh/sTDRkGKjhKz6rzEkA1EHZkk1n0TjkGwqsua7rvoc1jK+a9/IfkuV+a6wRCpo1z9FlNG3AGXfBUKuV0I4gsAC4+52wAAGEAQOFrp5ukkqm3/z3NYhYnGoILoJQACGYY7CQInkzWApD2uu1p5/S+pi2/U94QwqdBsZJRNdnYGkCA4FL19YhgPyJQCgoFTYUopDTiNvnk651cWTZ90T8DbBGRL79ERFVVN2zY0Nvb++CDDzz77LNnnXVWUVGRzDBIQ2HKZ49m0tnZG5nDnyLX92YgT1poRMqPS2XpwnzUm5zSsVFofEM+vsA57+7uBhBz586VNbGztQCnNKb8RJGEi6JNTU0ej2d4JGZkTZqrVxc4mb6EQITItatQVE13OAEIEvlIcEqJAA6IIyNDf/rT801NTQtbWhRVNbOWELlK+OkpykLvxXZsjvZkEqSMM6pQTdfes+rsuXPn9vT0DPYPKooSDodvuOGGVCoFUoOKUr/fn81mOzo6iotL5celew9IlLwsH0Gak7bKswBE7tdEGWOEUCGAEBQCLItRJffbFJxn0pm2/W0DA4MFsxN5ZUR5LcKymKIqsVhs565d1dV1ZCZewyzeNuTTgojhcDiVSklPvq+v7/Dhw8Fg0GYBQIF4iow0AYCu606nMxKJ+P1+qRooD47FYl1dXeXl5cFgsKGhYWJiora21ul0yuWUc97Y2Lhhw4bGxsby8nLLskpLS6eQ8EVeus9ee8VkVRd7VrZgauHTPuUjR7twe4GVRV529YE9whmw4Z4QYL4iQ94oWZdRSAGwN2t7Q0TEVDozNDTU29uTnEiqmoOInLSNTACchjn/o2EGLkAeqKqax+MJ+AOqosrugEIIQOCcCcEVRVE1NWugNIcyGUtXtWAwGAgESa6NBcrwMBwxBs7AaMAt3/1WIpV8bfPWpjlNDpenpLRodGi4p+dQMj7e0/NyU+OCsvL6yjry4muvEwWTWdPn9AghxsYnnAooAIoCF1900UUXbug60PGelcvb2/aplCqEbNuy3bIsv9+/6OinPlJee7SHEXMavUgpIh/4w/f+49Clt/9gYzEZeOymz+6Ux0wahE0/Bn1LPrT0J/e8uGvkefbem2tVYP0zjjPzrGYYcDoMC4BNABIAvPyaDwEAiAwIvPxjHwKRew2CGTOkWWcxi5MGqjuURCIep0TRHQ46kUwax2LtnHjkQwAFv39CCUXCUaAgADJ9JYg8gkySqrE/VKJbHgeQvMAriHwtMOTqf2UggBBQFFAp+CkvcpK+VN7iyY2NMkOXUw7LlQQAAhEEiCCEkNN6A7CNBruSs7S09PLLL4vFRjdt2rRp06aysrJIJCILO9+8A4x5Ir3859vwnO0Mv3ScJK20oGcPsW3K6fr/b9WOsY3LwiwWACSTyUOHDlVWVq1Zs+ZMsY3OTMzw3eRriR0OBwFUCBGUMsGAkBl1nKXovVxpNE2XWh+S/C+AM8YooXv37tm3b98VV10dLSoGgYqiinzNrdQfkXRryQWw4wKFjytjjNLpZ0fTNHRdZ8yiVOGC+3z+gD8wd858zhiAqK2tbW9vb54zR6GUMeZyu0tLS/fu3Xvu6rW5tD9iTrWEc0IoIiDS3CInuKyQQkIRQAgkRPbuFigrukAAgKooAIAELcsaH08IAeJI0VOhPY0AaFmWZRHGtPa2tmw263S6j/8bnAXk8/kyf04pjUQiUv+fUprJZPr6+ubNm1dIJ5HPGCFECgQiYklJiaz5t2ME0ruLxWKjo6MLFizw+/2cc03TpCwfIpqmuWfPnnQ6PWfOHLfbLQeXHBY7818Y4bJPbQsEQN7hxAK6vt32rzAQIKbR1Kdcvg17/MJl+QxJSp8gFEZnxJEan6MerCiKYViGYYyPJwzTEPxILYlkkUz/Xs68Wy1/WU6n0+12y3ho3swgOekKhSAK+WATShkHt9sdDoc9Hrc0ADGXUzrDQSgrqqlcjiI+niivKCaKUlVRsn3rNiH4ggXzPe7Avra9qHi3bH0tlRU+nzcxnkIQbt1hZTMWwPVXfkClSvu+/RXlJZtf3eJyObiw9u/dP3feAt3l7O3pP565GYf/vDd+0bmB5IGtg+EFxWx4Qi+tDCoic+D5P3WmfXz68sJTMxzjnHPJeYlv3PZY+WX/XKYCGDMdczTMNOD0h4K40olhl9cPknyIedUijpl4pntrb8P6unQiLui762DNYhbTUCjqh9ThDTjsv4RcAAC6pP2h4g745R8UV/7ViYaSc+nt/wUglAICAQKYU26RcUBEEJBPLEz+wZbhhNMBxP5hiiMGrfT/c/VcBCgBhYJDhWKe6UOXHCpn8IpC7jAhBAQK2W6MAAIKQuk7WBLxzgMRpW8v/RZp8NXV1V9//fWZTOaxxx6bO3fu6tWr36opIO1RmUeyM0JvPskgTydbDGC+0lW+L3sT2APKyZ8odqhtN8tTjIyMdHZ2VlZWLl26VJraxzn+LN5NMItRipqmaZoGgiMCZ5wiHvFtjyBnRAsBiEShuSikaZqqSoELQsh4PL51y5bi4uLFLS359BFQhXIOmFe6KKxSkQ+MHb2SvwL5i5h8ahmqUE3TlIlcub7kup4CGkYmFAq9+uqrl1xyiRzKoeuRSGT37t0oIxSyn5VsiYogw3mapnHGpYUvz5KbohDyGgkR8nGnCpWCiDKYOjIy0tfXy5jFuayM4CDsICsCIKGEM84sbhpWe3u7ohDLNJWCbiCzeHuw+Uf2Uun1epPJ5Pj4uK7rhmH09PTYuqqQj6va9VA2i97v98tQlMPhYHkkk0nOudvtDoVCULC0AsDIyEhHR0c4HA6Hw/Jxlc+hnINNxSqMk0LelbKnLQ8ujJ9CgQNp/9X+54wbiuwwZxc12H1kChlhOFPx118ibP9/UuRkKs+icM8VQnAhstlsIpHIZrNCcLvBzTH29zPjbgshbJtOSlQoqipE7ueTtyhMyN9XVVUppTJ46vf5S0tL/f4AHkkDgeACz+iuQOPx0YhDY1bG4VRbW3cuWHJWPD62eHGLoig8K/buP6go1BvwMWF5vUp8POFQ3KZlgCAMQAFwudyXXfbhdGLM5VRjYyMul2NkbLQ4Wtl9ePBAZ1dDQ8Pbn5lgSlHkjTtufqR3YEi/4Cs31dSMf6TmG9/6/BfKovUXXPaRyh/c+W+brp1Cy1crL5h6zEv/fPO5VRvXex7Z/oHVUQoA2szHhGa0+mYYcNPVU2sBXKHqvsPd9XM1EOS/fnr3yMAQjEGZscQZ9gBAemSiYV1Z36Fud6j67d+NWczijIMChS59zrZWCBIQRBBOZCoABUoLVVqqkDdNCAKApiplNKOpQKTdikf4/0cYA3mzllKgBBwqlKQnCPXk6gVylk3O/88RwFAgEIGCIACnAFyWh53WsNM1kDcrKSWNjY033HDDt771rUcffbSsrGzhwoXSrLTdGJvnP13qD/McRSgwQd5SCKDwMJsLAJMNzemTf3uwzVx7cNvQjMVinZ2dF174fofD8b8PNIuThplon5Khg6KusaF5TnNPT+/ISEJzqIwxzgUlIHLN+QAACaHMEkRRIF/GDLl4EwGAWCym6drOnW9s27btYx//eHFJMRcWEpUSEFwIEJxxxNyjaJdAFz6oooAgPeMFyE/k1hygMnkvaxMURSsvL3/kkUduuLGztqaGc04VZdWqlb/73W8BOMi4hqIWiphIB2/GvpX2bxARj8RBEAGBM4YIQ0NDHR0dpsmm39H8oRSRWxYzDDOX71WO1TNsFm8ShflzuX76fD5FUQzDqKys7OjoaGtrm5iYsJ+iwoXRJpvwvEqc7d1xzlOpVCqV8vv9gUDA6XQWLpiapg0NDXV1dTU0NMj2e4XLNUxeYI9km48yf/lixgW5MEp7jEGk6IDL5fL5fN3d3el0WraDtU99ZnikJwD2FlzQrEHkFxnGhKIcKaATeUldSplhGMnkxMDAgN8fcrndjDFVVQkh2WzWVpeAgu/rrVbwHfdlzfAUTQlSHOOBzFfo59metnYUInAUkIvM6rrD43ZTRQFExgWAoAoRWa5rGqJgzNR1LZNJWxYG/L76hvr6hga/P4BIEJBzQQhh3MzfK3sCeY2VMwLxeFwAjo2NhSPRBfPnH+roiIYj4+PjoXAkm00FvL6y6qaHHn5K1/VUyoqEA/HRrN8dHE+OOglhnNfX1we8vrDXVVxeXFdT3dPTo3d3P7zpd2Ox8aqa2hf+55WPfWXm8zoWfP2+f5MvnfO/8st/AwD49oNLjhzgPOsf/vtnkz/ju/Tv77s0/4+Lf3M9AMD6tVMGmeEYs/vVLfDea1fmvHy1YoZjjj6rGQ7esH7SvOoWrX/txQera0KK5lq1/D21S2pB4Kvf4BXvWwIA3Y9utzJjr720p3HlVTPfi1nM4i8SyrR3EITgcgHOlbYK+SaCbEoFMLkxVdWCFYql6UYb4flCAA7CbmAgiQDyUwQoAVWAxsA19z2eQ9mJ4V6A3IkE8HwpLRHI7RNxIYTcGYWtNJODtFNO/F15xzCjRaWq6oIFC6655prbb7/9iSeeqKmpkWUCkK/Gp5TKps3TBQJmHPOE2G3vxLC2/88Ykw23AEAIkUwmOzs7dV1vaWmRXNxZFsApjBmLP1EICIUiwWCIUupw0EwmS1WFEun/MiEIIgEQAhgiChBccNlmUnBAghwAOH/88cceffRRRPR7fC0LFxIEQBTCEhwJURSKOXkSIQDAljGTPOo3fwGIheQEBAAkJJ1KudzuxsbmwcHBe+6+5xvf+FuX2w0ARUVFg4ODu3bunD9/gayUmWIxv7WbhxwACMWxsbEnn3py//79mqZmzSwImRTjADTHBUD7PgtZhGwxS9UAToJkzJkGycculE3Rdd3hcMg2KJqmTUxMFOrzFwYuC5PzUBDokR61jNu6XC6ZWpcft6MG6XSa85xGd2HoFk6Gvy1nrmmaw+EYGhqamJhwuVx2PcK77I6e4rC/LM65YRiMMYWSfBjIgnx1xiQ/WQghxPh4or+vv76hyb6fJA+Y7GCf8DkfO0507PensEsKxQ4KnuoZVNlsewyBShtQURTd4aCEKJQyYDmlWABEzMdPiRBC0zRNU4ujxRUVlQJAcE6IIutPFVWddnfOqCdz/562SLTE4XQPDowcONjtdrtH+oeLioqQDQcjpQc6DgPtLisrYyYvLQ2OjqaYgFVnn32wfR/LTlSWBvbs2h3xODe/tikRH1m1cnkymXzP2ed+42+/1dc/0D8wEgmVnuzry+z92ddufQlWf+mWBe8YDb9u0Zquvdu3vrpv6Yqq2pYo8CwAKXRwtr6yTwvMqVs02xFwFrM4gukhAAAhCBApbwWyi6ssyAd+ZG/IUQcQEA9WTwAAIABJREFUAITur/jk3fHN92rdT5NsFzEBOaCRkwYABJKzewE4EIpmcV1mzWWjvHJZ3dD/PHQPSDouAgpJIkABgggi8poAiAQEIIjTy9t/kxBCCMEppRs3bty/f/9LL73U0tIi6+FlxsC2G2TO82TP97hgk1elny/zZoSQsbGxzZs3B4PBlpYWWSVxsmc6i2NikhCg/C9h3PB6PT6fT1VVBNR1LWsaVKEIXAgOAgixS+hzPGqiKm6Ph3NOiawi4ueeu/qBBx7c+cbOz3/u08FwCCkVIBAIUhCcmUZO9t9uBCAzcjNx/v9XTIoxJSdSTqdLCPGBSy6ZmBh/6KGH7rvvvg996EPhSKS4uJhS+txzz82bPx9R4PFk4PPiqJl0miB6PV6PxzM+npDF3dMPz1OpZMsMg1kWCC4Vj97+HGYBAHkHWPLhhRBOp7OpqQkRGxoaVFV9+umnY7FYodieTa0q9PxxMuWeUqppWjAYRES32y0DRoUe9cTEhNfrjUQiMM3nf/cXPXlGKVVw6NCh0dHRcDhcqP9aGOn4S4YdYZRyJw6Hw+v1xkZG5ZNjF4nYHD3Z8I8xYZpmX1/f1q1bq6prvV6vy+WSD5LcygtrQOSJjj8Q8A59WdMDrAVT5fnCJYDCnSEfZXU4HF6Px+nUCQHOBWOMAqiKIn8dsrpQVRVEsWLFig9/5CONc5pBCCkBIITgjFFlSu/qM80ODPlLuIED8RgQ2rp3z8KFC7dt21ZWWvLnFzY1Njb//qlnistqvf6SdCorLJFMZec0LSwqKnKo8MSTv123eml1ddXExPjC+XNNIzUwMNDT3de2/6DFoLyyllC9tLTqZF+fY86N/3bPje/4adZd8cVn/uv21rs2n7OmsqrarztooDnY/eh2AEg4B0f7Ixuu+uI7PolZzOK0gjJ9OeUgckz8XH5eIEcAyQEQUrvb3mmIql9w8aUHD/ct/8D/7eu+RvWw1MFnXalhGGhTxbgCBiogdIep+bJ6NBte2meG3NVnDXX2nlseffhXDx4JJSBCXjebIIq8Z4FAuDwdHrVZ4GkNGWDhnPt8vhtvvDGbzd5zzz2RSKSlpcUW5JcWg+wXeLLne1yQRlJOCihnJzHGWFdXV19f36pVq0pLS3G2APWUxkz5GCn6j8Tlcq9es/rZZ54djydS6ZSuEUVVBVAhBGf5KCDk0mWUKpFIJBwJE4qAyCxLUZSqqqof/OBf7vjxj1tbW//0/PNLly4LhIKcm1TRCEWKOXqITf63YwHHeVVut9s0DMa4pqlXXHGF3+9/6KHf9PX1ve9972toaHC73U8//fTn//qvpWAhHp9CleCWw+FITCTi8bhhGJxLlazp9H6UdVFCCEJkvcPxnHYWk2BrvMt/apo2f/789vb2dDodCoWi0ej4+Hg8HpeifVCgPQEF+X/Ip0ztGIHT6YxGo4QQqQ4ABa4+ISSVSkWj0aKiopO+xNkunK7rshDAVjqw54bHLFz/ywGlVAAwy5KEI0kEkMEjzrmqqjKWDflWiwBgWRYXwrKsoaGh9o727u7upuYmuV7JjLccZzoX4O09FTN+TTPy+d/kZ6dgSpvVfGxo6ki59wgReU4EIrrc7tLSsuLiku7u7lQqBSA4Z4hoWSbnHBEYY0VFEc75unXraqqrS0vyWetcr2JBxRneCfWO2+9yebxdPb3nnLt69949+1o7k8nk+HB68aIVhw51X3nFxzs6+7ImaWycMxp7A2F8YGBA0+nefbucKqlvqEUw39ixDXjGSKXq6+uXLlnUdbgvMZFNJtP723bX1yUuONkX+K5hw1Vf3LfthRc2PTv8m21GJiUAdIcrUlo9f9X6s86azf/PYhZTMZUFINN0KFCgsJd86YHLTtdYUNlKEKubF+zcs+/9F27saNs/b05zz3C8ds1XeoZipRF/9/BIeVGof2gkWhQ5NDBWGgl0H+qvjPpb9+xpaax+5bUt57/v/Ye2PZdJxAqyDQhSzZPIfgA5aQAuBHKckQZ/ZkAySKPR6HXXXffVr3714Ycf9nq9tbW1drczIYR6RsiAiXz9v7SBKKVjY2Pbtm0DgPXr10t5bZl1mY0CnBbI0dKFoIQC8GXLli1cOH+wf8AwDYeDEkVhDDmnpmBcMACBKEN8QlFoWVmZ1+uVQnuUKoILRNo8Z863vv2tJx5//L//+5evvPLnNeedt3DhQo/Hq2maEGhZzNYEwSPiUsfrUMkRVF23LEt3ON5/8fsbGxseffTRO++8s6ysbGRkZHR0bKC/v6y8/C1FImeaU67KejweP3DwQCqVMk2LUspF4QG5sAoSIUTuMlVVpTnpxFktgOOFXIVkOZKkkFBKm5ubBwYGRkdHdV2vqKgYGBjo7e2tqanRdb3Q/7cF+acPK2sBpE8Ikxu/SxiGEY1G7V4AhfM52pjvKOS2IgsTNE2Ts7LbasIxNTX+ciBvCOcckUiih+Tocc7tZoqSEWCHUTjnsgdINpvd07rnj3/8w9x5c51Op9PpzGazhcMeERd4u/e58INTWvbYz9WxBy/86xS2i3zHNE3M9wwu+C2IvILpkU+DXdUih0V0u73l5ZVVVdV79rQmkylCcpWmAKBpihAiMZGor6+tqKi48sqrdYdD03TZRZVzQRDzVQCT54/8TKqHWjBn6b62jrVnn79vf9uShSsOdXcvWTifM3Owd6z30MDchkVEKNVVtbtan0+MpwFISUnx6zu2ZTIpLnhpSaQo5O7pam1qbMpMJEKhUNv+tmTKWPmeNV3dg0MDw92H+79wsi/w3UTzWWuaZ739WczizWGGdJbgHEm+MWfBMosE80HrfDEbYopra889p629o7G+tutwd1VxqK+3uzzk6u/tKQ0H+gaHiyOh/v6Byoin5/ChuhL/wYMHmutr97W1L13csnX7jjlLz7W3FrkrEEKAFOxhCCD7hhMUZ2IIQG6+9s5dW1t7xRVXbN++/bHHHhsdHZU588Kk0+kOmfqwi2YJIQcPHtyxY0cwGKyoqMACnOyZzuKtIOc5gN/nv+SSS6LRqNOpCRAWsxgzczVBuVQqAABViKKQ0rLSAqlzlMYnCCwpKb3mmms+9elPc85/9atf3X///X/84x/37d+XyWby+fBJFIC3ZT3j5P8cabGOAKqizps37ytf+cpll12WSCQQSX9/3+7duznnIueiv5n/zAiBhHDO+vv7e7p7CCFCoBA4qb4g/1LkVehkhTbmdFbe+rXOYjLs50fkMo1cCBEMBnVdHx0dlUQAzvnExMQUFQAoWId5HvabhV6TvaSLvLQeABBC/H7/9MXt3V/x7LnZLQDsCRdOexYAR6o+IP8NBgIBed/sGwiThQCEAFXNKZVIpZuenp6RkRH7eZuxj+PxPANTalUkJnvs/+v1zfAQymFVVZWbdUE0YWZj7MjlYK5CzOlwhEKhSCSiaZpNfNA0FRAJoX6/PxIOSTgcDoVSJARJTkJG8gryDLIpkz5zns+Ap8Tvjhw6OOB0BFt3Hbj04o+mEhZwfaB/tKqy/vdPPccZ3fza6/FYaiQWd2oup9OZSo2PxYbPPnt5UVEoHh9dunRJdU35WUtbHA6tZdHC2traF1988Y2dr1977bWf+tSnTvb1zWIWsziCZDwWi8djsVgibZ30VWwGLQC5kwBATg0QUKAgQGRfAE1VmiNMc/nRTJiWWHrpR3bt3XfOyuUHOruaGxt6+vqqKisO9/RWlJX1DQyWFUf7BgZLopGe3v6KsuKDXYfraqr37ts/t7lxy7btq88959H7Xm8IcMFNQVyWaRxOyvkgoiw/IABSUBABc37C1Nme9haxsM0C6YSsX7++vb19y5YtpaWlGzdulH2n5J9m3MtnfPOUNeDshBgAIOLQ0NCrr77a19d3+eWXe71ekdfNOtnTnMXRgDM6twjAc5L16urVa5cuf/pwT7cAMJkFAIQSQjhjHIBwzgCEpqlUoeFQWPJ+CCGWxRRKLYupmi64pen6ypWr5syZu3fv3h1v7Hj55Zef+v1TlZVVixYvaahvLC4u9ng8lMoWekDIzLPKT+3NvC8IIYJxRVEAgVkWoURVtYsuev/y5Stee+21z33us3v2tK5fv54Qmpc6FUe7G/YpJi9YIrdcCc44P9DR0dvba5oMETjnIr/aTppTPgRQqNMOmKcJzOI4IP036dhIhXav19vY2Lhp0ybDMOrr6xOJxMjIyIz0eJi8jtlelr3q2v8srAUQQjgcDplytyMLcHyO33HCnqeu64XTmI0CFEIuXogIIFwuV11d3aJFi7oOHJSPjRDCsizGeOEmLgQQQgzTAtMci43tbm3905/+lE6npSdsmqamaYWNHuEElV0U7q3wv32P9jdeGLqCgoCUHM2+qMlDIaKYnornXOTVJAhBCgCqqvl8vkgk4nK5CEFFUWT1hMvtbmpsbG5udjqdlZWV0WgUETVdB0QQAqQRerQSgDOIAgAAo6NxSrQ5zXWH+np0zXXXXXdXllcoKkbDpQ6HY/XqtUUllZ2/fSoUigBgxjDGxkYymXgqZVx40cah4YHykrBieRbObUglk9FIUXVN0+HuvrPPtTq7+zraD/38rns2fupvTvYlzmIWs8jBUDwBt4KCZbOMA5zcRnczyQGCkFqA+T0kt+gTJFzw9y9wXu7flU5BKgHDdRsf39v+wYvfv7+9Y8HcuYe6e+qqq/r6B8pLinv6+ivLS/uHhkuiRX0Dg6Ul0a7DPdUV5W0HDjTW1+1q3bNo4YKXXtl8/qVXDX7/NxVKOuAEdwDudje0DjJpOKOsCxBSJxCFEGdS3LcAiEjkhil33nC46KMfvfLw4e5f//qhUCh87rmrHQ4dkdpmaCG774TYDe8Q7OnZZrR076XGgaQXtra2vvTSS06na+nSZW63p9AWmSUCnJKQ6h04+d8ASAkBaX56/eFP3vDpl195ZXiomzErJ+shk91CWBZ3OjXORSAQqqmrlT91kG48AiEUAJEolFAQPBAMr1j5ngUtLQMDgwcPHuw40LHzjddfeuF/hBDRaNTtcgmA0pKS0rIyh64jIcFg0O12q4ricrmQUsEFEgUApB6h/K0BQK5JSYH/joRwwTkXFCkAghDMAkWhiqIWF5dd9P6Lmxv/dU9rq2lkdKcb8/1Pj32nhEzZi//P3puHx3Fc96LnVPUyKwaDfV9IEOACkiBIUVy1kdplLbYl25KvHcV28uzc3CT3y8tL8n03yfdufP3ifEnsxHG8y1osa7G1WBatjTstkaJIigRBigsIYt9BYADM0t1V5/1RM80mAEqULYoUNb8/yMZMTXV1d3XVWX8HgCRDzBgyASSlkta2LVvjk1ME6EjJOCNCAJ6mRiEJhIikHGGGpjuObSWTUoh0kZUsfj9QpiKgWpfUcgQApaWliUQilUoFAoEzZ84o1hIAUEbYmf1M053gXH2eMmzq7tKnKPfxXBJBd627eCu5a8UAj3Lors+O4/j9fsVON22LuUjjuYzhLgqZWHcASYKQCCTXuIlmdW21Ulzj8bgq1iOEcK1yyujDOXOEACIhHCHhzOiZI0eOhMPhdevWqfusiqEgostGkS6PcsFzwKuuu/r5tJiCmY79aX96OYanJd+pXVsR97ohD5DJdmGMZXKa3HulNHeSBIBIkhjnkgiRc66pihuKK0ENKhrNXdS48OqVq0pKSnJyciKRiK7ryJiUkOGRVusfMe4dM3r+vULwR9/83nu2WfvpB9+9gQ2gA0QAxgDChRAGKANYA/Df/tc3P6BhZpFFFh8AuDURk6ZhGKZpXHJv5ywmACmJAQMCZIoTkBQRIBDoGr86t1cSOASWgNOHDlz3l3935PiJZYsb206fbqib293XV1VR0dHdU1le3tM3UF5a3Nc/UFJc2N3TV1lW2t7ZNae66tiJkwsa5u1/++DK5cte+c2LRTYmERwCIliRM/nOcBAJJJAqB4hqCBIRFBeAd4O8EkThtKXDszczhhUVFevXX/ODH/zg6ad/UVJSOn/+fCJQ5nNXgFMH03L/LkN43QjKLabrujro7+9/6aWXDh48dOuttxUVFTM23cyRxWWJ80WdcFdLalzStH79tT/64Q9CQSYc8PlNh0uSSESmaXCuJZPJ6qrqZcuWUabSR5rnj7PMKRAUHShHvz9QU1M7Z87cVatWTU5NxCcmpiYnJyYmOjo6enp63u7r3bZt69DgIAAEg0HGmM/vn1NbW1ZWVlZRWVJSUlJS4vcHAJEIiARDDoiKhE/lHynCd2TINU1KELbQdU1KEA4gA8Y0ztmdn/jElq2bE4m46QueewPe7e0jIEmCEajFNHNl7NC+fW+8/oaUJKVknAspAVjGsqBoACQDIpIAxBm3RErTtEwiAL+yBOBLgGmqkaveh8Ph8vLyqamprq4uxtjo6GgymQwGg0IIb6WS82nIMz9xFX51RpVG/mEubl57sXezkFImk0ld18fHx0dGRvLy8oLBoFuoRbVRt+XjtxR7rQBp3jsEFCAROeOssrJySdOS/IKCwcFBNStM03TDPTJ6MgIRYypih4jo+PHjANDU1LRmzRqfz6csL4rfx50e72+Us3FSulIBzJjk7v7rjV5R9i93TipTl5sY4qYggeJE9BgahDjLyeIZEnBN5SuhbYt4IqVpmpSOYtZMpSwhJJENAI5wCgryly1btmLF8tKycsMwSEqu60KerS+QkYxmLrHZ5S+LLLL4qCInN9dxLCs1NZ7UwzkB7ZKuZ9r0QHpKcwGktyVSXP1pH3Vlga+ct0kbpIS4DamBoc5n/nnJl/7P8fauRfVzOrq65tTU9PT1VZSW9vT1VZaV9fYPlBUXd/f1l5eWnO7qrqooO9l2am5tzdFjxxsXL9nz1r7itlflZDweAUngANSxoaAvPJWUDJgKAVNFuAgBGZKcFop2xcLn823cuLG3t/fJJ5985plnvvKVr1RVVU1NTfn9ptqzXSahSz3SC4LrqXAdC0q8eP3117du3cYYa25ujkajkGEKgI+pA+ojDFTMdZB2Zmqafscddzz80+8nErYkEDIhJQohVUjtZCrl95sNDQ2hQJAkMTa7R50gTS+laPCEEMFgKBQKQVGJmkvNzSsIQUpyrJRt2RMTE47jxONTsdjE2PjYyPDIL37xdE9PLwA1NzfffPMt8xcsME2TpEDGEEE6whFC07iyO1iWJSX5TB9wToSMA0kAAARwHOeGG274+RM/Gx09k5tX+D5uCzDOEEkSEEMAKUFKJ5X63ne/OzQ8GE8kNF1XIjlj3lJ/hCiBCEDquiZJAFJpeTljnOh9qwpZzMSs91A9hTVr1hw5cqS1tbWkpMTn86m1S1HBu0X+3u+53IBqr+PXq6Fd1KAnytQ19H7IOff7/UKIoaGhU6dOrV69Oj8/Xzl4wcNfkI3GAgBVtkZKyZhAxGg0WlVVFYnk2A75/UxVVbQsSzVTkSPq4XLOBUlN0w3DNzIycuzYsYcffjgajV599dVKFQcPlYkqkfM77+luIMk0g4L7J55LUem9NNXMtf6oxm7JDDVU1xYAnoIssw5jamoqGAwyBoGAj4iOHj1+YN9bBw4cGBwccARpQIFgIBqN1tTU1NfXl5SUhMJh7qZaKCEhc6Ls3MviI4Q7v/ZYbo7vkf/v05d6IFlc1kgK8OmmpnE5NuUQXGITwCyudEQEBK7+AwKGpPxxtLScowRFzhJ3wCaqfOe5kZ8Oz73366d6BubVzu0aGKgqLe3o6q6qLO/t7y8rLenp7y8rKerq6a0sL23v6K6tnXP0VFdDQ8PR7c9VvPmzVNvBAQ1sCRJAAARJzM3XDvc5IBEYASByTA9IUoZi62yE3pUKxlhRUdGNN964d+/e5557Li8v74EHHigoKLCsJGNMlQZ0s0kvf5uIK1gor0IymWSMvfPOO7/85S+7u7uuvfa65ubmYDDobZzFRw7uVFQzs7l5+cIFixBkZVXN/v0HY7HJVNK2bZuQTNPIy8srLi5hnAsphLQ502fx9aRVr7RnMi0iIyOJIIlrBvfpUgimaRBEICookMBYOn0U0UklUYPJyYm9e/c+++yzf/InXysqKl6xYsWGDRuKigoKCooCwQBnqjyBlFIahibU0oZSSiAByEDj3HFsrvFoNKppemvr4Tl19Rd+TygtziICObbFGEdGr7z88pbt23TNkJQkACGExg0ATbo8W6jUAwkIpk+3LKukpOSGG24wfb6sB+wDwfm0F13XKysr+/v7HcdJpVJTU1OWZalvlXXyXcoBnA9e9dvv91/aujauRSMej/t8vmQyOTo6GovFqqqqvEogeMgOsguy0tI1TeOMC+Houu7z+TjXEEEp/KpGYObJItFZCkkSIGwhNSIpk8nk0NBQb2+vyh1QNQXc+Lj3e5+nzWHKWBJdWlM18dwP4VxqAKXGZ3hG0Z3Y6ocuj6BadVX0yrSTTouFcQ98Pp86cBzHcZzR0dG2k209PT1E4Pfp8YSlynBEo9FoNMq5pqKzGGNA6QpQMCOEIYuLAjF+bPum/f2Soy0jjTdsXF5kvPc9d3peeuKt2k/d1eB/z6ZyouNErKi+3H9Jn6QYeecv/2X4S3+/rjFTUzt18o3/+XLZ323o/OsXK771P2sjH8Tw/vwbm3Y9/sd3/F8Pz/zKHuv5+Y92PSuaf/h/zyv4aLjtsriIsCfHk4hIgGbgkmcCzMYFQIoLgCFQmscbkIA48ua8fsVIzTiMJ4Ez0HQItu2i/9xYvepzox0Vpcvv7uk6VVFR2zk4XlVe2TN0pqysontgtLyiqv10R01ZQVfL5jqMWQ89WnPq7clxKQzQkoAcGE8zvCzMibf2m8SAAcuw6yobgIBz9jzXEHCpb+FFQ01NzW233dba2vrUU08VFhZ+8pOf5BxVISLF0JuJx7vc7wB5kk6TyaSmaR0dHT/60Y/eeOONcDi8du3aqqoq9FBSw0V2i2XxgcNLGaUcifkFhX/1V38dzcvLy8v71r99+zebXgKQUjoSQdf1SCTS2LjIcWzG3Bd5+uNWvWmaQZQuJa2YAhhH4BwICJHpDACkIABinKcTU4kQQTN9gE4kEtmwYcMNGzaMj40p7+6TTz4Rmxjz+QLz59cva2qura2JRKKGaShDo+2kdE0HzoiIZMZ9iiwSiTQ0NOzYvuPW2+/UtAslcGGMCUkaU6HESCQ62099+zvfQkax8ZjfbyaSFjINkamigErzR1RRABIROEchrKampjVr1wIgAYJEZNlX44NHKpUyDGPu3Ll+v390dHTLli0tLS3XXnttSUmJpmmuF/T9Lk1e72s0GhVCqOCCi3QVM8/uPZerX6nqdMeOHdu+ffuxY8fmzJljGIabCOBqd9lFGAAYahIAgCRJRKZpLBwK19XV9fb0DQ0NTU1N2Y4dyQkToePIzM1jiBwAEIEhJuLxYKDATlnbt23Ly43ecN31gUAAQTq2rek6YwxIAiDn+LvZ891AD1WbUPnw3UfpBqFMM+uogVqWpb7VdZ1zruQKt9ihKnLpzSxwt3K1znvH4M4u1d627WPHjj3zzDM7tm071XbStlO6puka5oRz5s2b19jYWF1bGwqFM1kXSBKQMybTZ/rdH1gWFwa7Z9vOgfn3fXZZDku0Pf/QjhPzP7Uo9J73XSu/5fPlF3aCZPeBA2euqSv3X1rGsxkw61b/Zx0kj3V+UB3+7NcHSwvDADAWS07/zhp+9CcnjMXF0UMf1Nmy+GgjnJt7qYdwFtNNACr+jyFmSFeJIQOQCFCQ568yT1AKCIEYjE5AwADGAHRgwtbeeKRQB77/m+VmgWWUlZc02CQqqhpTu49X5ZY6O96ej4IPtzQmhuUkTUzCOADqoAnQGVgCfMo+x2GRPvCCMSdpibQ1PVOXABmfQcGFV7AJgDGWm5t70003dXZ2PvTQQ48++mgoFLrllptU2qFt2yqj/iOxU3rlD0Ts7u7+6U9/+swzz0xMTDQ3N69YsULVAoAZYYpZfFTgCn/qTyklIt1996eBQSKRuPHGm958c29nR6emaQ5JAEgkEj09PVIKxhRxtJz5Ip/r5lK+IkmEnHEASLNOMZBEjCuqQZCCGFPxCKDMCogMEZAoN5q3du26tevWTU1NDQ70HW5tbT18+NnnnsnNza2urq6bV19eXlFZUZVyEgjAuSZlhvsKUAoRikSWN694bfOr4+Pj+flF50Yhzf4OorKmSpXcLxnD7o7T//mf32lpPWRZjpAgLZshR+RSYma5k4wB58iQgSTd0IS0NY2vWbNK0zQhJNeM2Smys3g/mHXZVInZmqYVFRUtWbJk8+bNQ0ND8Xhc+VEty1K+0N9tjVJnDIfDyoDrjQWgi8x+Mk2ld1PBR0dH33jjDcuyFi5cmJ+f70YBeG/OR2WL+UAx/dUmIoI0lyciEpBhmmvWrQ+Fwm++ube9vX14eDhlpWzLFlICAjIGCDKzYEkiIYVt21JKQzdOnDhx4MCBhvkNpWUlyM4a86QQjL8PVck7D93HpOLsMMMIkEwmU6mUZVnqwLZt5ZlnjOm6zhgbGxvr7e1VcXm5ubk5OTl+v19VK1D/5ufnm6bpcha4E0mJH3Bu9VMikpIYS4cStLefOnBg/9tvH+jq7kqmUkzxOgMQUDgczolEFAUAZVZaxxZM44rANYsPAWjmmCKeEgRgJx0t4MlKtrs3PbbdnFccHxsZGM9Z1hQZ6hwaHYpFVt1za+2ZFx/dXfep1e3P7vDXF06MTo6PWmXX3nlD2dCvHnlz/gOfbvCB3fXij/fOvXt+246uAfnqK4GbbqyfePOlNzqTjGyKLrl+Q1N+6sSOTb/tdTg4MrLo1puWF+vusJyRltc2HRwGjSwoXnXrhkURGml5+fl9o0Yop7gU2vvnPfDJ+dS+89dvdFoalxBdumFjU4H+Ppap5LGdX/11xTduV3/R1Mm3/+7nyXv/7OpVIWv/C2/87B2LkUNFdV97oGGO+e49pfHkppZdj/+xYPbYAAAgAElEQVSxOr7za4+tbqr8mz+6Nv2dnvuZ/36t1rV7e9YEkMXlh9mLAiIgMeVMU+4rBkBLKriB0kFQyrhfA4bAFYcVAulAGqDj8Hi/luzXuvYzDuzgU0ENkANyAA2IAQEIHVAHbgFnwBF0BL8O/gA4Nug+yCtI1qfCLafGgZAhA8L0niPJIyS5b/tHIAz+d4PabsvKyj75yU+2trZu27bt0UcfLSjIa25uDgQCythPlzEdgCt3unKDGm0sFnvhhReefvrpgYHBgoKCa6+9tr6+3lvy0FsuK4uPCtBDMJ45AGQ6ScfQjKVNTYsWLRweHozHkxw4AJw5c+axxx6rqa2+5pq1hIjAZwYCuE5XIlJM/ojKxQRAgOnS0SAFYIZDEDko2j8hCBkgEXIGaUYuCQAIEAgEaufUVVZWb9x449jYmZaWljdef33Hzp2BQOBTn7x37ty50dyoPxBkXBWlkowzx3FAimXLlm16aVP7qVP5+dPoAM4/Vwk0Lc1jOjQ0+PAjD2/ZurmsvOTYO226rlmW5BqXGUptZXJFBprGOAMg1DSeStmlJWU33nwzSQJk5yuSlcXvD7f2Kue8sbGxsbGxp6dnYGBgYmLCNE2lur/fdWmaB97n81mWNbOTD0HTdpN03NN1dnbu2LEjJydn2bJl+fn53hX7oo7k8sa0a0/HKHHGEVEIBxlJIRljDfMbCgoLI9Hovn379u/fH4vFmK4J21aMKAQgKWP1BsYZt21b0zRFgrtv/95gyJ+fHzVMUzgOc/fx93PjXW3c69UXQqRSqUQiEY/HVW0LpfMnEolEIqFYeJTDXyn2k5OTIyMj8XjccZyRkZFgMKg0f9u2EVHTtOrq6kgkoiqtqLIR6iyIOKvooXYAKUU8Ht+7980333zz1Km2ZDKh6ZptW5ZjA0NgzPT7uaYRkSQiIMYYcCZtB4jQUz8oKwZcVGjFazZU//yXDx3L4ZOp0o2frva5XyFjMmFVr79jHbT/+iebum/7yq1rsOs3P9ndEa/JSTdwJidK7/nEGn+q7bmf7O9aU+o7t3cWaVi16MAZduNNTcGeTb8emHf3fYvDLNX16qNbW2tuoj2dBTfdf0O5Zg8eOTyelMV6ZjrJVEyWrL/nppogjex5/Nm3h+pXTmzbM7X8vgeWhpMnXn60RTZAqmvLtt6599x/VZQlTm16eHPrnHubIpkOzgoMF4LUwPFvPR67+avrVuWwqaP7ftBZ+b//sq6QWW8/+pvvvl7+T9eHMma56d3++Tc2neoaVceu/q8O1t3//bMnQC1oQOoCR5PFxwDKvXSZYDYTABAwBAnAFcuXBACGrLlkTCnzTIeABnNKoXcQhAPMVJS5aQZXCQAaCJbW+RkH4IAckKnyWEAybTvgAEgQ8UF1OUQLgRDMMBghuMrntJzKJJgBSkYgCc4p/e0t23PFQm2BNTU199133/j4+Ouvv15WVhIMBhcvXuy28epd7k/cb5VQO82rA+fmBH5Qu6yr+7mdqwMldijpJxaLvfzyy7/4xS96eno0jVdUlDc3Nyvp0x1Jdtf/6MJVHtL+RknINI5QVFRYN2/um2/tSaRSTtICAo78aOuRf//2t3MjwaVNyxA5EfPagLz9eC0LAIBMLVLpBYBrmKnwlyEkZMCV7ZI0lz4kI7GmCxBousE1rbQ0UFJctm7tNYdbW3bs3P7a5ldffe2Vujl1119/Q0VFpczYMrjGhSWqqqoKCgqOHj26fMUKRCakYIyrqmF4lr162h0BIEAgy7a3bdv68ssv67qODHWDWbbUDE0KAmKAKElyjsIRJJEzHVECgOPYqZRY2tQ0t64OADjnynmcfUV+T8yq5bpV8aSUoVCouLg4GAy+9dZbhmGsXr06EAh41S3vEgrnrlrezr0GUABQRgS3DtzM3148eHcKIpqcnOzs7Ozo6Fi9enVTU5NpmuRJK3OX8exqDABqcVHJ9QxREiGwFStWEEFDff3ixYurqqo2b948Ojo6NjbmOMIwdF3X4/G4lKRpnHNNOFJZ7Q1Tn5ya2LJli2EYRUVFVVWVQjiImpojjmNzzXAcBxEV96S7pXot42qKqpF5o/ETicTw8HBbW1tra+v4+LgQIicnJxwOFxUVBQIB0zRDoZAipNQzKCkpqaiosG07mUwqXoNkMjk5ORmLxcbGxhKJxOHDh4UQdXV1FRUVjY2NJSUlahiqIoDXDOFS+TLGHMfp6Oh4/PHHT5/uGBwcIpKGrnOu7LzAlVEVgGta2rkDIByhG4ay8Hq7hewkvFggq2vbaz0Nn3pwVSGfPLbpydeOVNzVmOPquFq4Is9AEL5QIJoX1QGkL2TIlHBXNz1SXeBDAO4P6XbKId/spwEQse7e2GD/piffJgCwhdQS5pL54f0vPvubeXPnNNQvqQt5FHZm5vomtr/0i91Mo8lYotB2JgfHzLLSIAMMVC8o8+0FMdE9rFVcncMBwFdckzNx6oxwTQBW23M/3rPgi/fPD7z3tBGxzu9+ZzTv83fcWMgBxNDx4cHOkf/zzycAgFJSGAkHMiaAGd2e6hr97G1Ln9h00NX/s8jiI4fzRAGk93/lnGJIFI3454dOMgmcgHFABrW1EGBwZgKcFBiZMlVIQJnKfZSuh5MOhVVSuxRKJgYE0BhEfFBQBsVzgPsAAJgBaEBjXqfBS23hACKSygIgVXJ25miv7O1BCBEIBDZs2JBMJpPJ5ObNm/1+/8DAQEVFRWFhoc/n8/v9AKBp2jRWIUoXPENXD1chrLOaAKaJs78zyFN3yq0txBhTdMpTU1M7d+587rnnYrFYMBicnJxavHhxdXX1NFnzyn6gVzBmeXCEKlg/JzenurYqGAqeGRtjCABIkuLx+OFDhx579NFIJFJdXYeMI75bAXZP/5RemtLfnT1gCB7OUDy3yDd6hqlmPgMAZBAIhleuvHrhogVdXT179+7d/fobu3fvvu32O9avWxcOhwEAJGmall9YuH79+hMnjk9NTQYCQSASjsO59i4WScw4X4eHhrZu3dbT3a1pSrJHISTnBICAhAwwLeKTxjkDJhxpOyIU8odC/pWrVjPGkTEiYOx3zBbO4kKgdC3GmN/vz8/Pj0ajBw8eHBoaikQi1dXVlZWVqtnMpdK78E77HDyvhgrAJk/kv3diX1T3u9oR3ISstra2lpaWwcHBOXPmNDc3+/1+27ZdJjlvLcOLN6SPDlQWEin9mSQIklbK0nW9tLQ0FAqVlpaWlZWdOnVqz5493d3dU1NTRCSEVFFLnHEBUqnNjnCklO3t7QcPHqytrc3JCQeCAVWRRC1RUoqMj53NNDl5jTiqjbIsCCHOnDnT0tJy8uTJ3t5ex3FCodC8efNKS0tzc3Pz8vJCoVA4HPbKCa7tgDwFIxDRtm0VMjA1NZVKpdra2gYHB5WYoX4oM156V+13TQCQoU5MJpPHjx8/cuRIMplkDK2UsEGtXeQ4ZNvO2NjYxMSEbVk+n1/XNCGl49jK7knAXMsvfNxjUi4qZKyrh1Uuy9MRIFRRG9jZPio8JoDMsoXoMTqf8zAyuzC6f2cazHhqLNxw66euK/XoG2X3/MGi4e62U+9sfuKtmjs/s75Iy4zqyKZdo033fXpRGGMtT/6sB84JEMwMyts5nfOnXnXDfQU+3wUtXM54PG+F7+DmjsF5dcUcALBgxZp/+kyBMbPpbN0ePtF/IWfJIgsvLi0l8DTMZgJQ1C8s8+4jIsj6Sn/AdKQEjkASEEEzoRwhPwaxcbBtEAJAB+CAEjhmcsQISAAikABSVgAJ5ABnEPRDJAiBCASKAHQQAgABdUAdSrWh2ur6E+1jKnPMfffpcrpxHwJcCSAajd5yyy2RSORf/uWfX3zxxU2bflNXN7exsXHu3LmNjY0qVE/5l9BDqudyAisuK9Wnd2n2ShW/zzgpE8foFVCUXGKappISEonEjh07Hn300WAwePvtt6s82/Xr11dWVgohVNW3LK4wIAMpADXQND0cDpmmjkiccyDlRMLx8Ynf/OalmjlzvvCFL0VyTAAppXDLkp1H/SAVaXQh5z/LLzA9hehc0QWAQIaC4Xnz6quqqq5asXLH9u1PP/XUtq1bH3zwwYaGBk3XHcvy+cxlzc1Hjh49ceLEkqVLGWdCSESCdAXTWQwBRIRAUojDLYcOHToUm5qSQhqG4TgA6XgwQgYAAkECgW1L00AATKWcoqKCP/7jP6qbN29R41LOdceRus5VXRS8QglQLi3cZVBpNT6fLxKJDA0NjY6OtrS0mKZZWlrqKjxeA6vr6p+1Q68+M83Q+eEoOdNeJc65ZVm9vb0dHR1+v18FO8C5/mSvkSILKVWxDgYq6xE5ouRcY0wzTS4lVFfX3nSjefTokfhU0tDNw4cPp5IWEZiGSURSSI4oHIekdGxL07XJ2ERPV1dXR8fYgvk+00SDHMe2LItx3TA1ZSRy/f9uKJ/3ISquPmWsIaKxsbF33nnn0KFDHR0dhmEsWLAgLy+vubk5NzdX7f4qvN8bkALnbv2qf9Wtrus5OTnKuBAKhWKxmOM4pmn6fD41GHVqKSUyAiQAQiTGUUqBRMg4gezv77XspGUlhRSQtmiA8gU5jjMxMTEwMDA8PFxcXKJpWiqZzNRE5ATpAoTkqS9z2SY8fpTBAnmh5OH+uCwKM2u0bypQFP597jJqJrdilgS/HO0ZSsl6AGBIQgLPqSi2tx4fsUuKdWfwwM6esjVzzuw/nbtiafXigrLc8cd2DiVlUToSgKzJlB7J8zNyho8dH7F9xIMFoVTrUJKKAomO1p4E1Wk55YXi9Y6YKI6yRH/7ZG519OzihUYkfxYVflaYlfO/8NnCt37w6r9uKfzHGyOF9XmpJztPpwrqDefklgOH65ruqs5wDJy/23X3f39tc/Uf3NO8YG6R+qS8JOd3vIlZfAxw4XzSHwJmV70QGCB5AwGWV4wxHUBRWyk3GwPGQDMhXAjOJKTi4FggnDSLoAoHQAJgaSsAMkAOmg4sBFoAuA8YA5EEQEATNAkEgByYBkyHZfPwRAdDAkBCYoSU7ncGrlQxxTXVE5Ft2/n5+TfddJOu83/913/dt29fX1/vzp27IpFITU31kiVLrr766qampsrKymAw6DiOpmlK8VZSnSpW7EYBzPQt/M4jnHngFaPVtu04jhBi165djzzySCqVuu+++xKJxFNPPbVo0aKVK1cGAoErPqHj4wxkJKVgTDKOtpPSdM1KJpG4Mg+lUqmhoZFnf/nMqqvXLl+xmiFmnORnySPO0/GFvPUZd8EFtEVgjnA40wN+Pnfu3MrKyubm5ieeeOJv//Zv77nnnrvvvjs3mosAZeXlgUDgzTf3zF+wwGf6tLOWNYnIZs5kZCQde3Bo4Pnnnz965J1UykIE2yYpQdN0AJQEiOQ4gqTj8/mJpD8QELZtGMb69dfd+5n7iwoLTX8AgTGWtqmyrGP24sBb809KaZpmNBpduXJlfX39ww8/PDo6Wl1dXVBQ4HpoIWNm9aooM13601ya5wt3ungu92ndIuLExMTWrVv7+/vXrVs3f/58n8+nNgjX0e29imwggLtvugFuKmdECMk595k+jWuRSG5ZWVlRUXFbW9svf/nLEydOnO44nUpZgKAxyRlTJHyIoGtaIh7vON1xYP++ivIywzB8/nKu6z5N85iG0udyHEfxULr7qetsV7POsqwzZ87s27fvhz/8YTgcXrJkydKlS1euXKlpmmmaSn5QLVUtIfDMTCUeuN8KIYQQKlLAFR4qKyvdGAFFBJAxFmCaqBlIkkBAxlBKUoEMQ0ODrUdaJycnpQTOmca5oRsAJKWQkmzbHhkZOXr06JEjRzRNLywsNE2TcQ6ERETAvPf8XXeBLH4fYGDeTet7N/3q54d05sjIsg1Neb+PaqIVLl1kvrjpuZ7cUDgUDTAiFqoolc+98Azcdvd1G+tefPWJRzXmUGTJxkVmgJk9rzx6GAxO0j//+jlB9xHz6ILm/Od/9eRTkXDBwuZl0de2b+m7Y93SI5uefuztnNySkqJAAsGsvP668hc3/fyYxgTmr964IPLuU0SOn/76Pwwoaj9fTfP/usZzF3johs8v3//NXU/W3/xAw/L/0fTbb//TiwYXonDen619N47BOZV5h08MAMCvvvv5luMDP3jyzb2HewCgvCTnr7603m1mDxz7+n8d6Ywnhic7//LvjhRfte5/33XBJoosrkRcTlQA50sEYIiEBKrMNgV85pLCE8wAdIBUPhcDZEAIziQwP5gB8BGgBGmDtEBYIB2QAogAGTADGAduAg8AGmmZXP1WStBzALRMqA8D1ABNaK7s+AVGJREQECASApsRY5lOCL4y4XXRq7BM0zRvuOGGSCTy9NNPv/TSS729vf39fd3d3fv379+6dWtDQ8PatWvXrFmjMpZN04RMvR/DMAzD8HLye08064fv6QLyfjstpFAdxOPxSCSiZMq33377oYce6uvru+eee6SUzz33XDKZvOuuuxYsWOA4jiqwnMUViXRKPhFJYVkWVzWoBWncTCVt06dxxg63tDzzzLO1c+rz8wsQUQiHMf6udD7nSbx/l+bvBdsWAAiMERFDHgwEV1x11YIFC7Zu3fL973+/peXQv/7bvzmpVGF+flNT067f7urt6amprWHIpZScwflkVGSSG3ji5LH9+/cLIREZIjqCEBkBI5KSBEMG6Gg6TMXjeXkRkBCPW9dfd+1Xv/qnNdVzERlkWMOlEBKIcX32k2Xxe8NV16WUKom6tLT02muvfeWVVyYnJ6empnJycngGACCEcGOqz7dmepdWnBFd/yE4273BCEqzisVi+/btsyzr6quvzs/PV/xwiBiPx5XT2BttflHH9lGBVwt1DUCJRCIQCCBnDDhjrKikeE1OzrLlzZFo7okTJ/bt2zc6OjoyPJJKJITjTE5OCiFsOwUAk5OTyWTit78lIjkw2L9x48b8/PycnJAgBMZs23GtDACgaZpbgc87W6SUY2Njp0+ffvbZZ23bXrx4cVNT08KFC0tLS4PBIGMslUqpTAHlElC2KnWs9OpZDVKuoUHlIwCAt4CFa/BSVgBAqbL8WAaKj/Do0aPHjx+3bUfVUAQASUQkCEiQmEqkunt7Um9Ypt/X29+3aFFjfn5+OBzOzytERM74tLmXDUi5WOC5DTfc3zDbN1rZLV+8Tx2VXvvFBwAAgBWu/8PPAgB84g8rAWBBugHopRu/ch8AQPiqT33pqnQHGwAAoOr6L/6P9Adr76te6zlB4fLbHlg++6CiTbf/QVPmryVfWQOU6BGNn/jsvBIfjR18+lROWAem117zmdoLvMr8+d/+z/nnflb70AIAqH1IfZxT9Vf/WKWudvndG5fffUHdfutvbnOPF9cXL64vnrWZXtzwD/8w6z3OIotLj/OaAIgIM8cLakN5oQlkQE4m1R8BGYAJZAElgAiAA2jATOAMjEzMv0KaKguBAIhAOkACJAEi6FHgOemwAlBGZQ5oQmWgp6ykpqd/HJRGiYqY8GPEBYA4nQtHCGEYxsqVK5csWXL99df/7Gc/27t379DQUDyePHLknaNH39m2bVtdXd2aNWs2bNiwcOHCcDhsmqbi4QOX4mGG/u8e/A530huqp3pQ1YOUD8227cnJya6uroceeigWi917773FxcWPPPLIG2/svueeu1evXq0k6ezmfgVDSGKMhLTj8UlEadsWEPn9wUTc0nWDyHEcYejaSy+9dPMtd6xfv95VqFxyqRnAc49VNUE5Q9FXX82aMjBLt7quq8gDxjSGXJIgIUPh8K233TZ37txvfvObf/SlL33961+P5uU1Njbu2LXz4KGD1dXVjnR0TQcAScRmeXuksJLjE+Pbt27u6elhjCcSlqGbnKuiWSSkAJCcM03jusYiETOZSJSWVfzN//M3X/3qn+i6DwBJSJKoEiikKnuYVcwuGtyiAIgYiUSKiopSqdTg4OA999xz8ODB1tZWxlhVVZUq8KbKqrlJAdOirKfhQqwDF+OKlO/X1ScBwHGcycnJRCKRm5s7b948v9/v0rWoDcIbv3AxhvRRRGanU0Hv6D53FaPn8uQbpsE1PmfOHF3XLcvq7+/vDnYn43FhO8PDw6lUyrJSsdi4sunHYrETJ08GgoGFCxfquh4I+rlmgieiRC2GhmEkk0n0AAAQMZVKpVKpzs7O06dP5+bmrlixYs6cOSUlJcFgUPWvxuAmEbjFAt3QAKVpu1q9Oq/7Ey8xpGv1UL8VQkjpcK5Jj/ygVmwhRCqVPHTo0Pj4eCgUSKUsy7KlIM4dQKlCDISgZDI5MjLS2dlZUFAYDIZs2x4dHXVsGQwGOdeDwaDbG2WrBX/sgZoRP/Hi03tQA0cvv/aWkqwRPIssPhicpyIAIlMU28iA5NLaFAsAIKDICNUZP5xeDGIIwFE/zBgIVKYAZpz0XuFH5edyYASgAy9KxwVAxkygEu40JpsatJ4+AMYZpSkFp0lRCCpS4cqE1xDubtKqOoPP57vtttuuuuqqLVu2bN26taWlpb+//8yZsWQyefDgwba2tq1bt65ataq5uXnp0qXl5eVKJjAMQ+nn3v7dP/H9Zwd43RHeH0opFaXQ1NRUS0vLk08+2dfXd/PNN5um+fOf//zo0aO33HLz1772tQULFmSuMbu7X8EgAuof6D/U0pJMJoUQQpJl2YKIEUjLkUJyZvb29u7Zs2fVqlUuD9m7GYbOyQlinn+ngQE651AJzdomA9t2EFHTmHQE48g0TiQ51xYsXPhP//TNxx555O///u///M//vKKiYkHD/C1btixZvHjOnLlAks7bPwkS+996c/uOHY5jSyl1zUBgREAEDNHQdUCpaYwxAJLBYPCWG2958A+/vHrVOs70dAQFY8hASnBsh3PU3k/l8CzeF1wdXqn34XA4Go0qsvTy8vL29vYTJ07oup6bm+vz+dxF0murmuauvMCF9GI7OV0PsHL/JpPJ8fFxXdfLysoKCwuV/1+5nVUpOGUOSFPfZQ20ZycGqkA6pQ6r8Dqlo2KGD09NhiVLljQ3N1933XW2bY+Pj4+OjAz1D/T29Z0ZHR0bG21tbY3FYkI4iUS8/dSp1tbDHR2nm5qWrlu3blHj0mheIdd0pf1CJh7eMAzIaONqSIh48uTJY8eO7dy5s66ubsmSJTfeeKPf71cmCRXNEQwGlW3CvQqv5u+lXPFOVFdIcEUCdVFuXIDKEdA0BiCJJABxnqYGYIix2Hhvb+9rr716+nR7MplUiViMqywYUIYJxgQAxGKTu3fvOXz4MGNcsRUubly6atXq5ctXLFy4UI3B5R34UJ5zFpcr9EJvYEAWWWTxQWF2LgBSxfiAKWtAQ84JKF/lMvwBpNV4kIAAWi1ACkB4vp0mNqDnQB1zAA3ABOCztWEAJsxrPYZYBISoiGLPgyvYT+HWRVc2eCklIijmPClFUVHx3Xffc+211x04cKCzs6O3t6+9/dTBg4eGhoZOnWrv6Oh89dXXqqurFi5cuHjxknnz6srKyouLi30+H2NMSQVSCs41ArXNC8aYYn4QQgAiAJEkZIykBETGUNVDnnWcKslQeZwmJydHR0dPnDjZ0tLS29trGObq1Wu6urp2794zMTFx5513ffGLX1y6dKmmaUKotMYr+Bl+HOAa+iSm5Tz1AQIAQ5FMJlrePvTW3n2TEwki1AwjmbD8vmDKsnRNB6R4Shg6O3hg//iZ0eKSUpISGVf00b+3H3I67d+5n7uDV/Gu6YQUxjkyJCkIkEgCUVFR8X//sz/7/n9979vf/o/Pf+HzTUuX/ObFF3+7c1dlRaWhG4SgqgNSegVMj5pIHDva+tOf/uSdo61WyrFSKb9pWral64YGqHHOOQopECng9y9tWnbnnXfddtsd5WWVoOqlZoytCMAYItMQQRIpw2wWFwMuZZrjOH6/Pycnp62tbWxsrLm5ua6ubufOncp5XllZWVhYqFTlmTHzrilhmnI1axKW13h6MfRtr/tXnWJ0dHR4eLiwsLCxsbGsrMzv96t1W9d115utrijrenWReUzgmonc3VnpzCrGXhlQ1CzSNM0wDL/fX1JcbNXVTU1MpFKpRCJ+7NixRDyODEZGhvfs2bN7z+6jR48ODQ319PSs6erZcOMtudE8RQvCVB4mkKbp4LEoqadjmmZlZWVtbe1NN90UDoddA4QK/VOP0p1glKH9dyv1uN96wwHctH+XCwAy1BjuBYKSEIAYJ1XgmjFExQoI1N/f39Z2qrW1NZlM6rqu3g/OOWeakGkhQZ0HAB3HSaUsdRYhxPDw0MREbGIipgIXAEAIhzFdTc4P8WlnkUUWWVwsCEe8d6MPC1paGPawWRMRA5SMqywAANb+Rqx/++7pcifOfozna/N+QAB90k+sBAFIEiqff4Zq8Hfs9COFabl5MD0dUQOAQCAYCASLi0vULn7ixIndu3cPDg6eOHGip6dndHS0u7u3vb1j8+atlZWVCxYsqK+vLyoqCofDubm5oVDIMIxIJAIIps9wQwHVZn+WHVpAegMWIKVkkJYnvBKDZVmjo6OO40xNTQ0ODo6MjAwNDXV0dCYSSVUzqbW1tbW1tbS09LOf/dyNN964YMECRFQ5lUTv7qTN4vKHWwZIZHQYJqWIx6cG+noDptFy5MhPf/LTk8dO2RZZKYkIXGOOtJnGHEmInCRwW7y1583WQ4eKi4tJECASsVlWFVIFRS98wrxnKoHn08zHqOoWMg5EiEyJq5pmfv4Lf/CjH/7g4Yd++rl7P1U/t3bzK69cd8211bW1RAiEaiJLKVQlsEQ83nby+Le+/W/btm3jjCM4po6Itq5Lv0n+QJAxbhhGwB8sLStdcdWKT336s3Pr6v3+YEY0V2M/qzNi2qSC2dflIkHxqwOAcpX7fL5wOGzb9unTp1esWFFRUbFs2bIzZ8688MILS5cuXbFiRTgcNgwjEAion6uEbTdk2jwne50AACAASURBVLZtADBN893j6j8EN7vrz1f6Xnd3d39/f0NDw8qVKyORiOM4yuc/bZxZ//80IILr/5eS3Oj6zLfpm+aGTgSDQfceBkOhaF6ucJxEIpGbF02lErqu9/T2xiYnDx9p7enunpiYHB+fODM2GYnmL168pKa2FhEBSEpHGRS8Kfqqz2g0ahhGc3NzdXU1ZOIFKJOO57VMUYajxxvr50avuC3hXBnDHbwrFbifM8akdIQjMwNDxjgCJRKJ9vbTR48eHR0dDwR8iKjGn65J5JBlOYgUDoej0bxIJFJcXOT3+3VdDwQCPp9vzpw59Q3z8vPzhHCUNIIIRFLXs6FPWWSRxRUCRY9ymWCWKADpSOCMkVRZAID0VE99oZPgMo6OACDTZ5r+AFCmZMC0Gt1E6Jbmnk2/cx1zZ78klV6AkmR8YhI0Lniwh+WoXYgYQwLgKIX0ylEZBoGPu0TMObdtW9f1+vr6OXPmSCn7+vr6+vrGxsaGh4f7+/s7Ozv7+vqOHTt28ODBQCCg67rP5wsGgz6fLxqNhnPCgaA/FAoBgHIgKJeCYRimaSq5lnM+Pj7u9/utZEq5jFKp1NTUVDweT6VSsVisu7tbShmNRhWrMABomhEM8uHh4aNHjxqGce+9965fv37hwoWRSMQbX5oVNK8MSBLuY+3t6zl+/Pixd47u2PpaUUHhgbffPn78pGUL2xII6URrzpkjpJSCIzJkiHJosP+xxx5duWpVMBTOxJucZ+14H/i9FgdEFEKSyosCys2NfvGLDz70kx88/fRTjY2NrUde2LljR2VNLWXUPyBiDAHk6OjIa6+88sjDD7/++g7GWE6OX9cdAruoqKi+vj4nJ6e8rLygoDA3N7eoqKiqurq+YYHpD3FuZERx14f8+ww/i/cHtw6ZiooXQoTDYcdx+vv7k8lkOBy+/vrr29vbd+/e/eabb3Z2di5atKimpqa+vt6yLLeMmWtHuAyjl5V7XxVjKy8vr6qqcmO8lRXAk3H2brwGHzeoW0R0lgXAjf6Y1pIy9D2uQu4F17RIbm4oFJLS4Zqm63p1dZUbrn/69Om+voGq6upIJLeqqso0TRXywzVNhWXAuU8kLy+voKCgpKSEc66eo2uaVw3UgVtBYNZLcwfsrt7K4uCGA8AMY4F7gY4j09NepimBBgYGtm/ffuTIEcoUM1IRgmqC2bZjWaKysnTRokU33HBDRUVFTU1Nfn6+Kl6g67ppmj7Th8jd7IPMCphdB7PIIosrBJeVYJcxAXh8TVOJuKGbtgXIiJADyXFhjjEDWAQ1BEQEhCTN4qM712E1DedjSfL+hYik5xESEDCHERCoWlgAhsan4lNZF9hMqAg9yMR86rpeVVVVXl6uNnLLsmKx2NjYWCwWi8VilmW1t7fv2rWrpaVlaGhICME4SqJQKKi27ZycHLUBqzoCACCEUDmitm1jOoMgbQVIJpO2bVuWlUgkNE0rKytT8QVE5PcHqqtr1q5dW1JSUlRUVFFREQqFXKotr7R9SW9eFh8QCBzhcMZjsfGnnnrqmWeeGRwYGOzr0bhmWbbPZ0pJUkjOmSAiElLYQMAYMUYkhCOdcND/4oubvvzlA2uuuQalsinwGe/7JXj9XVmWiKLR6P333//IQz/67euvCyF/9cKvb779jsLCIglSSiGlSKYShw4d3PTrX73y8sttbW2RSN7y5cv9/oAQIj8/f9Wqq5csXer3+XMiEb/Pr+uGpuvI0oxbSux2FUj6APIgsngfSC9xiIoLQC1oPp+vvb19cHAwLy+vrq4uPz8/Pz//0KFDu3fvPnLkCCLeddddV111VTgcVuueqqaugsAvEyuAy/OnFtvDhw8PDAysWrWqpKQEMurcrJSx2RmoQDOkFG/6xqxw77nbxnGEEJJlou5JStM0lRrffupUMmkBUF3dnDVrVldVVWm6DoicMZLSsW23CAhmmPkUMsH2Z8037sDo3ByTC4lAcQMZvHEB3g7h3NQVRBTCUS2TiWRff9+WLVsOHTp06tQp5bdX0kgqlVKSSUlJaTQa3bDhhqamptWrVweDwZxwjq7rkqSqAiBJqgQoN7YiY33IhgpmkUUWWXzwOBsFoJJ4EWF4ZLiyogoAhAQiAoaMGGWo90jF4p7r+E//l1mo6ewf51+73TIAnkYEAAwZMkIEQqYSaxlwhjpnvYNDWnYjmAG3MBVlWAMU767apAOBQCQSqaiocPf1qampT3ziE+3t7du3b3/uuec6uzorqypCoVBnZ6fP51u+fLnyfQEA5zyZTLa0tKRSqY0bN/b09EhH2fKtTAPGGDdNIxAIMsaKiormzZtXX1+v4mP9fn9FRYXP58uEC04vke16VLKGgI8+GOeIAMFgcPHiJZ2dXXv37An5falkajwWk1IiIwBIpSzF74kgERBJghQIMhDwCRK2Y73yystrrr0GUQmadMlNfm5VLVUxm2u8tKz8D7705e/913/tO9iy7+3DO3fu+OSn7mWcEclDBw/9+79/66239qYSU5OTE5rGGxcv+Yf/9x9zc6NEZPrMcCjs8/sAVDwxEEnFhZle5gAgI/VmVa9LAjdNWj0CxZl/8uTJbdu2NTU1LV68ODc3d8mSJfX19WvXrj116lR3d/dTTz311FNPffnLX165cqVbI0DFAuBlQKfnDkblqI+Pjx88eLC0tLS2ttZNF59ZH07ZQS7tyC8fuMER7ifn27CmhdZn9GThuuIRkWsaI0RE3TBM01SMjIl4wrKorm7u0qVLi4qKgMixbaYy8jmHGcq8mlpqvqmTujQW0zZZzBgdznd105Ya1zTv/dzbc+YT4Jwn43Gl3sdisZMnTx46dKijo6Ovr9+dWgCgBhkOhxctWlhWVrZu3bpFixZVVlSqfoRMlx5UnEQIjFj66tSMVYY5TbvSKql/5hPLLvUQssgii487NO/WoHiqhWN3dHQUFhUFA35N12ZK4XjuP+6vUen8OI2y29PinD/O3ZMU006613N+7jjO5ORUd9eghsR4VlecDrfGj9o4lcbiyijKQOCy+6iSP9Fo9IUXXjhw4EBpaeknP3lPzZyaXbt2OY6zYcOGBx54oKCgIB6PG4ZBRIlE4te//nVLS8u9995bUFAgbKnSEb2lgDnnfr9fUQYoal81GNu2VRyBCzU89ROvUeDDv2lZfIDIqBnMETZjfO3atc3Ny4aGhkjI2NhYa2vrjh079u7dOzg4qApcWZaFAAzRFo4GYJoGIti2lUrJp3/xxH2f++zCxsVElCn1d8mmh/RU0lbRtslkKhgwS8vL//TP/qx2bt3jj//8pZdeuv2OOznnZ0aHn3nmF796/lnOkaTQdR1B2o4oL6+K5uVJIQAREUhKxjRVExWRQ0a2djV/l2P8Ul31xxlK5VAhGOrfUChUV1fX398/MDCwZMkSpXepoOW8vLyqqqrx8fH29vaOjo558+bl5OSEQiFX63tPX/GHA6/+FovFJicng8FgaWkpZcjhVDM3mNzVIbPz0IW7T114XD1kFkZIzytV2gil40jpMMZMwygvr5g3b97m1zY7jhMOG4sXLy4vLzdNP9c0ACC11wqh6WnLgkcDp1Qq5fP5VAqSMlDOOux30f/P93C94/faMrxnJyLGUNd1Qzds22471bZ58+Zt27YNDg4K4fh8Qdu24/EE5yw/P3/hwoVr1qy55pprcnNzq6urg8EgQdr2xBnPsJwwSVJKwZg2jZDoivQQPPnCAQC4cX39pR5IFllk8b6Rlxu81EP4YKBNU8wRQePoCKevt9uRas86zz7h/iAN16s/635zTgb/zBbTUgm8fzAEjmhoTNOy5PGzQ0XmI6JhGN5MVC+vr4Kmabt37/7GN77R09Pzmc985qabbqqprdm2fevx48dXrlz55S9/ubKyUtd1zrgQQkih63p/f//rr7++ZcuWv/7rv2bAvfNBiSjK5O+yYSn5wCuUuCIIIrrUvkpKzjL9fvTBEIkxQmQMNSLpM31+nz8cytE1jYhWrl5z/3/7Qk931xuvv/6d//iPwcHBWCxmJROIgBrjnBm65kib61phJDA4NPTCr55vWDBfStB18xye0g8driLkqkl+vy9lp3SNFxaX/OGXvnz7HXf19vaapgkApmnatpyasooKI7HYlBTxQDBkGMbY+HhOJEKkCvxxYAQIkkilVKn103GE4ziGoWdIsM568C7JhX88oQL43duubDHRaDQcDh88eLC2tlY9GlVxjTGWk5NTUFBQUFCwY8eO0dHRWCwWDoendXg5aC9qGnPOHccZGBgIhUKWZQUCAeYpbg8AjuO4Ve7AE/udxTT//7so1d7g+WkHiKgqKjPG1HLi9/sLCvILCgoMQw+HQ7W11YsXLzYM07Zt9SzcM85cB4jI5/MBgNpnlZnSzQWYZiyYdahuy/NdiHuZs07jdNETSVLK/oH+lpaWffv2DQ4OxeMJAFJxgkKQYfCamprly5fffvvtCxYsMAxDDYwzLqRQplUCEkJoXGPIBErlJFBnVNRChmFkZ2IWWWSRxQcObaZ4zRB0zjhjlC5z5W2hSl7NpAE4B9PNAOeyvpP7pSdXAN0fzdjtGCAicMZml4c/9puDipdzVX03tN51LbrbeTwef/LJJx966CHbtr/3ve8tX75c07S33tr7xM+fyM/Pv/fee6urqg3DACAhVZ8MAEtLSgHg1Vde/cpXvlJUUAznkh6pPFLOuRJZ3DBCdzwqKmGaP4FUoSDO392pksVHBAiAlmXruobIiKQjHLdWFhAZul5TW1tbW9vc3Pz9739/186dPV2dRIQIUkghbZKCa1oimTIM48c/+UlxSclnP/eApumI7D3yiT4UqGshIgAyDdcwASUlJcXFxQAAQIFg4OabN77zzsHWlkOaTpFw5MzYZEVFRXFxUSbg5Ww5rgy/d7qkFudc084x1XkpuLP4cDDN5qKI9EtLS2+99dbFixeHQiGVeq38/KlUyjRNxlhBQcGnP/3pVCrlqmHKlOBqYpdWkcY0c5ujwrIKCgr+4i/+oqSkRC3LkNFp3bAsmFGqMAvXDuh1j5+vJWSIPMCjvSMikRBCcMZULR0CQMYY426lvaKiotKyMl3XGeMqJ9O2LM65puuzrn5q6zRNUwjhJgDOap54l+c483Jck9A0z7+3mTJeJpNJRzhCiomJiZGRkTNnziSTFhFpGrcsm3PGOei6HolEioqKiouKGWMa15Ch8hwQEeOq7DRyziVJhowzxjPKP2WIUShbNiiLLLLI4iJgluAxAEAEnl78Z+T8Q1pLn7Ekn03nd+HSvoNHx6fzpfjijMgCz86EQAD4sdf3Z8E0P7/aUL0mfEVYPTg4+Pjjj7/44osNDQ0PPvjgokWLdF1vaWn58Y9/zBDv/+znmpuW6ZqGKs0PGaXVFWkaRnVl1cEDb7/x29fvvPPuaWLBtAHM/NalKvR+7h5nlf8rA4xxw1C8TYDINe+cRECU6nkvWNT4rW9/+7vf+c62LVv6+3uHhgfHzpwRgrimWbaIJ+xAQKf41E8feWRe/fyrV63SuAaoVGUlTCPAh+cbn6YIZQYgKW2SQAAGmK5nwjhfu25df3/Pv/f3jo2NSSk51xcvWeT3+yQ5AIDEGONSigzB1dnJf45NFRGy78WlgEdbI1cN9vv9QoiCggK/348eQnhd111TpvrT1Vi8StSlvSLImAAgQ2sfCAQqKipU5ReYLb3cO/Euh/FfDvA+zQt5stNi5iHtVE/n+0DGuiSFiMfj/f39JGVBQcH69etra2vJXd+I1BwDIpotstIdj9d2M3Ns7zLUWQ0Z0z48f5t0JP9bb7117Nix3bt3j4yMSCl0Xdc0rqoeIvLq6up169atWbMmnBP2+/zJVFKVyVS+/XRvkIk6SQuI56yN2ZUwiyyyyOIiYVYTwDQ3v8epn+boyhhlET1O/RkFcsD1/+Ns3087p/vf+9Tys2LKeeA6oBBxaGjo2WefffrppxsaGj7/+c8vXbrU7/cfPHjwRz/60dGjR++88xPr1q3Lyclxf+itgaTqY09MTLS2tt55592X9JqyuJzxLm+iUnoJAKSQX/vTP73rzjuPHXvnmWd++dRTTyJnthCJpKVrWirlACXbTrY99thjNTU1ZeUVqLLmMe02JyLOL+0rP5OeQJlEmaYb9fXzCwuK2k52WCk7EgmuWrU6zXcNyiQnGXOXOMyQHZztJItLDlf5V4unaZqc82AwqMqbz/oT1+E/0wB6OcAdm2EYeXl5rv8/iw8NZ+Pq0zsyAMDU1FRHx+ne3t5oNFpSUnLVVVcFg0EAZJyRpyYfEV2ea4MQYmh4YM+ePYcOHTpw4O3R0TPKNOA4jmnqlmUXFRVUVlYuWLCgoqIiEAgo5wR6KiZehi/LJcELL3+h7fhJmZCnTp6un1sfieav33B9tLi4ravLAeYzIiualm968vnkmfF33no7nhqfu2zeyutWvLz517fddZNuSsPHTx0/XlFWteWV7Y889FZVub+mZqGEYFtH7zsnTpv+wBubey/1JWaRRRaXIy5EFPDq/9O+kYA4a5DWTD0+Y+Kd3lpZf8+JC6DZMwKmxfwrUoFsvuKscCMSOeepVGrfvn3PPfdcZWXlgw8+uHLlSsdxenp6nn/++V27dq1YsWLjxo35+fnqh2pjduOQiUjX9by8vGQyOTg4eL4nk0UWAHABeiwBYwBQXllVVFoyODz0/AsvxONxyxYEKCUxxlMpW+OpY0ePHjv6TllZBQFJIs54Ogfpsph7s5gAVIxSw/wFTcua29pOTk7EbNtZurRJEqmKa8hQkkRAl/wfAC55jkMWLlwnravJu2Ualc7sskK4a6Pb0iU3dbu6TGaquz+qJV1xGWY3zQ8ZKoAIkWVMAAQA8URiZGRkZGRkWXNzbU3NosZGTdMd22JcVyYAnkknudTDnx2KEUMl/YXDYUSmamoSydzciG2LpUsXNzc3z507NxqNqiSFdJgMMuDv2f3HCKOj40uXLj/ZejwajVZWVidSds7/z953x2lRXe+fc++dmbdtX3aXpS2wdAQUxYKiQmwxsSTGxHSj2FvUaEzRn0aNvaCJNaKRxMQAsUXsYgFFmvTey7K9vXXm3nN+f8y8u0tT4zdGDO/zgd13570z987MnTunPOec/OK1azckPWpPpb9+0lHz58/v16/vlMcmt9fWt8Wb8noUAJm8WIGXNpFYbP68eWEn9NFHSzesq+vVQ9lWXrfSyrrGeFtbezQc9vbV+ZNDDjl86djJBJAloHXZ0vmF7/zv0g6AGZB97X0n731nrD/ulv9vT8JzVv/PLVX/MfjxgX5EQH19/auvviqEOOussw4++OBIJAIA06ZNe/vttwcNGvSd73xnyJAhPufQz+HvS7odoa2xWKxfv362bcfjiZy6ksNnR5dUfp3TRggJwB5pKVXvPlW9+lStWrUakQE0gzBECJhOuw31jUuWLKmq6puXlxeN5UWi1r9PEPqi0HFGXVdKRCGEjMbyvn3GmR8vXPjR3I9isbD2jFKWIUKBArKaP4u9HC+HLx8dUdzcBR0xyb5uv4tW1qHw7yNq/y7wh+enX/XfCHtLIJ/DF4edZggyM2fS6VQqXVxcfPS4cdX9+5eVlxOjl0orDiaYZAbhR+R9uWPfM/w4/5EjRxYUFBQXF7e3t8fjcV/w6Natm1Jq5MiR1dXVffr0CYVCRERAAgUTgwCBYo/RDfsnMikRCRfE21OOEwYWVX36exkhIFpakp/Ytn3p0uV5eXkNG7a3trbWbq8vryzJj0WVFOtWr7Mc2wqHkkm3e0VZLFoci2Z69SjbvqUBKNq3d4+585YPHTykqa31yz6/HHLIYR9FIAf4JfmY/TQ0Hd8GUjfuJVFfR56uPazmvLNFgLMpAPYemPYJR/gE7LM28i8XmM0FCAB1dXWrVq068sgjff1fa71x48apU6fm5eWdd955Y8ceEYtFfdHQl3Q9z+vIFIWISqny8vJevXox5ypF5/C5ETz5WmulpBAKkAcOGnLiiSdt2rQ1nmhmRm0MAFlKZtKZbdu2T3l6yvJly8ePH3/oYYf16GULoaBLpah9ADslyiJiPy5qyJBhRx8zftbsOa2tiZkzZx577ASlLAZgw+Q/YvumRJ9DFh3amm/X6RoX0FE2b4+77LPwT6QjG+WXPZz9ET5J3v+MwAgQDocHDhxYXd2/qqoqGokk43EnFLUsW0rVkVCQiYho3yyFjIjRaHT06NHDhg075phjgIMqP4DgB/zn5+U7IScSjnS0DwL+c8ynnaFE3qgRh5ukQaZEW2rmzPcHDz+8f9/uGeaC4u7xRPPy5cs3LF6RSqX6Vg1oaNzuWHZ7e3s6nWlqTPTs072qT0VrU6p7WZ9DR/ddt3qDxVvRRPr1HrRjS21ZWUU6nviErnXT1menLnplaXOLBqug5Ijxo8+dUFbw35pve+s9s+6Dc+7eNPTSM3415N+2VH7KvonZv/zhlAlPPHhc0Zf7UCUX3fLjpw597K6v7XUc6cW3X/K3MXfdcmzhzg9Leunt5z065J77Tin9P59BauGN5zx1xB/vPa7wS3oe93aOnwRdN/edHQOOHVG4T66KXzlkH5Kdw82cULSqenBRaWk4ErZtx3ZClm3bTsi2bGnZlm1b2Z/SspWlLOVIpZRlSWUppaRSUkkplRQSAAwZMlr7la+0Nlobz9Nae9rV2tOuqz3P81zPzWjP057ruq7rZnQm42bSruumUomWhoaNa1dm0knfft5BGsBdB55DgA5R1RgzbNiwhx56KD8/v7Cw0Jdoe/bsef/99zuOU1ZW5jg2M/kvb9/zb4yxLKsjHQAijhw58oknnigvL9/ZQpRDDp+E3bg9CIBCWvFEPBqNaqMLi4ovuviy75x5ljEEgG7Gs23lp2NDJsEcikTyCwtj0ahSCoLqAPsmMIhSQLYc52cTJ55wwonCsiu795TCMoalEAH/gXNP0L6ODiXfD13u2AhdLM5dt+/L+v/uPv99yYi2v6BrYD9m6wswc35+fmVld7/GRKK91RhtO2G/VIBPP+koR7oPwh9hYWFh19zDfo5Af/xaawQUUgRZAAABAv9/jgLQFSef9J0PZi1o2FG7YvmSE4876bBDx/bqMdCJliR0BhXX1K8lN5Wsa2jt2XPRu0v7VfeKRCISMOTkb9/aPHBgxerl9fE2TrclhFGZdH5l92GWQsGRkIq2NrS6mcze+uVU7aN3zXwlUXzCqWNHl9DGuYv/+s/Xa8Qpt03I+y9whD6h9y++868AQiOufXzEf/6wn1sC+SJEl89xjty+aNr0bRceNaLQ/g8PZv9Elyc9S7S1Q+ERBx/maRNPpFKpjJRSKksqKVFKJaVSQgopskq+Un5lGyktIYXfWAi/4psUwq9R75d3NWSM1p7/JxlttDbMRmsyntGGDJExRutsU2O0538OR/MOOPiwxfM+yKRTAF0iDZg1mf/2NfvykGVW055ykhGDIAABjMB+WDUASami0bz+/WKAhkEYA8AQDof7VPW1LAlMiAgoEViKQI0JhUK+1OiXLvI84zjOgQceqA0xcjaSsUsU8y4D6az1SJAlP2fb+p6QnPlu/wUzRyIx18vYlg0ARcVFRUWFApXWRippDCrFYDSQRumr/YKIUPix2f9movXggTHZCSi6ZB3peIg4+23AdmIkCKKTMNsSAETwJRAAMHTmQCEAgSDQGGMAUAqZHy0oHFGCKAEEUNYUwowIQuy76mIO2FHsxl8YAf2KpwAAKLL1a4PQNgTyS9ZmP6Nf5hKAGbrWcvct1QYYAQA5sGQxMmVDQJABADn4RQgILBhp59WSkAUEJTGCXjoCUvwtwSTvhPFL0PmaJGfrxXZUY83hvwMhRAeHDhEBhJSivLx7t7IyIQQwa20ikTyUCkCwgWzlZUaQIIPCqMF7n5E7VzBAluzzMJERGJCAEVlmLVWcXegEMgP6a5cwiAJYsGFARhHMTOhojJyN/BTB5PTXO2L/WwQAISWTASDufGqEQETf1WMpy7Yc5oAhJQQyILGWwkKgzjJ/DIAMLABptwip/QXJOJcUV879YGZzc/OSJUuMiTQ1JkqtMqXyBOiCgqL77/n9AX2rhw4dsuT9lUo669dvGHXoCIX2wMEHtjbr999dVLO13U3NUmw5th1znLw8Z82qNcWFZW1NiXRmryyAtuVLXm9Ro88Zf+HokAA4bHh530G19qCQAAD21rz14aQZmzYlwSnt/s3vHvGDYeH00rd++MeWb/zylHN6w4op/7x2XtmNtx89ZNOss++rGT6+dPW78VOvOdx5bfaUea0JsKoOPfi675XNvuP5p2DUQ78a3kNkZj047fZt1bffNGaI/Sm9+zJ9ev2iXz+5Ykk8fNC3Jlw3odDZ05BEpunFp2c9s6A1AVb3YUMu/vEBg/a4727nbhre+ePvnliSsSCtu5903S/PHGQ37rolzM3znrztyflxySnq8Y0rrjy9f9iftd7W539328vbDICJb97onXTf5DOX/+Kq9RMnX3NgBKju5Ssvnn/WE785sPGlO299fiPblMRBP/7Nz0/ozhufv+W307bmd+/Rp2ebAQBwN764SxsrGGFq4Y3nPHXIdcd8+MiMLh09fWU/AE6tm3rzpUs31dTbR139+0sPiWze9SC862ELl9888aHoqMiy9qP/329O7WntdDEovuSxX97XctadV4+NbfmEHa+ueurChwqOqa7bUr9jc2LYRTfvqeuO8S+6ZeKnNS5cujMNYferscuJXDZi8aRHF67Wd95ZcO3lB358/567zuGzQ3UhswIgMEOvqgGZjOu6WioJvvTDBhgBhb+co/A3IhMzMSACg0+EJYHIEtgGkgRCsAAGIkEkmNAQMyMR+3W1mBGIgLijyAAz+Sn+gAnYAAAgMFHK9WyjelZVr12+pLNiIAS+t//yJfuywADGV2JYAyCg2imLIhMjakAFLEGj2am/mAAAIABJREFUUAyAYBCAUTAQskuoSFoWCSCwLMXAIpAJJDJlxYWA/A/AQggC7CgYbSnpL807h0GTvxeD6NzOAEDAvogMWWGTs3KqD9HRfH+5hfsldrm5ftlnxwoFf6IAZGBjWWgASUGKMSSE8OcVSgYUQvozSggRzC8GYgAmKUU64zmORcYYo23bImJEYYynpB0oa2gYDIJk9itOg5LgP0yGJQALJASZNQWQAUIACQiBtsa+ukUICISkAcBD5aEIQZDLlIGQXCmQWbFhScIDRYA2AIoOQ1lumu/T0OQJIRAFkAZjCBUKBSiMYcBAcxfACMSABCiBAECDEMwSDLAAlAAMSBjo4QQsgsUQNSMASGQBBgCBJRogApYAigUCGEQELdAAST9u2tfoAAQJA0DImFWTGIAQhD9nSbD/vCAL5E4tkQUBGmbSWu8S0bALuyGHLxLMHOjh2RqiCICAQqAgMkRCSRsRiAlQIPrVjw0iMSoGRL8sE7lgEIXjaSMVSqHJMKJkAsOAEgA8CQZBAskgexMyokaQ2gOJjGhACM8YUgqZHHYBpEE7o03IkpzxLMd30QsCYYAZQAJKAMHsv9ARBQezjgWAZSl/LQ5SnDIAoBIWB3GcAgBA+NZTBkCBihm72ls79oKO9vsfXnzh1UEDe5aXl3tuezQaicfFwgWLv37aARljUjrT2Fh/7sSzU/WNuo3T6bRAFXFCxmBzU9JL4UsvvbRlc6uXFukEh2XYtXSr1xwJqdam5qJoNwm24L15S03jpnYDeYf0dYLrrmKHjov5H1Nr5980bXPpycc9erj48M9vPvHYh/1/d8yoPR0FpZCQ/nhD4ZU/P7Cvt+N5q+JH1x4/NrHgkgfnTj7k9LOPKHpq2uZFLUMrQ3VvraOSsf3725/eOwAA6JXL5ZUTx/Wd8u4LLy1ZdeRRAzbvYUgj1y+YvADOuu7MU2IN059bv3hLptrZw74jdrUBmNp3pszr+4tHrxhup9a+9nJNm6k2u24ZRIv++IdV426fdHKZaF9w13n3zTjsvm9VSgAAq+epNz14KoC7/tlrr199yo8GRUvKTqt87rkFbaOOjNZ/8FrzmJ+NyKO25XrIubf/ckyJ2fj0hddNX3v0Dxse+mvzdyY9ekqZu/Shs18zAKatduc2x1w8pOtYrV6n3vTgaV06csADyNTvGHDLvReUts/85dn/WHT2gcN2PcgF3Xbdco6w3O01B01+dHzJLk8ZZzY/f+d9W06+6fqxxdI0fNKO6aXKra8ffvv/Ozc//v6vfvzswp8eeMBex4/y0xv/bJe7stvV2PVENjx53o9PmLpV/eIXp1e2zZn3SZcuh8+EnVkAAMSQl1+QTLno+3q1YQuBGQhI+H4LZDZMwMKvn4xMYAyAyge7FO0CsgvdWKEy6Aso6HpEhow2XpqEq0OGKC0SNZiqYTY7/SMKXBbATD6pjFgb3/mWTrt5eQXELLvq/PtZRQDs/I0dyjbvlFIRds6qgJ17YcDi586j+Pq/b34RfnZHAAJWgdsKEILCj12cnh17BB13iKS+yaZDSO1s3fEzpwPlsCcwkAvARkQMogEgQIGiY+4wQgfxhIGJfEE5KC5lWYoAUAhb2hDwX1gpFfi0hB97arJJS1Cgnx2dSBuhJCEbYNnFnRr003V4XYEALAQKAaiJZUcyPwHMzIYQJCinq1s2h68E0FfggbJVbzHw+mPXRczXbna6q4wAJINQb0ZkBODAK8ucXZuRABEEsAEQ/rLJIAJdCQGog9vWZdHsJFxl7aid3ALuOk0ZCH3CCcvsvgDAUgoVdsBPQJelBABALh3glwcBwETARFKhlEog+iRbYhQdr82so5wQPJdCCpERkJm1pWTGGGCQUrFhzyXlSNMZkNJFTAh+oRACgJk0ArNfwwIA/ARQzLYVZLvsYPD5L34OGE4I3IUUlRUUtKeVEsAIQgDvEuHfRc1g7LIQil2/hT3tsp8hEolKaWUymeXLl59y8mmPPfaPvv3H7dhWX96jR8pttyyLtJy3bMmC9xdWVlY2NjaKgvCbr7+fSfPyZWtWLV9rTCgaKom31huVcaXMC4eSbSlyUzu0m1eQ79h75dX7EpxhBuDamTMmPtsMAFAw8K4bR6slNa1Q8pMjyyoKcMIxJU8+WjenRu/RBAAAADhwwpDD+zqmpc1pXT31oS3ThdcKurmdu42s7j9t3jtr0kflr1/iRk8+vJO+vffex/QBABBDThh6WLWsODDvhVeTLa6u2dOQxpR0q4QlUx58bfGgitGjhh03OCQ37L4vwK66oSw9aHzF1N9de/NRRxxxzPhTjixV6O66xV2/aFnt6pU3Xvo8AFBKG6fJg8rOMCpqX/jITW8PvuauY7pJgJLDzhj452lzm8cMnf1q4sgrhoRBiMqCuoduvXKKdKhhR3t1OtOwaltkyKAiCRjuP2ZgbDWAzNulzZ5IzTt35AE4PY84oFSBCJWWhdLtadztIGL3w1pg9zhkyG4B9Kb5vUnXrSq+evKJPWwA+NQdQ90P6pcnAK3CklAmkdm9664H/7ca77H3PYwntNfGe52eOewdWTmgQ41kVpYy8aRUCgyxwiDRFWlJjGgxEaFBQDIGAdkwhSpU3iC0CtEKubGwyndCIStkTKY56SZdIiCDRNJAWKtYqiRfC0nuEIq32nVLnMRqJiZDTMzGMJH/oiIyxExMDAyGDLExWlkRIpYCP0lA/5+GT0VlVAFJkAkQKQixkwhgBeuqyMqvEpDQZw9ASAAgoIcAADYYYAIUDB0au2TwICt2EjIyi2ClDnSpQEDxpVkW2TIRwhcJAAhABtaB3RJL7iKY5JBDFoFjyf+vEAJvJ3ao7r4NQAD7vjMR+I18YrOUzEDEIBABUUhAZCagwBnLAL4g2yESpzM6HBJCMpBBidxRokp0WQk7J6qAnWavBABkkAhELBWCZhBIaPk8hSDtKfuycw5fDfjOfQFCgAEA9pevwPZEiMJ06ubcQQzJWgN8jYkCnhYoAA+BACzuMCyxRegzQlxADWgBSAEdYSIGkAQgB0z+Dk2p0/jQhf0W2BS6GHOz07aDSt2VK9fF7e+nfd2v7Ob7JBCRAcHPIUqGEQUxa21sSwESgAcsgJW/iNg2siEkCcIgeAaFlBYCADEKUg4y+1q+hE6eSNZyxSqr1iNKBYgKQPvaP1q+5dI3RCmlgre8r7QjAbAEgywABaHgYNQAYABYSJWdXX58oM/JxF3mFu5PEtrng+e5xnhSyqFDhy5evMRxnH59q4VQ23fsMCouhKitrd1es23L1s2QjlZW9tQ6096WZlIrV65Nx10i44BTkh+K2DYaSsebk8lkUlnEWFHeK+16e+lWduuTb0HtnDXpk0sixQcfdV+/zJqX3vzDlo4GOzuT/MgoYE0AwNrtGkkko2EJoFc8/8H0VUWX33Ty0cklF92yBABEUY/j+8x9fO72j6M70t2GHFPeoUF/au/CsQQASrvrUHYdktVzxN03ls9euG3hiq1THl/52kkn3zF0b/vuBLvvWbc9deL6RbNnvznpor8fcvOkiQN33fITBbLb+F/de+mQPfEodO0bt03acsrvbh4R9Rff/ANPH/3Q5PeWNr5txv+irwVmx6u3Prr5tPvvPqFc1L546YVLILAe+14GJgbQtbu3+bSOAAIPCfgOOjC7HYT2eFhhOdZuEolurCs+tmjh1LdrR3yjQu1+qN12/JSud8a/1fgzn8heGufweSC6yLa+tMIMwGSYidgQGTbkK+dMfg4bCuL4QXnhnlB8DBaOw1gvWVIS7Vta3i1SLLBbzIoVhYt7FVph2xAaAm2ADFDSldsasb4FUOj80pY+4+q6fzNudfcYtfEMETEF5gAiNpoNERliA2CADAPwru8X2H9USszGIVMgKfq2eJ9mGoQJCtAIRCB8Wj+wr0R5AAYYgfyEvL4z1ecPdFGNALPyqN8GGRDYJyX6Hk3GwEUmsooZAAayAgbakQDocF51yCIdvzukW9ivbDc5fBL8aUXCp/cLX2oUPsGk67+gKTMBBIFCfiQtoh9tmyWbZOubBIcHwSA5qyh5muyQzQRMhsj1eazMHTMfBQhfhc9O3KB3AQwg2LeMITKQQsLA1oCMkkCylCCE/3Tmsq59lRCE7/ulaySgwmyUPwShziwDhyZysLr6i2GnJx6BAn+9zzjp2BmAOs1LnWuj5GypXQYIVnhmUOBXkEQEloDM6CcN6CB8+Z+7Wqk619LOT0G7TgSbEbOhXTn8l9HlNjETGSGQDAkJQhARO5YKmmVnXpYHxVrrQC7ylYdgiUMC0KQJO8xE2aUSAXxCVXYSIgIIQX6gHxMCG5YMQoIQzApBCEkdnHwGwayARZBBgAlRgyAUCCTACCBjDDMSCgBElICdK3AO/xakwqLigkgkAiAQpBR2a2srETU3NycSSSJRW9tIhrtXVEZj4XiyPZ5I5xd2q+zee8e2ukwSCqOhorA9fHDf8qKwRamIpUvzw6x13E3UbK2Ntyb31m/ekAOOL6bFf3nrwTc3fbypddOqDe+s12A7NsruI7oXQOOL79XXtzS+NbORQhVHVioZiUYhtXhJc8OOLTNW7W5ZYDdpAFFyevH7G3cAZBIey+jBR5SalYueXOT1OqKq0vosve9xsGpPQxINC+bf/Xxd6aEjL/vZ4SeXQMOOz+gL1tvfePK5dXa/Q07+0eUXHZL4eG17ZrctqnzkwMz8metTDJxaPW3S1FXJDpkivWbKrX+LnXfdaT07zQORwacc0/7Xe19UXz+20gIwyYa4071XkeL0xrdnbkx5ZJUMqEisWN1MwIlVs1fHGWi3Nruc/B472gW7H2T3rveqJTnVZ5xz2Y0/gj/fPn2Tt4cxf7J69anj/7ca7977nsaDEsnTexwqJbZv2NpuoPNDDp8GBZAlO2aBxIZZaMMKDRKA8Z1rYAwgsBaI0hT0zvQYJ6LlEeL8snC0KJynIC+sKOE2JTQTCynAksV9ihrXN8dbkkRoiImB0hriGWxPOeVFYIcShWXJ0ElQuy5a/6Gja4gMEfvZ6Q0ZY7TxmYvaGGbYcwaj/eel45dtDN7JEjsExw4QkGaUhMi+s5INgPE9Ub65oDOTEGbJ/IFLyWeadmjrGPjzIbsVfaVKA0gGBR1c2E45Q/op04KsQii60GU7khZ0lVlzwQE5+EAARZqMBKGAgQUaYD9KOstnQQSgrLGJAYCMQWEBCp8IEJAIIGu+EoI7PbbIIAO93M+IRUCElpTAhtgwBoIJITCg9DnWgMHjEsxTX9+TjBIRmFn4blzt+nYBTQgomUEFD4MvTeem91cDvoMLmBmE7wcVTBjERSP69xiMP5fINzKBAQAMmHQGmPxZQggWATL6jGtkYAxmDwBkg04QgBGN8I1Nvp5Gxk9+wQBZd6qfmI0FM6PwaS3IhoMgAn/onE23EhgFOs1ZANlA8tw8/NKx0/tOCAFMrc2t8XiyW7diy1JKKAr48r7pp3PtMdooiUAcb21uSyRcsDNGKCZkAAtD4UhRUYmjsNPfnn3LI2Rf+8K3NqE2bClA9ojQCEsQK8FIDCiImBGzdipGJsRsAkKQXVbXwJkQT2UyHpWWFGtDCLlEp58fGzau7ltVWlfbsGXzjsJohRB2Y2NTKGSX2qVrNy9vWLtq7kcfOx6XlVVwS1Nre3tV7+reffrX1n7ct0+flvpNQ6ur021x3d506IjB61aLcDhcVFKxfmNNTV2rxlBRSdne+sVw2c+uPjb/2Y9ffu69NwzYeQVDRx9y68kDqiyA/qOvP8Ob9K/XznkZIt17/+SiQw+Ogug19Pujtj8y49WLl1afPjwK87gjegkAAKxBJwwdsm7JPde/ctA3Djl/2AePTJ357OCvf/eA6kF/+3CFV/Szg2LWZ+t9jzUMwnsYkuB+5eUzP7rxusUeiMK+Ay8+rSzctvEzXHJVVBVdcsf5L2NYGVM04ZKxxba96xYRLb74qrE333XxuY5yTeU3rzopnH2wmt5/4KkV7b2n/PqCKQBg9/vOb645plRYvU+YEPvnwm8eVSYBwO51/LerfnX9xZdVlvU//oxv97r7jw8svWniGdGbrjjnpYrufaurS6VRu7WZ9P6dvziyOLu2U9N7D+7a0WG7nou120Ee3nT56VV37XTYWT/eu0KsKo67+qJ5l970l5EP/mC38XzSjnvoeufxf1rjWd/vevDdr9geTmTODROGmeuvv5Z/ecm3q27cuev/d/jzlz9z/FN/OM5eeO/lfzn+qT982aUfPw+0Ic/b1b5mWZb6YmrD4gkHVEAXUdUzNOaIoxsam/y0/0oJJS0pBUohRZDpX5ceGO93IoQjvWOqf57KK7QrCp3CsNTMJqUTca+mzbPyQ8Scjrs1Kxs8VxMRI0crCzyPGlbXGDIGQZYXedFInCDtGtPWmrfxlWhqrTGGDBky7BcQMNpoNuSR4ZKSojmz37Gz4r5PBa4TJTvqm76IS7M7tm/f/t/paC8gn7pvAp+kbw1gABFkjmaDnGa0DNoEoAAEuYAeoQUsBEkAJAEeAoBxAnuA9FNHaUACUMACCFhykO2akTuYqAKAADSjJFCQdctiEGjtNxIMQjABMKPI1hDpJA5w13MBX9D96j2iOfyHwaSTbbPfe7+BoyecdKxFbKPv58eAgOrbswLiCgGzm0rM/2ju1tpGV5Mx2rIsRiGVPWz4sIHV1ZZAEOibuRhZCwOA0p+ZDCSka0AhCUoLdo2MaLQtBoHsIQKAL6YQAPic2iBvuwuIBBYDEAMyScEICJ6rdWr1qg12eZ/uFSW2H8gA4HNlAeX/qvbVtRje3Llzx4wZ0/HnI4888pOf/MSyvkr5eTv8+QTSIACAYo1MBi2NqBgkG+AMozJoGwRktjiNABrDgKzYA2IA5QlpEBzykMFIC5glsRHoIgpgC0iYbBp/QYCGAACEID9hewZAGbAYAZEFATKSNABGMDMIjZYAkmQYBaHwg8ORya95wSAAZJdYAEbwmDuMDkFhdv/LXCzAfxcd3gsB/p1Bcr30P5597s3X377ml1cMGjTAzZDthIKgez8oCtH4U0VrS5hMe/Orr8z48zNT2zOsQVgCjKdRhYeNGnXzjb8N20AmI1AgWkh+yCAxEgtgIoFILEhIYhDaXb1k/uYdjQNGHNSnskIBgTEoFZEAhRTYwAygB8IAIbDFaGkEg6AYFGsAFxD+/Mx0KcPf+vbpSiL6ZSqYRZYuDl1CAHZ1Vfyv4P+Si/rvLy4EgOOOGggAt/3+zBOPHz9n1lsffThn2KBRbW3cd8Ah3/vhORnmjdvXbq1ZPvfDN3Vrc+PWHVET7VZeVn3wYDsWy4+WTn786TdfXfabq8/T7QmLeeTwgSuWLysoKOhW3nPuohXrNtWt3rgjEiv453tv/MfOOYe9w9s69bobNv34gatGRL7soeTwBaO4MPq59+3evfsnfJtKZ8IhBwC0IQDwNf+OjZ8dDz9437DhIzCA2OW3/2n71s17yAnETGQ0kiQLjBbMxGgLJpASpKP6ndBUfqhtq6FloapiRwnMD8vCiDQZEw4rE7EyKZLChC3RvchqBIKKaGtrJpVyM2mdbk6JmMOAWoOntbd6OxbE2BjsUe5FC2r7nRpb81p+fBEYbYwhZtKGyBgi8siwYeYgoV02R102QGn/AAdJd/34fAIARAnof6E7kld1BKcC+HoUogBEQAMggsy9ICEIefXNKUQoDaDF2EFvDfjYfkpqFiAwSxXoUsvKvxesAIyfPjDwOTBDYETI0gs6GAidt4v/J8WCHP59sJdqe+qpxza0WhNOPDYMyAZRWoC+2x8gECKzVGrw2loan5z8+OvvfOgaVBKMMYBCOZFLLrtiQP/+iGgMCSl8egp2xs4AMAEF5S8BYOvWTX999mWjis7+wRkV5UUEsqOzIAgGOvJhmq4JqwQiMhliKWS6vXn61H8ccPy3u1WUhAQwgzZsSfYNdrlJ/hUBZ18p1JHzHMEEKdkBAExHHsDsysXAGCRC8alPTMAC0E+VSkQgmYE1sTQopV9ER8hgYmUTSiBkKwiw8StRmCxBCzv7It/UiwH7QDAg+7shdfC9d59s2SoAANmYgK7bc/hvQQSlSRkCfh4TAm1Yv2H27A8T8TixVpYTZAD0Q+6CYD4JDEoqYI/R27Z1y8yZ7x8+4bjTTz2lIKTIAKuS4m7FUgKTlgIBBCMGESzsFyAw/jLGbBAEIDY3NT/z56dmvDtv4hXXnP397wTpgBBRoDYQJDgNmCTsx4pi1xiDIL0fz5k9J5xf8u0zvoWIxOyH0ux81h1mptxk+yQUFObl5eXlxUryY+USYwX54caG5lQqkzImEs6zVUFlxYCUqm3e2gaAHpnWeMv8D95NtdOIYSN/+p1zFsyaN/bAg7asWxthqzSclxeORC1ZnB9rK3N3tDQT7pE8m8N/FumVj11z+/tw1BU3D8/p/zn83+Ar/7t//iKgdlfEiFl7hhULj9Hyy2e5LAShRX2/cdTxE+oTRB6V51mWQEdhSKHxqLnVqwipLbWZtavaBHJxadiR2K3A9pKh4iInGpWZtNmwsWXtmnpPkzFMhllKEXZ0fbNevw0qSsiyG6omJNY7Jc3vovGIyBCRMeRp/3en46JDl2Tcj0QZBDIsBKQTLfXN7ZGiklg0ggiCPEDBJEGi7/v3X9ie9myJABJIMhsUxk21NTa3pWVxfmGe4wgyGVZSkJdoa65JUH63UsdSSEYrxQCOX46KCRgQkAERUCcTOxqaML9bUWEBsZFCiI5UAsawCIRUZDYEvitCARBpN22MJ52w7Rm2QsL3/vs1H4Tcb+5gDnsGC+TmhoYttSQQhGEg9vOaI7Bhg6gI0GjPUhb7hFY2bS1Njc1NDz78p6MOH6O1ByhYqvzCQqUEAPm5ALKSKxGgJkAAYTJCopLKr0y6eeum6VOnJXT+SeMOryjLY5QZw45A3xDqAQoUFgOCMZ4nrVD2sH6CNUluorWxfvOG1XMXLFLdBw8aMKg03y6OOkoYMCaoqJrDVwIsAJm8NDO3tGc8K1IasxxAydkoJmIQioP6aCQQjQdSggDSRBIlk25rbWhodwuKyp0CGwImt/FSjVubjeuU9CkJI3tsgQFSoIEFgwISiExshCBw0w31DSkojJXmOw4pFMBoDFgSwXiMwggQQMCaUXkGEMCRgbEhGU8K6Sg7gkIYYlsJrV0lUSAy7E9vyX0bHeR+BAAkKdCSynguohECmQLKEfvhH4jEIBGMZiUAyGM2UsoDDxx96imnFkSlQidFUipANMweCotBIiCgBkDQEkRw9xFAykAXDEXCld1K8iPhSF4+IICbAcvxM3f5ngFiABTIhEwoFLACAIkgiMCAm0z/cdIdU/727JptO0CFX3nppR+d/dNLLjrfZ/3k5tnnQCLR3tjYTEbGoiWeKwoKixta0gAiHLatiO3syA87xYXl0YKDCzYtW1FbW7MpvqG0srJu+9a2tnjPih7romtba9tCHFq3ZE1bW33Djhq2N21pbNzW2NbW3qQ59xr6LyA0eOKkyRO/7FHk8D+B3Tn/u0UG/Mcgdl+zSWtjPK21Np7netpo7XlGazd/VF3ekNY0jesfO6BHxJaiKCp7Fdl5tthRl7GVTGQo3q6jETW4Oq/YxoxmT7OQoq4uYylpWbK+IaMNG4OGQGvWGZ1uSdjVPSHkmOZ2JiBpNfU4vNYabozW2tNGe56rSWujyWgyxieZYRcjwH4VbUsEmUT7Xx/7w4nHf+2VN940CNoQIGaS7ZZENuy6JnAUAUiJAAgGkf3yad7Uac+MHXvk4AFD5sxezIiobAJKxVtu+s1vhw0a/s/nXve06yd8NQyaABhRCERkL03MbkavXPzx0EHDLrr48praer+uFbHJZJLpdOLF6c+99PxLbW3tyxcteOKh+6ZPeyHjeQhgyEMw773z7p133r116zYnJAGxNd5GwMBMhvajZA457AVGa2COxKIAAJJI+tlBiQnIoDbgaSOVlQ3th5BjkyZL2j169KyqqurXt2+/vv179e5dWFhgPJdcV0mBCAScTrsCCP20135OAEGCARGVkoMHVl9+xVU/v/zqnr17A5iMMZbATNqQqyWwEOgCZFJJZi0tKwiIZUJmIZAYLGXdc+/dJ339my+/8tqvr7p64s/OXbVqDZFBwSAla+pkZeewb4MRtGeEVOtWfjxh3OGX/fyabbWtjAoBTdpFIBCSjB8i7ZeWRGWHUFoARgkGozdt3Hj+hRcMHTz48ksubo8nPIMEDNr91wvPHj76oJ9f8astW3YAikQqCcggPBTke1aRUAjhphOezhx52KEHjzniycl/YWDjc65YAOD6FcumTH5yxfK1TQ31L03/x2OP/mn9phqBTEyZTLKxoeGhhx6ZPv15IYRhkEowgqUsNqS1/rIvbQ57QFCplNlSTjjqkE4DQH1D0913T7r7nknPTp2+tabWEBoGAlASyMugVIJJShONxSzHCdkhROk4AgUZSioBM994567bH3jv/XmGvc0bV/3h/nunT32uvrnt9bdmPvDAA/945hk3lSQA2wqdcNxxF11wwYAB1SuWLJ4y+cm33nzb1eall16+7557n3riydXrNmQIQEhEnDX7w9/ffuekBx596423m+p2zHjuhUULl19w2VUXXzAxk0q7yeRPJ5570UUXCSmFAKJcfMnnQc+ePSKRSFFhWWF+eXNjKpnwWlrakslkvD2BoCq793HsgnQKe1RWZTJeOBxGyZW9yhsb6w89ZMzwISMPO2jsprXbtqyr6VHac3D/IeXFZYIp5FjxRDMKF63cCpBDDjnsGWp3uy0zk9bsZ7zycxYj2AUDk92Pc5SVSOi0S5VFdlk+I8OaNfE1a1IDBkb79LAyKR7QK5Lq5sQTeunydsuG3j0ixUVOYYHd2paZ/eGO1taMMWAMa8PGsNZs4mkwJCpLqbbZy3i88P2MAAAgAElEQVQeCm1ZNX1PoCU7CvUqPzWgMYYMG6M5W0EZ/PxyzIwg9lAj4H8WQgipRFlBjA2lPSPAdxCxHY4yGyKynDABGMNSoEIAY7LhA9TcUDPrg9k7Ghq8pJr2l6ePPnKksoUCIi+lIK0EFRYWSyRgzy9FhQqMNkgktIuWnfYgYqtQWBTELG1ExpPEKIRRSCokt2/YfNXPry4o731rUffta+bdefudh4w/bezxx9sFitxMbUPdli1bNm/YtGF9TSgazS8uzIvl+fWwlMqZqHNA1qRQup5mYO22tMUTf5n28uTHJlsAhx5xzKVXXtKnV89kMhUNK2ZPMqSScRRkR0JOJOq6rm0hsUEUvvuqbtu2S39+zdJV6//48J9Gj+w/+fGHnvrbC2f+6KIDh1Y98ce71ixfecLJp5176TU9K/PaEomFCz7eVuMeOar3Q/c9+vz7H196+TWj+vW87/bblq1aPujQIy++4orRA/ogelu31d9yx/3vv/th/769z/npDxrqm958c+ZlV1x205335Mec2+6fPHDM+FtvvWXMyP4IniECFkJa+5N98qsONCAUaEt6pXkR5UTAthkFkheyGLSrCcAOMYNgtiQSGUYGJhAgmFmYJStWzF+0TLvpObPeWrdpW/XgwSEEIYG1Z1w3HA4rpQA4Gg5rIPAT7RoAIimBCa1QxKSSZcWF6TYnHIsSIHiaBSopyeBDf5g0+ZlXfnjRL3585omPP/rU4rU1ldUH9utTIZHi8fZNGzZuWLteqdiWrbUl3YrCESfjeo4lAYSUe3jF5/Alw687AoggUqlMJpUSUrz8/Au33HbvstWrIxE7k06OO3rCb2+4ceiwga5LSmmhJKcEEbtepqmleev2mlTYEQwpgaFIKN9KPTT5qT/cO7klJU/dXnfQ6L7batbfevsNfQaNmLNs2d//+rROtaebG/8yZcrDf53mEP3tr3+754mpF1z3uwEVsTt+f3uvwcOnznjrlReeTcXjbW1tx5zwzVvvuLOqMvbH+++a9NCfXVdEwtGe3QpOOOrgF2e8N/HCq0YdPNJzzXHHnZDfrbylqcFWyIBEfi6ATq9MNmZxP5LQPh8K8iuAHaAwe9a2zfVK5Cdak5TREFJ1O+qJ2bjCtmO9e/VvaoqDlQlX5K9ZtmHIoAPSKb11244Bgwb96x/Th1b1qa2ryc+zU+1tyXgbA7S1tRkVUva/F0KcwxeBlo3vNq9/M9WyibwkAAgrEi7sU9RvQmHVuC97aDns11C7SwdExtOeZD9Q0TAZVdDn6G+ev6xRiYpoNKTWN2R6FgETrF7WXlfrSSkBZWua21q1lNhY69oW9ukVEQjbatKZtGcpWLG6tS2uiUAbMARGg9asPXKTbnrxJhOLZAxp5WgpNIFR9uaep/DaJyPeViY2RhvDxmgi3RmxGVgD9q8XjEDmTAqMK5TloWRmoAyhrK2tVVIoZYeiecp2hMSAsSwEgAQCIL1y2aL5C5b06D8kWVv37usvNMevjxbk5yPZCLGQJQP/qmxpbc8gZUgVF+VFpBBMKc9NtCdFJBaSIXA1ENmO44RUPN5mtBuSojAWySsoPvUbX29MUlFhfqa4MBKJlpZVJJPxZs5sWLXw2iuvWrZkXXvcvPbW+yefdsqNt16XVxByhPDLEWerF+Sw34JDIctzk3aolABqd9T/9rpfPff2R9VVfUOK//73KUtXrXrk4Yf7VlUQGSVsJg8BJUIqmfrwo4+8eLNjCU8zyVDv6v6JHVuuOP/cupb2koo+G7duPmhkf5NJrFq27JVX33zrtVS8YUdZadGjf3jgg/nLH/vT/S0trUuWLtu8KZ7IJAtikY8//Ojx6BMQb3E45aZTU//yrJZ59/z2Qp1qmvD17zU0p4YMHdZYW/PnJx6ra2hri3ulpd08192wreY3N/x61abWNSuXjxleJSUJZBCW6xlb7CHZSg77JiwhgDS0twgmAqFNUFmyPd7upTMgHSNNQWEUAYFASonkac9ToTCbVGtL7ZwPPoynqE+vnsnWxrfe+aBqyGBNbCHbjhNylO1IYE4k4q6nXcZIJBwNS4GaEFrjSc0mP6xkJl0YC29oM+FIJJ1OJRPtNqlIYYlEcdyxR69cs61v3+pYNJwfC8fyYkKp+samkph1y003TX32+dq6BmXH/vL36Xfcc9ehhx9sKYmIKCzWRkjJOSPAvgZmY1wAsC1HSrFty8Ybrr+hqS318MMPH3/i+EkP3Hvn7ZP6DRh+9bWXlxREEdm4aUS0LSmVvP/+SY8+8pTwUkoIEY1+/6ff/eEZE/714ksHDB/+69/dXj2s2pZeUXFhNKaWL1/WZ9joGa+/2bss/7pLJ075yz8vu/SahyfdFgmHYo6KRaxB1X2KCgpmfzAnUtZz7do165Z/fNHE81YuXf7x0lWrljQ98acpTrRgytS/HnbQ8DenT7v+qotqE5bKixFjTUPTw488LBzn7rvuiscTeXlRZpACd0sHkMOnY+XyWluWxVtIUthmp72uPWQ7nGYnYoWsUMpNNTU1U7I93qMXky09ma7XB4weGW8z8XbjMazasHrogYPee+1fPQoj7S21eQWxvLJuRjix/JJE3JXy8+cty+E/gk2z7ndb1vQYOq606idOtBsAZBL1DRvnb1v2bNu2hb3HXv5lDzCH/Rd7kFANkdYeMzCBVMqwjBaMKS4vHV1l17RrAehprG3yLFuk0n4JLel5SCScqNKGyypCUQfXrEtur03G457WmozJZLQx4Bk2BrRmbUgTa81ak9vUrmtbXGCdzHg9KgyCJnajhZtjR1bVPWtxxmhtCLTxiLJ1JAMmwE5ZZ//3wQxsUKEQSCCEUoJ1Mt48b+m6F16YIUwiHAodfOjYw8cdE8vPUwikQfplAyR77a0LZ83ZtrX5qt/dWbfk/T898uhjU/558SU/YQApIBKyLUtkMqlZsz96/YWpWtgYLTrm+G8cedCgZP3ml195Y9HKzeW9+/38/J9hOBZyQpGos3L18oUfvtNY21QYK7jwZ2fn5YcPOnBEiwdbtm5+9YUZzfUNs96f1e6Jnj3CF579vQceuO/X1944b/6a8eO/9otfXFFUWABoGDwGiUScqya0v4PZpJSl020pNvTu6+/MfPuD00/93m9//YvSfPuiK678+9Tn3n73rT69v08alC2ZMghgKeVmMo89/qfn8xz2XECZ363HzyZekKzbsH1bzXd/+ONzL7+6pHspJduKY+GY42xYt/m2237zza+NVun4Redf8vcZH9xxxz0XnHemUBIMoeeWdytGwNqa2rtu/s03jz/q5X+99PNf37lq3eb2ZPs9v71m0+btEy+/9vc3/Eq47c889fjNtz9ox7oxsRDi2JNOO/W0MzZv3FJT2wBCofDYuIQhtFQu4+VXBcgEbIA9zst3tSEGhQieu3L16hf/NaN26xblhHv3GzjhhOP79KliBkGMiNK2iQCZly+ZP2PGK+PGn3DykUPvue2Oqc/966xzz1bAgLooGi0vLtRuctXa1TMWzd6+dXvSQNXQkWecenJRSC74eNlr78xua2+/9vLzSwtVfjRq2+mM502d9s91H88Ngfr66T84dMzo3r0qDzv0CGUVvPPOvBXLVze0mKef/Et+Hv70+6feeOMNEdt55PEp1QNH3HDzjUcccQggeFpLkIIRRS4UZd9BV1mFERkBSBNKOX/BvKVLl5z49dN79ui+YMEC7VFRYeGatatdN60pbEuWlqUzKU+7RGbsUUcdefTXYmRsS7hha/gBA2Lh/PKyijXLNz333IvH00kjDxiojQpHrF4FFWec+Z3KnpU2mt9ed+2c9z+c/uzUG379a+2RdsnzyM24wKZ66AG33XMPIBQXRIb06rGpZm0mQ0sWzmtsaPrlrdePPvRAZBg37vAzTjlx8j9nke1Q2Lrh1lsZMaPNbb+/2fMMAghEJmKxS6bJbB7WHPaOxsYWN+kx89BhQ7at3zx82JAlK1bWbN+c5xVjyHIc283EM+1tdXV1mkAIKyRja5dt69mnOpnUS1eu3rphXZTMkJHDmrauKS4vKelWzE5kyLDRKad4bV1reu+5AFILbzznqSP+eO9xhf/OLdp9r/Ti2y/525i7bjl2b8f5LB2ll95+3qND7rnvlNLsihUc9sZha97dMeDYEYV7X8n8ljef8e6Vf955YLsd87MhueiWHz916GN3fe0/UFNu43v3R6LygGN+qywEdoGaACAUsXsOO7pi4Li1c/6x8b37q47KWQFy+HKwJxOA1tpoNswKmVhEe6TE4JUNmWMOLlDKbWjXzGAQLYDBB+Qpj42LnkJNQCBQQl4UFMG2Wi+RAENoCLXmcFhFwtbmLZ7ORgF4mj3N2v/pGjfjZRo3UsZ4vbqnV6zzKkoTJYObayuK3LWG/OFos2tYI8L+o/+DX2DaBGEaKIlRp+P/+scztz36DxmKHX3wkAXz5s145Y3Lr9UnnPz1wrCDKJgIJQOnN61f/f57c3r2HTbqwFHh3s4Lz05+5ukpZ37/jKIiWwppW5YE/fzUv7XXN4waVJVO1b303AtzFm4KXTtxxfsvPv3sS4MPPko1NyGyRCqI5S1ftHRG4Qx2215/5bXtm7eWRpyzfvi9p596uj5F3/nxzyLhiGWHANCWOpFIMDMzDRo46MixJ9c2xj03ExTg4uAH5koD7O9gYDbaCCGIaPGi+em0G0+2T/vntExr4/KlK8njlSvXMoBlCWNIKosRXe1ZkcgVV1097qADTLqdQLAdq+hRuWO1M3hgv7/97a872t1TvvfdcaMHI3ls9BFjjxp50Ghlh4TQl114/vTX565YubKxtY1YIDMINl6aAY44fOzXjj8OpRsLhWLRQrRCqbaWhfMXOJH8s876iVIypELjx4+b9vwbWxvTKKWyQ6d/+0ytqW/v3tX9+mgmJhICDQUJAXMz+ysCRjTgeQAWWxEBKMhdu2zl7+6YNGfxytNO+lrNtq0vPjd96bLlF1919cC+PZmZQaIAz814ybY5M2dtrWk49SejTvj6+Ldeem76R0vfm7v6tCOqwdNCGiFg+ceLb16/fkR1RWG+XPDRh8/86w02NLJ3tzvue4hChf369cpkEmhkaXFR26LlM996u1tZeMOqFXPfmzProw0vv/zsrHffve/+x488lb92+CBLKSIPWSsZZqaMmyGiC84730A4ndJkGBXalsVGA8ugpEUO+xoQiUlrLYQE47U0NxDzvPnzL7nkEo9Mz549T/3W6f0GDrRsx1YKjAbWAJ4UwpLWhK9NOGfiOaWWIxW2o0Zgy3PPO3fiyy++9OzUKTM/mH3v3XeFrAJPm/ySot59qoQUElkhlRfnwYZkU1MLAAqBAsGSyIAqFAmFlet5QMYyriOUBJVKpCSYispemkEhOCGrW3GMkVNAaQTLLztADAKkQGaWAlGJoOhBDv8OGmo3rlsXLYoW1NQ1JLwmspKhAtqybcXIHqOjeXYq096rsmhbpq24LM/Js6RUKhSTTjhDsqKgZNP2+tfemPndb55speMllX3yQqo92d6nZ7+UQZLO9rrmXgMGf9HjD4249vERX9Rhufn1adO3XXjUiEL7U1qmFr77nx/E/w0N695NtqwfcexVSiSadtSuXbFkzLgJAPjRO69VDxlW3K2iesypH06/q2Hdu6X9cxEBOXwJ2FNRQCDteUHaIwHl/U9JiPC2hGmMmz6ljq1kU1w7CssLrKKoSqepplY7MekSEIAmiABGw2L44Gh9o9valmlrxVSaDx5ZEMtTbkZv2NiiNXseaY+MZk+T9sj1jNaklWUItGfSG7enl62lqt4bU4NitMKwJgPGeP7LBbMFATlb7Pi/fMm+NASvVmL0SzyLTWtXP/7ok63t8MiDfxg3Ysjbr8+48ppfPf/Cv0aNGZPfq4cSAkgBuNprXbRwwYLFq0/6wUVVPStLK8WQA4a88P6y116fNeB7X0MrHI5GbUtsWL/24vMv/On3vtXeurb1yt+9O3/DkiVLF81dkB8rOOecc4eOGiYlI2hmk07rsUeMO3H8YcXR0B/unzTrg9nf/d6ZIdvGZHr48APGDu85772ZRxx77M+v/0VIcEQacr2zfvj94UMP/Wj+x3l5UWQwrJUQRCQFYI4EsL9DMCopQ0E5NfSSybbX33xj3ry5hY466aSTv/+Ds0eNGU0I2pBCZiJERCEYeOjQIYMGDZTsEaAWlmboNmrktddd8/HSNTfe9eDHy9f++bE7lJREJKRA9DlDJCQSKsPCaBLoe6pYSIEA/5+9846To67//+v9+czMltvrd7mWnsulV0gIAUJJCEVAEVAQC0VFQIqiYtevCooVGyooiDQRkB7pkNAhIT2QXi53uZJcvy0zn8/n/ftjdvf2LkfxB0hC5vnIIzc7O/OZz+589jOfd3ccGzAgA8HwPMcOMQSRlGArnctb+BXWtHKTSdcvIGdJIXy3KWIyGpKEhNIf6Jca8N/BgIYEk9R+DLMXv/eOW5c8+8Kl37vq8i9+Ztfm9d/52lcef/TRmfMWjBgxNCr8yn8shGraWf/4E0uqqodOnTK+pLxiwbEL/v3CX/72txtOPuznEMKJ2JGws7Wp9fjjFnz9y+dVVog7/nHruV+7ZvW6dWgtWLf69Qu/8f1zzj+zNE8h1cJg1/MKCwsvvvgLuzcd+a3GK15+5dXOznh+XpSZSsuKTvzIkSuX3J+wmi+87MtTJo4uCFFvZ/Oxx59w8My52xtahB0SAlozLBIklTYymF33IXIq4rIRQkhL+glMxoweG42ES0tLPv2Zs0ORyMwZM0fXjYWkWF7MMNgQQUCwAbQmL5mEyVaKMhYcy7JmH3r4tOlTCmpuv/qaPyx9dcXRR8z0NHY171qxcsXYMUMVqw3rNzY17c7Lj5WXFxuAhBCQbGBZSCiVLrEsSYKJ2bZRUVbiSOeVl15eePIJZHF7+541a9fGPS/uaQVosAWyLckMQSR8Z5OcbE0B75yKklhj/SZUVtlScji+q31rb6rVM3vadm8tKqrVwq3ftr6nsxPSqxpW8caGLTErcvihc1JKvLZ6/auvLOtsbSUnSuGComgEOjlmRG17IhXviC96YsnGXXveqG99i0ub7lW3fv++dQ0tHbEjv/qjiw6O7njwF1ffv40dE6dxn/3uV46r4m0D9hRlTu1ZfcM3r+046xdfm7n9J/2M/O7bnzLHPHfdj29cnbKRVFUnfOubnxhHACc23/2TS9Zs39XqHPG1n14yeeuPz79x1EfLHly+Qf3iF4VXfv3UYQ4A6N2LB5yLFf93/s1zf/XZgVc5aK82Z+39Ae3Md+Fuu/+q792zs6CqZsTQLg0Apn3p33/292U9khOm5qTLv3rqGLn9gZ9+/187IuUVdZPolXXzrvvl0d0Pv1mDQOO6J0eMP9SScQA3/PxHXR0ds+fNA3D/LTcWFBVd+YvfWNKrGX/o9tefDFQAAVne70KAuQzmBeBpz/WMNJIRLp+x4Lh5/1nWbjnWivreg0fGhpc6lUV2WJIB7djjJlOsQKzgr66N5oZd2i0QxcVWSZH0lOO5RmvtOCQIUyeX7Gzsjic83/7vKuO5xvO0p4zrKpcYleVKSB2NujubU3vWdMcTTUPyi6PNWsNopfvW1AfkU4aIySYhpPAke2TM+nVrG+ub8kfWbdpSv2XlqldeeGZPR/vOhvr2tjYeXqOUZwvAeK27Gv/z6FMir+yQOQcV5UeiVPnZcy6896mLH73vn2d/9JhSskhYENbpnzr7tDM+Ki3ZVN+wfcum4sKKsXXje3ZOeG3FPT/59jfOuODSj54wH4KYMGb8xBkHHRILRyYMH5InZcJENZyQRay1gXHdJHvK9vNd2yFDpqx6dEXVaBh5+LxZECBi8gumk5+0MOAAh9iKuCzD0pYspk2dVFQYmnHYYWd/+rNV5cVTJ41d9tqKsRNnpAyiRFIyM4EkQ5Jh47nkV3KXIu1yallzjpo3+4hjVm7afudd97Y0tZLMY4gXX3zm9TXHDT9ipmDccPPtCc8aUzetLK+AVNIIj8loYTGRC88iA+UKGAGPvJQTq6qbdPDmRc8suvOvE77zXRbmqSUvrXvj9WhBKRvPGCMIwi+JTSASQAgEATgSB5QTNhH5leeJSCllWZYQYn9JEc5EIIukFCbhsEtCdu1pW7tynfZ0IpH6+z9ua9mxZcWa9Z2dqaZdLa6rQw4LEFQS3LP0lZdfW1d//GlnHDRjConQscedOu4f97/0n3+tfv1Ls8ZVWHbIsa1pM6ece95ZFVVFqY7GVavesIRTXFo+6aAJI2tK77rpus6e1k+ffdq4mpBLlJdfOHX6jOFVleGuluK8fMN7XCP9SqspY5hYMmwYMNu29BjRgoqjFpxITJOKSwAwwRgWzAQIQSQoSASwT8B+QUAC+Tp8QRRhMkmvQxuaOm3OGZ8445EnnmlqbR1bV7dm7dqbb/nHmLG15597TjiWT1Ia7bCIeXAI9NoLS+7Mc4ryCpRSnkRxcenhcw9r2L557dqVq1asjIRE3ZhhiUSCKZyMdy+6/57m+i0leaFH7r6tsb3nez+6urS4QFmkmFkZFjACpLX0YMUsFnZSOp6AFHzyCcctWXTvvXf8I7+svGZIcf3qF1Zt2uaycZWGgSWN8EsFCz//3/7xM983KYjI2injmExSJa2oOvToqS+//PL2naunTBn+9GP35OcXW0jUjR255PnFTR3NVaOGd/XIn//2z4mkBoTytNDm+1f/4tAZk0cMKc6P2i+vWr+nq+exF5fK/BK2I4rst7i029I04Zrff7m05+Wrz/nLwydPOa5ZTfj8Nd+cXaq33XLht/696agvlQ/ccx4AcGrH/b+4tv4jP/r+YSUysb1fm7rrbU9B4z23Lh319esvn+wkNj22aFeXHlcIpFqbxl71my+VdT/zzXPvWnnu5AJAVh3zmeOe2Gl9PSP/A7p58cBzC/ou3q9jycaBbc6YNLBvF0/w0yVy58t/ur39jN9df8oQd82fzn1MA73Lr/vj+nnX/O4jQ0T3a7/84rX/OeRHZdfd2nb6764/ZUjXkp+e97A+Wuz9YTMNAkBH8/bZC0+BcQF0dXQA8LfTL40LoGLE2JXPPvJuxk/Ahwy/KKDrKQCObeH9LAo4iAqACFp7rI2RYnLNISX5Tu2o/CRRd0Iv3947a1SsJGY3dqjWbuVrsaUjUhqC2CS1w4Lj2KkVBFo2xyNhLi+RFeVOMuG9saFjwvjCKRPLFj9X7yl2Pa08rTztecbzjKe0l3LV6s1m8hg1tMpraKWq8uQrqzbHx021dsFow3pQe/+BU/GYQRACQhKxhAkLuIkEa7Np/Rs/+No3LePNnDn5j3/5S1nFsLraMSAIS0DFYbzmLVueWfLCnmT4l7/59a23/zWPuKW+PiTcra8vX7pi7fyZoxSTgbzp77csefxREW9X3S07G9rOufRzs2ZPnzFh+DHz5n350q9+59vfM1rNn1JkCEZrQSzJSLdbGkOhwriSWqccB8Ki3vbelOtaFrQBEVwWDgEEQRBgIgOwTQLwEzlwtr5jwIEKJTxjhNPZvoc8nnfswoXPPPfQ4ue7e5MWGVt3btmy7cJv//qzn/2YAIwxQggmCWGl4r3fuvLr+Y7Izwu7noIVnr9w4XHz5tx1699Xv77+xWWrZ82ZVVc7dsuKl4wQ+YWxX//8mht/rXVy9wuvrambcfw3vvlV2rOdtOdxygiC7UAQE5MwYMHMDM8ke4Xt/OAnv3l92bxb/nr9KyvXKKAoaheXlXR1dXleAsZIKZVWtuXPpQThAH667wMLY4xt277ML6X0wzr2l/mZSbBwpNcDTgrjas/r6uxSSa+3q/N3P/upRaq4MHbxJZePGDNh5PjxoZAQBFIeoF23e8mzz+3uVs88++IFXzjXUQhD7Nq6Ptnbc9udd8/84WWapWfM6hWvfv7zn6ssstDds2z1xroJc84599yRZaHr/vjrv//tH7fdfMuqN9bd/fvvsWVBSACsjGSWRMKRsKQk4VjQQHd3b7y3h6BtyUTwDHzvFb++INgQQwgGwEQkD6R6Ofs6OfpA8vMaOdqo7p49PT2J/PzyH/zfD6cc9NC3vvvDaDQPRHPnzj3rzDNjkYgUBEhhhT2TSilhQIufeHLVsqWeMsoYEE2YPGnksGEPPLzoHzffXJRf+Ptf/+qggyZv2rghFMofUll83FFz//mvu15fvba4IPrz3/3pI6edDu25xrjaWMSKvV5PRyJWCFCe1rB6jEjqFJvUpKmzrvvj77959e+vu+ZnpWUll130uc9ecNF3f/I71dUujTJuUtphUJDI9z0gYtGo4dVdqe7XVm2pGVUxdFRlZ++oFUuXbVy/MtXb29vRXpIfsx2aMGHC5vqdy9e+vn5DayhcIuyQ0UKTG4pGWnY3LF+zfkn7LsO6srS4K55iGYmnuGBIaevuPW9x6dCII6aWCFBszPTyjheb1OnVhS1/uvqrt8qQ2d3UXZvUIn/gHgC6/dnffWt9ydduOr5mEO/8d3JK2cxjKu/+8ZU/OWLu3KOOOeXwMgtJIDR07pQyCyJcNiSc7E6agr3bBiD3PjeReW/vjg1okwbrGwDA272+ITphXLEERcbMrottgNuycm3zhjf+75L7AZiE0qGmxrbG2OQJpRKi+OCFkwtuA+SbNggA8Xg8kkfgFEDTD5sLAOwCyN2O5Il4b/ztR0nAgYFt24lkKvsyobW/83263EAVAIPZN+aApVU5JcSJHTunTalb1pBKae5Omt09OuKI7btdFsKRbJiEQcRBUYSKSm2byE0wAcmUKRoT7mh3DUNrfmV5+8ZNneGQmDCusKm5a+nyXb7k73rGdbWbUinXpFLK3dZoSgvdjl4eNcxUVeqmPZ2jhrRte72YGwZfyuwn68v3DIIxrAxJQWx4/KTJefl540qr7334wRAQdhwISiiORaPsK0wdkJQAACAASURBVEdSXlInn3762aaWTqsw0tDYsGvXpjxCCHAsuWtn/XPPvjBvxlgjpNa8u7m1t63RbW9GSl/45Yu/fNH54XAoFK4qP3LeQ488NP6wjy97demCyQuk41C6QjuIpCAiY6IxKLZSXlJrlUymXKXAbEsIgAjMYGbNRkjKyeDgL4lEkAkgIJKXX1E9dEf7FtsRlTWjrvntdeNvvfsXv/l9JGQXhfgnV10178TjJMFoYq01mEgUFRXVDBvW0tJc393hWBKAgpx9yBw3lVq1atX6TVvOOffcL11yRUGeDDkybDvHzj924ujqv/zqqqbm5vMuuPTLV15ZEs1r6dldWT0sKcJh24mE8ypHjSgrKVaetiVCdqi8YkheZUXItkcOG7fo+ee+cclXFq9eP2PW7B9898o7brv10UcfBSClVEr1n6D7JS09cBBCaK2NMa7rElEikYhEIvuLFwAAA5bSJpaWZYdtq6Z2TMWw8qKNsT/dcsvkSXUxW0TCkd6EEZGIACVSqTyCENyydctjjz3uhKJK6RUrloc0RYRDpIzRTz/59OtnnWyYtDaJ3p76+h27tnV1NLSNqhv/8AO3x/JjIU5OmD79/64ev+q8i5cvXUaAUgzWAkZaQkhbMwtiNl5X0vUMS6G1Vq7rCUky6z/FUBqCDUn/eZj9whkgJgRqgH1vEDIRScv+yhVXnHf++cWFBQSqGTbsggu+ePonz9KGhSBL2oUFMa0UbBsgrU0kmnfRJZee+/nPM7NRmiw7XUpHUmFB4bjx4y668KKQ5cTy8kLhEDMzI5qXd+LxJ3z84x83SjvCys/PV8KSsL/xvR9++YrvhqIFYcd7avETnokVFYUFdFlF5bXXX5/yECkotiyum37w32++qddVTFScFxYqfvKZ5ydlXkgIywqbdDjmgct7pd8sySvatnFza29bS2tT7cSxjz+1SAoaN350vKejq62zt8ubNeeIjrhpaW1bvmb9jp1t4dAQJxRtbmjOKyp1wtHW3U3F+SWdiXh+UWmyp3PHnvaK8mp3d3u0INba2ipDkbf8DOlIIZKSyDQ/evX1Oz72218dVyGaH7zkwtXYew8AqD0tJUcXL7/76eapJ1UOlCH0OznFGXXWz24+fsvKF1548ncX3TnrJ7/7wnCAhG8aept1/d7nDsu8tXfH+rc5eN/SMGcKWjIbf2DL8mO+/ZtLJmT0HO6mGzjbORJEUG/VIOAqQPf4Pq9nnH0qAHASTGd8+lRwehus3ffNxhuw32FJYcn/XSHPQbwAMj8ZVJbU5lsC2zfnHzx2bm3sqde7JXFhRCQVd6RMKGPmHVYky2PCktSdxKY2tbvBJDrd4nyUlojhQ8MEbtmTSCb08JpoyjPG8MEzhuyo79yyrc1ztevplKtcT7kp7XraTbne4tf0lDoMH2qEsA+ZqVRyT3NdcW9Dbsd8/NCD/cXK9J7ADAibKRSPJ1LJ+KSZR37qs2f88Nc3nHnm504/5aTujj0rVy8vKC7/5re/M2LkMBAQCvXualm85PkhFZXf+clVnznvM2w8hyA896VXXjjm5DMWL158/idPYpJC0FU//uFnzvz4+tVLF8476omnnvroWZ+ZNmXys08/tfa1F198danX3Tnv8Dksbdf1pFEgqUEsbQOK93ZpRUZYlmWFQzYi0XDEWfTwwzqvKBbN+9xnPlUUi1iSCJIyNR0DAvogEtK54ca/G8tJJRNkh4uLw5dfdumll12qXM8WQkrqNcJiMLPjhNmo0iEV1/31Rk0hj4ROxPMiYcNsSDJgsbr7wYdSKU+GYiyk6u3qTSQS2hiIU075yKc/eSIQSWpyGWGbR42dcP3f/qqJhExOmjpx4Se/aAnYXgqGDzlq/gNHnqiEFAwQl1dU33TXXVpEmSCBq6666qqrrmJmY4yUgSkMyDhoEFEsFjPGhEIhpdT+8uUQg7UGCSXCHZ09eZ1tJuWe+/kvLlm1+fzzz/3GVy/r7WxvbWl5ZemqL335ojPPPsMOh0grKLz4witNrclPnP3p3/35Wsc2jiYBubtly7S5hzZs3bJs6fLpowukbR+34Jirf/qDUcPKP7rw+OdfWfnXG27+6uUXNe3a9dSDD27csPX1lSuOPHY+WbYyRkghBYHhepqF8JI94ZAlIzGWDKMK8gtixcVblq/903U3jBgx4sh5Rxx2yDRBsCxBbLJZcpB2PA/YVyEyxoRDoXBlpSAQUTIedyLR0pJSkgIAa00gOxwmsGGWlgVmQSLsOEIICKE9TdImIhbkaRUOh/NjMcGEjL4jHk8ws7RkcXGxcl3HsomlsGCUjoYLIzYjZMFQYX4xZNRjUlqFLbugoJjJ9pQ2MIBVkB+xXU/aji2ZjV0cIVi2Ujrp6tD7Zpg60Ni5vXHqQdPadmztaO9at+4Nw240ZBeNGRsKhTt158Sx43c3t7siet+Dj7R1Jo0IJZJePN4WzY+5yTixDofDli3iCZeg8woKUl1duzs6w5E8y7JsS4HfKq7YrX/xjc4TDy/q3bKspXRyhd7dE6oaVmxxcsvTz2xLFBgdH7iHIBCqPf38S6e8/INLr/n3lJ9/YkT/Jt/JKdWtT9z2cs0ZH5v1kTGTa5q+cMOmbjP8zbpIkoyXkwnca9zr3KwK4C07BsAM0rc0dunYyt57N7SbceWJ9S9s6OGjnCHT6lK/f2ZLYvz4cHLDv29YNfnzx4wq63lkc5epLe5c+siqTj7iLRoEAIhoont3NL8QvsNrNo+ZoWRncueyxtr5oxPdnSyjb3GPAgLeP6yBCVzTxeTJQFbEKhyLHUr1rtsQmzFFaVbMUlJH3CQ91uAoeHipVRYT8RTXd+jt67VJ6a52pZTevtMrzMMRh+SFHCoudObNLdfGuK5KuQbAiGH5m7bsdj2VcpXnGc/TnucpTyttVMoVeWF2HGgNx4ak7shw3SOJTFDfiABARgsqKqqqwyGHjbj0K9+YNf/U879w4Q033kBaTZ8y+YvnnVddOYQIftWqjW9s2r2n84jD586aNcsYtsgm9mDJqVOnLTjyyM6e3pUrV0byi0eMGh6LSALPnDnnyu9889bb77njtjtHfXPYmrUrbr/znnhCPfLEI7MOmti8aVnN0GFV5SW2ZQyzFYrVjhlVVhIjEvnFQxArEOAFC4/bsHrlbfc/eedNN5UMKT/lhAVlBSN8rWpGh9Nn/w8IAMgKxwDDOhkNOybFwpLERoBDjgUmrThssau9kHSMNqyNkEQkU66yHTsUiSqlhBD+45UNE4lQOAqSGhBCRAoKJNjSriDNyoMIgylqs3KVtGwAUgAgkOUQCCQtGxrQ2rKYJIRftIIIzARmA09rKcg3eluWBUBrvb/Iuu8fvjZWCJFIJJRSoVBo37O+vhW2FKxMyIrUTpiYVxhhwrTDj7r73vvOu+Ci66//Eyt3aNXQ884757iFC/0xANe1HXnTrXccPGvKvCPnhkNSa8UQUG5ZVeVFX/zS7f96ZN3qVTNGzKusrskrzrel5diRH//05+ed/6Wnn3j0+PlHqHjbA4se2bxp+9ev/MbpnzxDRrmqZtiwXQkpSRtiyxlSVT2+Lt7R1hwrqa4YPqq4IDx0+IhPnfOpXd09Lz79xPNsRg2vPvyQaSRYKSMFRF+NXD89W7p87gf1le4jiH1u5SAAlpI81yUisqxkMhmK5vmWRWLW2ghBxhiA/B8RMwggKSGlPxdJx+rt6Y3kRf0lnJQSDD/0hj0vGo2OGTNm+PDhIcfRWklLshZSwkMKMMplK2wZsBA2wWYSlmAhw8Zow4Z10rZkytWWHWKtI2ELMIbJCAespdGWJbUUdECZX95PQk5BV0eqrbW7pLgqUhAy7I4ZMWx3Y1O+Fe3tTK3v2i5DhR2etWbt1pQMAxHl6pLCwva2jjF1Y3ftaiyIhSrLywrGjhxeXfXqyy+Nqa0cXTt2+eq1Hd2JvJDleupNL8zaKi9b9cev39vY3BpaeMUlI0d2nTby29+/+NLqIWMWnn7asF9d9+ftl5068pe5e373/Kc0AFiVx37toqWX/Oi2aX/4ZL9GnWELBzSy9ym//+TIvNU/v2ARRSyti+d/+bASgabB+2iXTZukv/v9K/n7P/viuBAAq3jvc+tzTnjTjgGw9+7bc7/4+uElAqDCOV86/bEfXH7+Q5VVo2pry6Q2eTMuvuKwn/zy4s+HLFdXn3zFCZHiYRd89NEfXfaF+yqrx02oK+kgZ/ibNggA0ZIRu+p3jpnggMUdf7lxT3Mr2lHtzoiUxgAk9vTUHl29a8fOvJK9tRUBAf8L6LjJlbmvPW0mTJm+btVKYRUcP/HMudUFTkVx17CR8fFTn97UW5LnHD+lsL5dbWxxLUvkOXLOqAgzLa93k12mc7tWrtFKa6205xUUUE2FpbVOJrye3lQi7sXjyd64G48n29viu9t6vJTneq7rul7K9VzP9Vw35XquJ+bP5rJSTxvlKWW0Xb9u+o4/O+iaNGXq62tW+E6/Pgx02OVbG94q5el7SGNj4//mQoPCgDZaGgU3pUPRFGSItDQKFFLEhsh4KiSkZtZSgIiMplTcCVlwXZYRbTmGIAnwEoI9si3FlhKOZLZ0koX0WAoptcdhWzMTWIAVjEfCMlp4liWJLdPFbHsUdQkWIaR7yfNcUUiSLMNsQZOW7AmtWURdIknkxwBYUvhpkNDnvtq3fghWEgc4xjDAxiSIJBAGjDEeCQYLIpuZQEkphFLStiRgwNowQ9iGSAJGGyGEpxkEC4rARAJCGoab7FnyzBP/uO3uY4//2GmnHpcXtQgRw+Q3TQbGMBOzSUpLuEbalg2tiA1IgsiQYMVCaCEMG8NkASSE9PPe+XZv+AU6DrD1sJ/2z99+9dVXDznkEP+rMMb8/e9/P/PMM4UQlmXtP1oAo7QrCUJ5bEc1WYKNMMpVhqXlWDKZTIbDYWPIMDyCINhshNtNIcNKGKvQA1vCWIagDRCHHUohJIyydQ+LsCHH1UoKkhBCSM/TQmjBikhqjynkaM2OjDNZHiIaYKMcNhYbf5ALMq4RikRIJYRJwokpsl3FkkBgWwo2mjmth2ICIAzge78S+ECOBfB/qh90Lwbih2wwM5EAMxEZY0hIZpjMSyGEb8L102oIQWyMYSOlxUZLSAiRTCbtSIiZjWEpBTSzMZZlaa0ZMGD2a50wCSMAGJkgFsILazIsXQFLwGLB2ihJlvYrpxhPu0nYESMs46bCtmAg6RnhhKTRkj1Ix9VkCSL87zJX74O8G7XvnQ8uB3DsEXUArr7g45H8UFu8Y09nS9GQ/LxYOGJbUnGIHO0K5dpJbT/32rr1O3bt6U7YsSIk3EgoHAqFRo0ZzUbF4z3Kc1PxXjaqoqKisLCwsbFpxMjRKU9t3LRtd9ue+oZt79VHPsAxHWuWLLcOOnJ8vmm49/Irtlxw0xVT3irOYsvKJRtfvv2MzxxuOdGtK7aOmjEKTC9/2ww9ZQaAnQ8sP+iHibtueX7sIWeNnhZUBNifKCnK+/8+t6qq6j3syZvx5z9cO2nyVEojBvz1txp37hg0HSAx4IhQge0QMwjKctqSJqVZCgDoSmpXsWH2MxJ1p0xXt+ramFJeellslFZKNzerhkbPdT3lep7nuZ7rpTzP83ypn016Fc1smMHwt5mZOZFK670BAF6kyKOIYzr3XmQfWItuQAhiliKURwRHgAxpTZYNoww5lm1JAeEHPhpASGlHItAK0mZpmXQQE0vbMq5LIALBgAGyHDAZpYQQwiLDFoHZKBIg6QAQtpTMkgAIEpZgPwaRmQXZIUdS0mMpyECDNTFANjPDgAUJwLIEGwYzhMjUckxjcGBlTQ8YHEFgWJblphQ5MAYCkEIYDSZmkE2AUUJYxjAJAGS0yUQxgoQwzFIQiNkIsAGBwATjhMPzjz95/sKPSCETbkqxbbERglKabUuSX4eQWVgOg23hr8elYRK+7R9GWuQpLYQEmIgBaK2za3QhhOd571+ylv0IZva/kNWrV59++unhcHg/SgcIwBKW0h7JMBvyfbNZ2hYZpRVAtiON0USWFDCAAYzSMhQGp8iy4YcSsB+b5kvhTAwhBChsNDNrx7INiBlMkALMENIyiqVjA0SSweTPkMwQQsIwkyBooxl2iCRsZiJB0jYAmMM2Ga2lEJTOFdtPOR6wL8MMZhjDfu5GQSSkpZTyl2YA+zVMPaUdx/FVGMYwQEJYAAHSXyPZjq21ltICafjBOJlfnJRCECmjfS2I0kQMaQmltZSQAumgAQazAYyvKVHaCKOEIJYi5SEWCkMliIRlWUxEREZpsLZsByYYZe8NW7c3ypAIxZywXTC6unZPW0tnW6cFikXs8rKK7dtbKRR7Y/1W14qAQ9BCeZ6MhIfWVGmVNFoRdCRiV1QMnzxxvOd51dVDk8nkc8++sGtX8/jxdevWJT/oz/fhgcLhtiVXXXqrCHEyPO1L35nwlnkWgNHT5m1/Y/myl9cfNHv4qKlDYFKAyI2/XvbSeqdofCD/B3xQDJYLQAhJQlh2npRsjEopLa2OpHFVOoV7e1wnlbEZjiIGEindsaXX7dUAfG201loprbWnPGWU0lprrY02xvj/G2M0+399DQBnttkw2EhJfap7VqE8LW0JKaRM29rSKnQcUEudbNYWaBCMgGFA2g5AjiNV5vsQgiSB0scTSMCyBZHla+wZAAvHAUshhDDI5JNG2HEY0Aa+swBJ38FQgHyfAt+2ZANCMCSBiSAsfxERssloEAlBBA2QgIFjC9YQgpBOOjO4MBCkAzzA4b4IZuE4IRcACdu2wVpKof2fvAZAQpA/KRBZlm1xOh2WvyfThJRG+/MEE7ExYJJEBvCcUNhAQLsA2dKmzMV98Z6NFsK3yAkhBAkCg41mgm3bDEASjPYlPID8EABmDuR/ZGytvsx/6623XnnllZHI2yyP9jEIYNsOGZbgvjIlDHYcARiwEdKf7vyCprAcG+wBEsImhkxrOwgESBsg6Xs9kS0tBogBwzAAAUQspQQbYUmQYMNCEMghkCDYaXcpP3bUWJb0fXkFMwRBOIJkWtWQ9vVnonRRxpxUWgdoWsoB7LMeOun7lYmgMcbYdnpKQdrLBn40DRFZlpVe6zAzs7AkGWZACgtsiEgISYBt21prAEJKZoaAFBJgQQSbQKC0Pt/vgPDjk6UgAQEmQUIzC+EIaA0K2UQEkhZI2JAeMwDLcRiSCSQJHCjw3wPGTJzYG++ur99WUV6cH8rf2LC2pKhICBkO5ZeWVTW2xFOwyLJ74/FYwZCeeK9j2SWFRaWlxa27W1KpxJjaEWXl5RMnTnzppZcuueSSl156Jam8WGFBYsuWndu3jRpR80F/vg8PFK79+A9u+vh/c8rRn7zsiTt+u+5vrx42b9jwEYWhsCwaV7zzgeUAuiMtbU1lC8667H3qbUDA2zKYCkBKEGxYDgA2RmkjZHfKpJQxzAzqTemUYs0mpAnMruJEV0q76eeWSUv6WilllFJKp5UAShlt/JTRGfHfsDG+UoDZ+A4BcGxRmG+yz0GALRtk9Vk5qG9lc0BKjwQBAWIYCJl2rmcWJDILHU4X3ANABCHBwn9JudkTiQhkZYLz/Vp9QF++BUoH7gsQMSAlAQYkwUIQhC+UCQusAUOQQsLPhEJCgqWQAgx6ByuEA+8OBgwCCYIRAEhA+HZUTo89AkBW2ghPgtKyWTrVedru6h/lL219b6X0eBYGRCQATWBKS2bGT0TBlP1FEEkrmzmJBDFAxEJkB6jwK8cBJGXf3n1TuvhgaWpq0lr7TgEfdF/eOf5sRf6Q8AeSIUiZnuosywLIT0IrsyH3JEAOIEAQ8CufAhCABFikB6kk6LR+itIiu5AEZpD05XxKJ7KQANJOLICQFkEDGpmEPVL4s7svrQGAJa2MHtzXjROD/CIAOc/H/W+QZl3390Ef/veKvT+jMZzNmOtbObKGdmbOCZ0j+F51/rkChtPqfcMsqC8jYFrFkF5Kpcc0QzAYxH6sCAMwnPZLSOdEF/62ILAxmcsbQZlxirRPwgHOe/W7ipUWJFWCmeNd3arXLY+VlBWVJV0vFI6ytOomT1705LPkWIh7lmAozwih2LS2tvb0doVC9ti6upTnpowqqSh/8tlnu7p6Djt0biKR2LFjm5tK2nI/moQ/nCw467L1ry1Z8vyTu+9+zU3GGQiFo2VVIybNmT9zZmD/D/ggsQbW3yASQvqGZMmKNbE2Gkh6OqmMZrDhlGeSnrFYRjQzI+XqZDzFCvB9ypiNMVpro9JKAK19TYBRShujlVac9gnQWvuSf0YRYNhYJABjwPD9A5iJ/KW8yEReZR9DBxo50fPUr9iTb/bve5tFOn+Qn8asLwY/52aTbxvIngIYYosI6fUtS4BBhpEVeAxnriMyVQFBAjmrNIbgtMT1Fr3vu33B0ynAJy075SaIIOHLRwByzE2+xwD5a1tfwsnIQIx0cGp2XAt/PUtEgCQmCRiitKjG4IzyIKNo2Ltbubso51/Ah5a0JpWyt3nwB05G2iegLyQFAIjT8nh6Ek7Pwv7RmdAn9mdgCD9sy2/Az0vJol+qlEyrYMCAMqbXfvrv9BbnbCMYpvswA+5Uzu63uGmDDMKBuwZfGBGYmTQAYguAEZwJ488qu3y9Q1qJyhB9CwGkbQqUmXuBbMRLwHvApvrNo4eNWLjgqC1rVifaOofklwytHFo7ru7xZ59r3rN7aO2EV1cs3dPRmRcrSMR7bCmFEMKS3b09yVTSdZNNTU1bd27L37qlrKqqeU9bZWXlkhef37OnbdyE8RvWrW1ra/ugP18Axs2cNy6Q9gP2PawBs7i/vGUBCGatWZNJelobjznpGc8z2nBKmYRnbIbrkTIm3tybjKfSClFG2qtfG50R/ZXnewKotNCv/LiATGiAyToGaGMMW9Kklc7ZOLV0Su5sJ9MmjnRMwAH1HMoa+AmQfeILhMg+/TN3gmDSlqWclSyl/VjZF7f2+u5YgACd9v/nPlurb5fizII0qwXgvuUvCGRgDV6JejD5PyDAJ2eEZiRsQr+yZpQ17Gd8qgEJA2aQlbNw1oA0fWK6SLcEwb5GATCQDB6QxymrMui/p08My2wd6Gn/P7ykb73EoIJYWgfqe0VRn9poMH1QnzKJc5UH/qwo/TGI7JjijFQlsy8Jmadp5uxBvPUG9m3wefVDoK/ar3xJ3ilv8hB8x6sZ7puhOOOTQuhzu6P+MygRCTJI2w5AZAhEfrUTfwcEcVYDSzkTXe6Xz7nTc6DAf6+IFkbCMaeuduTcKZNjEOy5y5a/9vJLL42uHbOrs2vFmhX1TZ1MINLKS4VDeVYokhcrCIVlIuF4bnLj5k0NzU2llW630kLaG7Zs9VIppJRKJlr3tI8e+abl9gICAg5wBltaMAsIZihlWIOSKR1P6YhOKtPrGcVwFSdc5cVN2AqrpOa467me/yTJJPjzjfpaaaV9JwBPqwy+O4CvFTDaaJ1JEaBZs9GplFCaHV//7CcE0EQQPMDajIwden9f4fx/kCPjIJMejdPZnwEAhHTKqj4o7U7qW6UEYUBmPj/IQgEMtgHmbIvpNatgXwWQWXn4Fi0NpIMUyQBkchcxgdgf8A7o808hA0Cmq0X6lv6Mt0taJEoPKdOn8ModWb6RinmgI7Tx7Vqc1ouJTDs8QAnWp+xK583IXe8GfOgRmWlTcGaiBPmj0SBXIZQZKpyzJ2crKxqZrNSUVZX6l2CIrM0/rc7KNJh2BU9rUpkhAZH+DZDgN5ESB0yw2R58CIauMe807fy7XwwMGncwaLPvJkKB+wvPWRke6Uq5uTsGwR8hxOmqukbkqAA47YOSfQsAMYFhhAGxNBYTlIRkI5gYpEGCDVgzZMbgz8Rp70s/csB3BmTfESD9wcWABcYByHulnCouLUp5yRdeeH7G2HEFZDtSTBw/IVZaWjWu9rUNG+6+9o9OGLbt9Pb0WtL2lNub9PIK8qvCpXl5eaHSopY9La5WSnNXd/eI0WN2bq+fNmXq9o2b8mNRMnpn/fb3pJMBAQEfPvpFEvpmBwaTIM0m7ipWxJanexMyioSre1NaKSOaO1I746onlazMd+tiYOOmXMp4h4H9EH+TTgGotVK58r9WSmmjtDLaVxAYrbUySqfPiSuhNBvWMH6OWnJdi1gI4sySPdtXfKhjBd8E9k2dYAIZwBhkHkQMQ1lTf78TMquKtFcq/Mc4ZZabWddVAOxbVtMrU6Sv1D9zPzOYScBQ+kQwgzRAnFUqBfJ/wDsmI3X7mfwHjSLxB2PfW2k1QTpuOis7GU5rELKH9Y18EMDGVzFw2vaV2x4bCKR9u9OzYj+lAIu+NHEBHzoy86NhkPGl7fS85486k3OYn0z9LQSAvlOI027WIj0za+Tqt9ITrdXPYSBHw2AgAOHnfzdE/4Wh+MAbqO/TYmDQZt+dCqDfuSbXw9H3fXybZ6avAuDMEqj/wMlRAXDuOPLzCbCvIfUL9nB6tmQD6GztRMGGYAxkJoDFgNOzs4ARrP2kLAdUpcn31dT09W9cP2CPAYYCAGYNm/vv+ee8f5cOCAg4kMn1AvBtaNDGkIEWblfKYyXJ80xPT7SGkp7uTCivOxHp6vZ2dBgpkhanPIWI5WqPmAmUzgTAYKONMQQ2WivleV5G/vd8rwBf7PfDBfrVC9BspNaZEoHGgG2314JLEGx4YF/hhwscMPgfmzJLhLS9EwaQ3M8hMOMuTQNORsamj0Hd+FiCGeQyLAOZI/f3ndXXGnN6nZxuW2W9aP1LD7DP9hk60n+zhrUPgbNqwHsBGV/6JvQ5+2edrgevIJnOsy4yolRmYuh3TNppBYC/piVAEQgs0wmw+nyyM3/TDgV9Xi2ce0AwXj/E+D4j/oSaUQcMcpj/bq5itE91hL0CSfq20wrW3Omxb2z1m7Nz53A2IJMuBZdtMneg04C/fQ3v74N13wwEeHd6gb5JJdcTKeN0l+tTsj6IcwAAIABJREFUYgbd9o9N+09R7ul9TlWc47JHvpsgAeRnAJKAJjKZVnI6Qtn5j4yAxSSYfU8C3ytQgA0JA0HE+7UW4IB0IA0ICAjoI6sCSM/lBMAYkmTY63TjRkWEEKKto0ToXte09HhuSkdD0vNcraXbS8nOREFUOCGR6EwgrZBmNjBGD63JmziuxBiTTHg98VQi4cZ73J7eRDLpNTd3N7ck09UClNLpuoHazxfAbNivUssMZivZ4ZBHRH7JQOy9xD+wGPCgH/gcS1vzGZlUVQAy4avppFSgPq/UvsiB9DuUzf2Tc37WM7bvpKy9FBkBS/gpCQZ9rlLO//33BQT49B9xOWJ75qU/1gjgzHv+WjY9ZCkzCpERwCinHUpb20Q64VUm0WCOJEUi+yvw8//7OeL7OpBZWL8vHz9gH6Ev2j970zPDb3BZlPpv5zyecmqz9NvJoi8HoACsdEi275rVp3ftG7r+TN83WeduvPWI3D8H64CCefsg70nHsvNJn3ZzYKvZywy8zZnndT+dQTaHRO6ZvocmQSBt9WcJCD9+0J88SeZemyitFRUAiJiIWPg5fgl+MUAS+C89UvZJ3vlNzFXu+GUa6+vrhw8PwuwD3imnXHRrUUH4Hz87/YPuSEBAH3tVBPAnOyKGtzvZozxbCmEgR0aQVKqlWySVKS4Kua4rpez2aFdSTxxReMYpw5cvb1mxslUpw35GQObenmTt6Pz8mMPgdPo/pV1PG2MWL9n60KL2THyATkcCKK2UZmNMIsn5McNGM4M5mmwNmRQEmAfG7h5wpBeDVs62zK4LiXKF/pzEZn0rx3RlYPRbTfRfWJJI51Hvezu7Du5bI/h/Zdpa4B9li34GiYG3aq87d2DfyoCBUCYhRfYl0G9E9Q1JmV4R+2M1O9gkIAT6yW85TfUltkafsiFbciAjZ/UJZtxfbzVwtR3wISN93zPCj/83M7ooV+GZVVfRXuej3wjpG3hpkyzBH+SUOwJhUb8Bmy0IQICUac2ASNcrfJN+Dz4s9+fBus8K/2/BO+zz3ge9+cQycBLb+529lAaDbfppADNbNkCwQOwXYCXYgEV9vRfICvnp9Ua6FitlhqsccKUPO75OioiMMX6508cff/z888//oPv17tCd6xcveq3JSPJM4eRjFhw0xHn7e6oaHvnn0lGnfXRc5G0PNd3bN3YNqauJfKAjRTWuvPRPqcu/N7vOAQCkmn/1f8vqrjj+5NKBKt3k+mcvfGjoz05p+tFj1d+fv+ObDw+99qujCt+Lzl/+00XP3X7BSV+6ee+3vI6GO/763L165g1fH1u2Lzo8BXyYsQYmniGADIgt4lZ3T2+yQIUiRXNnbtm8x2ruTFSUtJFdVBb2jI5XlXh7uu67cVnjUWNmzqo6ev6IKdPKn3u+oaWpq7w0f+TwgtGjCqJRyxizvb7zP49uIOK62tJDZtd0tLuvLa9PpTzf/u8XCMikBTDQnrdqrTz6MMOMjnaSKEo1SssvD3Bgm//76LcsyJWYBn36733Wm85pA9sb/PzcFzlHi4HHBAT8d7y11mjvAbj3WB1E9zToRQYd5Xu/ojd5L+DDS+59H7g94LD/rtH+m28mweXszDnyHYzrgP2X/8mtpb3+owHbAw7O1X72O/XAw49w9WNShBDJZPJDUGzPa3jm2ebxnzhzRoFIbL7/piUbx582Kfa2N9iqOf7TNe/sAsmdy5e3z6utiexXhXTCtYf+cSyS63e8Vw3e9tDKqvJ8AB1dyYHvubtvuXGjM6WieNV7dbWAgP+CQbwAjIGABKNTN7elhkVnzd5Y33PHXavDLJNSrm8tnVOZL2pKeqtLxO5OHU89s2jdslXNU+qKJ8+oOvVjtexqMLd3JJuaetasbSnIdyZOKKuoiL340vbZM6vB/NCidVu37VGeVp4yypf+lVHaKAWtAI3t21T9CC6IieeetCfUVaqtBCKQMYOoAA7QJ1JAQEBAQEBAQMD7jxDCL07hewGcdNJJH3SP3i0UKgjpeEoz4CWVFY321Qj3di66dXFobEW8Y09zZ8GM6YWtO1rbWrsK55x6wqj2h295qfa0Q7feuyRSV97d1tPZ5lYfecox1a0P/OOV8WefPi4Mr/7hv7065mPjNy+pbzaPPxZdeGxd9yuPvLgjKdjj4qlHz59emtq4ZNHzjUpCmcJJJyw8qMLOdkvtWf3EopW7YbGLijknzJ9UyHtWP3r/sjYnVlBRha1NY8/++Hje+uxDL+5wLWlQPG3+gull9n8tCiQ3PH/xPaF5Q+M7O3p3JMouuPDgiQCAxPpnL3946E8/4h/FvZtWfP+O5BmXHTIn5r724Iu3veEKVjyk9qKzx40OvaML3blo9XO3X+Bvn3LRrYdOH/atLx6Zfs8u+uSXj7TqX1ocqAACPgis/q716bIvQgqwkdTxigkvGF7zn5uWdrTFLUtW726eVDQ2vygy7/i6Reu6XMGO64Korb71uR2ty17YWlUWyYs6Ta09rqfLyyI11bGa6jwCH3v0yJIie9z40see2PDii9u054v9pi8bgFKsDMEwFEPh5ecoGgKMbesy0crMRILhh0z2pUtmwBzwlWkCAgICAgICAgLeD7LJKYQQWmshxLhx4z7oTr1brIq580fccc9N6wtkT6pqwekjwtm3SAiTcEcccdLh2PrQjYt2nviFE+ZS/X9ufGl7fGRB+gDV01116slzI6nN9934Wv3cqnD/1kXhuDmTlreLYxdOz2tY9FDz2I99Ykq+SNU/fsvTa0cu5Jd3lC381DE1lteybk1n0lTY2TTRqS5TecSpC0fm8Z6Xb793RWvd7O5nXu496BNnT8tPbnz0ltVmHFL1Tz3TOObUT80qFokti25+cu3oM6YXZhpgX154249PUnjt8QmXHPG5PPfFPz54z/qpE/IHHpNq3nDt7V3HXXj4nALR+/qy63cM+/HXasuFu+KW/1z3Qs01R8cy/g0DL3r5TxdtqU/7iWTlf3/j8E/9JacTVp6D1Nv2NSDg/cEaZB9BgFhKQahPbmhu6X5jQ7NlWeXlkbNPGlvNiZ0r2yZXFk6cX/FoubVhw+7Uyq0yntIgN+F2tPcOG5p/3PzRo0YWkaBk0k0mdVNzd2lJZM6sYRs37X7ssTdSrpuuDpBNBqiU0QasAEXQgEFPF3o8jB9X2/WCsEizn7wWGJALkPkd5+ANCAgICAgICAgI+C/wUwBIKf0Ny7L2x1wV/WG3/pknGsaddu6cctmzftGdT6wb+tHJBVkp1sofWuIQdDgWLS4ptgETjjkmpbMLbrtwRFmYABmJ2V5KcXjwywC6a2djV0vTojtXMABPGysRmjo+/7WH7/3P2DGjx9VNrY3lCOwiVBTuXvzI3S8Ji3u6EuWe6mnpCFVX5QlQdMSE6vCr0N07d1tDDymQAMIVIwu6t7TrrArA3Xzf316e8LlPjY++/Q0KlVWNihJIFhZZqYQy/VUAumvHdX9oK/n0SceWS0C3btjdsmPP1b/YCIBTRjsJhYwKYK+LbqlvO/PEaf9ctDIr/wcE7INY/UVqIoCMn4lXEDjEm595dInyvFjMPusT04oKQ3ffs+rlpQ1DyvNnz6s97uBhh48d8wLHX3txGwMoinFpwbg51WMnVyxb377ljaamTc27mruSKXXup2cOG1Z03/2r2tp7tVJaGe3nAvSUUp72NIwCKUCBFaABzbZVFEqMtrYCRERMZq8KgH4tpf19Ig4ICAgICAgICNgX8RMBKqUA+PK/67qO43zQ/Xo3mK76BjFsRolNQGzoqOizW9t0jgogk9yyX+mH/uJC/5wloOwBe1nmRP64E047qirH5Fh96jmTdu/cvOWNJ/+5dOQpnzxiiJXp1bpFz7VN/8Tpk/Kpa/WdtzWgXzWMTKdyG+d+L+3hx3yiLBzO2WXbtupKZkv+KrdTyXw7Nzvw4AHFqjNecnB45ZPbW8bWVkgAVHbw3Gs+WTbIXd/7osCajU2DtRoQsA8xuLeMEH51NyJCV8MjrBInHjehujr/nntWLn52czKZ2lnf9uC/lv3h50+uW7Fz5pG1SW3cWMSdOMqqqymtrVR50bt2qiWdcu3Ort27e7o6em+5femtt766el2j8jzlaaU8z/OU5ynlaaXBCuQBClAg429YxXnj5So/K43wiwNnCgIyZyoG/i+/qoCAgICAgICAgAMGZtZaW5YlhBBCfCjkfwAiWhJL7mqKGwBu267e6JD8d5OQnqyQdLtcA6i2htaUAQBBrA1kwdAKb/uGPR4DXsvyp5Y3JzvfeGFlq1U2YsrsY44a4da3JrPxvOz2pOzCkohgtWf9hj2eZplXFks1tSYZHN++tiHBsApqyvXO7V0a4ETT1p6iEcV9CQfJKSwtCuV8Equoek60+e5XOlMMGPf1p1ZvrR49Me/tP1Fo2PjPnnnEWbT61091epDldSWp13dsSwGsNj356n3bvT4BZK+LZjn8U3+58pePvL65JbunprLgv/leAwLeR/YOBEjXPmFBYBZEUbu9prRp8sQhy5fXP/v8JiGEkNJxZDKpdjV69/9tCSpKaewwygsj7CiIFMMAR40vesWWrSUHp97YZhM3vrFj50tbjDZK+wUAtPKUXwoQRqWFf/j2fwVSQpiqWEe500Uk0tWBTdrnP1e/GDgABAQEBAQEBAQEvB8QkWVZ8A1RAID9X/4HQNGxC49oXPTAHatsoUzhjPnTS95N5n6rfNqk0MOL7msoiuXHiqOCWcSGVpn7Hvw3TvzYUQtqH378n7dYQnHh1AWTQlERanjsljVwJJvI+KNH52WlZ1k8YWbp/Q/c+a/C/LKJM2cUP7H4qV0nHT5t3aK7bl1RUFRZOSSaIISGHX1UzcOL7lhvCU2lhy6YUPhWygu76IyLZt982+KLH9WGqXDEmK+fXztEvqMIfJKxYz590Gs/f+7OuuPOHnfQpdOf/+01DztS6/Kxlx32VhkIRw8rWbOxGcAD13169Ybm6+985dU1DQBqKgu+cf4R2cO85vVX/Wndjnhid8+Or31/XcWsw3/80dIPwdgK2F+gE6dW5772tKmbOGlXQxMzk2BJxMyuKZn9ka/c9+CWHfUdQlDFkIIFC8a3tnYve62hJ+4SUcixho4uzz98SqQkP2xRcdSaVJ1XEJFrG3p7U7o4av/7yU3bbn/c+O7/WmultVas0vH/OfK/7wvgRYfkzR7WUOT0kBGGmA0RobKmcsPrax2Z/rH7CoF2u3xb4+7/zZfV2Nj4v7lQQEBAwL6Mryn2t1999dXZs2f7237erKampvLy8uyKOSAgICAgy50PLgdw7BF1H3RH9gM40bCxXg4fWxnmjpV33dV6xDkLqu23Py0g4H2jpOgduJG8CVVVVe9hT96MP//h2kmTp1IaMeCvv9W4c4c1MKcJgRlERCAiJhCIw6LjlUf+unXzeA0rLy90wRfnVlbmNzZ0zjuidvGSjUue2zJyRMnnP3eQXV0mo2FXmdZu74VNXd0J77SDygrCFgg1J9de29BUj5Da2UTGcGMLNzTtJf+nt6XQ06uaS0JxJkF+JJIA897xRcAgQUcBAQEBAQEBAQEBAfs3ZDnxjQ/f9TJZUHbNkcdXBvJ/QMB7w2AVAYwBQMJPvEFEROAI7xxXodY11s07bFxlZeyO2195evHmqVNrTj5p8pzZI158acuezuTrne33vdE9qjR84rTSYycWdid12Bav7+p9dlPHWbMrrrjs6N8+vn1TeakwBrUj1AOPUU8iI/abzIZnS2/amJ6qWBIgP1mHr6NgMBuDvQT+/T8va0BAQEBAQEBAQEBAf+zy6R85Z/oH3YuAgP8Znk55OqXZk2TbMmTL0Pt0ocFUAJmygP4W+WkBiWuKWzzlTJlywqqVO59ZvD6Z0kuXbl2zZufUKdWnn3bQ1k1NBx81+ZVdybW7etft6p38/9g77/g4qqvvn3PvnW3qvctd7sbYdDCmmGogtIQeAiR5UiAkPAmh5wlJHpK8KaTQEkLvxY5phoCxce82NrZly3JVsaxets3ce877x+yuZGFT8hgXMt+PwLO7s3fuzK5G97TfKQ19c3KpXwnb0AlDsjojuiPilGQHanZHtDGmtQ3iYQAnGfxPpABYyhlVHq3Ii6NABkQCRgYWjIQsEPookwIg9lMC9fDw8PDw8PDw8PDw8PA4zHBMPKp7XLl7zY5mBwC+IC/Ax1wADMSEApCRERCB2S0HACl5YGH9onee/mhHZWdn2K0mcBzHkLEsccS40qATvWlSURjEg+/t3NoSXV/f0xbWW1uiDW3RrpiOOxSJG9sYikb06tXo9PQJ/hsALdEcMbinMt8R0tX/w1Tuv2DBAvljFj96WQAeHh4eHh4eHh4eHh4ehzOOie/R7o7BMfED4QJw7W0mQkx04mRilIiMAAACBFIabBic2dCxe2BPLMAoAHHp0i2F+Wknnzy8en1DbnF2NC9vd2e4y4b7390OnCjWZ2Bmcuv5qbMTmhuSKQAGwCCY9KA9YWi4MMdhBhQCCBK5CG6vEERXZWrPySMAey4ADw8PDw8PDw8PDw8Pj8MXw86nPrO/2MMF4FrTbgGAEAjAjAKYMOkEcK3tguyuE0bV1DQU7Nyd4xgVD9uvvrx05lurBw8uGDggf8O21maZKUoKsKSQhUgI90PCA0BMUFuDFE8G/42ldEVBvKo0nplumBABgHsFAFBIZGZASjgTXF+Am57g7nTgXABEJIQgIgAQQhhj3CaxB2wCHh4eHgcdx3GklIjoOI5lJcSZXP1/IpJSug/dG+bBnKiHh4eHh4eHx2GCREvvafNL/KIkMNVeBfUZBQAJFMCAKDjRGgAQhbt7RlrsiCF1A4vaPtpW0NyZzgyRcPyjtT0frd3iDkDVARw6EI48ApTFnEwviEVx3RpR8xGADWAQqSA7PmZANCtdK4HMiEIgIAMBIAMjJCeQSEoA9/99rG5EPKBLTLcVFjOnVrdeSwIPD4//KCzLYmZmVkq5N0DXGeremY0xRMTMQgjv9ujh4fGl5P8S/rns/CP340w8PDy+NFjSr9nprQXAL0oIAPYqB8jMApBRArNwZfmYWTBCIhXf7RioJORlRU4et72xLaOmLqs76rcdaQgAGIAhbvO6DykzHYYOYfdGaTSuXyM+Wi6F9vl1RlBXlceKc21X5Q/cvH/XokbBwMiCEUVSjEACMnws7I/AdOCC8EIIrbUb/nIvhTHGfXjA5uDh4eFxEDHGuNa+a+cTkXsDTMX/ASBl/Hv3Rg8PD49+vPj6KgA4Y1LVwZ6Ih4fH5yY3O+2LG9w1+A9YRwDul0tPhlAKZHKrAAAAhUjWB6CrGOCa6+4TZXmR0txwZ9jf1u3r6PF1R1Q4LuMOao1i1WIycagchOwEtldnNa3KKu3OTndyM0x2mpv0L/scGRkY3E6EgCiQmRiAhQAGFEjGpPYEAERmgGRewgGCmRsaGqLRKCJqrZXae0sFDw8Pjy8rbg5UKs6/Y8cOcCVck8H/LVu2RCIRt2bKw8PD40uGUmrAgAEHexYeHh5fQr5Qs78vqp/9j4CRaMRn+Z04oGBGCURAib0QERKJ93sY3oiYnWFnZ9hEqDUaEpoS4oKE9fauNAEUsMK+YbaS4BaHYp/jJqQHAQEEMDMwgNuUEMG1/wF8lgxHwoiYtP/hwGeYRqPRJ554YsGCBbFYLPWkt8z18PD4j4KZLctyHEcpZYxpb2+HZEmUG/b/xS9+kZmZadv2QZ6oh4eHxxdAbm7uo48+erBn4eHh4fHv0z+IjQgtLS0VFZXAYAiYGSQiICCjW9CfsLz3yMZPIQT4fAzQ1yqOA8T3PFT/3FDs+y+iQMGu2D+wK0yoBCgp6ne3WKL/+/EAygHeeuut06dPb2xshD5Zr54LwMPD4z8HVw/FVfuTUvarjXJrBN555x1XMPVgT9bDw8Nj/1NaWnqwp+Dh4eHxf0L1M8eFQKP19u3bCwoL00LBVKL757a099id+wobAPfZwH2+J/VQa6enJ7yzbrcEFgdW/K8fM2bMaGhogGSki5McxCl5eHh4HEj6Kv8bY1xFwL6KAADg1kntrZOrh4eHx2HPfryz3XfLVyZMmJCVkwMAdXV14XDYF/CPGTNm2vQZHR0d5eUDLrjgAkb54osvNjY2jRs36qhjxrS07v5w2dpdjS12WPf0RHKyMh0d9Vti/JEjOzpbrrv+6/6Qf9q0aZs3b546deqRZ9y2v6bq4eHxZaJ/FoBAUBK10Q11dcatxU/Z4vt0AvR/Yc/HDL1lA7z3XZKFAHs9AgqQiD4pLZXQluJ97foF44r/aa3deteDMAMPDw+Pg0rK2nctfFcdMLUgdnMEDuoEPTw8PA4bRo4e27Brd1tH12VXXL7igQelJUaMGvnSSy8dMX7CK69MmzjxmA8//PCyK65KT0+vqPCVlpZ2tXcUFxTuzM3d1dCMiCVFxa2tzd09ncj2sKqB1dXVaRkZDz744ObaTUVFRbVbtni9B/7vvDxz1fuLa4IB9Z3LT6oaVHiwp+PhsX/o3xQQEaRARCmFYAYGgkQ+PsA+nQCfvODjfWx/nD2MauwtD0BEECgQ93g+sXkAl5tKKa01JNe+XoDLw8PjP41UFoCrBQAAbsDfLQ1wuwMaYyzLcu+WHh4eHh77oqW1vb6+3rKs3/3+jxJFRiB9xcrVWdm5aWkZl112WVtb++jRo2uqN+Zl52zevGXYkCHZWYGdO7b3tHeDQ2UlpZHuSKS7p6igIDMruHTp0quuvWzu3LmxWKy4pEwI0dC0+2Cf35eBWYs2PXTvFdVbWh96/v0/3nHJwZ6Oh8f+YY9CgJRJKxCEdF/YQ7F/r0N8mg3Oqez/T2sThX3qBPZ+uIMbXpo7d+5FF10UCoVSSbDukvdgzsnDw8PjAJLqjeqmALhJAcuWLXNLAFxHwIknnsjMKR+Bh4eHx5eJ/Pz8/TXUwKFVt9x627Jly46fMuXNl1546eUXp0yZUlJSkpOZ9dprrw0ZMrSgoKBuZ0NVVdXixUs72zvmz14WCvgHVVRGOiMmplubW4xDxpiMjKyxY8fVbKotKS9Mz8xct2FDaWlpXX3Dvo4b2zjv2j9tjyYeiZxBQ7/x9YmnFsl97d+XeO2iG36/fdRNl94xUn3yk58dZ9eam+5d0wB53/nFWefm7cd1td7wzPSfLi/8+W8mH9lHZD267k83/c+c/Bse+d+zCz/5YC3tPfm5aXnZwdKi7EjU07j1+PKwxy/qJxrYnxpxd1/ba2Cck+Njn5377Yn9Nj7N2j8IdaaVlZXLly+3bduyLHfh6+pgHdBJeHh4eBw83Nuua/C7ntAlS5acdNJJSinXOyCEePHFF4uLi13BVA8PDw+PfSH96b+7/4ELL7wg3NYZDGWWVwwsLSs//Zxzls6dV1pe0djU3P7BvILcgrlz53Z2dldWDuza3bRj29Zol11SVNrRGh48cEgoGAyErFgs1ta4a+z4MUr6djQ0CstX17jr6quv/uSjD5w6+YYhKt5a9/wLG//4WMaIW0eWHJzbtmlYtrUB/UFufXdN+KxTM77YWZimOc9umXL392v+9tLGU24cGfikfV9//6Ojx1YCgCEv+dfjS0X/poAAsK90/c8Q7f+3wcR/wPwxX0Oy8r9fdgC7zyAeuF9I1+tgWZab9er2wfayADw8PP6jICJ3JcTMWmufz+cG/11dACJSSjmO43YHONiT9fDw8Nj/7K+b24aNmy+55NK2jtYR4wtIykFDho0YPaZj9+70zIz/uvkH995x9+jRoyefNLm2ttYY/vP9f3n7nx84BnJCcN03rmnYWR8MBttb2gcMrijKz1+2cklxeWlHuLO8YkDMsbOysjbUbDn+rE86emZF8REjLIA8s2zjfVubt6xu/N4/Os677YIbKiEVPB8Pba8/veD5lZ1hsEpGj/z+18cOBwCA2JYP73xiw9qe4ISLT7/99OzkkOzsqv7Zr5e3njjl/53vn/fc/GeWd4bBGnjsUbdfNSRny4Lr7m8cc1r+prk9F9597kUFyfWz0zV3abdv1DFXxZY9uqhu98kjSyTEahZc98fGI8+vbH5/08ZI4ii+ePtbz+455ta97OZ3emY9+/5DS7ugqOLUnP59u6IbX56Zdum9Y449esK0xz9ovvesgn2t4x9/dZHfp6675PhY3FTXNuZmhf7dz9nD45BjL+k6+3vR1j87gNm123tbAuwZ0O/fMABTaQH9ZAb546kEXyxE5Ma+XCEApVRKFutATsPDw8PjYJHye8bjcSGE3+/XWhtjhBCpRoBEFAgEUsKBHh4eHh575bwLLymtHDRwyNCGnfUfrvnommuu8llyY/X60aNHtzc1jx8/vqOjY82aNW1tHWnB9DdnvDaiKh811de3rf3wo0g4XlZWwcytre3SgpKSssycnMzs9BVrVsfi8cpBg3t6ej756ExkDNmtDQsaAPJzC+RetAPC1SsfXwlX3P61C9Jbpv1zy5qd8aF+ANDV6+Ut3zp50DNzX3tj7caTJrl+Ae5p/Puzy7eNOOGPFxf7GzfWWcXX/PTME8Mrb/zrssePrvxvv5AQW701+5YfHTkyp9fudpq2fdAqRl1YcVx0y6PP1S5qHX5xoUAhJMRW1Wb/8o5zVj0y8yn3KM279zpmv90GbVz+8NKeQRedc9u47sf/sHOP86Hdc59Zd+QN384WvswLL5Z3v7xp8vdGBAAAbrz3hVhsDwmbU4+vuvGaUwCgsSW6ZHVNS3vPN+94xn3p+AmDb7j0hM/3YXt4HEooAEDsVQH4vy3Y9mWQY99cg4SqH7huAARg15p3ewLgnnL/CSlCTAkVYF9xAUQQB9YLkOqA5S6C998ClzlxXntkPHDv8IzAACKZ/tD3khKA4N59wH2VAQAIOaGwwMiQuOxuzgUDMHByHOzzECkxPvfOodeRw4xAgMgJ+UZGZkbsk8oByX1TE06dCQO6iR79EFU+AAAgAElEQVTJT3APD5H7aVNyJqLP6SeSRJJ5Ir2nwAAAIjlK4uKkeli67Siw36XpvYiMe1zMftekz6kA9F6Wj394fbZT8+z9FDhxFE55s5JvYUh9gVPDGgDcxwft4XHwSTX/czP/HcdJPWmMSXUEsG3b5/Md3Kl6eHh4HOLMnb9o/ISjams2DhhYxigysnM621pz8wqMMelZmQsXLnQcc9SRx0hh7WpqPO7Y40x3F9lOPMydnV1FhWVbtmzLysrIyy2oqhra0NJgx3V2Tt6I4aOaO9p8/sDRo8Z+8tHX/u3li9wtf8FlV1aVRvfiAvDnFZTC2mf++q81w4snjh99xoiA3AoAYuRZo44bKouPzHjtnUhHokZer3x+rhPLuvamgUUSTHrI37nplYd2ThNOJ+j2bsN+AMCq00ceP6hPXT6YnUu37ca8ywf5cvSAQbBi1uqeC87MBAAAMeKUQUNyhByd8dSOSIcNau9j9ttNN9e2xyH71Im5eblZ547xz13R52ii8Kz/fSixmTvl5w9MSb0Sjdrfuvzc1MPVG7bedM0p7vagsvRf/HCqu93aEd9a3/Wrv77iuQA8DmtUX5n9lCPAFwgNHDIiOz8/GApaPr/PF7B8Pssf8Pl8Svksn6Usn+XzWZZPWT6plGX5pFLKsqSylFJSKSndHwkAxhgyWmttjNZak3a042httGNr42jbdhxHO7Zjxx1tG9u2bcd24joet+Mxx7aj0UhHa8uO2up4LJKcdh+b6wDaRymz360C+MR9P2YVJmto3YaC/foaMhtGYrAAQDtxv+UHAwxAgglAIEomAAIUnDLN+76bSbOQApANMANanDTxBRKSdG1vAABGgwAAChjYAMh+hRWurcrACMJ9yR1HAjIAASAysgaQBAKAJRhgRGCDAgBlYixG0AAI7JrxBCiAEZEYNIMPABytLSUQJBMBMjAgCjaEgkBoAAUsGIAwaQQzI7LrAeDeL6xh12BOOjYIWECvuc8AgIyMAGAACEgAKkACsMn4BEggIOkOTcZWUgERgASRcju5Fg+AJABmUHt88Iwpox96j5nKOku6DTjhNHFn7rphHExOvXeuAKgBEMCX/FBS/TjY8wV4HAqkUp/c27sQwt1INUlxb3Fe/N/Dw8PjUwkE02K2XVhSjNISympsbGxqqN+6ZXM00lNSUkIExcXFkXCsrq7ep6zKAZX1W2ptjpZVVg4aOCQSsYmxq6srPy1/0eKlKNTultZyp7Klra2uvvHKq64ZNrzqk48+5KIp3x2qhM9fWJSRqSDyESCwJgBgbSdWMlb5uN//vGjhqvpVG+qeebT6X+dM/e0oABB+SwCg9AH0WQKlDxtavmnzK6/XT7mhZOeMRdM25tx879TJkbXf+9Xa5G4yLbhnpb/T8f7yMHD4z3c9/2f3mUXbG08bWwgAICyJACiVexRnw97H7LfbHmtwos8aKexX6s/cv4LAxRC7f/E+47AeHocme5ED9AWCYyce52jTE45GorYUQlo+KaUUUir3PyGlEkpKqaRSUgiplBSJXaSyhEwghAQAIuPCxmjtJB8ZYzQRGa2N0UYbMoaMMUYbYwwZo43RDhEZMsG0jDETj1u7fJEdj/XqBcJB+/37bKvb/q0NUtEzYwwzSolaGyUlETE6IJhRMaCUEpiBEAQYYI0oAAQy9t6MEgF2TmQNuIYqGAJIBMQJQHIqKs4GkmFo9zXu/eA5WZjBCAQsU76AXsMTgLGvGcoAxIlWEX1cR3vsQ/1SQpIBdEIwjjFCKhDIkEwgADDMCZcDMrMDDMiWATDACKAQhZusgomUh+TRNIFA1yxnACBGA4yp9AnGVLKAa3ejw2TbJuD3AaJjbJEw+AElMjBrB4UCw8axSaFQSgAmAvNk3IvLkHyKe9PY+uSoJBMOWLiXR7jPYW/2AUAq/SDleUlZ+DrRHdOdMvc9gmdTeRwqpO6BKfs/9by77WkBenh4eHwqoVAIEYHRcZz09JBSalNNdVFBfhubkVXDx44Ys3LF6q6uroqKAdu3bsvPL3ztlVfLiooHVA7uDkciMUdYVrzHNDe3DBs1rKmlrq29LRK2W5o7gsG0WbNmr1m7/sZbpnzC0dOK8qoGWamHMpSWBg1r1ra3BLpnbnQAAIBaVq58ZKXv/K8e8YPjK3J++6+Zu2Jm1L7GU8NPmXDD2K7vPbf0uZPPPiZiAFFybM38bbsAAmGH9tZIwa7fMr8DKs465aZxAQHcsnzBr2dvWdAy+qK9HcD+TGPK/MHZPmiYtaxl4piu19d+Vhn/j7kA9m5khKN6wYrq8aMqPuOwHh6HJv21AJixfODQeNy2bS2VRCkBATiZnMzMTAgSGJARiJmYEYFh6JSrEbG1Jx6xCRAcBg0sEAGYGJhZIQcsYYiLsoMb3nkWGICRiZkSRhMisGs6spu3TogICEwUsx0iq3zQsC0b1mLS7GLXCXCIxpr2kr/tamX1jY9JKRBRSsGoCIgADYMlhGPblvAzMiBKQAEADKQNWgQggAWAAdQMFgKQQUQjBDIisgWgmTUAMgoA5e4Jie2+iQcCGAFNyphOzBoEAPWdejJbHhBAMRAKQkuwkAwkwICQEoBBMhOyDagS6f3JdH1Gwj2uhpLAACgSJRVSSEBASURGokik8QvBAMSMwBYKAWCMw6SVZe1xCigwYTEnpi9T1j9BMo+BAEGAsABtx/ilRJ8gAIFCCcvNjYjZDiihlB/BAAsQQigfiqQPRSAAOJqFQiEwEeTnvXzEfWx86eZDS7YBEIQFwAjGvVQOIgBYoHvTCrCvjX9ofqU9PDw8PDw89idkHGTq6eosKSs22kFkISAY8o8rG9Pd3V2zcTMTnnLa6c8996LfHxxaNSIrr8AIFXWoO9IlpaXJ+IKhwtL8OXM/GDZiSFlpRXNza3Nz64hRo4OhdOTPp1ftrxh15fiGR2a+8/2Phl40Jg2WM7HIGVxUNGfpz29f44DIHlT1/QsLg13b9j2GKDrumEvff+P552tOumzUyNq1f7jn7QnnHf1foxc98sqcl67I+dj+euuiHW1YcPXkshHZCACD06oGzl45e1nX1L04GtTwsz7LmJg5ZsL14zv/PuOdG5dWnlUVgLXGfIaY4WdxARhiR1M0ZpcXf/y4Hh6HE3je+PK+jw3RhOMmhSM2IkpLKRTSUlJKKS1UUrpPSimElEoJIUrP/I5AqO+0EYVAlAIEEyKIpBXIzG4uDRERMxETkV8hEZnV0wwZozUxkdaJbUPGuHkDjjHGOFozsdbEnBb0r1o6T6YU+JmZoStYtHHrPhuf7l8aGvbPgdwUiISaIDEAGUEGCNAvARVoYAEkWIBGMAxsOCAZgRiV6zgBIEZkkAwogciOGymE9BsCNI6SBoVlQLJrErMNAIQ+txjdQWAAn5vVLgygABCJNHl27XdXDQWBZaIuAA1CIr+KMKE9IJhZgAGUiZJ3TSA1ogSQwMm0AgBARukmMAgwCA4ZJFQaUAmhmMkwMYNCRJAsgI2Jdwl/SAt/olReE2hiScqSCK4/BDGRgW8zMII/WTivAePAfiCVqLMXwKAFMLAAlu5pOWTHjR3wBQShMNL1bpEAAohHI0HLL4RkBgcdAKNQoCNQKS0YAEUil8HNmOiVDEj+oWBMVAHIZFJEHEAQWgiMbACAUdqAAsACBwAILOj1YhBAHEAC+IAJMHmURPaG13vC41AhVfMPAMuWLTvmmGPcbTcLYNeuXQUFBV63FA8PD4+P8+LrqwDgjElVAPDWjKevvvbq+p3bLAVvvvXGdTdcBzry8AMPFhcUMrMAq7Oje+igYX//2+O7GppuvfXWe+6+068sSwUkqry8gra2loys9MystOb2XaPHVWXnZq1dt46AC0tKiwpLPlq/7g8Pvn6wT/ew4dqfPPbdqy9IPVy+dtM9N57Rb59wVG+t77n9N0//7vavFuRmHNgJehwS5Gan/dvvLSkp2Y8z2RcP//X+0WPGYQLR7193q6Fux16yAJRSxkSkUmCIFRITskDSkhilBUSMyCiICAGJGZKFMUIwMQomkVRjSyQBMDMDMzGzIWYihUjMRAaIgJmNYSI2BOwW2Ggik6gsRUDDmoGMUZZi7g36M2JvKfbhADMbY4RAKVFKxezGud26WQkg3aR1chyhLAahDRvBUqBQiIxaM1oggABjwBaDRYkgtxaWEiQ0gxFgCYUEwCRQUMJG3WMhLlP184h7vpTQq0MQiUB34lOkXvUBJHRj4kiABkEpBpP0+AggBRLArYYXAgDBAZCYSPEAIhLMQqIAQlCuE0dIgQAa2YAWiMhC+kMGhGZgAIuNQoGW5VCcQAgQrpnN4OYLCAQNoJP5LJwodEjm3CfLFhjd6gQCECAlBqUlmYFVsujBkCaWlhUMEQMyEDMKlMiCHVBBVwKRgH2uBmXKGu+bP5FI7U/IJmBiH8v9PUBAQOl+a5P5GG5qAPRR/gMAlRj8sPlee3h4eHh4ePw7lJeVtDY1ZWWmp2eE0gL+WTPfyMxKDwT8wVBgyeKlmek5tZu3725sRcTy8oqf//ze9q6e/Pz89Rs2hOMmK+APBAKTJp2Ylpm2fvNHu5tyhZRsjM8f3LB2Q+mZlUUFxQf7/A4n+hX/7zULoLUjvm7TjrzskGf/exzufMwF4FrhZJgFccLQY9AMikkQkmseuuXLxWf8V21LXCDkpfuGFaYjYFs4vrO1mxGJOVmqz8CcSAYg4+Z+xx0mYhx2fmD9KzohAWCYmZjIEBMDEZNhY4gMsQEwTCZZ3J5Ske9bKX2IkSoN74NbBcBMAMjA27ZtbWlpRgZktAUaoRAExJ0BpXmdbZ0O+Eory7PzMtFtfsgolEwU/fOe4woBxnGF/dzYPGOihCIZpHZ1ARK9BhDdugs3nC5SbQCSSfMgUy6Avi4W10RlShYLMAADMSAmxQUQeqsyODGgW8Cf1OoDRBQKgIEMG7u2dnt3d7SoqLiotBiUIEZikAzajm6ra2p3sLKiLDeogAEQpaV04tgIIAHdCns3TyEVjcdegcPElyRZYOJmNACwYQKNqGuqN0fiorikojA/B4kU2rVbNje0OwWFZcPK8pgdsnXL7oamup05xQOKBgxEFAoQXVkDxkTnApDJz5qTZfxuCTQlvwGYSJJIaDG4JRXuZ9H7ZU7qAkDCP8BJv0GCpLaCJwjg4eHh4eHxZUEJtCQ2NTRCYZ7R9unnnP3+zDf9fv9TTz1VXlaxc3uDzwqVlpbOmT1//UfVLV0RAugMRzrjRgAQipaOzqbm3QVFI4cOGVZYWBiJRLKzcuPa5GbnkUONjU0H+/wOJz4uB/jsjMVXfeW41DOOpphttuzYdeLEYQd8dh4e+5m+LoCkecFAwMJoRkWMSAYRhGAiDcisBQvJkoF5R1tcSCUQx5Znja/MAYCeaPylJWFEiMXspOnoBvZdGQHNDJRwBwAxy9EXMTOteJ6SBQBM5JYMJOQB3YfamF6fwh5Ce4eoFIDLno6AVOqsG/9/6uknX37pJWkMG46gIH9IgcJY5Mffu+7tt2e3hMUPb/3R1PNPEwBs2NVeSNS2J6LIKTF6wcZs2bJh7qJVOQOGn3jUkXnpPgQE19QHScmWgQCQbLuYCDsnIuVJF0Af/2ffpnR9TyehyZ8ybiEp9QckAZhFrxYfAyZbTiTq5jUTAIJhITHa3frIA3+as2D15Vde861vXx/MCCEqAQBM4Y62Z555YcFHdXfcdvPko4ajdgAI2CJEkZw3I0HCsFfgxvfRlauwABCQDWIfmYDUiQIDKiXikcj9v/31uk1N1934kyu+OtWHANTzyJ9/++I7tTf95PYbv352wBLo8Fsvv/LkY0+c9tUrbrz1tgy/X7gCf30l+jhlvDOgBraSH3ryGiSVLqCv+F9iKonuBol0mZRm4h65Bdg7fw8PDw8PD48vEemhYEd7q9G2Y8d6ujt1uGfDunVa20dNOHL58pVDBw73+9L+8ejjRUUlkWjUp4AEdPRECUBJjNi2DbB9x47TppzS0LTdFwjm5OUCUO227RUVFRlpGbmZXr3656CfC6CrOzz9ndpnZyzqt1so4Lvj++cdwHl5eHwhpFwAvcYeEbEhAwCaAEAAMqI2jmTBzCCla9ERgCFCZESm5K8NAzuGEMHRSXOSkzkDzGRcZUBgtyqAWCMzMxtNxhjSTOx2AzBEbIiJyGjSZMiAISL6uB102HXlcBUMEfGoiUcJIdCx582eM3fl2snnfuXIMaOCREeMHfvUE8/Wd4qu7oghUshIwBKJ3ZZ7BCxcmTpEJAJGNAwrF8797/++57RLvjlu9Jj8jAAAsTaoJAG4lf2J4DgzkA0SAZQmYOHmCwBRb589RvchM2gAFAJdRRkyJCS4LiEQSKnKBWTJyAQoAMEgucFtJEBAIYAFa2AAIVEIA8gO+RAZ4+Guls1bd4bjWloSETS5l4YMO7ubmhrqW6JRjWAAbACLwcfJC5j8srq99txrQgCWm/DPQMRCCwAGv5v/LwDc/gMCiQDIANPuup119c0x1q5uABpqbdixc3Nt1CFpITBIxHBbS93Wbc3t3QZZMAi3EwwAIKaKKTCVX0GQ9DUgQLJhBYrUbxYDsCEhEcEAEaDsdSC4ORUMghN6g6KvKwCSGTAeHh59ICK3so0Tv5e9G7Dneq7vM5/Q0iU1IOypd9CPvv5c96BuSddnnHa/txPR59VNSL0xdfpeF0YPj8MSHd+4bu2UKadt3Vo76YTjw91dN1z3jTdfn1GYnwfamTzptAULlt1116033fTfEYcLC7PbuyLGsf2Wsh2twQSE2N6wu6amRggxd+7cvJzs0vKStEAwLehvqNu+eeP6g316hxNBv/WXJ15NPRw5pOSPd1+RFvQfxCl5eHxxpFwAvasHZjJGA0mwALRgJkafYANSARAwEyFLFqTDNgZ8hIiGEkn5MQ22NgBga5O0bBK+ADLajWQSMRlNzEwUjzMxZzg2u63yiIjd7oGGmUlrJm2I2DGGzb5adB4uuEs0Kd2lHk+dOnXq1HOjXR1OJDpv7aZTzzz7m1d8LTfgi7bt9AkhlAqEQgIBtOPq2GkDPsVACQE+t1mCADSMQqj87ByFmJOTlZGZ4RiyBAFpYEszkHCNfGbDUiCiA0SAwYRyHRsmAhACpBt0NqnUeiBEAFDaCGaSAgAEgCNIG/AZocB2LCWlELYdt5QfmJBSDgcABAMAAIINGCbCGMeF5fMpC7Qj0M5KD/gDGVYwTVgWEUsA23b8PgJBgIjgQ5TADCYGEl372rWNDYMAAErU2xM7ApANgADNTkJV0NUnJFBSMhsiA6gMIgnwITOwHQ5bPsufnhEjsAClZhF3VNCSSjoGJaEgTAv6fEpqkprAQgCjQUi3lIIYiVEIQGaJDETAAphAkjEohEDQbIyDlhRJYURAQDSOLQUSgGFAoZiA2KBwfS4CGGwNli9ZuAFe5r+HR38+i8mdsv/dDSICgL4NWT6+f8qc7usI+ITxU31e4RPdCnt9b99DfF7r3X1vvzd6XgAPj8ORWMeuDJ9AcHbUbqqprTnhhOMy0gPFeVkKzbDK4rZd23IzZWdbQ11DR0Y6CCGysnJLgplBf2Djpg3AWinl2PbixYtzczIqB5Snp/kj4bDPFz9q4rjp06cPHVp6sM/vcOLv9113sKfg4XHgSLgA9jA2mMkxoJgdFpZgUARxFgKYgCULkkJpYiGEbUjHCBFnr2/atrsLAXd1hDt6YqnRE3FlowGAicBtEGg0kXGDnm4ugNGayLBhw5qIExUATIaITKJlgDGUiJ8n2tszEvLnXzwdUD5paolrrRQG/VJIZBSuzp1QIjcnuy4a84cCz7/w3Ixnn04PZt5134MDBhWxptb2tkcff2zu3EVpoYyf3HJjJBL+/YOPfv3yr05/9B/xcHzmm69trl4/5aSjv33tVwuys79+1fUdUee/fvi9UyYdr4gtIRAYKPLsU0+8OmPleRdffuJpx/zt4b9Ur11TNfyIH9z0g0GV5dq2ozY9+8KLr77yXCgkrrn6ijPOujgQTFMCbdtWllCsV8x9/y+PPZ9ROeyH3/rme6+/9s+330rPzPjtr38zqLKSDT/xj7+/O2vWD35854OPPtHW2fHLe+4cP3LwyuUrHvrb49vb6gcOHXzvj+8tzs1GOyYQHM2OgZdeffmNaa8K4rvuuGv8+OEsURtDlEh0AClmznz9jw+/QNJ3xKjhN998Y0lp6bJlS5589NG8vAE/ve3W6a89+9ILL5QVDfn29747YtyIaa+8OOOfr4dt/cNbbj31hONsg0pZKCgl1s+GQDuOHQv4/aG0ACYUBtGv/BSPIDsaAASCptycvGBaGoBABCBurm+473d/XFdTnVOQe+MPfnTU0UcLcMspHCAAEiAoGu965G9Pvz9rrkVRQn7gqefzszKbtu/8+z/+sezDD31KPPznPzTUVP/5gb997467Fi1esmb5yuu/eR0ofujhP3e0dx8xavJtt/9UWWQMKaWS36DD2/nl4bF/6Wt7p5qt9vULpOz/lH3e9/l9/dWwbVsp5Q71qRMgIq21ZVnw+c1vRDTGSClTlrz78LO/HQAcx5FSumf92d/r4eFxSLG9tqazp7u8tKhu57bSkiI7Hs0ozivMz9tasynk8/kskeb3x6I9DBCOwHe+f+2mTXXz5y3Z1dDksJMdCHbHogEBDfVNJUU5ne1tGenFZaVFy5cvLSrKOuaYcRs3bjzY5+fh4XGIovao92YAAK21MQ6DZEnIUljADFJKBGYmgZIkoUTJUhsCACnQMaiJEdgxFNd7dJUHJiADAEBJQQBjgIiYU7oAWjtExtUBYDLsCgMYY5jJ0YaIDJExpDVAH3cFMvKh6gL49Em5e6BlyfQMfzAUsAIhZSEioeCszFBPTevTzz3fsqu6ZcuG3XWtjV2+N2Y+19Ha+v3vfnvWwqWZ2QWFOdn/c9edWTmZ789ZevnXLmtqamJHhzs76xp3t3R019Xt/NH3v7tg0abiIcM3bN5y1NETsn0Bx0ZLkLCMhOjMt97d2tDz0usvNtXXdOxumjdvVWen/fv/vSs7N+uay69funJ1dnZAYc89d96+oabpW9/9TkFWhs/yMRCQRnC21WxoqqnbXl3dtas+YttLFi/82qZNN//w5iuvvDoSDs+bM2/e4suLBg5NT/NFe7pmv/vej27+SYQwkBfYsGn9yneXznj+mawyv9bEjO++N0uIzu6m+h2bt6xdueovf/39xKNHolQoEBGcnp4//uHXjzz2kpVdFAhlvPjCsvrGhp/d+8v29t0L58/r7Frc0hFftnJmpLt1yfwlO5uayoYN27RhdXtTY03Nli2btzz7wiujRgx2HPK7C3Vg1xiQPt8xxx/35GsfNNTtJAKWyLH4zoYGJNNct50lGGYhoHZHU2eUJkwYE5Cq5qO1t9x000ebt+dXFHxUs27+og//8IcHzzl3kl86UhAICSTrG3b+/k+/eebZGUWFldl+Rslbt9Y0+dN/fc+98xctDGVnZKb5v3bJJROGD1s8f8FPQlZba8urr07ftbspZsJdXbu3b2ucP3tTIJB5513fSWaLACTaHPTKBnp4/CejtRZCCCF6W6sC9M3eN8YAgFIKAFzLP/Vn4hNse0R0bfJPtf9TAfy+g38uLwARuTPXWqeO+xnfm5qtexFcF8Ah+nfQw8Pj0+iJ9lRWlluWlZ6e3tzc7POJ7q72WKSrraO9ev2GSZNORSlj4fiVl5014413iODMM898dfr0ovz8cEtndyxamJtmdOTYYyYeMW7Url11RQXZdTtrq4YPmjLl1B07t40eM/xgn5+Hh8chithDUA8T5eJGa2O0MVqTNkYbrbW2HccmrY22tXaMrR3bdhytbduO221dkZW1rSu2tDa0h23H2NrYjrYd7WjtOI67bRttx23bdhxH29o4qR9Djm1rx9HGNtomo933Ga1Ja0OGXKUA47j2m6vxliqwxsNODCAx/cQPaa3tuDZau2UOjgOgFUJLe3swLe3JJ5987G+PjB05dMWKFR0d8NADf5j9/pyzzv3a2/96/7333pp69unz5syPxuUpp599330/Ky4MXXnFlXPmvHPvvXc3NjbMm7vkjtvveO/d6ddee2VaKCgkWj4QAoB0WUmhQ7q5pfWiiy6eO/v9B//6p4EDBixZvjpmx3911x2zZs264dvfWbB44b/ennnGlJP/8tCDH1bX2xq0JokAoEPpVlrAX7N2Q1FJ8Yszpn0wf/7Tjz3avHXj4489uXz9plB6epqljj3p5Gmvvfzmay8VF2bd/tM7swpKHvzH4x/Mnvf3Bx7oaNl9yUVfQZtlIKOro52J7v35rxYt+uC+X9za0Fh/6223d7R2guVjgczOjH9Oe/KpF0aMHjt77gczZ864+55b335n1mNPTCstKSwqSOvpCQ8cOPaDOQvffuuNE44f9+57c8LxwMN/f2rBwvdPPvqI2nVrarbvcKSQlkUGwBgBoIlBKMsXuPL6q5Fji+fN7+noMQ59uHnT7kgnGGfR+x+0tkcITPW6lR8sXlM24vhTJk3M9nX/4KYb127c/Iv//eXcefOee/al0spB9953X+OuZiEsYDY6DoJmz5r13HOvnDz59Gn/fHXmu3Pe/eCDEQMLX37x2Zmzl1x6xbXv/+utBXPePv+8c5564Q0W/rw0mZNuobDaO3ruvPOu92fNvv/Pf4rFzJIlq8JRu0+bA/cb7iUCeHgAAKQMZjf07Qbk4/G44ziuca6UUkq5OWTuk9DH+P8Ea9k16bXWn1wIIIRwx5RSOo5j23aihe1nxh3cdVW4o30uLQDXhS6lNMa473Vlcz/7CB4eHocIL7/yQsOuuraulpy87PLKkhGjRqZlhLTWtm2PnzDR7wsyWrWbtzNgTxgeevhv9//pDwR6V8uuvIyQhVCYnzO8agiCHQyp8rKC0rLCY46dOGzIgNa2pgbd6EIAACAASURBVJKSAmbnYJ+fh4fHv4M2FI3F+/24off9RZ+OAJjoXUZkHKMVM5AAMkyGpRQkpGAmFkIgESJKgekf/NKNhSTiIeg6EVCgYGB9wk0A4BDFXGlAZtJOYqHETMkeAcBM2jbEAG4WAJPRRGwS6gBsSBvDRie1ABCxVx6dURze0Q/Hcbo6I5GItuOaGUCwK1ZXXFR8xhlnFubnYlG+35I97S3d3fbaVStz84ovvvSSygGFSkev/NolM994e9eKHf6QPx6PMUHA57N8PlCQnpaeHgrd+z/31Hd2X3fzDSo93QdgNDCCROps78gIpY0eO/riS74aCDpFRfnpWVmtnZqiPcsWzS8sLLn6G9cGgv5MX+55U89+d86G6TPeOeGIwUG/D4AAQbDjV3JAefmFF1+alZOnlJp08slnnXri7NXb1lZvDPqUJXDEqHH+tFBIxXds/GjHzobrb7xi4nHHBHz2qScdP+mEo2e+/vrK1RsM+rJzcs4484wjxh/hx9ZvXH3xiy+/tuLD9dvqdpEBCTZQbOGCeQ2NzT/+2dXGjvV0d7737tvh7u6dW3e0tQ/2CQ4Fg1+74lyjrIzM9GFDBpZv7p58+uSSssKQCJfn5AQAmtrawwwK0BJKAiGDFIk2hqVDh1x3w9WvzliwZvmKM6ZMen/p6o31kaNGD9+0YdmC5UvPnTR+wQdz1mzaecvP/l9FWcGW6qVzFy6ces5Fk089Zffu1rnzFm+v2Qj+QHNry8CKIgIp/bi7cefCRYsk+q//5g0DB1dYDIBOa1vXiqVLBg0add4FF5aXFyHEb7jhumefejMe6wpZbCERqnPP/8rRRx3tC+rhw6uMEXbc9gcsYiPR/fXskwXg4fEfT18ZPNdc9/l8UkrXDO5bJC+ldE1rt1ggpdu3V9vecRzLspg5ldsP+/YXuN4Ht+6gX6LBZz8FN43/856+e3S3cKBvdcPnFRT08PA4FLjlxzf5/cHm5l0NjQ0nTz41LT3o91WQcYqLCrKzcgWrjvCWo445jlXoyRff7uwOd1ZvyMvO6exo7+6JGAYGJysrD1B3tjcrSW2t2vKr7JzMpsa6pkYKhUIH+/w8PDz+HRzHCQb8AOCa/UoKAIjG4kruN31KleoVB5CwMgyRdmxQFjMoUIYNs1RCshCCDQohhRAoWAhAIxAhkQ+JveJGgKlJ25psbRJ2v2PAbaTm2v8MQIaYtdZMTEzEBOTqAJAho41BBqONITDGMW5VZ/IAnGqndijSt4vbJ2pWETORK4sAwCCkG/glMo7jKKkQOBAIBDIzAyFfT2dXMODLyMuOa1BoSYRQQKJf9cTZjhsk4zgRZhaIJ00+7b5f/8/Tz83461/+NGf1h4889KfB+RnKAojbIKzsjNxorDsYCkipEIxxNDlaKZ8di8XCXY7NaaGQYdaIgUBAWX7HQNyBdH/i4guJwI70idzcbMcYC5QSsqKihFZtd7TwMwOAbZAZmOPxcKeUflSKJQgQFoq0oJ8R4mBpUD4pfBKVRJAIEI9EI0L6ohEjlMXCOHaYmUD4fviDH6dl3cFsDywrPOPs00dNHB70ByQgAkdtVgodAtZIZGuOEhBpkHE72/KXV1YgArnN+7RBRFRIRELJtLTg1PPPnzFt9pvTXy4pzZk5a/nwcUe99fhfJp819eWXXh6QG3r3/XnDxx8xYdIonx/9DMzmrffeXHziQiMCuUWVo44cV1haYPl9ACDQBxRRyvH7ZV5eUcAfNMQWIGs7Fg1rMpmZWelpmcaQkmwpqyC/qKE+HNc2CCGE8Pl8xCRYMrFUUiiVkHv08PDYGwkXAKAAlJYVi0Y6u7osy5+RmUHMZIxrmEciPe0dXRnpGcFgUAj4mP3f26GTAZSSkWikpbktJzcn4PcRkWVZe+jtJf1wRAYx0SCUyTTt3g1C5uXmWpb6+Mj9e8O6T7mWP1NXV7eUKpQW0saoz1PPz8zA1NPdjUKF0kL/nivBw8PjoPOvd2dm5+VmZedUVA7c0bClvr6xuCD/yPHj4+GezLScdes2lpaW1jW2vTLtn0qCVFY07rR0tOdlpnd19QBA7eYmO9Y++eTjzjn7jJUrlxYV5EXtSCgUKikrbm5uzsjI2MdhqXv9jOkLmzQAAFM8jCOvvPa0UrWPvVPo+rdfWD7okq8MD37qiVH39pquwqqy4EFdy5jW6h//vuWGn500Jmk3xTcvuuWd0ntO33Hbm+X33zIoy1tqeRw82DgOKJ/c+7ewb8x//8b/XXp/31PHd6sAgJiVYAKhYMg3H0aEdY2RKEmBrq0PAhG1jcCIbja+cY2WpO3CsjvqbmhiAGDtMFGis5kxrhRASU6ImH/14J0BfhOAwXGANAATq29fv5CZjCZD2hgwZEhrRIRkEoC7ODtUQx+4j7Bt/2JuV/5AEBvbAWZgDQgGBQgfETIhGXKcuO1ELR8MGVL54aZ5CxYsHDe6KjMoN6xZu6V2q4lxdzTe2tkViQMSs3bQ7wMyF3zt0qkXX/GdW+5+d+7iDevWDZ58LAOgkEDSxA0K1RONJFwpTKD80Qj7MzOrhg5evXXZ0kUfnH7GZHRozarq7q6uCWOH+APSACCDZJJkS+Tdzc3zlq4YObJKAtWsX//WnKWh7JzSwrxIQwMI0MZBYGZfxeBBmZliR+3mpm2Nwwbnb91Z91FtvcosLigrURZFe1q3b9rY0tCYXuav3tLQ0mH7g9llRUWoY5KdUFqgorLc7/OPmnD09d++0uie4ydM4ECu9qfJzp1MEhWzmwsMGJTKXVkLYQnWfmXFnDjpnq6e8IYNNRX5hQMqSpUko6NKWmAYZNqAyoHnnHHyC9Omt4a7ajfW/PSnt2bm5Z504rH//GD2/bGeNWurf3DHr4YPHYAYyS+oHDKgpMfmr1195fBRRw4eNrJiYGkk0lNZWSkBgIEJg6Gs4pLSjo62VcsXTxw/KpCRxSgzs4rKS8tmz1m7YvmCMSO/khZQC5YuW1+91h9S4SjZDiE4RseVsADBccjyO1p3AxMxJxNcBIBKtkH8Yr+1Hh6HOG5KDEvpdhwRRhiKb9qw5OnnX/WHii69/LIRI4YpZUkEJ962ZMH8F159+7wLLjr7jNOlEMREwIZJsmAwjI4AoW3auHlbTDtHjh324epVz7307plnn3HOmce5/W8QmAkEIwNoCcgsgYUQRAbYIJiOXfW//8NfQ/mVX7/m6iHlRQQGkZF17eba5s7o8Kqhiu3Nm7fboEaMGJqWFhBoEQGiEKx72ptnz5qfXzJw4jFHKp8kAAGutxIYenMZiFgIdP/4IzMCMKKSCCby6pP/kPmVl15+qSVlanXgdkkB92+zd8/w8Di0+eWv7umOhJcuW1E1oioQSi8uKWhrbqmv3xHu7KqvX1g1bExp2ZCKwWLe0tVCYTjuZAbTmbm9qyeoQAEoBeede+6550zZvqX2+GOP3lyz0ZJSCbFy+SqtdVZW1hF7P6zIGHXR10cBAIBpWzltpj228FPtfwBQZWdfXfbZTixWt2pV+8lDy4KHmFapf+jxDwyF2MYdB3siHv+RMGnHzY1HaVmfbMEq2f91Z79W9qhUz/JkoSQDkHZskBYDgDD+Kx9bsD0qEBhQoEFEgSDIAKIgg0CIyGQQQfSJeaCJp47B2gYAoETbdGDNRnOySZpEZDJANgABazA2AAngvz04FoC+ft0ybQwZMOwk10XJcEfCJjokXQB9QzJ7hJH6uQAwZutwNAa2drrDYAikZoEaBRApQMlSCh+BQYg7On7RZV+Zu2Tls48/E2nrGJjv37R0LgqfQB127PT8LLTMyuUrHnv4sfKKotOPH7dw7r8aW8O7WxorK0srSoqYiVhI5QNHSPRpQLQUMzMRum3uUAKrb1x/3aLV1b+598716y/laOTdaf+cOGbsOZMnopAGARkkMLNm1v5A8NXpb9pdnQWSZr337sa6niuvv+zIcSPm7FwVB/ZbiARaBYsHDr38yq+88tJ7f/n1b4ePGbhi7fLqHW233HFPeWW5He+UHK9du+q5fzyWnet/Y+ZbO5vCt912e3lJkTKxeKwnFotcePElS5fXrN2wtbWpQQC/8fpbq6p3DJ144kWTxxNLzXEUDgKiEToWFq47A4AMEgoG6Gxr3LS++rbv3X7BBRfcfMu389KMUjaQAvKB9GXnylOnTHr93X9Ne3X66HHjJp94LPhC51946ctvvv/W9H+eeurpJxw/IdOHyL5gTsWtP775vt//efOWbaUDBq9eseDVl7f2RCK/vPfnobxcKSWDDASyzjzz7AXzFz9w///rbNlVUFKGAi67/LLzpp63ZPGqxx/9a3Pj5qyszKVLlmYXZ3V0dnT2EEo/so3sIKAAHxsg6lK+GBtSyurzBbL2/CJ5ePzn4rYKAQIgt2+pbtm16eWXn2rryYig9Z3vfqs8P08yIETrd1Q//8orJQOqzpxyBmsCNFIJQ0YaBCRGh1E07mj4xS9+u2P3rllvPlazufqp59/Or6g688xjBDgMElmBBmAJDI4AZELSQgrDRgpmitodjS8992zRqEkXXHoFazJghCIR6/zzb381f139PXf/dGhB8L6f/65HZf3vb+4eUTVAgmUYJIJE09ne8Norrw4YeeywsSMzfWkCmEgLcH3cSAAIEgCJWBOhlAiMxAKREARrtDsfvf+3VWdfM/WySxFAISfd7+7fc2aU3Ec3x8PD4xBESFMwsOJo5M6u7rLyIqFUZXnxqhUrmWnMmNHpadkba6pRZSxfsTQS58zMjO6uCAKn+QM6HtMA119+viXV5o2bysuKly1ZHgoFiPWm6k0jR43xh4IN9bs+7fjUs3F2de6kSwp6PQBO3VvPfOAfVhTpaG3qzDxyfFbzjua25q6s4y46Z1D7m08vHnrJ8Vunzw1WFXS39XS22aWTLzittPm1p5aOuOrS4QFwdr75j2VDLhxRO3dnE737r9CZZ1R1L3170Y6YYIdzxp16+vi8eM3ctxY0aAmaskafc+bEotRyB3Tr2vfe+rAFFNtQdNw5p4/O4ta178xY0eZLzywqga27hl118QjeOu+NRTtsJQlyjjh9yvh863Pc5GIb5333jfL7prqPOLx59T3Px75687HHpdsrX1/0bLUtWHPh0O9dNXzwfku49vBIwMygfD4BbGyHWAADGYeYGaRl7SMb4ItCYV+rFBEAjDbacZhYErJgbcgxJNCNPQACCwRkQkAkcl0AyJQcILkKcUwqg5K1cfsyg2sak3F7BBCzNuTWA4Br4bMG1u4aDxgBSCeECcEYTcbgx7Wd8XBOgGQQ0ldYXDZ27KiS/GyBCJZPaH/pwIHDe9KKcrIFCBVIGzisaqSdFY+Fjzvl9Lv/J/bcy7Peem1a1ZCKqy++oHBglTN7Fdjh8Ucdfenll81etOnFF145+pjx44eUvPX6G+u27KoYOvK/b/nB8CEDIFHayiBkKD17zNixw4YNVQIQRVZmzpBBlVlRoQJpE086/ef/n73zDpOjOtb+W3VO98xszqtdSbvSrnLOEgqIIBBgchA5GXAAGxtjG4MNl2TudQYMxsYE2wSDySaDCCJHkYRQzgKtwubdCd2n6vujZxcJMPb1NUZ8nt8zz2xPd0/3me10qk7VW5f88M77H7315pvzvNhuu8w48eTTaiqqQAicxBggdkpK1L9h4EGH7P/U/Q8k1y2B8X9w/n/tte+cyrLiysqKxkEDK0sLLZEoFRaXn3b6N/xYxWOPvvDiawuKKorOOfesU045Gbqlf1395MmTDtz/oOa2rbfc+tekc2eeffZZZ53OqebK6qqGhq68eGzgoGHn/ODcP/7pzzdcf4M1xmczcuLUCcOHWOP3H9iQjhXFPFhA1RSWVw0dOqi8qMgCBOo7sG7IsMaSwlKjXFSQH497IFWQwie1IBIEMBg9dvz++x+IJxYcfOABtdWVxotNnDR57h67rVz3/r5f+lJjY6OGAjaAmXfssSny/nz3w9dfdyNE6ur677ffvjHPV6iKsrGqMnrMmPN+eO5vrr76scceSzvJLyg84ICDdt99j3PPTd5+++333HPvkCFDjj322BEj35k/f346kPLyytFjRvaprooca/F43qiRQwY1DvjYiZLrw+fIkaXnaeXABMfQSIZGujpabr/51iGDhh1zyH7wfaKwsLQY1lfjAYA6hF1sEsp+GABM1look5cozCso8j1CGIojzyfrsyixChSAYYMQaiCAAZgUEKfCMAaey6Tj8ZhJ5Pn5+UpqjSVWFS3OLyguLQ3DwON4Ot2tXpH1PCYLhYlSEiisqCyrrqhctWx1e2dXYXEBaygaOoDIqILIOKfEIMsSOquRV4CESFSYdMu6dRs+2HbspCnMoKjcCSjrZiYC5dQBc+T4AtDe1lwR912Yiie8xYvfGTV+Qltby7hxY6y1ktYly1ZbawpLipyGhYW2rb0jbvODMANlB1ggLy//8MMPTXa05CW81pZteXnxbS3N1VX9N6zfvGrN2kGDBv2d3QebXn89GH1Qv+2tXWKWZKZ+1v4zsfqBGx7asN9p+06n9Q/f8NLa7gFF2RXCzo6aQw6YnkivvPeGheun18R33CwXD5028o0W3mvvcfkbH3qgafDB80YXcnr94zc99e6AvfXldRV7H7NHXxtsXryoLSXVvYOhkm6XPrMO2XtAvm57+dZ73twyZErH0y93TZx37NjC1PJHb3pHhiK9/smn32885JjJpZxc9dAfn3i34YhxxT0biLK9/tGhwXTTsstvbZ/79ZnTirjrvdevXdf/ku8OquTMmzc9/JsX+v5k94KdLIIhxxceYmMBQEWILUEAMtYSXCYQNf9eH4AFesL3gZ4AezgXqmjfM+4kwqKm0ETx9xIyhIg4W40PpAoNCQQIiWRTAFQAUKROTIBGvRqoSnZw3IWqWXWAIIzqBYYIugFk7X9VhAG7AJCbrpsx74T54qL0y95mZ9sZBRX8m/5V/xx/52hSQVHZ4cccO3PuATV1jYmYn053e7HCk0/7ysEdOnDAQIiWVtWe+b1zj+nUyrKCWFz3P+iQsWN32bC1tbSiorFv9aTpTbMObG+oLqvIL/3eeRcetnZLAFNVVVbfp+C75/2ouV1Kq/o0NA4kFUMGgJIS+4MnTPn1VZcXVFb6DBWq6Vv3nbPPSEusuLgQntn3gP3HTJ2+at3WmDGNdXUVldUCVoaECmXAKsWELDN2nTVz75nTdOsGeIkh46eytZbdlKnTL/nvqtLKgfm+IQWZRHXNoK+d8a199ju0O92eyE8MHzaamZQShx565B67HtSvb10Ypvbef58ANGzE2MJ8K1R0zHEn7NXZ3VBXA/LGTxhf27/+iDWHEjMBtXWN5dU1Ltn+zbO/25UO+5QXqdPCkrIjTzp1z85MTcNgdiBrjzrly3scdGDf0VOtH//Vry6prCovymMGEXwowzhFCHXl5VWnfuWr+xxyaN+amrz8BICy8vIfnn9+e2eytq4uHo9DlYgkcLGC4hNOPGnKzDmtHV0EVFaU19fV+77HTD3nIVnPnzZjRkVlVXNzcyoTJPIKKisrfd8/9NBDJ02a1NLSUlNTU19fP2rUqLlz5w4bNqxfv37Dhg/r27ef51lRbWgYeOUVVxQWFlnLzon5WAhQjhz/4RAQpd6AHAzBsSqDDRMNHDggCHHdr38zedDQCeOHKlMacOw7ZXUK6zq2Nf35vge7QltaUnHkYYcsfO21pi3NI8dMHjN6VFGCJAj8RELVQZwFheqatm19+L4nkm0pq5lDjp5X3LeWQQSsWL1q/jPPtTe3zxg3ekjf0iATMIM9hhFxYLVkE+PHjH9fVhXm57375sING9cm85J//OMf62prDz/kpJKShO+JaCaWn98wqOG1vzzR2txW27fapTrvveeubuGZs3ZPJ5MvPvd8a0vbAYcdVtOvX6q7845bbtXAjRg/YdIu0+I+CPLIo087P2/S+HGeAgCTElRBQjBKUCKKBHNy5Mix89LW1qaglpaW8oqqUSNHrlu5sqq8or29vay8Ip3uLiksqq0fctfdD8dise7usKK8pK05XZxf2t7VnGB2Io2NjSWFReWFedV9qxsG1G/cuDG2YcPdz9/X0tpeN2DgMwteOu7sT9m5Jte9sq5s0tSij3Y2bGG/Mp/g4gV5pWWlHiDxAl/SrrfD7RXXV8QJMIkCL0iH+hEXwIe49g3vt2/e9NDtbyqAwIlNxsYMK1z44D0PD25sGDpkzKCC7XbOsZJ4x4JH7nyJrXa2JyuDsHNza6y2Jp9BefXDa+OvwnVs2Gr7TS0yAOLVA4o6VrW4XhdAZuW91788/MRjhuX9/Vufa1/3m6uay47bf69KA7gty7ZuXrftsp8tB6BpcX4yRM4FkOMzQCUMHYxnCRqp6PdEuf+bsTvKHWWz/EG012UP3v12CwDn1EXFAyHZEAAJKJvsroAQsosAwAlpiKx9LgA0DLMTUJJQNbLzoQoFQicKhYRwaUDgogABhQsjUQAbrL3lth8BOPLwiyKZASKoRuGOPY6AnZBPbtUnCATYWGzgkGEDYMK0WFbxfDI0aOhIhBxlOXiJwsEjJgwmk0mHovC8/IaBA+uH+AEZT12//rG+/ZljPiHsU9u/pnZgRhQMjzIjx0xw4jsC4MgRRKOIE0KssKTPtF0aMgpyYozJLyoZP7ZSYBBCBOzH+tbWVtcMYmZDSkIMhEEmZj0GQJ6avBA2nU555MaMGOa7ASLIWCsCyygrqygrrxT1wKwQJzYTorCkdOyEYkDCTMYY68IMW3/ggKFSbyhUZunTv29AbAFWmFhsYMOgenYMJRBUq6vLq2pnhiAVOAET4vn5w0eNSqdDz/OcwMYSDcPH1iuEmQREGDh85EDlJOJsUTZ2FJNjCgnWhWwMwKywDGbDdQPq+w0cwABcACJj7ODGRthYqEoEZgJAxoAlFouPGjkiE6o1HImBW8OZTMb3fRGoCADnXMOgwYOYRSGi1lrnXF5e3siRI6MqZcaYxsbGhoYGZi4qKqqpqUFW21zy43lTp04Rgaow76Sndo4cny+k2ZEeMIsPcs6XwJLdZfd9a8tLb7nutxf/8MI7772Z8kiYQ2NCDa1H7y1884qfX/bXZ14MxCRi+S8/s6CwMN6Zdv0bRr7y4ouvvvjUOeefFhLgx6BKhNdffuUXV1717IuLwq5MAaUeeuKRc39++eQRg157/rnLfn75C2+8EyTTVcUFJx+6l435ThE4p6TMTEoA3li48IknF1YUeitffnzFyvXdXsu1G9eWFhZNGrf3pEmNJjLOyQ4fNlhS965ZtWHoiEFK6RuuuWpdp/fcK4tXLH5jxeJ3g0xw0533/vSXV/zisgvfW/iKhq7fkFHfv+jC/efMQBjc+fD8+uFj6uv6GyhUovAEgtmu+KFyjzpvjhw5dk6Wvbe8oqpPPJG/uWnbqtUb8vPzt23aWllZSW5raUXNqpXrYTbU1ta6QGpqSpubu51i2vTpq1csdenO/jUl7y16t6Ig8eorz3e0bZs2dXJXV9cu02eed+4FH2xq2tS0raKs5lN3nn5/0ebS0f0+wX7P2ga0ver2DgNuPXcW6v3cs8LH1Em5cOi+h+1Ws53WQO0hJ43cumHlqiVP3PbagAOPnNWjQyDtix96rnncvMNHFlL7O7ffshE7pM/2NGr7je9oOnl1e8yriMf/oZte2NZdNin+1hNrNw8eVG0AUMWk6T85ssL/R76cI8c/h0oYOrL/7pj/T8T2Xty9jTE71tmLultRzT4GAGUV0qiIoGQlhzTrAiARiOu5L0SJ/w4qkfwxXBQOEL0DUbdJoRCgNxHAAQp1Hy+EHsX29NxbNNJN+l+VYtopYYElIeuxaJCBE+d5yj4BEkIExgqxAeI+AxSkQ2s4DDLqx0IVz7NGTSaZ8hJxVRFxnjXJTNJ4TLAg9YijfiARCYlClWJkiABLYjhSHFRCwIZhSIF0QDE/ZpVDBUCGQKpMYkjVIUy7vMLKxmGjijKmKD8RBimXTsbzi0AwrC4TEDERM6loQEQAG4NQlChFTgzHiMR4TDCBk+50qiDuAxAlJrggkwk1Fo8xqYUAJgyUVdgCMOl0aKwhJstgEJR83xcRMsYBCmZGZN2TE+fUeF5M4QQMF6a7YWA9K6pMBFAYmrj1AEdQERCRMQQoMRtiGAoChRMYTgdhzLOQEIaZOMYkokRkDEeFxMIwtNaIiqp6vh/VKrPWAzSy+Z1z0QQRpdPpePyjD1zJxv8wAGY4Bxc69v4RdZ4cOf7TUEChrDAhwYOzmmKnefllXz31tE2LX7//4fn/c+ll5172FZBhJxbUtmXzNdf87i8PzJ938innnndu86ZN3/zq15YvW37QkUeBpKure/PmZhuLZVwIUqjbuGbVtVf+5pknnz//J7+Ys/vuy1967siTvuxdcfkVF53/6H0PPPPsi4ec/NUzv3pywmVOPnzOpqbW+imJiupCgRhm7ewkE2joWra2VVRWn/LzS/N/9psPkokf/OB79TW1faoqM2llPyBrHKixoa5Ped5LL7y8x17T800wqL720b+8WFTa54LzfjC0ruJH551710Mvn/bVb/3m5xcNryv56123/fC/f/vKa0v2nDUtvXnjO0vWHXzkicVFcS8aSYAQSD/sL1OPRm9ODSBHjp2XsuI+kqGmtlawWbzkvdGjRy9cuLC2ps+Lzzw/ePDQRx6eX107sLC4T7I7raF2daeHDRldWVkZ9/DgQ/fuPmtifX1dZ2f76JHDg0x3U1PTxg0fLF+2OnTo238gm1hNTd2n7TtoXtOc6P+vsHnJxkymPSNISPPGLWkZAoBJncAU9asOnlq2LehT7YWb33h2Y+30hpaFa0omja0fXVFb0nbzs1tSUpWNBNBMZ9orLkuwhluXLtsWxNXkVxSk392S0qq85Np3NyZ1kC3qW+leWNvuqks5uWl1Z0l96Ydj9eQXVD6XCgAAIABJREFUl/+jPyfWf9gJR1W+du3jv3yy8tK9iiuHlKVvX7cmXTHED1c8+caiQeMOqv/faAzkyPEPIC50CgoCF2UAfK6N+XDviqyEMBlDRE1tqVB7swOirHuWIA1AVKCOKJveT4RIC4AASACVaORWXQbIxgJktxPpAiqiugCqSHgKwIRb4QIAcEEkE4AwyA7yq6OwFQBFFp72NrYndGKn5JPVAD9pDQWcgEM1hsmQIUuwLKrJgGIAi5IKYCFEDgF7flwBy6EgY5hIGUx+PJ4JxDOAikL9mAeYTMb5vqo6hgeoqkN26IlA1Jlsjcd8Q3miiNwPICgjFHheQSqdAaU8Pw4gDAJrYdjAhcS+jRf0bxzxP7+43Nk4k8YY7BU4NWGIuIUxHB0rkLog4/lxQ3AChXgGxD7EgIScdiUzeQWx/Dxf1UEAYSLyPAuPnSB06nEIqLUxAJDAiYvHrChCcalAY8iwhGzjzikbBAqjcIrQiU/OMoyfpyAJlMgZj0zMz4pscTZkxcAi8mxJSGyZsrUqoAy24tSzLAARfM8SCQxcEIBYFFHlcOectVY1O9TPbCOtimQyGYvFAFIVAKlUyvf9IAiiMmOR/S8imi2MCWstI1urLJ1OG2OstchlAeTI8Qko4ABVtpKVghGCAymzLSqtuvSyn65ceuiVv7pwl90GGS6wxuQZWbN00StvvdswefYll15SUVJSV1Pyq19cdtyhx1eVFBkPaadevLg7GZBhzaTEZRa/8eprr7564MFH7Dd3r5qqitZ+NVU1laveXLjgifmvvvJqw6ARx5143OAhg+NI/uRnP97toG8EpiCZNCgAnFDcIt0ZuiRCjsUKrEVXRyfb0pqq6vq6GlGwwMA6sECrqoqHDe7zwIJn2tu+XlqCvtWVlX2rjj7lpD3m7OlnuoYMGup7r83cbebcubtz19bRw4YVFxVvbmnv7Opc+vbbralwj/0P8w1IVSlSRyREvvMPSwHspI/IHDlyRFx9xfV5BYVrN74/Y+asd5e8t3Txmq6urvatyXFjp6xbt+GoI49fueaDdMCDBw9rbn2b0N7U1OTHzJKlixIeNw4aSAjefmshJJXp7m5sbJw4fuza9R90dKa7upLLlr/b2NCx96fs23W2pmMNsX9BZ8NWjh0Ze/ChezeWFBQWlOaxKhf0q5F7778b+x2825xBDz5+202WQy0eM2dkLI9jGx+7aRF8o5IYtntDfm8DTOnwCeX3/fX2vxQXVoyYML50/oInP9h/5tjFD91x85tFJX36VOUlCbH+u+/W98GH/rzUsqPyXeYML/70HyBta358YVMkdhAfMOH8XT9cRKZgj+MmLvzpc7cPmXvs0Ilnjnv+ip886BvnKgd/a0bO/s/xr4etv6PKpBe5rMh4H/ddfRaFALfH7hhuTARlIiiWbupENJyvkjXje+TWAYBYAYXAhT2Loqx+l12uouGOtQvC9Ee6I75njpxZA8C0/wkmk91O0DMRqQk4MZ2vAlDVDwMaNarIrEB2t18gdixMDVVlJvYIIchQFClhicg3CFOIGSLqCa4C2IiDWgiB4QhWBSIwBl5kw7KIhGoYMNa3QCBhyOxBQSbym5gAxISCRD6rg4TMVqFqiMQ5F3gmFgp5WYMZTmA9jygDVRCrAkpkYp5lBfsQhhNFRgLfeiQCVZAhNiDn+R7ALlDPksA5CS1bEImCjJefD1FlEoIDW8skqoELLfthgJiPyCXlnBIpsXGBWh+GADbEwmrYEJg8Y5MhjIUhKBBjZlVIGCoAWI+g0LAbUCIfWbltEXBPEW5mIiYmSJDJeJ4PQFzIxo8MDFWAEYZiGMaLiSiy6pYSFaTsfSeiyKqPxWI9gQAWUQAGke/70Qq9i3o9CBEiIiKxWExVnXPRBv9952WOHF8USNFTEIAVUIEAIi3NzZ3JzrpBA3900TmnnXbGqSedcdb5l2go6jJtLVuSmcz48VPhxUBgdUUFeUMGDwrSSY/Ven5HMk3GS8TzWF0sxsmu9mRX8vbb73rkycesCbtaWvILy6v7VGVSqWQqNXz41KrycucAo33711TX5FlxMQ/inADs0vA9EKty6JywioghLyqkI4BlqCAMVD1jCuJ9B9SsvfvFjetb64utITgXdqeDTEZ9NvkFhWxMeWUZCGDjMgFEy0qL8+L+ksWLjY2PnzQcqqKBU2etiR6N20n8frQGbY4cOXY2Rg2buHT5ytnT91q6bPn40VPWbdgwfvRIccHm91veX9c0fNBYVltfN3DR4qc62pMA9+lT/eZbC1OpblGp6VNRWZa/ce3iIYOHpDo7ysrKli9b3tWdmbrLrms3bN7StHXD+k1nfsq+40MO+9qQj8+2tfucOC+aqpl94rEAAK6c9eWjAOCAL/cHMDy7AryaOafNA4DCyYedMjm7gT0BAHW7n9iz8xnz6mdst4PKifsdO/ETW2RKx33ppHE9n8acNh2a3OhGHXDU4D5xbX3rjlVFhR7YG7jrkQM/5Xdtv8HyYVdcPWzHeQNvHA5g4I3R7KK6718axUrYiQfPmXjwP7bdHDk+e6KigJkgBOB7Fv/6ooAfg+hfYHpkw/S33+z/dZPbSxZm/6hGkgI7IbpdQxlRt0wVgISOmaMEBlElk61kRwyBcRJ67FQVzAqfBGA1pCJgGKIoMQtQEkS2MUdmqgAGkYHOmq1oTVBitiAoC1RUjQBgDRQxZQAgEnEapY1SVB8ioxIThkokAAGBAswuADFEYEiViZhFiERJQyfWxkUBIrBxPboQTEQKywQBkRJBNPIkWCcwChE1NiRShZCqywj71kFNlIlCxoXCELIcSuj5VhzYqIFClRQgFiEhWIZzEI7ULHrPPAURBOKE2UXRsApiIidiOFLQJhECRQkQ8PxYlFxirBcdMu7JOzM2Eu4EMzEDEOboKGe9z0TUK00RXT+2J8An8hH0rta7yBjTOyd6751jTE6DJkeOHdAPr+vsvZUVLIAjCDNZZYSsyrr3gQd8e9Ebl1x2xVlnnpUorRXSsqrKgkT+4jffbNq2rTC/r5dxazd8sHL9mr7DByU7uyUMrTFMXjqdVqsuSBUWFRcVFXdARo0cVVoanzhm7Fe/eWZLV9C2du382/+yfOnSDevf719dCfBrby1qbe0SUXFg37A6WAsxTkDk2HBLW2fTtm1lfRtJlSPPBSmLs56XgRLxuEkTSooff/zRR6aP/BKxVVWos5Yg6pxTUcmmy5ELQzArU3dHx7PPP7/rXnMTCUgAwwRjVSV6dG+X2hc9hnI3kxw5dl5KCvoU57etW92UiJcuXrTquOOOe/WVl+LxWNOmjXX9Gx95+Mn6xqGvvvJmW2v3tta2hJ+XSCS6u9tbWrdOnz65srKsrfmDiRPHlxXn5cf8TR9sHjN29KZNzc8++2xrZ/KEE04g/sKnE5L1u5c/eMfLZBF6fWfv08f7+9/JkeOLj+d5yVS692PSuWjmv3AX9iOWORExGybT0u2g3DsXAHpG9VXch4PvbIDtAvjRqwLY224lyUQT0WfDVFGcD2DPsf0m1qwFYJObEMkFhEF28F8EYRhNmPB9AAymHRMBopb9337+Z4h+klKhqrJhIhIRsBKMOgEYpDAkAo/iqsl0Mvn6G4uLCkoGDxvKfqDqmPPCEJ4BWFlUWIViqoAIwYCg6sDZnE/uUXAIMvA9D5EsNDETO6eOHRHEETsij5gQamQbA2EAa3wjoUBBTtQaiETfZ1VRIiYLIgU8ZohEFmtW7VGFoGzIKUSJiNSBWdWFDFGyoWRNZlElkLXoSeuFQn3PhICIGDYqSgTDTEROSchTp54hiKgEzAQ2QsaFDqwmci5EURQSqioZq6qG4Jx0dbQuXfp6S1tKUARSkAsks+uuexTG8lURgs2HXeaeQBMlAEw7uJf0ozNy5MjxORAZ/ipqI/eZsseFqh4shJ1o2tjYV07/zkuvvnHPo88oQZQHNg6ZMmncTXf99be//s1ec2ZnOlvu+/NfMiJp5zKhMCtJhsEGhLBLkRk8euwu02c+/9riuXPnNgzsx0HqnjvvXL+19dgDDho9ZuyCP95+/XV/at0810fq+htvL8grke42l05p3KgowYPYQAkIVIJYvDCRyHt/45pnn1mwannVqPET+lSWEpNKCGJlb9jIMZUVxS8+9wS+vY8DQY0EUFEJM0GQVoDUqAAq7BnVIN3VtWr12g82bTlw/10MYAw0FCVmZqhSVBow6xRGlJP3Lz8EuQClHDn+VTQ3txn2hw1tWPfBxpifd/31N/Tv2896VFVeE4/HZ82aXdmn/5p7Hy4rqwAolcm0tGxLpdq6uzP77jd3y9amvn3KbVgwevig7q6uqorK+gFD1m/4YPrMcM2GD1auWHfd9TfO/cpZn/dP/L/hVW4fGJAjx38I1rA1sb+/3v9lFx83VNkwCGnXk2mvPdH+UI3s/O2C7z04AI3VeX3LCwDEffNhakDEx4T9EiacMjANYHy/9bGOuwCABRICgHPZKAdx2aQDEZYAAAjMH45maO/bTgp9PAQzigA3hoiIORrLclBigkJUiYhVYUg2NW249LJLJoyd/p2zv1NcbkUzggSYBSC4bFFpWIJYFWINwhAsqjayxsU5ZkegSEBR1BGzgNkRqwAZgVoURL1DIYDJiQMcE4fJZCDJu+5+sLU7nLXbrGFDBjIQpce7ICQWQHpGmyAOZA3UGZBhiCMnagypRgpUUYyGKkIQRDiqLBHNyh5MzQ6eR3OZOS3ORoUysvqSoRoLYhFRIJPsePml5xe+8dbEXXYdPXFKIuZ7BIIaCMGQCkPVcKhkiUnVMbW1t1z1y189++oy55UzpSy62PIhBx+124w5e++3BwD5MF62J3g2oseL05uHofi0arP/fKf4b53IuW52jhwfhZwQCAxRCYmMKodhnDguklFNKfLEmfziPudffPF7609b1dRN7BeUVJ562gnGc7+/9upHH/zryLGjJ0+Y6Bw6U+mk03jM+hSSRHFWqe6utr4Njad9/fS8W+787VW/7Uy1FVotq6o+cN6x+UVFhxx99LrWjnseve/Fpx+rLi+ed8hBHeF8J8kw1cElxYABDDQu5JENmV3/usbZu+1+7R/u+q/zL6iqrLzy2hsqykstgTS05JP6iZLqKdMmP/zIwx2tbQEMg3wmqDqRdJBR0YJEggBRBKQgDVPdi95ZlAzC6VPG2+i+xAbMAmGAVA1UottsVBYwR44cOzFf+elv/+46Mw4/+dNXCAAPKAZagcJKFAK1wHTg+PN/+i9qZo4cOf5/4xNihJgNf5ql8/lAxMRRuaOdvVOjO0702nGqaowhgqrLeggkJFhVitIFNBS27ESduM2bm1pam6NBfWZfQE5hKISGAEeD6VHufTTuY1lUQxEPNgoCCBlExmaTSAkiRBBCxoAcCBqNyJNELSFSiBoGUSrZcttNf1i3NWwYNnzw0IEaZpitGF89YnWqTgXMngiYLAGeYRXnRJRYjcmEahksIREDClUwERtEif+ixjhQKBIjEGCchsZAnGOycOJZ40AeEcSJc8qsIFH4HkvGpbrbnn7kgd//8ZYzz00MGTcxBjhA0mnPMxTlUkAVrCCEGRhWNqlMsq2ltbis375HHlNbHotT1zvvvHPLTX96+tEXQmD3ffbwDLaT0Y5KXfQcQO2VnaReR8A/YJh/5Mj/PWi7dJa//6WcYyDHfzQMEhdd5Y7AQrZu9NQLLvlxad3AkrxCB58J8HTIiBE/++UvV73fPG7MWKc0YuSIc77/7RHjxmcoNmrUmLEjhr7x6ivJIGioq/vyySd9ae6exYXFk8aM+/n/XDpi6OAw1LETJ/arb5w4fWp7eytxUNu/bvpuexZav2Ls2HN/+P3Ze+3R0tpV37/v3Dl7NI4YF9hYZXE+Z697UvKPPP7EkTNnT5s6vqS0+vgTThoyfGJLS2tBYfHAhv5KBJAhw2CQJd87/PCDN72/xiSK9znoiNrRs8dNmmwNGcr/0gFH1A2ZOHzcRCaiWP6Yibv+z09/2m/wyPfeemXcxMmN/ariChFScDY1ikDqoAqykSLgTv6szJEjR44cOXJ8LnxympBu33NQ+VvDlD7Ck2b1BTCxZkV91QYAicQnpR1GcQGSVRPksIuTywGYdBM40vwLEMkehj0JBarZvAORrMXD6BU6+qLwEUMwElkQcT35/AKCqqhSZLoyM6BKxpCvTgmh0yBEIlRShc8g6SbjqVolNgCrEFNKCZ4l6YZTGD8UEJlIZk80MPBCUBDA9wCEJKGSZ2HBaQ05dDF4EAITs7K4tI15pksqCvNa0mFFVbUjYw2Ywo6UjcXZqES6hRAhEDGpRhUGlBmBauhgDXEUJaAOImqtgAMBkbEMEtWw0xgi9RUsZFlZ1YEiYUq1RGkA4nwFMQsbAAbo6soUxk3Mp4rSIjZeWUW558eEEAAxa5mcpJLwfSXrQE5gKUQgEssHrAvCitqB+xx84PhBNfmc2rply9iRk3547qVXX/O7xlEjGur7fNSuzp5n2uMFiI7Y/9YL8L+y1f/x8zrnAsjxHw1LZN6SE8fGku9VDhg8r6ExdM4JE1kyYZDq8GKJ2bvvsauJQWGckMtUVVedePJJAcWsgtRNmTHZGs/C77fPHCIiuMENjXWNjZYMVAKlotKyeYcdTqQhS0bEZ8tQsBk4sL5+QH8HX8FGcNCBBwQKA2UVB2VWWDt99uwJs6Z7huBcfV1Dv36DiEgNd0d5dWIhIbEKmRA0bsKoiy65IF5QPmF67djpDDBEwf7UXWZOnrlrVKqQjN+/cfjxg0cKZFBd5Z677Vocj5lQHDOYlRAVRYG6KHxJFUpM5L5Ij8wcOXLkyJEjx7+FHUf7NTvKzjAxDiAO4rLJ+YBKiKwMc5aTdxt8xKgFR4xaMLrfi8Wxl4pjL8X0+Q9f7tmYezaWeToWPBMLnomln4xeXuYFg00Gm+AycAFcABGEAcIAzmWFBIM0RKJdO2ecMwzOlgncrt5R78cvCqoKVSJImHZhOhOk73/g3rlz9542ZcZVl1/T3dl66teOu/CSSxW+JauSbtq87vRvfvuUr57V3tbGSDete2/fuXt967zLtramrMu8+OhD+83Z62fX3NQFZFLtf/7jtRMmTJo4ede7733kvfeWHX7YwU8+9fBFl1584EHHvPTKO5kQ7S1N3/z614+ed9I776xw2vnXu2+ZMnX3iy+5KpmCKsSFzICkr7zw4uefem7RW68de+zxBx1+3J/+cN3h++//tdPP3NIuCl309hvHHz3vnLO/+/gjjx1z9MmzZs5pa2m54fe/nzZl8rwjj3zhlVc10hYUB3F333H7hMkTJ06bcc4FF2/eug0KArF2b3t/2YxpUyZP2WXOPgf+4ZZbQyequPKKK2bvMnX6tKk/ufzylctWfO/0r938hxs7U+lVa1bvt+++u+02p6ut9aVHH/jjjX/Y0tp98SU/nj1z9jXX3ZwKAjWWoM2b1116wY+OO/krby5abA1RpuNrXz7uhJPO6OoGE8EibQBmylBVSdXhRxyy2+wJixa9/vQzz2UPzUdO7qySVq+so25/nm2/YDuk5/W/7HTvKDmQ67LnyPEpEMAgVmMo5iApdhk4kPHYxo3xREjV+jHHbJgNJBJBJRsX+CEUUAuQwrNkJaPppLKGBlDDTuLEDmGaQiKyzAQHycAZny2TKETJSMaROqZAERAjCMQCHJIKE0MoDDTt1BkGKcBWnWFlZoSSFgoVEGXAc5kwE2QcqWfNoAEDjZ8P8kiJoVEdmMgrHGcTSZlmwkAlYLi+tX0HDx1uPQY5IgSCsCeaCxBolLiXzV36XI9Vjhw5cuTIkWNnJBsFsP3oejR48Hk16G9BzNojdkw9ZY9op4xz7P1nfiSbQlWJ4CQkNmxMJgjvuO22s757TiKvtKFf45W/+tXmbcsfe+ivx514ZhiwhrCGksmO1cuWtXZLMggFDkFX06b3ecPmdEhE3NbctPK9xdUrlgfp9LnnXnTTDbcXVvarrK065/vnzJk18eUXXjrl1JObW7ctfnfZluZWNpAwtXbV6teWNsHEfnnxpVf8+qbSfiObm1tbmpsTtWWwCYUjJxtWLPUppbbY2QSRp0Fq2XvLujd0h0KkIpn0Bxs2BAFlwnD1mlXvLl78s19c+Ze/3Nanpvy1l1849fijL7jwsmOPnBeX8IzTTr713kdrBw0mT2/605+2rN9yyYU/aqjvc/VV11908U8DZ4eMGgfVTKqzq6P53B9devuf7+xXVlxSWXLXrX94a8HTa99a0jhy7IsvLvjB937g0uIXVLyycGE62RVIECjIeIYVznFUyjKUWDwWpjrvv++OvvV19f1q773pj7fe9eCMfY/KT3iGTBAEoQuUCPDBlOenpk0d9eiClzd+sDUVwHpZDcW/nQDDHz+g/8ozBj1xA7kyXjn+DpGndrubHwnA0ZmjUPrI7SeqnUJZaYusTjyiHCAlICr9QZHviQQkmq2GEW1Jek7Injj3f8uP/DQYAMKMWN9koCAyhkVglLPBR6DOVDqRV+BUPDJEyiCQIZtnSAkkoRpLDhCI8b2ukIwPz4KcdWFAlpxCleAAKzDELlvSJSrRyp4PyTCUWV0oniVxwkREFLiQiYXBrBZGJBQlNgZCLgw8j6KMfQBQMtZTlpQGnmFkI+KyVV9AGrqQ2FjiqNaqsWQ8q+JYSUGhKIsjEiXPGEi2UC6pblcUJVJj+Wwy53KKgDsDHzm02x0S2XE2ZTWCAYBphytZ/0aHJcdnyJEHjP+8m5AjR47/dLIugO0fJCICRZ/C2NptyezSSKtvu4yACf2LAOw2YElB3nIARDsI/kVb6SlfqFlt/2iEP5oIezT/okIALszGGkTj/9FEtHIQiOkDgLRNonWyFvZOnRNAUZ79R2dSGATMkY41b1y77scX/7i2X8OPf/7LuXvsvnb5opOPOrx1Q2d5QYXPbNhAmNSoZOJWOtOhozyycQ0yUA1ElU1xWUHcM8Xa9vZrS3994/2zZ+39y5/+z8gRg5966qnvfuOM9q3tdXV1aXlGGY4ASElRflmpT3m6qWXrNVfeOGnU6N/ddXdFZQUpdSkCorjaPOT94k/X/vjcC55eJ5f/9tqxjbWr337qcmtsng01w3Bxw3nxeKDqFeflF5pUuuPJF958dcl7HoJXnrrv/LPOuurnVw4aMmzpq8/cfteDBx122uXXXA7T9ttrfv/TH18+e9aokaOHXfaLP7d0lT/x/KNTJg6NQUg7rvvdVfc/cP/wiTMeu+uWAo8Wv/Pc0cef3tTlcWHpE4/es3XV0rvueGz0HjOtBadGrO9wF/z8+osvuXTeEQdn004UZOJFpZUnnHjU8pUr7r/tTwy67rq/VA+fdeMNv041rVQXemRiMAqobwlgyIA+JRZhS3syE4K8jx0yIij3xP5nyzr+Pf7pLhTtDIZVji8CKhABEYgVGip7GrqMZR/KoYqQeKRhJrB+ngtgGRAFwpDEGWvIeFlTX50GTgPLxsEDjA2ICDAZpSAEi1qLGIuSCljBlNXhh3I2K+vz/CcAsD4rwYIYhkHgyPuhYKOQgkSRAj4zeiqeAgDIRCVVLSmUEYPxAcrz4Shbr9QSM8EjYiXyADKAEkfaepGfRQGC8QEYgAwBZEz2ceRZX0k95qh0KZMlIheKc0KGLcgDVIWZe4xzjhOTqKhGBV4j05qJPWuAKEEM2QliGALUgNgScQy9CqsAoAQi9sBEBANQdEv7DGz1nP3/2ZH1NPVMqyozi0j0jp4qs+lM6Ps24xwzE1EQBKoClbjnQVUktJ7Xk89mVMHkUqkujudBxXcWBMcgihxdUQnhqE7w5/bD/6Nobu36vJuQI0eOf5KykvzPuwn/Gj7BaFERYhrTt6D3c9YgV4Vz0Wva4Kppg6tq8hcRyUft/yiAP+jJI3AhVKA9of7ZgP8QLszq/0evTBqZNDKpD/cVzXfOlcx0JTOJKco/B3piAbLvO+cjK8rv3yG0PHQBR1nyqnBu7ep1m5qaZ8+ePXXKtFDDgYMbTjzu8NKEL86kM2BVAtiYhOfBJRMxCoFtzR0tLZ1IJ9llRGRTc2t3EFaW5b347PyCeOmcvQ8YNmywU7frrJl77j4nEc/PKyh06pQykukCoWnTli1N3SAuLi+ZOG32K2++debpp77z9hvt3Z0BwUVFpMSIuJbOziCUTDowCs9Y36Ou9hbJJCHo6ujevHUbGVgWz0JVLvnJL9SADY8aNnjW1PEb1q1Z+Oa6R+cvCINgxrRpa1YtXrDguaeffCbZ2bl69ZInFzza2eUOOOLLY8cNjbrJqfb2lUsWd3Z3H3PCScbGyfPqGhuOOPhQ4xUq84C6vhUlxad9+ZR77nv6/abNmUymtaNdQpdKBUEoqoGFUJQyYmINI4ef+e0vV5UV/PwnP9P84jv++kBpaTEIJEGMFE6gUYksJ9BlS9cYm+hTU2Z7BDE+eiYR9Sov/jugT2xEjhwfgQBICCjYEMLAkoFzCJSVmQARjw0FYlWRBJwDQs9AMykOnQQqGYGqcaEvykFoMxkvlOx9NNVJqW5PwpioEaHI7Uui0BBw/9br4W8SCaBqpHmvbJQpK9eZ1UaNmkkavbJfiv70rgkQYACrMACMavR1gFnZKFE0pg7SqGgr9UbaIzsTTNm6uVFYBsAgYoaJXkREZBQEBpnogcUsxKKioqRCxCAWEkHoVETUSVTDT1V39At+GPKhkUdSocRZ50Tv/wNQMr0zkW1Wji8YzrkwDEUkqiIUOQUiX0Bk/4dB6HsGIh5xJp0BYI1dsvi9G35//eamzUxsbUxFnYiCnIvOKfJjcaehhUF0MQMZaBD1Uj42iJMjR44cOf7/hndIPo5iCRWfxbjB/xUi/SwKHP8bYWYQSRhAVEBbm5uNMYUFBcxGYYlsYWFhIOSMNT5EA+dc//qGSZNGbVi7esWyNQBeXbQXMYD5AAAgAElEQVSiuS29dd2yd199IUgl31i8GomCCZMnpru3euSqy0rYgNmwMQVFRRmljmQ4Y9pUTrY8/8QjbW1dr721dOOWzSOGDisvKbn5jjsOPPjgdWtXHv/lUx94+nkNJQHni0DTjv2W7tBY6xmrDrW1/ceOHt7+/vsLn3s2yITL121cv7V5+PAhVcV5YTLFxk+mMwBUxPjx/LIqJSHNEIkAF198zrzDjz/7O+eK2mOOOnLiuHEMBVK1/cvjFnAqIYUBZTLO92x+wjMGABtj8woKwyAFF379a6d/9RtnDh4x/Otf/8q5P7ygK5lOZTLGkjVsmZk8p8SETDqAAmoq+/SvHzAg4ZuG/uVWWwREmiC2UIpZNoTQBZB0W0fXC68tSeTn96up8G2um5zji0IUwkLa3RU0tyAIXGubbG3G5m26rUXbOjgTor0Dm7eiuRlbmrWt1XV0qjjX3uq3tVFTs7a0J9tbEKZlU1Nm6ZpwycZw2frkqnUSZFyY7Fy/IbVxc3L5+q5VG4LmdjgXxac7IBNlyjiKYopyfJxPeUARETP3rhZB28HMuh3/ribn2LmIDj0zG2NUVUR83w/DcPulAIwx5CRMZViR8DyXTC1/d/Efrr3h0fsfTnUkIQxlFSZ4gGVjQBAl5xDXODvqDTsLQWmwOo48ApK7snPkyJHjP4btKwJoT4S9EKFPSdzAIess7lkhcg1ImBezAPzYxwXReuL/xUX6/9tlBPSUBnBhNjUgDLPR/r2FAKKZ0becAyAUcwXDgA9zWL8IeQCfDBFJFMPLLJlw1KiRiXjs9VdfW7F06ehxo1evWfvgA48HQdDU0pJyyqzssQMfcsihT89/+upfXdGn+r+vu/m+fQ7Yh1LJBY/cFTPBk8++uecBh83abffuVPd1Qesj998ze9fJ/frXvv3WwudeeKYrldywtWvffQ5c9NSCZ5994ukndn3t9be3pczp847uV1EaU/z62mvuvuu2r51z4atvvjtnzm4FVqAWBuLQ3NEpiEmmG0C8sPwHPzx3xbIz/nDVFTPGDnvoiecGDB2535f2Lc3zfCaCuf/hByZMavRNsHzFmgUvv1NaWT2ksX/nmOHzH3l47Nhxx518WrzIHzpoSJhKV1bF/IJYftGdTz5++8J5MyaPG0eK/IKSugGNhp96/OEH9ps5rbqidO3KtU8+/ZS6VJhJCXD6d84+4qiOXfY7cMET87d868S21jbJJOEyoQgzMxEUMd9A3PsfNF173c1vvL1kr73nPP3iixf9149/+ctfhCB1ajQkDQnwPZNqa/3d1b97/uV399x//91mTLW5fk+OLw4syunMssfnp9esG37wgZtffjG9YaMvJgWbqa3oO3NK+PYiXbuuo6ubvERGYAfV1Uwe2frqa27V+5Lxksbf5Ie7Hnlw98sLNyx40ae8wHBrwo45/ZQw2bHk5nu89k6JJVJ5RXXTduk3fQK8rIfMACY3rvz36B3D750jIttb+9F0ZPCjJ+o78g70fmtnDW3L8dkS2fxRwH90VjjnmNnzPOlVZY6cR4Ay0hJsaWpetWLF8hUr77vn3ueee/6wQw8rLCmJlD3ImCgWsedr5FGsffWWwvxCKo2j5zp2IOVsTSLaQWo5R44cOXL8/0yvC+DDzp0oGPzwf80bdNSVAJZs6soa8735+Zot7wdjPrTDo0dUGGaNeXEfGvO9dr7rsfzDXoM/8+F3o0W9/oKoHEDhyFNOuEgFDBKR3qIF2/2EL1gEG1svDANjTb/+daeeevJ1f7j1ovPPHz1h3PsbV5eUV5K1Hd1dxoMT19mdDJwMGz5i3mEHXvCT684771JOlF9w4Y9WvP7476+58dXX36HCPocde5z186dNnjRnt0kvvLDgnO+f3zCo79o178VjlMiLbekI8wqLTjz6sBXvLrry57/c0q37HXHc3nvvl7D85AP3PfPs88vWrK7tVz96zCjPI4WD9SHWGq+urv+ip9+45vLLG+oH7r//HuPGjD3/rDO/edb3/+viS195Z8nJXzttzJhRneuWsyizWblm5UU/uqjESy1Z9M57K9efdMrXJ4wdMrTuqNdfefnNJe+9tvCVmI8Fjz+1ZOnq4088ePbu0045+cif/Ozy7//g+zMmTc8zeXvsOnmfLx38zGvvPv7Q/T8krqks6WxeD2ZoJkwn33v3vfmPvbBlS3dr87a95+5eWVVTVV0dJLvuvO3Wd5csGTVm9GEHH+T7nkLb2ztuu/2eP99x/5f2P+Abp59x7Q2/v/p3fxrQMPq0I/ZkG1uxYunvr766ojjflyDT3vanm/88ftqeZ3zrjNrqclYBfe7RzTly/GOoIBOYD7b4G5uope2D+U82v/XWkPFTAj/PGdX2zq1PPZN85tnE2FFcXBIo2/K89KZNW55+NrF0vdd/GPx4YbFFa3v67XdaX3+zZugYUkkkiYMMNW3tfvb1vqXlrrKcxDPpDDRSB2QC+bkq8/8AH7fePzKkHxn/0WqRdwDZerEfhgmgx9L77NubYyei96wAoKpBEPQa/73nTBiGq1ateu7551avXdPe0dba3Lp8+fK1a9Zu2by1uKh4zzlzikqKstWTCFGZCAaijJiuDa3PXXffyIlj6g+YogYENSABK2WTAEkB+riKUY7PltqqCvSqrW6HcpQGQtZaYiMiAiVjAiFiWBILZzSEShi60MH6MWWjyqEIQwlCClL3/tbWz+FX5ciRY6fH7thliUoIKRn+jGSE/wmIIJH6/87Son+GrAgXMREREwiJ/PzTvvLV/KKKBx6c/9ILr+673+6H7zNjxdp1pWXFXswfPGJYbb++ROrF40ccdczLb657b+0H3z7vnIbBQ2ry3aolax55/s15pxw7Zsxw1VhNn4YfnHfuLTf/Zf5zC5Op1kMO3qdPaUF3cHXoQMxDx4446LD9v3PhFTVDJx8274iKshLW9Molby146tGqhmEXXHD+LrN2iVtmcChsgLySiqOPO2ZTa+q9d9/Z9MG2KbtMEjFz5u49e5e7b77jnln7Hbj7HnvGE4lOcUaRiMfPO/dbN/72t28+/2xlWeVZZ593yKEHV1eVUmXeJZdcdMe9Dz70yCPG+sVFFdN3mTlm1LiK8j7f+OYZ/er7/+HGW59+4smSwsrGgf12mXXA+T88b8BNtz/77MvLPfPVU4/dc58Ke92tleVlHW1dL7z4ypp1m7939rcPPHDvsvKquXP3WbF8zcJ3lm6cP7+8ulZVVYVI05lMV9rN3G3OMccc19jYcM7Z31mxYs2qFYv9+JcGDRmxNf3eO2+8TmF3Ucx2d2SOO+GUeSedOHrsaIZybtAtxxcHYaKYbdxnLtq6UF7ogqSNSf2h+6KyXkpKkIh3d3WlmjYMPvFSyksgno/8vM7mZkqHJQPqKw46ABUVLgHk2VAzZvjA+lOOAanziIvyzPKktrQOmnekjm50BYVUVoH/x96Xx9lRVPufU1XdfdfZ9y2ZZMhknSRkQQgJIEJEWRQXNkERBAXxPREe4o4gghuLCgr8HqKo7wniY1E0oCgEEpKQkH0hyWRmssw+987crZeq8/uj7u25mUkiS0AS55vP506nb3d1dd1e6pzzPd9jMYnZvHnm17scc5cdBAd8kOiV+tOnA/gWvp8R4PMCxvBvCyKSUgIA53z9+vWrVq06++yzy8rKiGj37t1dXV0bN25ctWrVli1bNm3d0h3rV04GkAMASkKARSctmjNvjiGMbKlkAlDAtcafBLBh9983df59kzkkG06bRwIZgAEEiB4AMBCktCzgGN4lyD0WtICUUkoSaXVTAEWcoyEYSlSeDBiGWRDsjycJFQFTgIjAGCIAGwtvjGEMYzgIRF5FMgBA7TJmgCTQeexaBCg99Zb+pPZDAyhXb+vXHPJ1+3Ohfg9IswBIM/lB+rwAAjdXGkAfznX2i/8DZDcAACIFYQD41A2vAjLkkKc5ODKoctgG420GAiJDXXURGWMcqmpqr7jiirPO/rBiWFVTURCCH919pyisLS8v+8Yt37GCVmFhlIDKq+u+9Y1vJKRbNX684LykovGTn/3CBy5KFtePt4IBrkDaYvrMOdc3NFzcMxAIRGura8hLNDZPCdU0IaEkTKRsq6DogosvnNrcFGCArvOhCz524vtPF8HSmnETCQRXSjDDUwCccTO0YOEpjU3TUhnkRrC6qtwQAkPh3vhQUWnVJy+7bOK4OqYyHAUpUp5XW1X9jW9+JdOz1zSsyqqGaCRMygNi02bPq2+a+PHzPkIsJIRVXVkZiUSQy7IS4+JPfGLBcScwCnC0SkqKkZuzZrbUVNdd9ukYIp8woc51vClTW0pKomYAv3vbxLQrGyc2WqbBmDd12vSbvv3NvnjaBaO0qsowDUQCUEWlZRd/6jKXqLai3DR4VXnlXXf8yAaztKLi81++8ZPpjMsNpjImgieNssqqaHmZ1jY/Yi6gMfzbgwBcAGby5FAs2N9vVRS6SMn0IAz0psjyDDMaDqPrmQjQttNuqE0k46XFk5EbhMxODKq+ziS4blGgpKBUmjCQju/taJWM0MCq+ioRDISkUju3p8JysLAoHAwUGsW6cGC2JMaYYuUh4dvw+ZT+/CR/30cgpcx3DWiZN03/hjxXgnYWvMNnMYZ/FRBRCAEA+/bt+8UvfvH4448vXLgwEoncfffdf/3rXzs7O+PxeHd3t+u6hEAMgQmQCogQsGnixE9cdEFdXTWgTjxhRMhAITFQABK8Tb2tT64qHzS8tvhQe090cgUw4ACA4AB4AOIITK48WsBgWIhBQY4RgIq4DhsBKaUQFCJjABZHz5MkPUYMQZIERa5ns4ApPMU8Ao4MiQAUESk6wniyYxjDGN4xjGABACIgETBgyBEIGRQ/97Wqc74HAO3dg5SrrfTUTecjw4/9dlbW8lcqa+fLnA3vuSQJAJSNJBmALvind/cV2I2sZe/YAEb+NySKP/3V3YSAiKgdn6hGEBO0sv6R9M7SGXpAjHNAQuSIWFAYKCgs0pwtBt6kqbMUGghQ2DRJDysDBQwbJ4wHjg4CJ0AjUloTLGXKQaEABAO0OEKwrLyqtKIcyNQiQJMmhZiIPPq///PNG64fSMt57/vQ2WecVhW2hPKAifLahvJaJskiFCiBlEJEgwMBSgjyoDluQiEjBgDKTlx83nkbN7y2o6P38mu/svh9J4ZMjopLMKUiwYGRU1NRYZSXcSKGnIAQOQIHSYXFBYXFUSITyEAdPURBAAFhTZ8yBcgE4gAAKAFlRWVZRUWNrm9tWdR0TCGgBFRN0XLlz4kBTYtq6mqq60wPDJm1Rwg4GsKoq6uTCAIASQJaExsneghIFG1sBGSEHMkFIEJT5jTBx1iPYzjCgAyUWva/D4e2v7bgpm8zDyIJvu7H9+82zej73zf7Yx/1zEA4ULTp/gf3WMItKT/p8stFSbEJbs/WTe2tnbuBeXWlF9zyFSvjwOadm/c8LEmyimhJywxUjgWs46m/di2LdBUXT/n0pwobGzjTfmGwEYgDB+BHPg8gPxoPeSa3H5wfEbTP/woAdMK2b7TrFO58bT+llOM4WtRNCOFvo0ndWVGYnOqb3yvGmOM42ghUSnHOdbNSSiGE7yAY0ecxvPtxwJ9sxEr/Wtq6deudd975f//3f4lE4qc//enSpUu3b9+eTqc1QSC3L4JC4Aw9EEiCs0Xzj3/PnDmWKQAkItp2yjItRF3IiUMGdi9ZG9wWL7LDsR57wzMrTmg4EwKEAjghotZWQgCJwGEM7w74t7yeJwsGiMQ5uVJx5TIlCSEasnjQSqfteMoOBi1JkmSWZwoKGeUEvA4Ot3PdNd9etxdKP3vz4g+UHvTRbu9YdtkP26Ze89GvTBEH2+Z14tBNZba+8Mm72tK86vpbT10YRfAGHrrpj7/vg8aPf+jW+vVXHmTHt9I92fno5y/+SVdxqYUkFa847tIb/+MDpVtvv+K+KT+68+yyg7/tMutu//z/zP/Bd04pOsgYp9fcdNlDJ9xzx2mjNxj9VWbDPz9iHlJrv3PJQ8fd/4P3FbN/dqx3Hbzulf/oPOaUlqLcmb6e0Rgx2nqXH3169df+Z/4tH33+2l8eIef+LoMY7fglAMYYAiAgEOGBoqT4DsTeGWq7lAEiAI064pEbHUHUATUFAP67lwEoMAizbpBs6W8g1IFqRCAwdckrrktUEVfAARAJGYICRYiAOSYfCs6A0nOmT5534sLuJJx/4ccnTagVSiIQIAPiEpgExiVwSYAIxACRCDKSANFCRsoVqLhBZ37wjB27YydOP+HaL19ncJKOh5wzKzR91py0GWbSVaAAGWZLVQEhYLamFQdwkVxAJDC0uY1Zsgkbfjkh06ORky9Clq17jgAiW00LALKKlEyLVLLha1cBAoFf/RuypwOKgwTUqf6IpHfKEkoYeEwXzx7DGI4QoPaVZrypk5vLq8uFYUrJQsHiGbOOG18adqZODkUivcxIpOTUWceOK4rGAtFIcXnGk+BSaVll5ZTZE4tKEiUBcCRIUVZQOn7aTDSFLA1ZhoWmkRDQ3DihfFxdXXlFpKIaCBF0IhZTCF6+ZsyRjHxbGvavxJ4feB+xmb8N51xb5p7nCSE455qMJqXUpjvnPBgM6rpuOuA/AvmWP+RZg4Zh+Lw213X1sfK3UUoJIcaoAUcQ8k193wfke5d85r8W/1u9evW111778ssv62vp3nvv9bMD9gcyZORRgBtS2lObJ19w3vm1dXXaMwBAwjIBgAhQATjgrdnb+bf10X4VMiMDnb2wJwlpgCAj1wUk0+QekIvAmWD/1GQcw+FG/s2MWUaAlt/KWvMkJRAy7SSSEqVXFA6GLRE0eDQSCofDiWS6uz82mLKl6ypgQKSfG4jImXHIg8u9K1v3ohWkvmfWJRefEj2YB8hsOPbOm1uMwrdq/79eyN6/t7ontphe3+6X+7LrrLetD6z01G89+PWWIFB6w31XfO2hDSdfe+hhAwCAQMsND7Qc9r4c/aChtb9/bM/nFrYUmW9grwOOdmDGDQ+0QHrN84exe/9WOMC9RERISByBgCECkvvElxGoFhhh1lGdfU24TnYfJbOUfn9BeuTpxo3Lrm/1TT39mY3cZjPkcwL/RLryHxIjTCEi4yxb7RgRZS4+488/kYDw3R8MGTVZYzkJQ5ajNmgGHklAABDgATFARlk/AYJO6Msm4pKLioA4mUwhEoDwAJRkgqTgYAEqKTOMASJCJjVhcvPPHvyV5JwhGKRQZqQnARg3EIU2jD1QnkRhS2CghIEmQwJC8kB7FRzv/EsuOfOizylDKCIBGAQGtlNR13TbXXcB5x4Dj0ARuS6ZHFAwSb6shImoAF1ATmAoAEY5UTHkBCyXtTg6BTHnlcgNmb+WgCFoFxWx4d0YZFfmgADAtCISgYfZamocskMp2RgDYAxHIJgEMAPjzv8EuA4k3AQIXlqMn7uioL4KAgFIE3fEIHD4zJWRibURsEBy2LRDqmhwcq15xafKx9VUgITYkF1QkZ47r+S/rgPBgCRYBu3u3ltsLbjsXFh4XMgKgwiCMXxj8twnOyLrsRwYvnk2wgsA+9tskGf/+9szxizLAgDP87Ryu3YNaJE/x3Hi8fjg4KDneaOj967r6hYMw9BOBM55JBIJBoOmaQ5P3zmXUvr/9cvCj+EIQv6Voz1EPlWEiDjnnufpyy+VSj399NMvvfQSERmGQUT6qwM2q9c70jW4iEYL27v2/n3Z0vK6qlAoigLLi8pRKYsbXDG5z173+DJ392CBZ5gKqkNF8U1dsi3GC4vQMACAKwWcSRDqyCf4HE1gjDFAIglSISqGjEgpRUUhq7qspLy40DQwYAjLsuzCgmi0YHdXr5m0h9KORAYA5EkaTrU9CNzB51cMmVPnX5RZ+cCy3d2LplRzyLz24qV37Jt9VkPP37ZtTQWPPffUG08tgvbV//nDtqnXfPRa8fKld+yd+f66fX/b0crLP3pJc+qPy/+0GyaedsrNH6qMUGbtH1+657m9+zKipqXlS5+c0sQGnvzVi79dHU+CUT1tytWXzGgGAIDMzrVf/cXm9Yls+9Z+3QpMqXI3rehNtVQNbWrvKiivHOwBADvXhxsnDL6eNmnbi5feuW/6e8u2PZ8457+Ot5a89PCqeBKM8cfNvfGiidUH8iSoTHwIysaVCBgCSu949JZrNrTt6zEXXvfda+aF2p/8/q2P7yJTpbD5kq99cXHRhv1j186ukRsAqKF1D3/j/zbt6Y5FTrr221fNLRpxh6nE+vu/fGfsgu9fNwdGHnH6jm9e+uv33vfDUwowveamT/z6pP/+/gkDT3zn67/fXVBdO65ucLRncL8GF0Q6RvSn2vdrqP6V/++W+5f3Kw9qP/DlGz4+OaR6Xvr5zQ++krQMCfXnfPHaD9Vsu/Xye8InTYrt3rVtX9WHP1y9Y/WO9u2dNZ+87cb37L3tYF+dUjq46he3/eKVBKe0qj3zP6/9cM22Wz9zb+HJTd0dPZ3tyWlX3fSx/p/ct2ab9/3vF95w/Yfrc16AEQM1ffRotN48muaQXnPTVb884YeXjDr3opHdmBgcm+0fAAe6CZCAo7Y2EbMaRQwZDEsX54ZSyTwJgFxGQFb232VeBgBAeg/dXqDXDKcJSAmAoJQHIQC4/JY0DL8pMRtC1i8+QmBEEpDhkcX6PyR8L8CwO2P43Chbnkebu5Tlz/tFG/UH0zxWACBikoCYZIyTUlJ6RBIUMSUxEJKSKYaciHugyHWYUsxUEnAokVEJRwQD5AU5sGBUKrQdhzuSGKC0DaZsTzqeCgpidloahseY67gcAQQjYQHjnucwDlIpO+MKEeAgiYiUIGQuoODAAEExQJOIKz9QTwyIAxICqSwvIH9MdEQf/LNGVAQKQNDwllw7kvjwmKHWKRs263XWRZbnIjWjgLIMBJdAAQSGtxrDGI4YEACBIQAYmIKFQnvSCQgIClskDGbbyjL7EYEzsAwgATYBRycQsIUgi2WEZxkmS4iMK3vJoyITOEOF4GLaph5SMmzwEAfOwNAEHB1JBAOA527Ro+NBnG/2wyjp/vwsgNHb+Ex+vaANtvyKgOl0urOzs6enx3Ec7TKQUvq7a2K/dgFoL4AQori4uLa21rIsKaWU0nEcANDeAb/Z/KSDt2tcxnC4kS/6iHlikADgu3iIKBaLPfroowCgCwHoC0YI4XneAZoExbmhpCdJrVizau11G5gpiCMxNqtl1tWfuWrulBkNVfWU8jr+trp3+WsFNuNogAssIVn7UNuL6xonLwQk5EqSJG5qNuEY3nkcbNQZY0gAkhDJMAzT4CCV6zjlhVETJJOZSLggEgogIkMsKYhkbFdBQirmKJJSOuQpkod+ULhdu/7Rx6Z+qP496Z0P/GbHsr7mcysYMsYhs2ZH0S1fOWPNz5/+5VPrt564sNnvLWMc7A3dVd+5tujHt7/y6C/4FV8844tP/fmOv65fe1rFzLaV3306dvIXPvbTmu4f3/KPHzxTffu41Q+uhgtu/PjZkd7H/m/nug67yQIAb8smfu1nFjU+/PwTT63feuLClv18AEbjrOiOF1p3pos6Vw0WTp9Wurwnnfd1csvrarOZMw6ZV1uLrv3i7Ea383Gj6uIbTl+QXP35n6x8cF7DV6YOB/pV/3O3fGZTEJxYZ6zi7Js/XWfCZrB7Oo/5zh2fLRv6+5cvfWTtpbOndXlTLr/9y/NL5a5ffe7Gx7af/On9B1MOHmADp7tzyu0//nxp4uVbP/XzP54186JxefQCstsf//6dHR/89jcWlPDM3pFHnBYZ8XNR/OV7fzPwsbvvO7vC2XDvpUtG+QD2a1D2juzP1VP0KFPilbvvWn/i935+bnV69X3f/ePa0yfN2P6TH68//nv3XlAvYi/dfPkdTx93+yThDaTmXvnNK+Dlb154y6tf/+1XP81f/c4lD63qf0/9Qb+aW3HfT7cuuv3uD1awodU/uOLOp99z2yTh9PRMv/1blxckln7lkt+t+9Stlyx+dLe4Ps/+h1ED9aOZI0djesEhLuSR55585Z4R3bjz3JqxHKfRGOkCIABSudh6jrWNBASIDBCyby9+WN8VDFFp+RMApltWSFoDAFEBMKYrEh5o5nmkUSL3Z9LmLPs86xaIAwEjUAgKeLZgHeasVUJEnm0JPSBCMqXiBBlkEgAVoWAWAyJwHCkUF9JxM4OpTH88Zvd3J/r3dSYT/UNBb4gZwuYmuKnCgFE+fkq0oipsMK6kYzupeH/Hzm2dsQQEIgKk56QjRaXjjplYUlhAkagRiCILkIUohH7HhCyLAXJkJB3PI0+YCoAjovRAMRCGIkYEjGVzSxAYKIeQKzSQdL1xVDniA4J2F+RuWFKIkkBQlvyPChjLEvsBdMqbtu4p3/4nBQwAETiCRwASdVoFMCAEym47NukZw5EEAnABFRAHhoDKKi+pFFMgbJIBCj3krlFfUTX/WLBMMi30OAgXIlzUlUlhKJMHDaEfpqGKiqrSsGIeMIMpROI8EKmYNCljWWFmSOREOk8mmxOm77qc0/douG3y8/y1QQ65CH++qa/D9SOoAZqQDwBDQ0OpVMqn9zuOk0qlPM/r6upav3797t27M5mMf4j81AMdATZNUwihvQB1dXWTJ08uKyvT5p9t25lMRilVXV1dU1MTiUR8M/JfMVpjePPIL/2ofUb6U8s96AtMStnT07Nhwwa9EnJSxwey/0FHByS5yAAYcxyHFKkhUooA2Io9L6xbsvys+e/7wiVXh9K857mNZp8M85AHyhBGADEzmO7bsLu2L2VVB8hzMCBc5QppcI5jNIB3HnqyNxpIQCQZImMsYBmRUICkctNgMoj1dCb7wRjfUByuQkRbSgHo2GnXzjhOxlNMJ0VyxvVj6iCQHSt2dWPp+Y1msTeuEV7566uJs0/XlhabfHLjxGLGp0V/2Z6KOSN2ZE3vqRtXnXvEMuAAACAASURBVJhZAtuijQvqo860CGyw+23ZubknBak/3f3InwAAwNgZd48tr4H1D/9kybrmqjmzpp02OcBbAYBNWTz1PU28anb0ib+kYg7Afi4AjDZNmPDsuue37d23x5z7wcLO5ZDvArBKX1+bAAA46dQpxzdaMjZoxbc9em/HY8yNgzcwJAmMYRJpySlfu//rLUEgZ+/fvn/tV39d9b1jwao7YUaZABYoqwhkhjIYrSnsvvfWax/mlurtHGrKjDTA2YE2sMYtbClhgJGJs8pjyzpdGHYByIEX7r5xa8l1D76/NmsKjziiGukCcHu37glNaS7mgMGJ8ydFto34Ofdv8ID90e10rd1hTL2gXABGj73y1mMBnB3rdgZmXVRlAkBB83EV3S/udiaBVTWzIYTgRsuK68bVhxBkpDToJV0FB/sq2bV2Y9e2LTdd8zgAqLQnrX53EgSqj50QZYBGUWnATtoHZKaMHKiZo0bjkC6A/c/dOUA3YMwFcACMyiokIKWINKlaT3oYEgFlE7wRdEAeAABUriKAn6smvRwLQGYX/PYVQGgqAIBZCf0rAQC8Ho4pAADgzPcpkDb+s/8gS+gmUEj/jNN0REGfL2WD/sAUMAQ/4g+gCBkQYjb2r38OyqbXEygij5QiyYADZ6CAAbnAkIHhuiBIKWL7BvsGhuLbN23atX5zd1vHa11tewb7evq9ZH/acBKcuS4jJZ1gMFg97piq6rpCi8jz4kkvMRDr29feE094wlJORjAVLS6urKmoqChsqpswa8rcwpJqT4hwSSAYEhMaJpQXFyvHJU5SecAthuApVwFXiqEEZEwp8BA4UwwkH7Yf8kJwwyn6up4x5twBoHn7/mWqsrkAgKB0pgAhaEcJgxxRQk/sgRQgA+TACVACSAAOYBIAcWLazeAfdgxjOAJATEuBIAJjljHn/I8rykBRRDEkUhAQVYtPLpl3LKuqckEYgCCEVVfZeM5pBjJeUkj6TggESk58T8hQxBgpxkAAotlQe/ynLgxOqCdhEggFyLSfDJGQlCbVkP8oOnqglPI8zzCMfI8A5AX5RzACtInuOE5XV9fq1as7Ozt1IoBhGENDQ319falUavfu3evWrevq6soP//qAnNaX71xgjI0bN27ChAkVFRVaTTCVSg0ODgLAMcccc+aZZy5YsMAwDF9Z4F81VmN4E9A/WX4miJSyt7e3t7dX80cYY7ZtP/LII9rs9yUD8ncc1SgAKJQESgVRCIlAaIApCAsgGJY88crOF7v+p4IVlGNhkQpBRpECO8BBQVCZ/Vu69ry0dcKHZrkWAUhSKBBBDr90x/COgSFpO991XWYIxlg67Wj2R0FBJB6LmQROOnPMjOk7t2+zwqHSwgLupF07mR4aHDD4+AmN7bt39A4O9Q4kMx6CAgJJxDjnQPLALiQNN/a3VUmg5N1f++3des2ytn3vnVEBAMAMjgDIBcCBsllNjgBMMAAuOCBnWeIuIgCUXnPr+/Po2vTDmypfWrNnzebdDz+wZckZH/zeVABglsEAkJsHbB94QeXJNfZvl2xKWzXn1/Df7f+tUdfyutvk4SAH8DY/vuyxrcX/8e0PnpRaf9V31gP4cbf9gGbN8aePu/ehzYOzAHMFFfUt2/WXW+9r/9BdP1xcybqevOZz60fuepANctwa5HzEc9vr6y45pXjNo891tZxZJbLb5h0RshnSAOCnpBHlDCMiNXLY9m/wkB3GkbQ3xDxjDfQUGyArBYe5cmbZVz8d6ite/t6v3HHNFD/An9nwRxh5XgfCqIEaNRqHwqjBHNmNMRwQox2EOjcdKfsPGKEOsBLp1GsEHbYmAMfJ3mhKZqv6AWUXPDfbnudmiwUY5TD5NgAAowR2/xYAYNtdJPxwONPtAgIBMY6KssIASIxQHXXead8FoEP7AABcW7S61AEooqwrF/P3QGBABBJAAQpAnrFdw+IIqBRxDp4n+/sSWzes37Bpw7odW/Z17e3Yvr27dXcAWcxNxj2bIAKeBcox0CGwJUPiQx1dfQLQIhcB0hQESQIcYsxRwEhyUr39A9u3bwsGedgMlESeDkZLJOdmgRkKGieduOgjZ505rra2oCDkei6AUCiUsolbrhJMgaFAeeAxQk4MZfackANyf75BCIfUrh1+WCGA8rMGhh+II/ZFX2wCAEEJPcg51xUHQmL6IqZc+2MTnzG8PmSZPK/HCj78F5VCdBUgMs6QCRaZMcVDz2VMAQogZIhTmgOAKmRIQgOBBMqCiDWtGQAUMAQEZBA2zGMaTU4K0JOMGKKJqqSopnIeoAcqS/rybwsCkEicgCsalhw9KqAp+q7rGobhr/FZ9z41wGcH+PnbfX19K1eufOKJJ1pbW311gEQi0dvb67puJpNxXTcUCoXDYcaYn/DvE/t9sUDXdV3XVUp1dnZ2d3dra1AXFNCOhk2bNpWWlra0tBQXF2u2wpgL4MiC71rSC7FYbM2aNb/97W9bW1t1kFZfPBs2bPAJKfqy9K/JA0B7qRAYgQGsMlJcW1RVahQUY6jQCRQ5Zo0qmqhqAhlucktJxRE8Q/ViIhQNuklnKJneu2Vndf8EUR9USKYwYWSkdwzvEFC5jvQYEwoIPZSchBAmFyk3MxCLlRQUknSU6zAGdjpTXV4ajYQKrJqAELF4r2tnNq7fMJhIDw6mTGFllCQCyJUg4WxYT3Q0nD07l8agfvHJ17QEGFDvqhdve27ni73TPvzmT4VVTikP/7Xj2ZX982Ylf/OLjYkFJ14S2Pr/VptnfWzmF46vL/7ekqc7M3Lq62hJBGfPKfjZH2LhufMnWCO8GKp39as/f2NtkpOSgMgps27prk6AQNIlCBxgQxXftLRVNFwYZhtGfJHqTVjV9cWCMjuf+/uudMFIo0QecAOnY9mW+AdOLErufKW7dHpNvkVqNX30si/MePmbX7j9sRnf+/i40X1hVlgkuxMSClXH2h0JeYpRdkxV8g/bBlRzeXrrS9sSdPJ+2+/fYPUB+pOFUdky0f5/qzudyfXu2p9/7fdNX/3W8TOa7P9evc9pbhDxzct7aubWvSnj2ayYOcn+8d93pidPDmS2PXb/uumXf3D0VshRuSN+1EMM1OvBiMGsHNWNjzSHxt6ao3HARAAFiKgQEBgCEbFsej6SflcB4mGdBaJ+SCnI6fvp7AOkrKsBmeKUjfDmmXt6kvYuLeuOB1g64GaIAAq1Zr2/A4If8AcABFLZ4Bt6ngcIjCEREhGhApBAqH29mYy9ZdP2p59+5i9PP72rrbV/KOa6joHAJCSROeABAYCLQMiIgJQCUtqf6LqggEABeJRGYIQSARgyUuQRaRehbUvpZAYHOxTt8YgUU4hqy4YNa1auOH7+/EWLFkyeOjVqhpXnBoWZHkqaPIRcpJ2MGQgQESrSCkie6xmmkTPQs0Tj3MkCaEPFJ4Egh5xUAOay/VGLKTKEHHUi31GC2ULmKLLtMwQQObEAQA5IDPxSDP+O9n++C/hIsyj8nh+q21q0lPariqyjrwCgY+hZrohSBECcs/wds8uKiCTTeSek9JHtdHpoKGHbaddzCUEwhgzDoZAwjFAoJAyDsnIeTBEg8nyzbUT++RsHMmIGgJKKcS4NJkkyZoBWipKKAyczWwPDAAAEiZBGMNAwAJXjCUNIgUjAyNDJMIZABeghEEPGBHgSCZjI6WcgkE48hpy0BzssJ/KvhN9zbdIzxkwzO+XQ6ut+6FWn5evc7J6enkQikclkMpnMzp07N2/evGrVKm226dx+TemPRqOO4wSDwWOOOWb27NklJSW62p9uXycR+K4B0zSVUrFYjIgGBgb27dvX2dmpj+LnCLS3tz/22GOTJk1auHBhIBAIhUL5LokxUsC7Cv59oRf8C8ynAKxYseKuu+7auHHj1q1bM5mMvzHn3Kef+CKU+ckj+9MBEBCBlGRAgBkEAlYXLm8pHF/jRisyoVCCm64ZciPSk+h5YKoUswdMu/TYSZGGsr1dezye9orAtu2AW0ioGM+Vx8HhtIX8fIQxvH0IWAalPQASgrvSU44S3JRSRiNRO51SSmXSaamgq6vLsqxwOMwRIgWRksICOz0UCgd3tXeUV9aglYq7Kj2YQsdjjJECjxQoEAf1Inmty9r7sfwTJ9VOLkIAmBCeNP651c+tHPzg6zHRD4LI5HnXL7Z/+uTTl/yBV02f8cVZkXKnsvLvK266cZ0LrKhx0tUfqggO7nodLfGyGQ01f0jUzy8JQvf+X7HiCW+0TaN58dQpO9b/6Bt/PvbMeVdOW/bzR//+u8kfuCDHDVd9f/v2pesDDEip4MQzb7h+RmD3n0e0UH/6R8Z/5RtXf6GmYuLpH/1I/Q/vufvFC/NzAczRGyy9wBPlZet+ev0f9nb1WKd/6ZqakRaXqDrtuqtWXfPtX8/8yXmjOm1NPOeMyM0337i+rqyirK6YSypY8NmPLvnmf172VFV1Y1NTGZejmNF5DV40uj/fv/7EEgaAkWOvvmr5t755xV+YgroP3HBxCQsXX/2FVTfffNVzFndY4ye/dHo1f+2QI3oQhGdf/aUFt/zg6sst4cias750RhB3jupj2cxp8mvfuIG+cdsVzVl1AjlyoNrf+LHzzv2To7vxZs7m6AeeO68h//+OJxubJg0MDBJpNXZCBkiILCfXr5OukQHAz+6aadBeAABS2VC/J0HPuV3HLw2QbZqXwNQfAwBY5dD+PwAAO3/uRsYDwGe/vQ8AsjY9AiICASnMmYxIAIhYUlLYuv01U7AsMYYAiDLR2jWbW9/GEcrD3r1735kDgZ4K7D+3IyLXdfWUUSnN2APHcYeGBiORiBBi3769f/7zX5588snVq9fEYzFFys8zZIgyV5U6F77MVtDLT1NE1CRYgCy/ByHPVtRrEBkQ6KYZQ8Y555yUKiwsnDZt6vz585ubJ1dVVTU1NY0bN45z4XkuAKTTaWEYwUDAdR3LspRSnAullCclZ4wz/s9s8MNjpf872voHwWjxs39VT94QMEsW0mAwPOfe74fVfiUi8jUmAYBI09VQKcjNy/05LhGB57m6OpdSCoBQ+96AOGeu58ZjsXgsHuuPbdm0ee3aV7u6O9OZdDqT5hzDkciExnGzZs2aMWNGQVFxUXGJZVmkAJmhbTQt7q1F49/KUGc9oFISAHJMMQUkLEAlCQUyRcwjxVExFASgPMVAMuYBCGDCJUACAQ4gAzQkgE4p0swCRI4glMvAAwCFQqLgWWeIUiARgFEuj4eDnzwPACtXrpw/f37uB0Ii6uzsLC8vP7zGw2G8REe4APSyn3rtW3FKKdu2/Qp/3d3d8Xjcdd2hoaF169YtX7589erV7e3tQgit1R8IBHRWPwAEg8EZM2bMnTu3oaEBEXVgX9cO0Mp/lmWZphkMBokoHo8nEomurq6Ojo62traBgYFYLGaaZkVFhXY3dHV1ff3rX7/ooouEENFoVEf28lMJ3uH7d8zpcDDk2/y+g0bniaRSqfvvv/9nP/tZa2ur5oC8pSMhBsLBjJ1BAA5GVLJxRvFsY9zicfPKhqwKKMKMwaQJjEmRSYlEuhjWxlvXZNpmvW/hOZeeVzyhinMRKojwgAEMQEBGSsPgDIByepO6//l3+hgOF/pjSX95SnVxxvUIIBAKpTKO7XoBK+R5HoHkyDzPMRlYnBUVhosLCw1S04+ZYJBnCd7b1VlQGN2y7bWGxqbeRDqW8fb0DPTG0xIZMe44DippmmZ7V/chejKGMYzhjaKkKPym962urj6MPTkYfvaTO6dNb8lZdmzEX720d3f76EQAzCnOM0QiYEAKkelMbV8aSs8Mr/yPtQ/8qBYAmBwCmSsKqFMA/EQAyCkFZLpg000AAME66F8BAFIUXvntvQA+qQBVNtqcm2D4KQGAEkD7w8kvDEBEpPVvjjro/BrGfFqgfhPrGlGIKIShlHJdNxCwgsGKoaGh3/3ud7/85S/Xrl2r80jzBwm06ZuXg5qdL+ZlomJOZYqyOQg0Yk6ZF3fKehYQkTEuOHddFxEHBgZWrFi5Zs2riGgYxqxZsxYvXnzaaac1NjZGIhGdxSplNtdQV5pgjBmYn+pwqBE5PON6WFo56nCk2P+wf4ge/MubyL/Gs+thZH5h7hxR62wTEQATQhDpAuz6thIMUSoXSHEhpOcpRelkYsuWzS+++NKOnTuAyDRM13E55/X19cjRtm0AhYiZjPPii8tefHEZcjFpUvPUqVMXLDhRKeW60jRNnSiuyb1vZT5NAEiklIeIQMwDDxAs4gZI8BAYSpQShUISqIA8QoZKBoCBVASAnGWkzblBiiRxph16JBlyk5ABSNdjFgMgqaRHyFFgLknHA0BELuAo0NQ5IAXGt9m0m8a34kzT3L59+5NPPrls2bLW1lb9BEyn04g4efLk8847r66uzjAM/Rg0DCPvKS2klN3d3aFQqKyszLIsTfK3LMs/1tDQUFlZ2bRp07TvKR6Px+Nx/8mvHQrt7e2//vWvn3jiCaVUfX394sWLw+Hw6Pj/Ec3LODow4kfxLwN9y99+++0//vGP4/G4L/j3poEAIcNwk2lGhJwLgWnX223HUrbduqXzghnncFMY3XYg6YaNQCqk+iK0caB1yd7lu9y+Zx9de/8Lj0yZOe2qz37uve89FTgoT0lQwuCSFEOWP/GAI+rtcIQimXGNrGSxNLnwPJWrMMIKomE3k+aM0olUPD5kcF5VXppxnEQq6aZThoCM6xiWKYEKCgv7Uj1SSs/zFNOBFU5IHh1cC2AMYxjDvzcE7O/RRwRAJGSICoEjaYY6ITJEQGBami5Lr33rE45cUI9yfO3hKTxTQAwJtUgNABKBUopyYoREpIjUaCbMUYEREXjIEfOEEI7j6IVUKpVIJHbt2vW///u/jz322MDAgC9VnbXU1TARwG8qf8GfNfpxpPwj+lTG/DX5ndRH8TxPz3pd1wUAHQ179tln//a3v/3qV7/62Mc+dsYZZ0yYMEHzVy3L0m06jqP1t7Rr420axjG8HhxRQZ79JGz8JZ/h4j+TspIaB4JhcCKU0nMcm3NumjwnHkGedFKJ5M6dOzdu2tC6s7V/oC+VSDGEqqqq498zt7q6triouLioNBAIcM6AoWVZQjB9MWsd+M1btq159dWlS5du3rzl4ks+FQiEdMq3Xw/8LdppBIDcQscDggCIDLiAAIxp0UzOmYsOajudc1JInkRAUISG8IAMbnHQT3UkkuRzjRCAQJiCwFWkkJkCOBKAAuTAATxAlc2vOeJ1WUZby4jouq6m9GtPjX542rYtpVy3bt2aNWv27t2rVQMNwwiHw5ZlNTc3a6q/fiy7rqvj/PqR6HlePB4XQkQiEZ0OwBizLEs/CROJhOu6Usp4PN7b2xuJREzTLC0tjUQimUxGlwnU14zruuPHj9+8eXN7ezsA9PX1hUIh2N95ATAWmX8XQUtL+Jn8rus+8MAD9913Xzwej0Qi2n/05kzr7KucyHEcDhDmQgE4dgYQB5E85BW1ZZ11OHlcbe/L24stIi/dzgaf3fXq6tjmGGQSqPqdoc69ic37XvvD00801NVPmdQ8vnEioXKlN76x8atfvpFykw391Bp7O7/dCCKUlhf29scdJ8O4iSRJeXp61tPfywEiAXPm7Bnz5sz++7PPAEB/fz+5NrlONBKKxwYJIZVOF5QWxGKxjOtIIE9JLiUyHVEb8+CMYQxHGFxpu9KW5HI0DG4Z3Prn+7wpiFwUVv/REyPiyLLkWmSkI7ZIAKhjywyYn4F/xfWdCHDPD+YKdyMAoOcOx//1pNzzsguOA5mXAQBgtVc4GwCu+M5OnVBAQLl6baBIASIhoMxqDpDKUda1OLNunEjzAQiOzgecfnCPsOGVUolEAhF1YOqJJ55YtWrV9u3bd+/e3d/fr61rbZPD/qJWI3St/Smj7wWQUuYfekQ0Y7R3QH/r982frSKi53mZTIYx5nneunXrdu3a9dxzz1166aWLFy+ORqN6bm2apvZzay7rOzesYzgQjtD44fAFqQtIACGoYRUJyFWV0CeotwNS0rU9xbngnCEiKU8hcx3bce2+vv61a9esWPFyV2dXYTTa0NAwqWleTU1NTU11eVlZJBpGYYDCbAUnptU6lZJSESVSqYG+/t7evlAoPGHCxF272h588KGCwtJzzjknEAgAgE4EeOv2vwegCA1iTKLJwEQmpUuMITCQBB5YJleMCJAUChQAIkuKkCAdyS3Dk0Sea5oCQZ8LAqIikMozuESQiASgSEoijojgMeQgECinxHEUIP+a1wuawK8tH82K6u3tHRoaWrVq1R133BGPxydMmDBjxoxQKFRaWlpTU1NRUTF16tSGhgbP8xAxk8ns27evr69vcHAwnU5rUoBSyrKshoaG5uZmwzC0XiDlEr8dx+no6Fi/fv2rr75aUlJSU1Mzfvz42tpa7S/I0aagqanpyiuv3Lx58zPPPNPY2Dhnzpz6+vrDpy4xhsMG/xfRZjMRaWHIZ5555o477hgYGAgEAolEAkYm9r+B9v3XuuLIGdquZyAWhcORosLps2dXVNed/7ELj58zt3fV7vXbN8TIFWlv7WD7NjHQb1KPTGRAksGk8gCAUO7avWtX2y7BBIIKh8M33PBf+pLTln8+F2AMbx/qassbxo2T27b19A1yA3V6ZUDw4+YfX1lVPm/WLNfJOHamtDj656eerCgtDQdM9JyA4IlELJVOuY7s7u4dSDvxoUFgZjAYTLuep1wtd3N0zo/HMIajF660015C37oeuR65APA2eQHE8DQIsoYdSWKCA0kChqQQADnHYek2XTJg+K2AhFdft+buez4DAJjuYL3LAYCpHiYdAECVtS09q9YrPgEAVKDummt/qQW5/KRd0NNzn7YOCCwb2SPGNBlB+gH//Oz0o2RGOhJ+JApyxoO2tHW96E2bNv3617/+/e9/39vbCwD6KyLyC8AczLT+p7b96O39bfJ9B/5efnqCP3XQfgE9gdAdXrp0aSwW6+npOfvssxsaGvzD6anzoUSPx/COYHTex7sZehoMANlodDapBf3PLChbaHL/U1MAyrJMqZRtZxBRKhnrHmhra123bt2mTRuFMCY2NZ72vvdNnTyluLgYdOIK07wVl2yHFCiFUpFj245re567b9++TZs2rV+/vqCgkBQ4noxEo83NUw0jMDg4mEqltG/OT8N5qwYbElfAkmlI21AYAifJ7QygASRAGMARU2lOLihEZYBngCkgJCCdhoxjcQsYeoyMiCm7uux0BtFACQpZoLrSINfp7GbKVQwkN0VBKQtHgWtVUkJARsAUHK1lw7TSik4E0BT9JUuW/OlPf9q2bdvg4OAHPvCBY489tr6+vqysrKqqKhgMcs61Va9/XM32N02zrKzMcRzbtn2ygGb4O46DiP39/ZoaoPeNRCInnnhiLBaLx+PLly/fsWPHscce29TUFA6H/faVUsFg8OKLL04kErZtr1ixYurUqaWlpfnP4TcdVR7DYQTlJe7plB/G2PPPP3/bbbft2rVL00MMw/C1IV8/RvzWyBgZSAwryiqOGT9+5rRpZ37onBlz54SKigaTqd8/9fgv7vp578ZdLVUTqwpKtkDn+oGdNvOKqyr29u4BTohAEhCz5UGAFCh19uLTr7z00wwZMvRlJt6qYMEYXgfKykpqaqt2793T2z9omiYyHo2EhRVYtHBBNBpNDQ0qzw1aImBagUAgHh8IYAF5XjhcNNST4cIyrbCXcYfSnu2qQDQoDEsmUk4qCSCR8Xw1nDGMYQzvfrjS3s91R+BK+21zAUDuHwAgMGTpTDpgmI4NwAlAgFJIulqdlmHPpen7vXt91bHyQX6BuyxyFikiKMqWaiMkyBFcCUwuEskE0KiJzlEaAMGcHq9e0PT+WCzW2tq6bNmyZ555Zvny5X19fdp+1tEGzRTQr+0R88JDkPkPhkP7BfJnJPmZBX4AzXEcIYRt25oTu3Hjxnvuuce27Ysuuqi6ulo7Mnwhq7Eo1r8WR9T4jzR4so+S/U5BCwaMTKXR+xqmoZT0XDeVSnZ27du+ffuOHdv37dlbXFR02qmnTZs+raqqynXd2EBsy+atqWQqlUrZTiaVTCaTCU9KJSmVyiSTiURiKG1nksnk9u3b9+7tPOWUU04//f3jxzdagWAwFAoGwqlUKjYYLygoAABNqaVckbm3cvoGKJDunhdecHbtaTj3jJ5lz2NPn/LQQYtVlpbPbcls3eC0t9sSlDLREYFj6gvnHjO4+lW5q9tTpks0FIKWM9+XfPnFza+sUWSYHnORz7zqcjMxtPWhRwKOmxaYCAQaFiyoO/49ELGA6eIAyABAHQ1MgBEXvL5ItNKqXxEgnU53dnZ2dnb29/fX1dUVFxdjThotFAppt04+5z/fy+MXddMXqm3btm1rloFfBdBXhYhGo5ZlCSFCodDg4GBvb29lZaXmSUEuw4VzHg6HKyoqksmkLkmgcppto1PGxvCvwog0n3Q6vWLFigceeODVV1/Nf2nqV2Q+8+4NHcI0TTNg2coLRcOXfuYzn7zgAoOL+oZ6YNjT3//Uk0/c/t0ftO1sDXFzd1t3gFsiEraqCkxQpZWl8WRvYXFBT09v0nEJCBQggCmEVKq8qGTLxs2TuFFcVjr2Un4nMaGp8ayzz961e09bx77ykuJAKFpTVz9p0iROyuIsWlKsPC8SMgOWKAgHSbrtHa3hUECBLKup6+2PD6bs2JBTWdtw2Qc/8twLS2Pxob1d3QSquKA4k0mlM+4/78G/JWK7nh/Y+dd0rE25KQBgRihYNK54wqlF4xf9q7s2hn9rSBp5z45ec7ggkOk4fNYJwBn09fXW1zcAoFRARMARAYDldORzqlr6PwBIgEB0zVUP+KxcIgAwAAzKbQSAAA7A34dXHAg5FzcSAildmRqRI2fABevZ3WOwHPH/KHo/DRszo05KW/7alh4cHPzj6XGSmAAAIABJREFUH//4+OOPr1+/vre3N5VK5ccTdMDB8zw9GYXDEdo9tBcgv5P5PffjBpoK60sKdXR0PPLII8Fg8LzzzotGo9r+96WS3jH4wzKCBvxvhSPXYEBEv+8+l6Wvry8UCoeCQa0WSET6cUbDBa70DuC5njDEwMBA666dGzZs6Ohoj0QilZWVx82bHwwEbdvdtu21l5et2LNnd1tb2549e2ID8VQqmcnYqVQyk8lo8VHPc6WUnDNk6Ekvk7GDwRDn3LKsSCQSDIWFaQJBIBCoDocOc2EtRI8Akfb1d9t7OuoS9uZn/uG1d9RPbOoPRTg4helJe5eu6H5pWXTKZC8clQ4vLw+bPX07XnjJ294Rqa4fioQGAtDiOOnWtu51GwuqGwiEtCxAz3USG5ctm1hZocoL4yqQ8dLEJCKBIkQCVApQcUQEhiPVFo8sjLBw/NQn/allVjZv3vz8889v2bIlEomcddZZdXV1AwMD27dvl1JGo9FQKGSapuYL6B9XCwF4npdOp4mop6fHtm1/M62QQkTJZNLzPE0P0ddGYWFhTU1NUVHRggULli5dumLFCinlnDlzIpGIJoJxzjOZTGNj46JFi1pbW7u6urq6uqqqqnyH74gQ8cFOcwyHHfkjPPrNsmXLlltvvXXp0qXaGaR9Q1oxx7f/fd5c/k/pE/41w05vphvRKQYI2DR+woyZM84//8IJxxyDAAQqlUo9/ac//fjOu9vadgIHh6sMqXBF6dwTTpg//7ho0HLSyWeW/Om1bduKgpGgofpicS3D5HiKAd7/3w+uXL32vR94/4c/+pFp06ZB3qvcP1PdqxFPM8oVDhjhARnD68Rfljz7wrLlg4OJllnTy0qrooUl9fXjqqqq0uk0ScWEgQKFwWzbnjdv3oZXX7FKSnfs3CMV29HWkfFQGIE5809oOXbu4FBy7tz5jutWVVVt3LKxf6AfAALWQaUc0mtuuuyhE+6547Sid+RHk52Pfv7in3QVl1pI0pPh5rM/f/2lc4r/+Zsxs+H2K+6b8qM7zy7LbfvWe9724l1O7LXaqYvKxn/SCpcDgJ3s6d31yp6Nvxvcs6ZhwX+8yXbHMIa3DI6Gt7/Nz/Ht4koLhlrhKSu0jRyl67W1tVVUVITDIUMIGJ7s7S8Fl/uDw0Z9lsY/LEfvfx5ovphf43a4CX9FbiPP8xKJZHtHt0DSvfUl7A7hTTiCcLC3pj9X0LPMp5566o477mhra9OyVSOsuPyg09tk4L0ej8CIbfxT05OJTZs2/exnP+OcX3LJJYFAQE9w33kXwIgA2r8tjkQLQRvheelLNBAbeO65vzU3N0+ZPEVwnnuCMCUl41x7BJRSgODajuM4a5e/+txzz3XsbquoqJg0aVJlZWUsFl/yl2d37drVtqstFo9l0nYiMZRIJD3Xg5xxCIBSSSAEVIhgGMI0Tf044pxlMqknnniyvb3jhONPOH7BiTNaWgoKiqRSgjN9eR+ugC0RSURAnHTyIpw2WwTCZjyT7h+cePX7a6orMRoJFxaJgaSzvX3ytddRZblULFAY8RIxER8qKy2uPfMMt7IswyUA0NBQSUnZzHM/gsykUMCKWJmuDFfOlIUL+LFT0iYPVNdggAMqUAREyEkiesj5kS8HOMJO1msymUwoFNJ6fjt27PjNb36zc+fO2bNnL168eNGiRc8++2xRUVFZWZkQoru723GcdDqtH7maC+C6bjKZHBgY0KkfhmGUlJSEQiFdAjAcDuuHc0FBgZQynU7H43HP8/r7+/fs2bNt27ZwODx79uyWlpbt27fv2LGjoKAgFAoVFBRoE5FzHgqFTj311G3btj388MPr1q1ramqKRCJZgzDHFBv9LD0S7/EjAv5o+y9oyF1X+mXnuu6qVatefvnldDoNeXlzfgv5v8sBWfdaLicUCqVSKd9LVVJS4jhONBK98Uv/NWfe3ElNk1xPIgNEWL123S8f/s22ba8JzhWRJNU8vfnCiz5x1gfPbqit40QC4dT3nvLTH/1oyTNLCotLYoNDUgFyLqUiZBmplq9etWHna6vXvvr5z3/+5JNP1kVMNaFvhOU/IiXQz/57G0f86IUjVQjYiQsWTm+Z6blQVVPLuTEQG7QsC7QugxCc8djQwKzZc17bupkbvLGuDLnlBYnSzsWXfDJSUJrI2IYQTeMa03amrLQ0GDBXrnx5KJEQh4myNaIWz5sDKz31Ww9+vSUIoGKr7r7i+/fPffC/ZgYPR/cOgdE93/XCXaEwn3Hy14WBQA6ofgAIhMy6aSdVTVq0/eVHdr1w1/iFY16AMfxrYHDLIxfyDOS3VQ4wTwsAABEMwcCTe/fu8ZTSk9URtmb2r9+9rMU/bPpnlzDPMvQfQ6TF/15fDEnzBxgIRFNwQyDzzf5cE4wdtfObQCCgK/w5jrNly5af/vSnW7ZssSxLJ/zzXDU+P18A3n3RXdpfTyiTyezYseMnP/lJTU3NySefrMNimiP9jnVpzPI/ouFHyaSUnCMgDg4O/uMf/3jxhRfmzpkbCAajkXBVZWVdfX1JWSkAKc/TeQGJwaEVK1YsWfKXNWvWtLW3lZaWHNN0TFtrW1dXV+e+zq7u3mRSS7jptHcSTGTLwgERIAPOmdbClwQy2w1gjKEQ4DhuT0/PCy+8sGLFqif/9PS55577/sVnNE+eMjpD+63foRwUkmem02i7oDzLSxdL20gmjaQNkSgor8C1q1wnlHYw7UDAAg5IdsRLFSkeTKeDKacgwkHawktHnHTEdoEDMAXSs9JulcMiNkBaBYmBEoCokDSPBwAYkJGTAnh3PWjeIEa4SvWyaZpax3RgYGDVqlUbNmxoaGg49dRTTz311JKSEkSsrq6eOHGiYRipVGpoaKivr0/L/qVSKc/ziMhxnGQyiYipVGr8+PFVVVWVlZWhUKiwsNAwjEQioc3FdDqt0/uJSAiRSCT27NkzMDBgWVZLS0tjY+PevXvT6XQsFguHw/rhGQwGbds2TXPSpEkVFRU7d+4cGBgoKCjQpSh0oNjnW/0785veMeQPcj7tTv8KSqne3t4//OEP+no42F3vm/2YU+T1dX/9yhSO4+iViBgMBnWuyuLFi08//fSKygrXcTgXSlF3T8+vHvrVyuUrPccTpvBcWVZe9pnLL7vg/PMLoiWo0BCc7HTLtOlfuvErsaGhF1esiEQK4kMJIiAhJJLyJCAMxGJLlizp6Oi48MILL7300qKiotGlTHy2gn53+/yF0TyUMbwecGG877TTm5unIDeUxJKy8oH+uOu64XBYGBZywzC4R14qbVcURIsKS+zBgUAglEm7leUVsruPc97X21tTW98zMEhSkVSVJWXTm6co11u18mVX/lPhCZVYf/+X74xd8P3rFkQ6nvz+rY/vIlOlsPmSr31xcdGmWz5zb3hWaOPQSd/62lnhtb+47RevJDilVe2Z/3nthyfytie++43ftQfLKydNwxWbFt3zg1OG/rh/C9UHjF+yoqkLJngPdfSufPT63773vh+eUoDpNTd94tcn/fdt01+99+b/Xm8bkPGqz7jxyx9vRgBK73j0lms2tO3rMRde991rpr/Rnp9T5/eid8fzqdjOllO+JFiyv7Nr++b18xedCoAr/rGkacq0kvKqpvnnLH/sB707ni+bOJYRMIZ/AbTB/w5VBMiJ7w2DM8YMJrgiAkUq9yUB5BLL86Z/RJQXws8lh+eHhfM+IX9Vfgz/kDNKBIYInCEbzvol1J4HfNcZvW8aI/LqdfVy13XV/2fvzePjqK588XPuvVXVq1pSa5csW5aF5V14A2NsY4wNhoSwEyAzeSRhWDJJSIZ5GZL8JjOT5GUS3kwIbzKZhCEbgWwEDDH7bmx2G+NFkvEiy9r3rZfqqrr3/P643eW2DSRhjT36fkButbqWrrp171m+53uU2rRp06233rpjx45gMJhKpQBAm30+mfCI0ui/MF0obcfo17pxWltb2y233MIYW7t2ra6PPfaE31czYtJGOd6RP2AcxxkdHe061PHC8y+MjY2FgoHKyop58+ZddNFFixYvZpwj40qplubmxx59dGxsrLenJzExkZiYaDtwMJ22iZSSSgIgcssKcs6l9Dwv2w1LKeV5KhfQ9BN9qBRJqQAVMmCMmybjXGYytuO4r23b1t7e3nbg4Pe+dysyftQJv8usLAIgKVTqmd/cY+7rPOXGv7UESnt8149/1GlGS89YseCj602g0nDote/fNlpY5MYip//1ZVZx2ADZ+fqOtvbBHjM4Uig++c2vIKP+nTseP3SLawWptOCMb3w1TNxMZHb+/NeH7mOJsqKFn/50Q+WZkC2qYADACEEvCMc5DcD3uzDXQkX70ppy//zzzz/xxBOZTOajH/3o2WefXVNT09/fP3/+/KVLlwaDQUT0PK+4uLiwsDCZTKZSqdHR0WQyCQBCiGg0Wl1dHQgEKioqCgoK9L3WjQD27ds3ODjY398/MjIipbQsKxgMlpWV1dfXl5eXj4yMtLS0pNPpVatWzZo169ChQ21tbQUFBUVFRclkUrthjuOEw+ElS5bcd999LS0tFRUViJhrIU5CiMkGKx8YtNPu5/8hb1lhjPX19d16663PPvvs28jp5fPR/HIhyusmoJQqLCysra1taGhYunTpnj17Dhw48Nprr1VXV19w4QVF8ULHyximAELyVPuBtubXd2VStslNIjK4qK6qPGfd2QXRKHmSMcNJZ8yAKZ10VVXFWWev297SYoYhkbI96WXPBgkYQ0LHcXbu3HnLLbe88MILn/3sZ1euXAl54kT531frWeiffnD2fbvkJyzipeWV1VMVsKAVFMKaSKQkqeKSUs65aZpSgQLmOp4RCCZSTn1DY/PWFxkTliVSKbtp3gJGzDLMcDg8nrCl6xaEwoAsEg7XVFVvA6Q/ojhBmUP333Jrx3n/8o/Li7kc7PNmfeY7/7A0Lg/eef3N9+4749PMcLp7Fv70x2fGWXLrt36wZ+V3bjuvjE1s+79/c+vDp/xLyX/+cviS2358ftn4pm9/6kG5msnxo/fw2Vlv5r24A1sf3xed/6koe+nIP8j+Z3/5at3f//jGuWZ632MP9YzLmTGAzEBvw7e+d13JxDP/cPXvXr96bsGfd+b5B+hufnJq4zLBUwBw+3f/ZXx0dOnKlQBw/50/KSgs/PIt3xPcrW5c1t7y5GQIYBIfFt5Xtz8fQv9zlAeGCIKzrBKA/4GcTF/W7fddecLD3fkoK9iXFyzIOu46+Z8jDBwj35V7961O9K3+cKIuOUIIz/NM02xpabnttttefvnlWCw2MjKis1Waeqr19o8qQXyv/P/3ZG9Hba7tbNd1X3nllccff3zhwoWVlZVHEaT91+/fnZ00Vk4AcM4RSUl56NCh7u7u/v7+7q4upaQQfN++vZue3tTR0fHv3/tePB4fGBg4ePCg53lNTU1btmwZH59ITCQp2wtTcc6FMBmC63m2kxZCcMZNS5imicBcx2WaB6C5SwoROQIqqVxyPSk558iAMWZZpmEIz/MmknZ3d/eu3TuHhgdLy8rf6++NhAZwjEyri/IQhooUCw4LNmXeTDtUWjilXhiFGbCGFBTPnCmqqiYEt0qrpcwQD4eKK4zpjTJWVFgaBSPkMcsrLo1Nb7QNkwrDaAaBVCZglFZUVNWVDEXCIloAIBgx3UYBND/ixO0IYFmWzuTrX13X1TR+zQ4IBoNalkXHWHXy03EcrcwHAFoMQuv/FxQUaD0/13V1OpdzrjdPJpPj4+OGYSilCgoKLMsyTTMcDicSiUQioVsAaH1BrfCq2woqpWzb1iFUzfkfHx/XUSqdJZ7s3PYBQyf89WDQyXC9kNm2feDAgcsvv7ylpSU/N34sjqKiBAIBx3H0IFy+fPnatWvj8fj69et15UhBQcHzzz9/4403jo+Pf/zjH1+4eCEJkEoaTKCS4Lk7Xt16YO8+JMmBua5nBQPT6+oKCgqEEAqAM2ZaATeTRsGDVrh2el0gFJo9fUYkUtDyxhvS88hgoKRWj9dBroGBgQ0bNjzxxBO1tbW//vWv6+vrNWsP8uodTNOEXDdNLUI0WQvwDjCvaVEgHAEuguFwOuUiYjgc1TQf5MKxM4ZheIrCscJMKl1TO/Whe39XXBQbm0iGC2JlFVWlFeVd3X2HDh0qLqmYSCZM05xIJk3TrCgvLykp6ezqfJtDy5Hnbrt5T/FNPz2n2gQAFq2K9f/w/3zpl9xSg70TM2wJBpjVS2YVMgCn7/XdfW+0/vPn7gcAlfak1ds93B2ZOyvOgRUtXje34C4Afuwe8qCGn/7mNc1BBCIWb/rrr/1Vg9V81Bnx+MIzK+75xpe/ueK008448/zTSwTYAFbNafNKBLBASVnAnrBVwZ915kdgtK996brzQTkAMD46CgD6dfZX5QBA+dSG15975J3f0UlM4jiBeAsPzyf3g8ov2T+ifD/L6qec86+LbkDpSAFAHvn/qCCDdvIO/4rZbL5mA/j6hEdXIfgRBUTKFRecMA1PjipP1fZfOp1+6qmndu3aJYQYGhrSRoamBuh1On8Pf1HJfx9HnZVvN+zcuVMplUgktGR6vjE0SQGYxFtBDxKdLgMARNy9e3d7e3t/T6/nukIw23YtyyJU3d3dWzZv5kJs2bJl3759lmUdPHhw567mTMZBgGAwgMiIXCLIZvlRARAyEoLneLnSU1LlsayRESIyFFJKJSXlesgjA53XjUQiyPnYWLK1tXXnzh2rzzzrPSfHMsUAxJIrLgXbhYQ36rlOPFZ17aerqmeACMNExgE2pLzZX/wcq50CnAGham11JSudO7/kMzfUVU8BJmG4xwMeWrTwtJv/GYwAIAB3qa0jGTCnf+oqWH0yCBPAyk3lDJC9bYT2OINPt9avDcPw5fqffvrp7373u0R03XXXrV+/vqSkxHXd2traGTNmJJPJoaGhsbGxjo6OZDKpb30wGCwtLbUsq6SkpLq6WgiRTqdN0/TDBHq3Bw4cePrpp8fGxuLx+Lx583QdwaFDh5qbm6PRaG1tbTwev+KKK3bv3r1hw4Z58+bNnTvXtu1NmzbFYrGlS5cahhGJRBzHiUajjY2Nruvec889dXV1p556qna6dFxgcnL7IOGT4fWvQ0NDu3bt+v73v//II4/oihLdBOStiACY1xdA00/KysqWL19+ww03rF692tcO1I53IpFob2/v6+urrq5etGhRLBr13LRlWY6XJgkDgwPbdm1PJJMGMxgwD8hxMiBVwLI8zyMXHCfDDeQcgDPP85KplJNKLTl50eyGxq6DB0edDLgEnIFSjKGShzsCplKpXbt2nXLKKddff/1f/dVf1dXV6diW/wSlUqlAIKCH+mQc6p0hVlxsu240EEimM6m0XV5e6WQ8SSgJPVIKiBuCSYNzNCzqHewvKq0ojEWZSJy2cqUZjCRTdjgSmdE4q6tnwLAsYiTJC4XDhmk2zp7VPzjwNof2hvqLVxe9ds/TffM/UiFk36P/58eHLvj+v51dzvr+8LnrdwIAADMsIzuv8NIzv/K9z80ys1s7+24/XGePDBG8N92DD1a8+mu3/3/z86r/03lKYPpJMeuu+Nefn3Pg9eeff/K2G36z5Ju3XVMLgFp3J28N+jPP/DBSqVQwjEAZAGxafhoAADkAkP86GGapZOqP37lJTOI4h3izNwnyyvuzmf0jNQHzvP4sLyCbGzrC4cvV/QPhW1iPvpYu5OICWSNG7/qYbfDwNsd9PerbQEfTXdft6el5/fXXda5Jt6HSalX5ZZ/vh+evYw3v+f61VZHJZIqKilpaWv7whz98/OMf13SG9+oQb49JcazjHfmCW0A0Nja2ffv28fFxAGUFTFJKSuXYjmHw1taWL//DlwEhlUrZdsZx3EzGMYSIFUQdx7EzDgKapskYc6WryAMgyzKCoQDnhpSelEpJqZTnkQRAro9HxIlnZ7xcGxWlCIiUdLQgPAAIgSMjQ319ve9HhQsjICnJIOQAGelFDGeYgEkwAQwEG5VgSVBgSrA8MkPoKECmCJTrggkkJAZMSAVUOOrZNkQYIIJEUIjIx5RHFkMTwOSAQd0HEAiAQQaAIRg8Nwkf/5NvPnMbAIjI87zt27d3d3evWLFi8eLF0WhUT4CWZaXT6ba2tp6eHl2MrZRyXTeTyfT29mq1ttLS0iVLlsyYMcOnCWgKgJ6uHccpKyurrq5ubGwsKirSKdN0Oj0wMJBMJhOJxPj4+PDwcCAQmDZt2uDgYG9vb2FhoVKqvb29oKBg1qxZOixl23ZpaenUqVM3bNiwa9euJUuWaLKY9jaPnd8mZ7z3CZhT+Pd5+0S0efPmgYGBmTNnBoNBKeXIyMihQ4fepvkfHdmH4qabbrrmmmsikUh/f/+WLVvi8fjixYs1O2BgYOD+++/v7+8/66w1CxYssEzDc12mPMFRcd7W27ltz86ETHNEg5jFTU95bzS3vtHSunDxIkJlhQIAypWOaZoTQwO7dryeSiRikfA5a9a++tzzL7zyQkZ5iqQkkKR0dYk+bSIyDCOZTP7gBz/YsGFDU1PT6tWrlyxZUlhYqK+AP+Dz6xo+uNtwQqCktNy0gsFQREoKRwoY5wMDPeXl5RMTEzq2YpoBz/Mcx0YuWvftT0sv4HrxqsqMUlNrpqTsTGVZ+d62gwooEi0IBq2M5yKia6era2rCkcjbHNqaccmnPz/vpa9//jv3zvvuZZWpwYRVOaVIkH3g6WcOpgtU/q00yxeclPl/zxxINzYG7DfuvX3H3M+cWVeSeGT/uJpRNPbqIzvGaIV62z28CdAKi2R/QkJMdby+PyFXu91P/Ozl6ksvWHJe/dzq3mtu3zehat/tmR8BxwOQCUAGgJdedSEAANlAeOknLgTKvgaSzmQvxUn8D4A4SlT/SGE/7fz7cgHZl/ly/Yf/6r88Wv8K3oo2mq+Hq/d2dKAgLwhAeMQ2CNn6AzzOOam+3aY1dSFnmGYymYmJiWefffbFF18cGxsLBAIAkE6nfef83fjnvtnh6wzl1yof+zH/xN59OEAvaUNDQ4Zh/PjHPy4qKjrvvPNCoZDeuY4RvH9kwknr5INFtlYo/3elFGeMlEKGAAohG0EkIsYEEQGi57p2JkMEpmGapuGPQ0TMPTGEiIrUvn37du3alUgkODLH0e63oZQyAgFFODo2TojJiYQi4oJxzrlppO20p5QwDF32rxu2c84Y44YhEBQplyEiY65UAMgYB2IACCAJQJJUgADIkGtdAEAikgRKCEMPMMFZcXG8proqXyErN8nRW82HfypQoQEuokCOlkhZAZuHwAiCwQkVCMgYph0IAxEFLVeBaTBHYMYKuiJAQsiwlt9gygbFLGIIgiEjkMwzrfFwwOY8aIbANHX5g3/juD42A3b81wFoX8X3/PVw8jxvdHR03759OtNeV1en6fpaLKC9vb27u3toaCgSicTjccaYbduZTAYRR0dHtS5gd3d3bW2taZpazk1vq+MFqVRKNxSYM2dOKJRtFWnb9pQpU0ZHR9vb21OpVFdXVyAQKCkp6ejo6OnpicVikUhkaGho9+7dVVVVxcXFACCljMVitbW1iURi27Ztn/jEJwzD8L8FHOnzT/r/7yv81VAPp5KSki9+8YvXXXedrgtwXbe1tfWaa67Zt2/fW21OOflAIlq2bNnVV18djUYdx9mwYcN3vvOdysrKr3/9H1euXGma5q5dO7dv3x6NRhYtWlhXNxURTSvkOWlmmp5UHZ2d3V3djHNTGOBKx3UNzvr6eu/73e+m1FSXlZQiKElSGIbyvL1v7H/pxZcydgYBFi5d8um/+XTr/pah4WGHlODMk0rHwiA3frTqsG3bbW1t+/bt27hxY1lZWXFxMed82bJl3/72t0Oh0LFSlJP40yEJuWE5nlIKAgZLJtOhSHh4dGSgr98wDMuyrFAwlbY5R1I0f0HTS89v8QCXrT6rsCieAZV0M1EljVAAOSODjaaTkXjR2MiICFrlNVWBaPiPHF5UrL3phlc/9y93LfiPq9ZdPO0r//jZz1eV1a+75OIp//aft23568MBrPDJn/275d/8v5/9jCUcWfXRv1sfLJpy7cce/ZcvXLOhomrmrJOKR9GsPWYPm2/5+9OL35IeYtV/bH3kG9+4eWdNSVlJTRGXvHhaeOd3r30Ig0LKojV/u7yYQe+7PfMjwELpicFQNKYdnMOejUJ7zO7c2j1jzfT0xBjx0B+5bpOYxPEPcaxTlxcAAL/NX57bf5gPkHP48/z/wzvJAQEgy+l/E7z1gnG0juBhy/nEWWPybQg/6K4LAjs7O5988sm77rqrq6tL9wTWK3H+Vm/jkL9pdT3kSRDr93VxqV8br5UF/F99G8XPeLxNQuNPgU9V1aTBN95444477igrK1u0aFE4HJZSanMWJo2JEwGEWhgUGGK2oJ4ASJErXY4MUSESkCJSUmmDWI2Mjg4ODr2xd++BAwcdxy0tKT1p5kkzT2ooKiwkRVoaVBExxoiUUmrL88/39fdLpZAzQsYYkwSKwM644WjUTqc9zyXGswNagOtJRBSGgYgKFKECRq7nmgYPGKYQ3PVsQBSG4SlyHVdJQBSASP6QxOykpAhzoQECAEWUyXhEZJpGMBBYe+aakxc0ZWuass+f76G9mwgXAboAniJBzEIBRQ0zIwWFYMYABDIAJgvrZ1QvXg7BGBFnzCDyeCxSMHOmwQIUCHpEDAjNQKC8ttRLIgExAMYBpRuxCuY0QkkpKFORIASGKkvOAjQICVDf1BPjyfTjSnqi45y3tbXt2bNn7dq1y5cvj8VimtYRDAZHRkY2bdoUj8fr6+tLSkqmTJmiy/W1nn9LS0tvb6+etz3PC4VC2u03TVPHCDKZDOe8pqYmHo9rsQA91wWDQV1BUFdXp5R65ZVX9u/fb9v2tGnTDh48eODAgfnz51dWVj722GMtLS1Lly7VvqVSqrHIeLvKAAAgAElEQVSxcfbs2Zs2beru7q6rq9MlCXBMiHNyCn1f4Xdk9GPWoVBIi/Zrl7inp8c0zTcNneczUIiosLDwq1/9alFRkR6Q4XA4Eglv27b15ptv/sIXPj9r1qyf/eynHR2HFiyYf/qK5dGCiCTJkaMIIqB07MGugeRoAiS55HBAEAAMMunkPb/9reDswksuqZk6lSEmEoltW7f+7re/e/75F0JWkHEGTH304o/dfc+vH3nsMQD0PHnUieabEPrcHMfp7Ozs6Oioqak55ZRTtNTFB9/c90SCToFou8xxvEwmqak9FRUV4+Pj6XTadSQiInLDYMXx0qn1DbVTapgVCMYKxsbGrHBEMqYYhsKh3v6+0nhJxnUUw6J4vP3Q+EmzGt/quMGTv373yQAAUHzGV+86AwAALvjnX1yQ+/tH7vkUAMCaVbk3WPGSa/59yTWH96BGVfW5//TDVY1R1XXfjS9WlgWMmjfZgwavuOQHvz76HDDYeNW/3XVV9jfdh+/Sf/zxpUd8aO6Xf3Fb9pTn/N2vbwMA+DPPPA+h4qk9HZ31s0wg9qsf/WSobwBGoMo5ORiPAEB6KDFjdVXPoc5w8dQ32XgSkzixIHLufp6nTmhawSnTT4rF44FgyDQtwwwI0zDNgGGaXBiGaQrDNAxTCEMYJjeEISwuODcMwQ0uBBecCcG50EujlJKk53me9KTneUq6nut6nue5jic9z3E813U9x3MyrutKx3Fcx3EyXsZxHdtxnHQqOTo0dOjAHidzVHEOApwIjqJeQXX/P604vX///g0bNtx5551dXV06S+m6rg4E/On7hLfQvfMtEv+4/md0it7zPP+F7/zDkT2N3xnySY96t9u3b//Vr35VUVHR0NCQTwF4P6obJvHB4uggnoZhiImJiWAgSKQ813WcdEfHof7+wWQyNTw83N7R2dzcvHNX88DgoPRUKBSqr69ftWL5mjVr5s2ZGwyHfaKp5pK8vn372NiY9q9Ztj0VAZAEtO1MjliTd05EwACRCPTgl4wzbnBLCATyXJeAAElKKSVlxU1yVIZsAAAkZTlI+ldEAkDGmQCQ+nhNTU2XXXZZtKAg//jvWU2NRCDD4AYoBoFg08UXq7ExKC4hNIgAA4GK89YVnbKIlZYrJTgykDxYVDJt/TrGBBZGEZmSKELB4jNOD7sp0PtBDpwHqitXXXJJcMpUYBYpUiwbvABEJACFqGO2x78cYH7+338TEXt7ez3PmzdvXnl5eX6z0t7e3pGRkdmzZ0+bNi0QCOgJWbv3oVCouro6HA5r/fb8ScznGhCR1vaPRCJwpNMIuUgE53zmzJkAoKnjlZWVQ0NDqVRqypQpc+bMISItNqE3LC4uXrJkSXNz8969e+vq6vxvcQKshsc79K3UaygeKfh3LHRABwAqKytPOeUU/821a9cODvb/7Gc/27179ze+8c2TTmrYvHmLZZkLmubPmtXIOVNKEaBeo0lROpX0XJeIlCJkzGBoWCa4Xl9f3y9+/vOt27bOaJwVsKyuzs7XX3+9t7fXzWSMSJQZAhCtYPBjF17w9OZNExNJzhkB6gAW5E1Z2gzwDYCysrKTTz75iiuuOPPMM7XsBUwu2e8CgVAYOc+yIKWXSiVAYTgY6jrUMTw87HqZirISI2B5npdKK4ZUO7XOtERJZcXIRMJ23NqqKX0D/VY46HhuUTze1dNdU1MTYuHu3p6CWFEkGnv/zhwDgeFN3/r8L5lFdmDBdV+dFfzj23zYmL5gzcvP3T11WrEwQ6cuWVZ3ch0QvvQVVXPOyQDQ+cBrnj3y8uaWhlOu+LDPdBKTeN8hjszdIwAJKzD75KWOKycS6VTKYZxzbnDBOeNM/+SMc8EE50z/ZJwLxrOvODcYZ4wLzjlj2hKSSkotoOV5rv+r9DyllJSelJ70cp/xpFT6o1J6rpJSKhkMR+YsPGXXthfdTBqOqCD4oK/Xewi9ZGr+v6ahCiFGR0e3b9/+29/+9qmnnurq6tLmo+d5vv7Zn4j8sL1viPgpfZ9xoNtZm6apVay01RsMBrUSYf4eji0ZeDfQ9oRpmul0esuWLatXr66trdViyD5b4d0fZRIfKjBbRH7MUxoIBEhJQjrY1rbpuWfHx0bLykoPth28/4H7+weGpFSe1OxrOZ5J7Xp9vG1v6+bnnl2/bt3adWc3NJxEyBSRaVl9vb179uxJp9KmaXqSkDFAJFDIGBFlHAcAiFQenwkAdDdSpf+k7XVDCM649FwpPS5QPyB+27gjBElJkR92xMOKKACgSDEgUhSNRi+//PJly5crpYBxP2bxHrlnCCCAkBFTAB5gZOoU8CoAOSIqAI8zUVdhTSsDZjHScqkMrKCYWqWE8JBzRI5AhuDTK8PSA+RIDAiAM4xFK+fPA2EBMsayYgdIRHikCssJB58nlUgkEFF39dO8ANu2A4HA8PCw53kFBQVZifUcvZ+IDMPQ/j8RRSKRo+KYOpaq5QACgYD+AOTmt6zGZK4kQTca7O7uJqJQKNTR0aGUikQilZWV7e3tOnKqfctwOFxcXGwYRiKRgFxw9gNTVJnE20Cvofqm9/T06BH1JlzLXAmAHntz587VdHrHcRzHicfjV155pWVZ99xzz8svv9LZ2RkMBmtrp8ydMzdeHCdFel7SE5CUMpFIaKYJgCIiTxHYGYMxQxiJRPLFF196eeu2stJS3VRIf5IJbhjG0OBgIBRcsPDkQDA4PpFUuVpMf/3NJ+4BQCwWO+eccy6++OLZs2fPmDEDcoMc8gpqPqgrfeIg25EUmVKKvKzKrJtJp9NpLpBxSwgRCASklHYmQ0SF8ZJg0EolnVTKLiwu3t92IBaL9ff3CyFGRkaCweDo6GjAtEpKSkaGhqdOedNS+vcGGJhx0dd/etH7d4D3AdMXrGxvfW3rS3sWLa2tm18GKgPA8mXRtr64xyxsnL5gsiPgJE58CEWHq2EAgAiqa2fYGSeTcbngwAUCAEnQrFelCBGRAwFmu/9l22WTIoWACMSUkggkiRQDCQiKFCkinZIjUCpnlhMSZY1qnWoCIEACIiSFJLXZSUqlHdeUsnpq/YHWXYwdpRlwHMeefXdXG3apVOrOO+/82c9+1tbWpiWFHcd5BxQAODIkn//aD+RnhdBcVxsriFheXh4MBgcHB1OplG5whYjJZFKbvLq40Q8ovOPv6xMBAEAffWhoqK2tLZPJaCPjrZiTkzje8OaScZ4nOecKoHn3jg333ptMTaxZs7qyvGx0cHCwt7enbzQcEpYV9BxHKWAIkiiDtOO11w7t37t927a1Z5+99pxzi4qKQar29vbBwUFEUOpwgy5FChFB96wGOLKWSAGSfgK03yUEZ0zr/3ue6xCRYZqMofS8bAgAconvrA/M8kqS/KACaVGDaEE0Ego0NTWtXLUqFAwe++1zruY7v6YE5HDyuDRACGBIElABU6AQPEKDK1QOSkbSVAZIBETgCEIoJAXIJSIBEigilyETBgdgiEqBQhJcQJABcslBMQQClIfZD8TBIXARBID5x8/0LxpHJf/1Cy3LV1VVNWPGjHg8bhhGJpPRpUkHDx6sra2dNm2ani21Ra5nqlQq1d/fPzAwQEQ1NTV+FAByY4yIXNfVR5RS6noBwzAor6sc5GrBpk6dmslkurq6otFoRUXF/v37XdedPXt2JBJBRNu2dUfYoqKipUuXRiKR5ubmiy66SEciPoTrOIljoNltWiqiublZD4y3+aR+fc455xiGYdv2k08+uWXLlquvvnrGjPqrrrpq3rx5TzzxxI4dO5uaFkQikUgkwkWWP8IY2LYthCmEiEQiACil5AwRUXCBoDwpOWOgwJGyprziizfeuHTJ0l//+tc/+tF/SaWK4/EpU2oi0Qg3RElJSTweHx4e8ZRklCXIQK5Zhg5gxWKxBQsWXHjhheeff35ZWZlpmolEIhKJUK4n4uSS/Y6RTqcZY8jA8zySrpSul3HGPK92SrVlGWMT4wAqlUqZphkIBBhjs2fP3bfvjaKi+MjouOepQCDU2dkZDoctwxSMW4YJikgqYZgc0ZqcGY7B6su/8MSvvt98xyvLV06pnRqzArxwZlHnA68BwESwf7i35KwrvvBhn+MkJvFBQOTk9LJ5LakoEi1IpDI6+0WeJAMAkBQopp1+RUoSA0XISKfTQEnOtCCxJAkKmUeKoWTSl8AiUqRIKSUVKalIKiWJ/P8UkE6qKJXV185tlC1Oo7TtRKMxpRRDBkikHQx6V/b0h4j8en4i0uHb//iP/7j99tsHBgaCwWAoFEomk5Drokc5qby32advy+YX8+dvonOeOrLgui4ACCEsyyouLl6/fv15551nmuYzzzzz0EMP7dmzR0f38xkE+aLT72y91xGEbOsX09TpiHQ6vXv37u7u7pNOOklza2FSC+DEBeccERIT45s3b96wYcMZq1dt3bpt5/bXDh7Yl0oloyFORImJCc2t96QEBU4mzTkfctKPP/bI9tdf37279ZP/6+qGhoYDe/cVRKOmaabTtmkFiEgqqYiYdloRgQ7LXvgn4HdxNwzDMAQAKCkd11VSimwXN10jAFICEUP0B7zmxLJcc9L8GAeZplFZWR6NhBcuXFhcVMSYAB3nzJPSzL1+51oABOAieMBMQkYKGAEAIANEQEYgAaUEAtRxXUUGd0EBIwJCIo6ICoEABQJDBYoDk0AuAwBAAI5EHFwOBCAIdPNVzeSQAC5CBgCO/xAAvFkUIBgM2rZdXV1dWlpqGAbmdNGVUslkcvbs2eFw2PM8y7K0S88555wLIbRk18DAwMDAQE1NDQDooK0/3WkZV3+fQoiJiYnx8XHd3gURNbnANM1IJNLY2GhZlj6T4eHhoaEhIcSUKVN0xFZ7XIZhzJo1a8WKFW1tbWNjY6FQyH//Q7ugkwAAACEE5hr3DAwMOI7zNh/WspFTp05duXIlYyyZTN5xxx1PPvkkIt5885fD4fCyZcsWL16cTqcdx3nllVeGhgcPqz8CSSUDQjiOU1paGomEx8cnFClQJJAJwwAmGQGR4oTRcPi005bPmT8fAf7rhz/0pGxsbDxtxQozGJBSlpSWFseL5R6pTSodt8pf6//1X/911qxZTU1NRUVFWplYKRUOh/Xw9g2DSe7eO4POuHBk5Enbcb2M42YcEgqRiouLdYook0lTJCyE4JybXFRXVO9/Y2/N1FpA9DzvpBkNekpBgrGh4WnTphlcpJKpklhRx3jiw/5+f4k464ov7Nm2adOWJwfv2ebYKQKwAqGSyqlzTl2zcOFk/n8S/1Og2S+Y+4FExA0upccFB6lIoCJEYkgeKQI0QJECiYAkJQASKgUSssLY4DFixBhjChVkCbBApOlppJQikiSzSslKSlKSFJGUpJT+CUSkPKWk0lEDIJBKKpLS40ZIHSNFRcctC8B3CQDAtu2NGzfee++9AwMDoVDItm2ffu+6rk4Qvf36ehTz30/XY67IX7MJdMBeBwICgUB1dfWKFSvWr19/6qmn6lZVa9asOffcc3/0ox/9/ve/n5iY0O2m9DlQnnrWO/vKeGTjA222ptPp559//oEHHrj++ut9ysOk/3+iAhEymYxhiGXLlhlC7NnT8vDDDx/Yu8dOpwGY53qGFRSEUgEgAgMCJZWSnnIATAljo+OPPfpYa8ueuvrpra2tpjAsywJAHVZUulNAtkYf89qFEIHKRQaQMWaahmFkjXUtTcJy+l6uqw14IGKAmK1mIlJKcv7mzyAiuJ7T2vpGZUVJNBoRQiDnyvP82eq9SpEhoAk8AChcAAIwmYeAnAESR0RCRojIAZjHGAaAQElwFAAC47qUnyEBSEYEigMhSKVpVzoEIBgAMADll/3nwh0cwAIQAPytCB7HFfwZxvd2lFITExNVVVWFhYXa83ccJxAIaL9dNwgMBAK6YktXcWsH3jRN3QXAcRzdLFC7dpCr84Jc/j8cDpummUwmHccZGRmxbVvzvwDAsiwA8DwvGo3G4/GDBw/W1NRwzoeHh4eHhysrK6WU+tBablBKWV9fv3HjRv/rTPr/Hzp82rx+nUgkfHf6TT+vh833v//92tpa27b1Ap1Opx999NGVK1esXXuWlFL3jwiFQq7ruo4rpTQN087YOjcAoBTJsrKysrKyVCrNEDzPzTiu53mCIwIIxjhn/X19jz78sJ1KPfbYYwCgZYAdxzEtU3MWfvhf/7V48WIn4+bbDxUVFV/84hevvvrqgoICnajQApl+IkGLX2p7Tj8RmtjywV3xEwKBQIBzzoCQUSaTGR8f5wwKovGJ8dGy8hLLsgiBMSYE0/clnbQH+gY5E5w4IpUUFgEo5Xlbnntu9+7dZ525Jl5UXFQQq62uOXigLV5U/GF/v79QzFy4cuaktz+J/9kQOY5rFtkEF0kiVASoECUjkAQIjJRSWSaskoCADFGRzIakSTFgiinGUBe5gW8u6yWQlFL6f1IkpVRKgi6q1CoAOaZAtmpAeiQ1bUACSFCSICdYCHgC2KAaiCil7OjoeOKJJ0ZHRwFAO8a+/L7vcmuRobfxwPNXX70H0zTD4XAkEgkGgzp4T0ThcLiiomLu3LkNDQ0NDQ2zZs3S1qeW9gWAJUuWRKPRkpKSjRs3dnd3a+aq3xzr3X9l0zR1bkTbvqZpDg4OPvDAA+vWrWtsbJzMJ5xYONIcROV5yrIMADFv/ry5c+eMj43eccd//+LnQwMD/YyJtOMJYITc8RylSDDGuVAgGQfGWMaTnoKTF56MwJ59+pmhkWHdjC2VShum6ZfmZ58RRHaMB64Lqv38v2604bkuqGzXQP30abfYMAwhApybUirH04J4CHisP6+IFJHkHFzXaWlpGRoaKiiIO65riUA+JQfedSwAAUyFIAGkAi5BKmTA0HIBPQADwPQIOEiGKU9ZApn0AoxJUAjAs567Qo5IygRgioAUZ4CMFCjwPABLOZKFggSQ7WWQa4KAAEZ2wQA4UaZfDe2oe56XSCQKCwv1/KNZV/r96urqmpoaTcUnIs3G14VRpmmWlJRoXnS+OrqerrXYSllZWUFBQTAYdF137969GzdufOyxxwYGBmQOlmVJKc8444wbbrihoqKipKQkGAwmEon58+ebpplKpVzXNQxD+4GO4+ip/tJLL/3tb3/b0tJyyimnaL0Y7SF82Jfzfy4o199Xx837+/vfqnzPL4UrLy+Px+NKKcuySktLP/vZz+7evbu5ufmpp55avHhRLBZzXTcSiegW8T7lXo/AbOmcYUydOrW2tnb//v0SiDPGOUMAwVFXXzJkoyOjt3z3lu9+9xbHdWxPBizz8Sefuunvb/rCjTc2zpplBQJzZs/hpoFSMmKWZX3yk5+8+eabq6qqGGOarOebJb62hY58UU7f1y9s+UCv+AkBInIch5NyXddOpoaHh6OhYKAqMD4+7jnZ511KiY5LTBmMOxnXFCYwUFKGQ6G9e/dWVFdsfeXVV19+ZXR8tHnnrrmzZgvGO9oPJROJ/v7+D/v7TWISk/gLxWENDPT/JZJEKCUhKlKoPIZCoQKp9bAZKU657RQwxjlwpZRkyHQQmDCbjj5Mk1W5MEHWyVeKlJSKpCJSUnqSFEmpVJYhoAsHNBeANMEXALPVuTnOghbmPm5FqrLfTEop5Z49e7Zu3drf328YhmaN+prVkJfbh1wg4Ciqnq/V5xcLCCHq6uqampqWLl06d+5crW6l39fa1AUFBTrD7xcL5OsCNDY2fulLX5o3b97jjz/e3t7e0dExPj6eJW9I6Z8V/JkujT5h7f/raIImuTHGurq6tmzZMm/evKOcpXyT4j2pDvAv2qSx8r6DcvxygKzMB4BUkilABCmVMERnV/f27TuGhkddj6R0FONJ2yZCYJxzBgiSAFCo7ChliYmJ3buazz77bMMwfn/fvaOjo8wQQjCllDAMRcqTkpQ6JvmGCFzffMzqsaPjOI6TUUoBgRDcMIQQwpMOkRKCcSa4sLgwOTM9T7rSISJf4I9It8rTwUgCVAwRERKJxOOPP15UVHzNp66dNr3OkxJyIy1f/etdXFIABSAVkK3sBEPGJRJX3DIVJ0gnIZkGSzBhWCIgmMEcDzIZAQwUA2BgcSAJSNwlcpQk4iYnLymlgyjJzmR4UESiLGAqxrLzLCpAUABc30PIv6fHK1ReY1SfmoSIyWSytLQ0nz+FiI7jFBUV6U10mlc7+YZh6Dfzp2L9AdM0AUCrBujsPWNMa7Z1dnaOjY1BbiQopXSBAAAkk8murq6Kigod6tWUch1rCIVCkKch559eKBRKpVJ6Jzok4Wuzvc1Ie08m0j8X+eQv/Y5/uTCv78xxDX1VdUe3oaGh/fv3v/2HGWOFhYV6AOib0tjYuHjx4nvvvXfHjteHhoZ0QEqTSgoLC3v7eiYmJmIFMcj295UMmVKqsrJy8eJFr776SjKZ8qQyAjyTcRAZ10+xIs5Y2k57ipBBSbyopLTEceUjjzySSqevv+GGJUuXcM6jkWg6mZKKdJ2gP7Z1hgDz2ljk97PwB9LkevqO8Zm/uf7dbL4aAADOv2xSwX4Sk5jEnwdxuAggJ3hFSmkTCT0FQAyEQkXgAjEixTlnXKFHihOSQsYAJCmGjCnMuv5MS3Mf049LKUlEpICAlJREUkkiUlJpVoCXZQdoPW5FoP8opVQSpCKiPF3qbAyAvQU19y8WlAdtANm2/eKLL2rdID+0r40/bR75L3xTyW835duyelXWhqlhGPPnz7/sssvWr1/v17X6sRW9oR+wz/fk/deIWF5efumll5555pkHDhxobW195plnNm3alMlk3o9roim4r732Wnd397Rp096GOTmJ4xwkOENEUh7nvLe7+/4NG1599VXbdlypCUKMsq0+UTfk0xqjhFqfnrlSNbe0jIyOBoOBTCajh7IQwnEl5Ar09Qugo6qGSLc+VYoyGR2EcpVSjGG2fyln+hlBRMG5EJYicB3Hyc1Jeid6r5hrkAdIpJQOcjLOGGMjI6N33XW3Y3s3/e//XVpeJpXS5S0+OfxdAYFAArnY2z3y6stcgquYW1BSdfoplBlPbt2BvSNkmRMcS5rms9K427w71d0jFTIPWCAQbpw+cuANkfLQpUwq41m8tH5Ksq090dnDgEvkE4qqTlsSO30RMwVpFQQ8UoDkMD3gOIZfYCWE0DOh4zhSyqGhodmzZ0NultY5/HA43NDQEI1GdXWAT8j3GdEAIITQd1m/1nlg/3Zriv6WLVv279+/cePG1tbWsbEx/TEt+KJZ1n19ff39/d/73vdisZiW/tL70RwBPLKVYCaTqaysbGhoePjhh0899VStTagXC8rJuOjx/KF3CjiK/4I5kZqjaAsfSmDivYVekXUAaHBwsKWlBY6MevigXHmIXp31CNSsvenTpxuGMTY2btu2flOHy2OxGAImEgldkwJAhmG4rmeYZjTKTzvttI0bH9y3b7+UDgAIzpQihqBIcdQyTmRaBhGdNHPm2eecPX1Gw+/u+f3Tzzwznpj42te+tnjR4o+ce+5P7/iZTgNs3ry5ubm5srJS81k+6Os4iUlMYhKTeP+RMw78pRdBkZLSA8XBAPKYzm4wQgDgCJJIKUacmJJK27zIkSFjDBhizjpEhjk7PKd7dzhhorIVAcp/LRUpJSUpIi0VIKUiIimV9KRS5OlyAJVX3ZsVBGTHISMVj9AGw87OzpaWFq2Ep402ve5qX903IDKZjLYa9U9tN+jlWfMDdeKopqZm2bJlV155ZVNTky7h0xfaz39qs9W3w+CYQL5vn2mlwPLy8sWLF59xxhnXXnvtSy+99J5fDX1KjuO89NJLb7zxxtSpU/X7dGT7AJjMMxx/OIozTllhEKUQIJVKbfzDH37/+98PDAzYjqtIk4YYaec/e68x63EDAXIkIETX8zq7uvSurGDAtm2unZx82kh22nmTAaOkysoEEiLqBwHyHxCGqBX7PE+6HpGSWgQ1564opQD1/lHpSAABcQaMazEwNjQ0ct+991VWVV1z3bWhcFgngbOXgOjdjWJSTCF62LK38857g9FwMhSZKKmomjsrM9jd/fAT1qEBUVBwiMl4PA4M0w8/enDnLrMoLkJhEQpYlGq953fBYbskVpzgjNeWlYZo+Kmnvd1toaIKKo6nkJy6aUjIgKQOsgKoXPiE6QIsOhEeQ1/r1HVdLcW3f//+vr4+f3bVnbqEEI7jRCIRADh48GBHR4dO5uvqqrKysqqqqmAwaJpmKBTS2XtfRBDz2q/29vY+/fTTO3bsaG5uNgyjqamJMXbw4MHx8XH9Ma0G19raumnTJj2NQ46koEMAOgrgEwT0GtHU1PTSSy/t3LmzpqamsrLSr0XXgQDMI4h9WNc5n3V1bLg5/wMf1hm+t/BvQW9vr+M4mJO/PRb5F4RyaruJRKKjowMAotGIXoL9j5WWlhLQ/n37y8rK9ABQSnmuZ5rMMIzFS5asO3tdZ+dPlVKeJz3XM4WhCDnjQIpxTkCKqLq6evacOed/7GPTptdPnVYXjkQefOjBb33rWzfeeOP6c9b/5le/1VH+ffv2PfjggwsXLiwtLf3grt0kJnE84/wbfllYEPjFv17yYZ/IJCbxp0Icu/QSkXQlCKqombH4zI+YVgDzAEfy0t/qp0b+ku/v/K1++l5xfp7cydivPPFA14E9uibAZ9Xm7fY4CwH4bq1/uTzPSyaTflZKZ58cx/GZAkSke/gBQCaT0faiVt8BAM65lpKOx+Mnn3zyqlWrVq5cGY/HdfZAm6SaX4C5+gLfKPHP5CizzE8oaeErIqqqqioufl90ZfxqyZ6enu7ubv29/JFwwpiG/4NxxB3kDKWSdjr93KZNd9/9q+6uHoAsrx6Q6Vw/AFJOTRRBh/uyXbAZY8gYUc4dkkwIIZVCzHYAxKxAKCHBmyarERmAfhAYESklPZVrpiUEMi7J8zzlOBnXI6Wy7QUYY1oLgAB1HxTMTk0RCFsAACAASURBVEFaLhVNSwjOpPQMwwqHgn39fT/96c/mzJ931tq1OpernTGVaxr/zkCAinEEzpLOQEfXws9dXVY/zbZiUBDxumVSedHTmuKzZgUChnlSHQBXIykbjfpLLoCgxRCMdCYxMJ6aSM/5zKeLBWFhhBO4E/bE2ETFxy8yZk0vYCJYW6UMJQEYcNQNFBmorAoLAuGbBlaOL9CRpUDpdDqVSj344IMDAwPFxcUq19dNkwUcxwmFQjt27PjDH/7Q0tKSSqWSyWQ4HA4EApWVlYsWLVq+fHk0Gg2FQjr9q6HnXh3SHRkZeeyxxx588MGOjo7GxsYVK1YsW7asp6fn/vvv7+zshBznSydgH3jggb6+vjVr1syfP1/3lgsGg3qK1jKVus5cs7XXrFnz7LPP/uIXv1i2bNlHPvKRaDSqR5fmL7xVw/YPclLNtwryLQH//XwJvRMA/jVvbW311/pjWQD5BoDexDCMgYGB++67b/PmzYZhLFy4qLS0lDE2MTHhOM7o6GgymTSE0dHZUd9fX1FeYRhcKWlZJgEBUllZ6Sc+8YnmlpZNz2zKZGwuBDDMuI5lCIagpGIMotHoqlWrLrns0ml1dcIQ8xcsuO66a13X2fiHB8fHxi44/2MrTl/+xJNP6dG4cePGiy66aNWqVSfS3ZlEHtRE8/33Pd/nAQCQyiRx1pWfPLPqj1KGvK5Hfv1q3cUfmxn8E47Qvne87KTq4Ic6guRQ603/Nvjpr58+18q+k9n3wpcerfrHNYf+4cGaW79UF3svTu/Gbz+0+e5rP3Ldz4/9kzva9av/3nyfXHj73zeUHGes5Umc4Mg+737KjAik50npEvCmFWefuuw0XYX4YSGVSknPO7S3WXqePFKLDo877//IeIf/Tk1NTV1d3ebNm23bzqfr+9z+fB2gYDAIALo7lGEYRUVFc+fOXbZsWU1NTUNDQ0VFRVlZGQDo3JEv/KtboPmZf7+OQB/iKCMsPzthWZbneUqpoaGht+9v9I6hQwDa2m5vb89kMlonOf80Jq2QEwaedAUXzc3N//WjH+3csUsI7mQ8IkDGEHQ7u2zBOx5mnGcJRACgVLa/iM6DZftHAEBeGAsPOxv5wwazOvfZp4AwK+yHyBhnXIuYSum50vVc6TgkFSJDhjokkc9kZgiIgDnnShfgCCRSCJ7ncGZZptXT23v33XfPnTevoqLCD7q9+4Jn0roGlkVBM7ygwZozG1QYwCBDUEGYN9Zbi+da4RBEQjA0IZmQ0WhkySIwGQDA680oDJtnAksXB9wkxKKq7RAxjtGQtWimNW9aEAIQCUmOAMgIUWFO7QCUbjx4/Pv/Gn7oUwgxNjY2NDS0ZcuWZDIZi8V0flWX8WcyGSJijO3Zs+fpp59ua2vTrjgASCmLi4vHxsYqKipqamoYY5FIRFcKQI6ZpcsBxsfHt27d2t3dLaVsbGw866yzFi9evGPHjs2bN0NuftPEAcMwenp6Nm/eHI/H6+vrNQdBhwD09KuJCalUanR0lDEWj8c55y+++GIwGFy9enUsFtNTpSb/Y57MwYd1nfP5bvqd/NS3/1o/yydAUwP9XYhodHTUD7sfKwroTybxeDwcDkspd+zY8fDDD99xxx1DQ0MrV65ct24dAGzZsuWVV17p6OjQioATE+N2Jv3CCy/U1FRfcP7HZs2eCYhOxrUCwvNkY2Pj5z/3+YGBwZ2vbyciRSSEIALkXHpuIBiaOWvWX/+vT568cKEwDALggi9Y0PSVm79SWVF1112/vP322+PxuGEYeqR1dnZu2rRpyZIlmgIziRMOLDr7wr+eDQAAcnjbvQ8788r+lJIhUX3OJ6r/tCPYna+9NrJyRnXwL6yUxJqx7AczwN5z6L3a4V0bX68sjQLA6Lh99N+cwTt/stecV16047062iQm8Z4hKwJ/mKpLRETS8wgUchEIBLRMvcZRlsR7ZVjkHOP8N7JLZGFhDBiXnpTSOzaUrs/iPTmHDwB5LsThc5ZSmqY5Y8aMSCSiHXstDqzTOACgBcy1eVRZWXnKKadMnz49FosJIQKBQEVFRX19fVlZmW5epT0NwzA0td7zPN1vxs9F+OxQfWjfRjkqBEC5WgBtCnPObds+ePDg+3FZfPVsAGhubtYdsGDS8z9BoYjSdvrBBx/csnmLnniEYORKgmxqXfv+DBAoW/eDpCDHPldKCsEZ5+m0bVkmY8zOZAxhMJ9gDHoXmj3gSxL6De4BAIgUAAGgVvTjDIlAelJJ6UlHkgRAITgHTsR0mQAyRGRESjMRgBCynCTGGXAOrusp6XJkrqsskwMgZ3zz5s2PPvro5ZdfrvU4MUvMfudXDwEMSSAlZFKmm+777f1e2cuOVd74kfXKsd3+vuQDD4++1tLOYf5nrgJOnmm7h/b13f4TV4jiuqmhaEhAJpBIJP79P/rI44tmT5szw4C0MTbS/4t7JiriaSs8+yPrgvNmsUBASWKEiEzpGAwAArAT4on0a7D1Teno6GhtbR0YGJg9e3YsFkun077qnp4kE4nE/v37R0dHtZOPiCMjI9oJ37t3b2trq+u6hYWFOm2r8lqjac+2p6envb09Go1alrVgwYIpU6YIIdLpdL7EoPYbY7FYQUHB0NBQb29vMpn0PC+dTmuSl0/pn5iY6O/vHxwc1HoBuj2bplCVlpb66gZ6z35498OaTv1Qi8/t8t/xA+K+nsIHf3rvExCxuLhYx+7f1G7xKQBz586NxWK/+c1v/vu//3vnzp2ZTGbx4sXnnnvunj17fvjD/3Rd97zzzrvwwgv1RROCZxzbtu2WlpavfOUrV1x5+UfPvyAYCCqpgMiyrNWrV3/uc5/72le+0t3VLUEJzhlnrutGIuHGxplXXnXlgqYm07LSdtoKBJUiRKyvr//sDdcXxgp+esdPduzYGQgEfDvk2Wefvf766ydDACc6VGLP063FKy4uPfwAup0P/fJZq6E8NTrUN1ZwclNs4NDA8MB47NQL19eNPHjnizMuXtZ236bgSaUTw4mxYadq1flnVg088IuXG6+6ZGYA3I4H73il/oLG/Zs6+tTjj4XWrT1p4uVHXjhkM3KpaP7qNU3xzN5ND23p9jh4KjZn/bpF5YeDf97Qziceen0QBDlQfur6NXNiNLTz0fu3DpuRgvJKaOttuOqiRmp7buMLhxzBFRQtWHNWU4nxZ0xu9p7nrt9Y8+3z9G+U3Lf9H39lX/qFU06NONv+8MJdrQ4jj8pm3HDVzOnW2+8pi988tHPz3dfq1+ff8MtlTVNu/ptV2b8ZhZf/7SrR8eKzkyGASfzlQeSvT7pkXErP9VyuuM5LZDKOT8iFnASWv8lRv+a9+SZ4s6Uwe/y80yClDmfItQXmuY6UHikJRHl70Vu+eaHdXyCOdbMhJyAUCAT8Nj/BYNC2be14+2ZfMBg8/fTTr7322mXLlmlz0O8mJYRIJpNaPlpnjfSGvtiS3oP2sTEP+arp+URN/Setd+WfcCKReIsQzHsATTQwDKOvry+VSvntuN6nw03ig0J+Kl474WAa5rPPP/+b3/wmmUoFgwFJSpLKu9NKu5mHI1Z5XB9E4Ix5UirXFUIoRVJ6WrCaJNHhQiE6XLGOCugIwlDOFc+qaWrlU+lJYMAYADHO0DBMw7A8CRlHuo4EIESGyKQkIgmEmGOSc84MwThHAmUETDvlep6tZDoSikrpjo+P//73vz/ttNMaGhr8pp65eYDlndWfbr7oC0JgGAJw+OChRP+4bY02rj/XAGYQT/YMyCS1e/Y8YohSyowgNbCnLQEYsIKh+hqS6ZABsq8/JaXs6XcbajlQWLDRvR3Dg4ke8mafeSYwgYoY40gMGCAAy0ktHsctWPKgS5y0B+44zgsvvPC73/2uo6Pjq1/9an19/dDQUCQS0UR6wzCCwWBfX9/mzZt7enqWLVsWCoWISAcrx8bGtm3bJoSYOnXqokWLGhoa/IotyE2ktm1v27Zt9+7dU6dOnTlz5ic+8Yl4PD4xMTE+Pq7bffnlIYyxhoaGmpqaxx9//Nlnn128eLFlWb29vZlMprGxMRaLAYBt2wcOHHjmmWcmJiZ0v8BIJDI4OPjqq69u3bp15syZ4XAYc6KAPoMMPjwhlfHx8fb29qGhocHBwWQyyRgLhUK6yywiFhYWRiKRkpKS6urqE6AjgF7BKSeyoyPsb6oF4K/+zz333E033bRx48ZEIsE5nzd37vJlpw309T351BNdXV0AsGjhwpObmmbNmhUIWLogChFXrlyxasWKf/qnf3pj7/6rr/5UdXUNEbieS0Qfv/zjBZHo7bffPjoylE7bzc3NpiEI6IKLLzrnnHNC4XDGcU0ziMAYEjBCxKnTpv3t395QX193663/7429+yDHH2ltbdVG4AlwaybxlnB7t251532sJt/bRcZU2pm64iOnQ9vGnzzUee4160/Djod/8mJ7alpB9gNeYqLywo+eFszs3/CTbR2nVQaO3C2LzTx1zmsjbO26pnDXQxv7Gi64bF6UZToev/Pp3dPW0UuHStZdeWa1cPubd43ZqtzIDTGVGVcVKy5cNy1MQy/dfd/2gZOWTjzzUnLRZVctiNp7H71zp5oJmY6nnumuv/DKJUUsfeChnz+5e/qlTbHcDnSi608dsZm+N269e/zs608/tYAlW7b++NCUb9w0o5Q52+98+D+fr/7O/8/em8dJVV1rw2vvfYYau7qr53mgabqZGpmahkZUUHCOwRCvc0QTQ2Jihpub+7vJd/3em1xN8mliYrxxiMPFAWfwjaiIIIMgQkNDQzN30930PNbQNZ2z9/7+WFWHYtBolKt4e/1RFNVV5+wz7b3Ws571rAtdCQbDqZu9+97Vze2D+N6K//FN3fWPJJ1KxanBWZHRHrVR+8x2AgKwIHkuhGHEBFMxMMM48M9/fii587CVSU5+TfJuAU72OeRpKX6LkY7OiiW2jKYoyj//88/wK6Zpcm6a3OBnlNU5NwNF6wxgQOJwOKygPRwOW53/0JkzTfPKK69ctmzZnDlzgsEgSfQIcDgc2LMX6aZYICqlxPZ+kUgkJSUFg3+rtPWUyw1nqtKEBPgCAOiYhsNh68uWZ5kIn04YOVPR4yl2yndkogV3LBYTQiDB1RpVcjlA8mg/i52ywVE7e8alYIxAnFFCAFA8nzY2NrZ3HFc0JWbG7DY7MCo5h3gTa0kAKGVSyASpn5yE+UmBopb4BDGmSokqIVioHg/+CQAA5dxghBJCQYoEPhD/mxRECAlAKDCJzUakEBwEAZVqFFTTEJFYLGaYUmBJjuActTMVkCCJ5MJgFDRFV1QiJfYuAUpBZVRKgo3BokZsT8POFc8+c9cPf+D1ehWFxqIRpiqMKpzHhBSaqiUeyNNr7D/iUcJwPGzEJJ1++62kIE9RMyEtxexUTXdaXt2FueedV6IympYGQz5d2CCneOI//4uw6URXoa1ZSL3LKWf8/AfjI9zwpMgRn0G0sEIrb7zWGFsuHLq9uADivV0kAqxKvGBMJMZELD7Fl9/OyEJP7qWyefPmV199dd++fffcc09tbe0zzzwTDAYVRdF13el0apqWlpYWDoePHj0aCAT27NmDBf/YwAUL9bdt27Z79+7m5uaysrKKigpd11EpEABM0xwaGtqxY4fT6fzxj388Y8aMlJSUF1988eWXX0YQAQDcbjdiQ5zzDz74IDU1NRgMhkKhjo6O0tJSQshbb70VjUZnz54dCoWCweCmTZtWrVoVCATS0tI45+Xl5T/60Y+OHTu2du3aqqqq888/H0sVEBqDJOFDK5b7VIwAS2vW+mHypiCJ0m9FvKZpBgKBhoaGrVu3rl+/vqmpCSkPuNYjTwG/jGc4GAyOGTPG7XZ7PJ7S0tL8/Pza2trJkyfjVTAMA1PTVnVDsq4NAFjCwl94HYEltUMIWbVqFSTuNMSbhBB2u91q+ot4wZEjR/bu3WuaZkZGxvTp0wvzc9995+3W1tZAICiEyRh94tFHhvr7ioqKFl97bVZuDkjJVKaq6uQpUx56+OH/8//+nwfu/8P3v//9kpISwU1VYVLKr33tqvnzL4xEIr29vX/6058aGhrq5sy54cab09PTOZdDg77jx4/b7fb09PT09DQhhJCmw+X4+rVfT8/I+MtfHnvjjdXoV/h8PqspvfVq8Re+2FM9ap+TyXDbh23e6TUpp07pirvAqxHgNpcjzZumAgibSxNRbi1Lqqc4w0YAmN2lGlFTngIBnDDuP97p7+1e/UKDBACDCyWsT65073zjtTfHjikbVzG53JW0c6qn2gIb3nr5A6rIoD+caZjB3mE9L9dJgTiKq/Js24EHjvcrBTUpDABs2SUpgeYhbkEAsaMr/7qt6pbrKx1//xbl/raHHxr03njFxZkMgPcd6u9tG/jP3x0GABkVXAubkIAATttsc/vgdZdVr1i924r/R23Uzjk7lXonQXLDME1DcmHxwQghoVAoJyfHClOT31hOFTnZ4OTwMjnyt2J+dBfwv/jGNE3TNI8fP25pKRuGwWMGl6YwjXgmKllj/NxhAZzRTNOMRqPp6ekul0vX9UgkYrWbjsViKEZ9ySWXfP/73581a1Y4HEZiv6qqVmRuJfOtS4A5Jbvdjt8hhKAogAUrwEdE/slmyRrhr9ALxG5YQgiswT6d6PjxKEAy7mClebG3FgBwzjFTNEoB+GoYQTn/eCOA+ONvcKO2tjY/Px/dUIQBMaKM+/QSJxbFoqicutVEn8BE7HHSXYfJf0mASKEqlAARUsg40YASIjmXJAkIitcDEJCCCCkYY4QwAOShACEEqAQiAJi1+3hpAKGUAufcAAEgGGNIURISCADObNFIWAq+u6Gh9dixlJQURVU1XZdSmqZBKFGZwrlpclNRNEpOmYo/+iFCUETRueKAzEytYgyAG8JcMsbtDpmXAyVFql2TNkb8AYhx6vHAmELq0IGb0HJUFbQPTCjIYC4vk9RoGpESIiDEtPOc1ROlMKWmoShDQjiBgAQgggBNnN1zzPs/PVwhCdl8AOjq6gKAioqKgoICn89nmqbL5bKa6qFAekZGxrhx46xidcRYbTabaZqGYWBEOjAw0NjYODIykpGRkZeXl5GREQ6HHQ4H7sswDE3TNE3bs2fPrl272traCCEZGRk5OTlerxfBXL/fj98Mh8O5ubkulwtbFaSlpTmdTmsZzc7OnjBhAub/ce0oKytzu91btmzp7e3FRgZxuXjTRHbYR52HT2IYeCfT+JP/iucEl2nEO9577701a9Zs27atpaXFOskyoU2IATy6FoSQvr4+PNV79+7FaBPRPQAoLi6uqqq6/vrrKyoqxowZ43A4cAy47hiGYY3EWvu+8Hy1xb9ob2/fs2cPji25QwTi+yQhQmHxBfC+6u3tPbBvb8fxDoVSplBGmWmK3t7e5559rrKqsqOj4/Y7bi8rHyOFoEyRguTnFd53329///vfP/HEE7fffntWVhaeHKt3b319PWPsJz/5yezZs1NTUwFg3br3Hnroofr6XZqmzZlT+53vfHv69GmqwighJjfnzq0zDNHa2lZfX48HUl9fX1xcbEE2FjR/SvHgqJ2zFu3c25s2qeAM8Xv8AhOSROw9aVkiVtkdWP/GNbpPXbipe9yliy/ITVrk8q65dUL/8aPNB95dsaPkqm/OTegQCH/T6s2DU5ZcO8FN/I0vPNuBG7X2QU5fguRJ/1WLLlqSYbN9opvT9IW80227323tHVuezQCAZEyf/ZtvZminf/VMm917uPuT7GXURu1La8opzyoBkCBMIyapZpqm5bnjAo9EvmQUABLBv/Xfj4IAxMlmpf3RU7EoAKZpOp3OcDjMuSklCCFN0zS5yYVhRf4WsTiRJzxXzUqqjxs3bvz48Uj8IwmKPqVU07Ta2to77rijpqYmFothYsdKYSWnU9BzQscI0XoAwD7VFuACJ0thWz7lGc+hPFmrCcWosTwBfTUAQKzBKjFIPqi/e+zJAZ7lwA0PD7e2tlrah5/1/I7aF2onWCckrqJPKVWYAvG7y4KZ4nmzuDgljyvtn3GbhJBEShISecWkey+uBhDXDZASI1kEI4AQ7KCB9yeCAvGmmAQIECkAWScoRyho4kmEZPQqMTJKKYDknHNTKApTFCa4RKYASBBSmqbpcDhUVT127NimjZtcKSkul8tht7vdboUxSYALLoVUFTXJd/q7RqQEYIpQ9aCQIirAlFInRKdcp2EqTMzQUynAYGBwSkwwhBYTCqGcU24qAERVQCWgmMCJAqYEESVEgpSqYhCFEcI4CAExBgSAkcTFTDRsTJzgc+PxPGVyS0YhNU0bGRk5duyYpmnz5s2bPn362rVrw+FwdXW1qqqRSMTn82GVVmFhYV1dHQD09fUFg0HUWKGURqPRSCRCCDEMo7+/f926devWrZs4ceL8+fOrqqqi0ajNZsOJV9d1DFzfeeed5557LhgMlpSU5OTkTJgwoby83OPxhEKhgYGBHTt27N27VwhRVlaGxeRerzc1NTUrKwtH7nK5SktLUcgAZWIopRUVFZFI5OjRo7t3766rq8vJycGw00I6PmNrd4y9k6M+9AdQm1BK6fP5Dh48uGvXrg8//HD9+vUdHR0ogmCVs+m6jjVr1pplLfpIXtM0DSls1h6PHTvW0tKyZcuWzMzMxYsXz58/v7y8vLCwEBLrDsLHpyyCn+UwP7tZif0777zTWoVxfcRV2+JQAABeQawBDIVCfr+/sbGRgXQ6ndwwDNOw2XTGhGEYPl9gb+PegYEBRVVu+datY8rHcBHnTrrd7mXLlj399NOrVq365je/mZKSYhhGJBJpbW1dv359MBhctmxZVVUVruD79u37xS9+UV9fLwQwRl99tctm0wsLC/Lycw1ugJSUsUmTJk2cOHHnzp0AEA6Hn3nmmdmzZ+fk5CD0b3EDz2m/a9ROmDF4bNBeeKaY99MaUXQW88cE2MVgR19UVAAAJZILYCkF2cb6QwNGTrZq9u7a1JE3u2xo57HU6dXFkzLyUn3PbOqLiKw4E0DGglHV47VTafYfPDRg2CRzZrii+/oiMssRbt3XEZblSkp+Jt/S6ufZaTTc3RJMLU478eQTzZP+SQ9HL6y8+brMHY++88C6zF9d7Mms8EZfaDsWzajQzCPrdu0tn3J1cUJj4KM3W3f9I3OmFt96zdSqMVn4SX5Oyj94Ekdt1P5n7QwCPNwUZsyUCsrOCysjjWlkK9pPhgCs5S058k9eJHAVPD3+PwUCsJoehcNhIeJ8AcMwuGlwbgourD0AAJUgQJ6jVWpWnIywfXZ29rRp0zZt2hSNRq2FllKamZl5ySWX1NTU4K9QRApz76gjiF9GRxMdI5HQsoZE4wBLIOoUXeK/G6vj+cctpKWl1dTUBIPBgYEBdPssaOBjju70z+Hk4N/6BA8kGAxu3br1qquuSkkZnUO/CialpPGomhAgUoiBgf5XXn6lq7NbU3XTMAilUkhKmaIwShkhxJAcdargTCwVSkFRGHYPNDkXgotkJYET8T/unVNKFUVhjBICyBemjEohhRDoRgNIQgiRFEASAQDS5CYQoJQxhaAYiZX/lFLKEykJIrjkwlQopZQRoKYwBBcABAiVEoQU0agpQXZ2dT7z7DMNe3a7XK4JE8YvuPji/Lw8m91OgFBGuOCIoX7S7DohkjIjxa5PGkcyvFy3CwIKBWrTHPnZqscOigBFAgFp080xhaqMCUZiADoFSPPQinKFhEFXQWEAxNTVWH62kCboerxWwuL6Jys5JJ9Z+UlH+qU1a4Ly+/1+v9/lcnm93oGBgWg0WlxcXFRUhOtOVlaWEMLtdjudzurqakrp4OAgQgN+vz8SifT393d3d/f09HDOY7FYd3e3w+HASZhSiqldlHHVNG379u3Dw8OHDh3yeDwlJSVTp07NysrKzMy0CgfwfWZmZldX13nnned2uyORCKU0KyvL7/cPDg6GQiHTNPGNrusYAXo8HsaYw+EoLi5ubW0dGhryer24NCDoQBOCMv/YuZKJqnWLt4XBdjQaVVV1z549TU1NTU1N77777uHDh/1+P0b+uq57vd6ysrKysrL8/HyPx+PxePBIsewrHA5jshplERRF2bFjBwAMDw9jPBwIBILB4PDwcCAQeOCBB1atWlVXV3fVVVeNHTu2qKgI1zjkOODZtsb2ud0ln97C4fC2bdseeuih999/H4Fym83mdDqLioo6Ozt7e3tx0UyWDMBWu9gtIi01dc6smrLS0iOHj+zes7unt4cCKIxRjYUjkc7OzhdffJFQctvSpcUlxYhFUkozMjKuuuqqF198cfXq1SUlJe3t7YFAoK+vz26333nnnZmZmXgPqKq6adMmjO0Zo8jp27FjR29vb0FhvmlIm90Wi8XcbldBQQEkUhEbNmx44IEHvvvd7+bn56Ov8vGZg1E7x4wHh6N6mf45eNFKZvUE/Y3VKztSXW5XmoNKSV0FuWLl/30VLvvaBQvK33hnxXKFmtIzecEE3UH1jjXL94LGpLBXXljmtAbA0qqmpq96/YUXPe6M8VPPS1u7YV3XFXXVTatfeqYhJTUnJ8sRJqAXXnhB/hurnz+oUE7SaxdUeT7+AITv2K/v6cHKKFvJ1F+ef+JPhLkuunHazt9ufqFi4Q3jpv1gyvsP/uYNjXGeOfaHcz5OY7Cs0Lv3cA8AvP7wjY2Heh594cPtezsAID8n5WdL51pfM3oO/vq/mtpC4f5g20//n6bsGXX/cfUnhihGbdTOsp0OARBKQAgORlykzYIADMPAteSUKgC0ZEaAtS1cla1SPSvSSy4BSKYAYE4A9e0SGgGmaZqCcyE4o4RS9JXjW6eSMHauygijR4WJC6fTOXHixJKSkl27duEJxOV24sSJ559/PhYIoD6f1SkQl3DcQiQS0TQN32BTn1gsFo1Gw+FwWlqapmnIDviohNhHDY8kekoBQFFR1Z/x8QAAIABJREFU0W233Zafn//666+3tbUBADJgscTgE25WJkTRLRfcQpQsN66+vt7n841CAF8RkxIolVKAlJJANBp99913X37ppWgk6nY5Q6ERIUwphKZriqqg1g6nUohTe2glGaGUAJGUEoVQzkkSBHB6OX28XZ+qqoQCsowIJUSRUlIpqRDxuUiYHJUGuJDcEJxzTdMpZcld1vGJwCYCBCgIIaUghCqKqjBVCCk41g4wQggIkCAJjfdya2lpbmtvw6hy586ds2bNGj9+/JgxY7wZ6ZSiPsEnT6oTolBt/Nip375FKcgekUIhlFFIycmqmj/PnpUhbYoJQgUGmp5+1WU2yaWiS1BAUaG0tOqOpcWKAJsbiAIKZfl5BYu/ljEwoGZlUiCUSzw4CqAmQn1M+ZOTEYFz3TAS6+vr6+rqysjISElJaWpqUlW1srKyoqKCMaZpGl50RLczMjJqa2sNw8AAtb+/3+/3t7W1NTU1vfHGG8PDw0KI1tbWoqKitLQ0r9crpdQ0jRCSmpo6e/bs+vr6VatWMcZCodDMmTPnzp07Y8YM1AVct25dSUlJdnb2uHHjhoaGenp6+vv78/Ly7HZ7c3OzoihFRUWbN2/evHkzVgqoqupyuVB3sLa2tqamBrHdOXPm7N+/f/fu3bm5udgU5ozU/U9ridv+RO4aAIQQkUjktddee/LJJ/fs2RMIBLBeDABcLld1dXVdXV1FRcW4cePGjh2bnp5urSb4xlIrJAmpGkLIoUOHOOdDQ0PBYNDn86HCQkNDQzAYFEIcOHCgubl548aN55133pIlS84777y8vDyLDvAlyQT4/f7Vq1fv2rXL7XZXVFRkZmYWFRXV1NQEAoG//vWvvb29AGDR8dC6urpyc3PT09NLSkquvOKKKy5dVFRUfKyl5eWXXnjq6aeHBwdNw6CMUUJMwxwcGFq9+s3ikpJLL700J7cAIXhVVUtKSsrLy9euXev3+1NTUx0OR11dXW1tLVZa4e5isVgoFEokHii6BNFoFB0wQokUgjHF6VS9Xi9JlBP6fL4nn3yyv7//xhtvnDJlSmpqajKRcNTOebNVLL6z4vSPlbxFtyzBd7nzbrkBAABo5tzbrgMAuPK2QgCoin8B1NwFdywBAHDPWLx0RnwD8wEAoOjCW34Q/2DOkuI5STvInHbZDdPOOCKWNuXyW6ck/jf5jtkgwx184pXXjc2xyeHdLzWnuFWgaun53yz9ZIfI0isf/HPlyZ+VPlkFAKVP4scpRT/7VREe7bSvLZj2tU+02T/862XW+0kV2ZMqss/4NTV73D33jPtkIx21Ufuftnj8HPf0iARM16EoAOfWwo/EP2u1vvjiiz0ez+uvvw4nawFa7gIkxf8AYG3Kiv+TWQBWCYBVvhgKhRI/iQ+DEAIW4mBVHIFk7JxZik4Hzq28iqqqEyZMmD9//oEDB6LRKCpO2e32KVOmFBcXIxkVzyo6puhLIR81GAza7XbMOUSj0T179hw6dAjZqk6ns66uDuWmMB16enL1jGu5lfy3khWaps2cObOkpKS4uPi5555rbGy0Lp+1BWuzHw8uYMxvJW1oQpgd2Q0dHR09PT25ublfOKtz1D43kxJL7sPh8KZNm1pb2x2O+P0ci8Xi9wAXKAOATz0hJz0sSeIfwjQNCVJVFUqZoihSmiABgQCSdF8DEAnEghoJAS4E5yYyAjAPxphCKReCcCmASCmpkBIBAcINlVLGMOa3Ht5E/A9xIU9V0TVNIYQahsFN5EsDJIrmTdNQFMUwTJMLIcFu17u7u1euXLl+/fqioqJ58+ZddNFFEyZORMCLkFOemjPPbFQCGIKkpmanVUudUmygCER1paSmuCQFgxFDSAaM6g69fKxOKCeKJoFKAvYU76SpXgpgSqlRTkF4PJ7pM1KNGHE4JOVxZUWUd8EDlthcQSQl/z8xYeFLYKcwkizuVTQapZQODw8Hg0Fd13fv3u12u6dPn24YRl9fX05OjiV+RhMt63HWcrvdaWlpGH9OmTJl/Pjxw8PDTU1NQ0NDqqpedtll8+fPHzNmTDQaRao2zu0VFRWrV68OhUKzZs26+uqrp0+fjlnxjo6Od999d2hoaPLkyePHj09NTbXZbHl5eTabjXNeVlbGGGtubn7jjTfee+89HAbWXuGq0dvbO2XKFK/XOzIykpKSkpGRcejQoaqqqurqakiq2U5+lD5t8CaTKsIs0ZYjR448+uijr776amdnpxXY22y26urqyy67bO7cuVVVVR6PJ3lpsJYtq9ONTMgK4jUaO3as5UsAwLx581pbW/fu3bt58+b33nsPC8Sam5uPHTvW1NQ0ceLEm2++ecGCBZCUePjC41K32/2tb32rtrZ2eHi4oKAgJycnPT09Ozt706ZNTz/9NMCJiidr3QyHw93d3ddee+3SpUsnjB/vstskQGVV1ZLrrjt0+NCat94WnIOQUnBJCOdmf1/fpo0bvV7vlVfl4d0VjUYVRZk2bVp9fb1pmgsWLEhNTdV13eJHWJmburq67Oys7u4u3DmltKSkxOPxABBd07ngQghKVGwwjIPEq79q1aojR45cffXVl1566ZgxY5De8oWf7VH7X2JE0UKH33hpG1HAVPPnLcr5glU/R23UvjKmxKdxmSh4AcIoQ58B62zR/TYSRim94oorLr30UgDIy8t76qmnRkZGLCcjGeGGpIVfJEkAWlhAslmFAJjoRggAEnXshFKQklFGKWWoaQwghQSQ8twPFDFKycvLW7Ro0bp161AfGAAKCgomT56MXXmtfDsqAnDOo9EotlZCjh9S6NevX4+8VqwyLSoqysrKsuokk33BT0IBwCuC6304HFZVNT8/f/HixXl5eY888sjGjRsJISg3YP3KuvQftVmr7B/idd0MeaGEEEseaWBg4OOHN2rnhsnk/LwklHLOR0ZGGKOMsUgkzLkAIKqqQJwlBDJOWv7Ixg1CiJjA2lrCmIIVqoganPxFgrebaXLTjMWbCUiQUqoaA8BO7AS5Nqqq6CqVQqDEoBCCCwGEEXr6MAhIIAQrCaSqMl3XFUZN08AiJuureBSMKoZhYqULY4xSAsAQnvP7/UeOHNm8efO3v/Odyy691O5wnkwE+Gj3WgAABQpCSgqKjdCYMIEooKiQUD2kDLgJRFGEpFyAIghDdQWFgkGAgQRpCuAKEaomFVWzOyThQEQMTEYUZCXEwWBIaDrGORYEGzd+4pvgizdyWl0STqeGYTQ2NkYiEV3XTdOcN29eIBCglLrd7ra2tuHhYSzFxyQ2tmK18uqIqzocDo/HEw6H9+3b98EHH5imuXjx4okTJzqdTqSzYXhWVFS0ZMkSjOq//vWvT5s2LSUlBXtGeL1eIcQLL7ywcePGMWPGoDA+kuP6+/t37drV2dn59ttvb926tbi4eN68eagp2NnZ2d7evn///lWrVl111VWXXHIJTsVTpkxZuXLlihUrsrKysrOzMUOejMt/1An5GJOJLgD4E9M0fT7fo48++tRTT0UiEcQFCgsLv/GNb1x++eWZmZkoZEiTtPEtKQErVsf/4l9x9U8W88cdZWZmZmRkTJky5ZJLLuns7Fy3bt0jjzyChPm9e/ceOHBg27Ztzz//fHV1NQoWfhnM5XJNnDhx3LhxiB/hikYpxRoT60xa3Dp8NQxj27Ztt99+u8PhoAQ454Lz8vKxdXPnrl/3nhGLgZSaogoCQgq/z79r506v11tdPXVMeblMyAqWlZVddtlla9eujcVidrsdEleZEILKEYyxSZMm/ehHdy9fvnz//v0ul3Ps2Iobbri+sLCQUewcSRWm4BwICfxIShkIBL797W+vXLnywQcf3Lx58x133DFv3jyHw/HFnupR+19kamYyMWDURu0rbwaPGjzKpcGIqjJdZfrf/80/ZAoAQMLXi4t/IhIPJJGtj69VViTf19cXi8WwGfL3vve9J554orOz03IRkld9a7U7BQhIrgWwGAHWKxYdJNAEgRuUQCiK0CT6fgMBAgTYOeOMnk4BsF4xxTRmzJjrrrvuF7/4BQDgfwsKCtCBQwoffrm/v//gwYPd3d01NTUej8flckUikUAg0NbWhoWjqqpec801mZmZWB0QCATQJxAJOSJc2rGW0vJrEXOxVH/QfbQ8M5QbUBTF4XBcdNFFWNX57rvv4sXF9BRP9BC2HGWRECawwn6UsLIABSxkJYSEw+GOjg7sgJ2Tk4M7xVsFlbe/8IZPo/apDdXITJNSKjgHgLa2tsOHDzscdgSDTDOiKAwLVVRVZUwJhUKmwRVFBUtL/NRtAgEqpYhGo5wLXdcRGsNpQAhBJFBCpRScc+wtQIDGdQIJIQR5SZQLAURQIihFEI0xhVFGQUoFNI1S1CLlHNn9kMhhAqEYBxNKKQECUkoJUhLOhUCUgQtqAQcUD4BoqqrrOqNUSmlQahpGLBrlhnGgqamhvn5uXZ3d6SQQlzeTkmCJQfyATz0DAhRicEkUFYAyAI0wKQUQCoRhBwNKgJG4pj8HE6gEkzPCGGPxSJ4SQYUAAQQIoVIClQyEoTCFCkk5ACOSynirQini0yziCHE2xDkD0p0e/VoJbayux7kuPz+/oaGBUoqzJdbbo/wN6rBasxneDAhfomJLdna2zWYDAJT3R6GWSCSCGBOl1Ov15ubmSimLiopcLhcOAFEASmlXV5eUMhgM4kas+DAYDA4ODjY1Nfl8PlVVi4uLVVXFwSD3PhwOY88X/ElKSkokEmlra8OdkqQ6eUgSXvkHzh5JqgUwDOP48eOIZGVnZ992222LFi2aMmWKy+U6ZY2zygPh5OXv9M9Px/tw/IqiFBQUFBYWTpo06cILL3z66afXr1/f3NzMOW9vb7/yyisvuOCCe++9F2sfcInEh4gnacqij4FbO0Uc8ZQ18TNmtq3V/JTVyufzhUIhSOApFm/CytIfOnTo5ptvXrp06Q3fXFJYWARSUkZKiotVVQOIf58LAZQKYXZ3dXd0djY0NFSMGzcyMqLrOp7JWbNmbdy4ccuWLfn5+ZgYsPIolNJIJOJwOO688845c+Zs2bLF4/FMmDChsrKyv79///794XDYbrcXF5e63W5s0AsJIUnTNCdPnrxw4cLHHnts06ZNx44d+853vvP1r389MzMz+Y5KPq7Pcg5HbdRGbdT+N5vBo2EziB6WKQ1TGgBwllAABeNoa9ZOaP0RhADiPbeT0vsAsG7dusbGxh/+8IdZWVmpqal33XXXihUrtm7dCqfVuZ0x/rdek6kBliX/EKzFG4DQE9ID8bFLkESyL0cR4D9slFJ0NKWUHo/n4osvfvLJJ5uamiilQ0NDiIYgqQ8D8s7OzocffrihoWHmzJkzZsxgjAWDQUppe3t7f39/V1dXTk7O+PHj0W1VVXVkZMRut2P5AIpLIX6PpQFIN7Dk/TD7BInlHJIIHeghxWIxm80WiUTmz59vGEZra+vBgwfxImIURxJ1nrgFjO7wwuF7TdOQs7BkyZJvfetb+fn5CAr09va+/PLLL7300pQpU7AWF7tbQYIsgGP+8iR8Ru3vGzrWAIKbhNJQKLRmzRpsh4YwE0mqCramBbBS9mfepPV3ieEZY4xRpto07NAmBZfxYhM1ZpoAFAiBOJkfY3JFAieESSklECEIgIxEDKYYlCgyXpzC8Ma3REkTzm6cv0IpoZSAhGjE4CKEST/GFEIIiPh8R4hkiqIrOmNMYYwkIC2sQucmj5EYpfTDDz98ccWKqdOn19TMQjJWgiR8Ztk9QQSAJJoigHDDVChRKABQkCA5CAJEBSqBRAB0IAowShlIyoCAEJJQRkEAUCmFqTJGpKQiUePAVAWZ/xwkF6BIwigQYjIigJnCUCRTEQI5x83qeIr1UwUFBWPGjNF1PSUlRUq5cuXKhoaGffv22e32zMzMkpKSCy+8cPLkyTiDIfwthIhGow6HQ9f1nJwcKeWRI0c6Ojqs5qkJzIhgnF9cXLxgwQIhRH5+PoIO+AikpKTMnDmzsbFxYGDgscceO378OG6tr69vz549mzdv7uvrGxgYmDRp0k033TR+/PhYLOZ0OsePHz9r1qwJEyb85S9/2bp169y5c5E6l5qampOTs3379iNHjqSnpzOGlTKfCazBoUJCB15RlPT09IULF9bX19vt9n//939fvHixBamc0T4+Jvyov57wSQgBAEVRZsyYMXPmzIMHDz744IMvvPAC6gW++OKLBw8evPfee+fPn4+DxDXC4rHjFnApwdYDkGgmgkAJfDQM8bkYQuT85O65Fg5lNThsbm6+59///aXnn1v23WVfu/pqjzdN03VKiaoqGJMzSoEQSSASDh9vbT148EAoFHI6nZaIst1uX7hw4fPPP496uqgQZB2pzWbDW3fWrFmoHzE4ONjY2Lh58+aGhoZwOJya6i0uLp42bdrw8LAFKuGl/+Mf/1hfX19dXf3YY4898cQT//Ef/3Ho0KHvfe97paWl6BLEYjEE60fj/1EbtVEbtc9iBo+elGGRYPDoWYMAEm02sccn8mORh2tByJBIguEbTdMGBgb+9V//9fbbb6+pqaGUXn/99YWFhc8//3xybG8F85CkBXB6/G+9Ju8o+b+cc1ycSVKfcSAS39FzJhd1BktOrUgpdV3Py8srKipqamrCvDcC/BiBHDx4cOfOnTt37nQ6nf/2b/9WUlJy4MCBI0eOHDp0yO/3Nzc35+fn/+QnPykpKZFS9vT0rF27Fl0fIURGRkZhYWF6ejqG/YikJOIWxpPaCmJeAqMU6yJaHhImE1CY8OKLLz506NDjjz/e3NxsDfIUd9PycgAASQeoP/SLX/wC0wgjIyN+v59SmpKSsnTp0rlz5y5fvnzDhg1z584FAOwphQk3+PT5q1H7go0QHo1Rxiihkpv7du95643V/qFhm80WiRmxaIQxilF5vMgl0S0cZLwb6SkOpYhn1gmlFOIdAaWmqIwxYIRIoRAQlEgpBOdAsA85S05VJSBNJDoBSJCSCAlcxDiXhGC0TwlJ3PwAhFBCaJwTL+NpcSJBcGFKjrBkomicoA6ghPhtjyUPjDHBOcqpSCmjUVNRiM2m23RdCvn+pvcbdjVMrJ58329/M2nSZEopF1xRVEIweStPYd0TAlyaQhIgiqoqVEowoiAAqAoKhXjuH4gGEiBqgqpQGjPANEFXw0zEAJjkTqLaiAomAQEgARhEFEmBMsNkVAFFEqCEgCnApMAJjQlhpyoBkCKZNXauGrLQ8VZwOp15eXkTJ05EhDQajdbX1+/evXvfvn1ut5sQMmnSpKqqqpKSkrS0NJRZ5ZwjwAoApmni506nEzdrxXt46TFCc7lc48ePl1LabDa/36/rusPhQMXWsWPHejwen8/X2NiYlpY2btw40zSPHj364YcfHjhwIBAIuN3uSZMmTZo0yW63+3w+RVHKyspCoZDH49m4cWNbW5vf73c6nVgj4Ha7u7u7W1tb58yZwxN96T6jJXCxeAG/qqq33nrrkiVLNE1DfZnkZeJzNwyhLRGcioqK//qv/yorK3vooYc6OjpUVW1sbPzlL38phFiwYIEV8+NvLaEBdGbwkskEPR6/Y1WlnaXxG4aBjInkD3F3eGg4SF3Xc7Kzc3JyZs6q8WZkGJFww476UCgUjkQ0ppiCM8Y4NwkAF9Da1r5x48YZM2sWLVqEQAbez+PGjQuFQoZhYN3Bxo0bX3vttYMHD02YMP6aa66ZOXMmF4ZhQiQS6e3tPX78+PLlz254b0Nf34DT6YzFTLfbtWXLFgvER2KFaZotLS3/+Z//+YMf/ODuu+8eO3bs7373u8cff3zbtm0///nPEdhCHP+Ukz9qozZqozZqn9a4NP7uJ5+XKXAyBE4AKGWUUqDxQgAr53ZSmk5KSumf/vQnbPwjpZw9e/bx48ffeeed5PjfQgGSI3+RkANI/iacjDUksQCkEALZvxCPDU6ycz0oJAn9f3REfD6fw+HAYv5p06YVFBQwxnp7e998880dO3ZMmTLl+9//fl5enqqqO3bsqK+vx9W3vLz8yiuvHDNmzMjIyN69e1988cWNGze2t7ejG5qSkpKXl7dw4cKrrroqLy8P1aQtzh4G/zzRRNqCJPBP9OR2j4wxy/EFgKVLl/b39z/11FO9vb1YWysTRZ4yUVyArAFd1628xz/90z8tW7YMAJ5++umWlpaMjAwMjZxOZ25u7tVXX71nz57Jkyenp6cnszQxAfWFXadR+/QmuUAsiTIaDoe3b9+OtSrxGYBLQqSmqVaFMOccJCBx4PSIIiE1ifMRUpeoEBJvHkopY1SL5/qi0WiUm1xRNAnxMqLEtmg85D3BCcfOhUpyy7v4XJRo/meNAcFRRinS4YmQQMBiXIt4jwCCevKWTkEsFjMNQ5hcSAFAbDZVCmmanCtCYcxm02OxWMOuXY2NjTNnzBQYbhHKBQcASk4N4TjhJhEEiBAABFQwCDWAUQ4kZoJkiiREAncwJkGqlBIBhGILQAAwKYBNUUBK0+QMFJQgRFkVTrjCpAQOIMDkhDCqMCAghbQTSoUESYSEc199JY4s45Jk9avz+XypqakbN2584oknvF7vBRdc4HA4Ghoa3n777f379//whz+cOXNmQ0ODz+c7//zzx48fjwl2zKwi08qaUTEcwow08rF5oocrogD4FKiq6vV6Fy5cGAwGW1tbn3rqqeXLl2NYiH9FMZdrrrnm/PPPdzgc9957b29vb3V19bJly/Ly8goKCm644YaHH3741VdfnT17dmpqKqV0xowZr7/++v79+3EAnx0FwHkbN2KF+pRSi/Zv0XnOUrt4pFFg2aDFC/vZz342bdq0n/70p/v27RNC1NfX33fffSkpKdhAF9EKmtCytRYRkRCdTT4zJKlc4myM3zCMkZERnKasD63TaHk706dPf+21V7MzMoQQkUikYefOt99+W5iGpiiUUMK5xGeWUV1l4dCIYZhHjx7FhVgmhCczMjI8Hk9HR8eECRPeeeedn/70n/fv3w9Atm7dun379t/97nc1s2aEw2GfzxcMBt98862//d+/DQ0NFRQULVu27Lzzpo2MBIeGBn//+9/jOcE6TZvNNjIy8vjjjzudzmuvvfaKK64oKSl5/PHH33rrrR//+Md33nnntddei/K9o1UAozZqozZqn9EYUc2TY35GzlYdtEKwIxUkiACE0ETb7QRFPy4ChKR0SPgBLpfrrrvuKi4uxq8tX7787bfftmomk4P/U3j+yTUFp7yeAhxAgrCH1f9WFgLisMQJYu65btbxOhyOkpKSyZMnl5eXZ2Zmejyew4cPr1q1anh4+Iorrqirq3O5XKgF6PV6Fy9enJGRMTQ0BADYwvro0aOPPPIISk+jrxkOh0OhUE9Pz7Fjxw4ePHjRRRdNnTo1NTUVPQbcO5Lz7Xa7tYpbPp+V/MFvWgKB+LmiKLfccktPT8+rr74aDofFaXWnNNEDGXdHCMnLy/va176madrKlSvD4fBVV11VWFiIhz80NPTBBx90dXWlpKQgkdXiKZxVouaonSUzDUPVNEqI4GZff//u3buxbjkcDgOAqiqEAmJDKDUqTQ4ARGGJgvMTJhL/I4QQIFIAIZTFHWguhaAAisJQyERhRCgKoVwKUxImgUgJILHeiQCgox+/vWU8069KEIk/SZTCY5SQE0Jo1jwjBWqbKZRKElcBJERRqJSSMQVVBiklqG0SDzWFIBIApbYkwVFHZEQI4XQ6VUrD0UhDQ8NIaAQ1PqUUIAUAOaUUQAKYUpgATAIFkAS4MJVYCFSVUFAURRAzBgYAN4FJg6vMRiUFDsAlmNKuQoyEVaIRk0vVJg1OJJEKECIVYZoiIhRGuKQEVxxJBbfFAAgDCpxLqjCg8vSrc84ZrlmmaaKoqt1uVxQlFosFg0HG2KxZsyoqKi655BKbzTZjxowVK1Y0NjZu2LBheHh49erVBQUFdXV1NMl6enpaW1v7+vowD4/zFY/HbKZFBICExBqquENidrXb7bW1tRUVFQCwZ8+eYDCoqqqmaSkpKePHj8/MzJwzZ052dnZbW1tra6vP5ystLcWbyjTNadOmaZq2b9++3Nxc7AKQl5eXlZWFQn2f1+JoocPJywFPdEzAUrXPhW5wRrNKDBACTpTJwLx58+6///5f/epXW7dulVLu2LHj6aefzs3NLSkpwUfS8j1wEbFAAdxg8kFZHsjZWGKwZsRCIiCJ/ScTRXYobTAwMEg4HwmH9zXufW75f+/ZsycSjqiKgmggSUCSCmMx0+jq6sL+QagfYZ0lp9MZCARCodBzzz134MBBVVWklNFoZNu2batWrTpvarWu64TAli3vr1ixQlXV2trZt9xy6/XXX28YPBIJP/30UyiEKRNCkihp2dHR8dvf/nb37t0LFy602Ww/+tGPzjvvvMcee+yhhx4aHBy86aabxowZY0Fgn/s5HLVRG7VR+19iKtNNaZzIb5OzJQQAyYUAllHCCFD0Uy03IhaLoVw/flJaWvrtb387LS0NJb7vv//+pqYmlG3DRdfS/DvdEUkO++Hk+B/OwAIQQgjAxYhabPC4QBdm8M7SqfmfseTxYzm9x+MpLi6uqqpCYZ4tW7Zs3779rrvuqqmpicVihw8f3rt3b0tLS3t7++LFi7HNeEtLy80339ze3v7UU0+tW7cO1QEIIXg5AEAIMTg4+Oabb+7atauioiIrKwtTlJgVyczMHDduXGVlZW5urtPpxFhdJlVkWBG4pbRkFQuUl5ffdNNNzc3NmzdvtnxfEhd7izu+drs9HA6bpqnr+oIFCyZOnPjhhx/u2rXruuuuq66uTs4vVVRU3HPPPTabra+vLxQKoS5X8hfOnqM5ap+7KYrCTRMIicWM+vr6PXv2IJIYixmqqqiaiix6rOG3uCdSSkKolYo/zSgACMmJBJooS0cQAUAKbgIAY1TXFSZoLGaIBLQIAKiUByc9dOTEZiXA2S49AAAgAElEQVRIKbD5iJQCC/7hRKhw4hdSCtPkCUkzQghNiL4Ri3hsmgbnAkFUiBcvnBBJVRgTRFDKTJObhkkZBYCdO3cePHhw8uTJlBAuTEaV04X3CYAGVAEQXCKOQf3B9jXrFEFNVQ8TyCrJ95Tl+ZqPdO095tJcI5oS07T04uIUZuttOhg1RqidRhRaWjGW5OT3H25TNJu3vIBIo+vN9yL9vWP/6bJQe2f79qb08WMyplQGDh7v232Y2R3F589hKXYJ3BSSUoXBuc0EwNypFecAAKUU+8+npKSUl5cj+V/XdZfLtXXr1i1bthw4cIBS2tjYiDcbhjqoqDI8PNzf34+qqzivnkRsSezOWgeTg0/cdVFRUXp6ekdHRzgcHhgY0HXd7Xbn5ORUVVVlZGQUFBRg+UA4HA4Gg7gWYw15Wlqa3W5vb2/v6+tDUACryYLBIO76s7dWxcncGr9VL0YSBHtUihWJcq3P3ZIxZZJUjyCEmDdvHiHkN7/5zXvvvRcOh1evXl1ZWbl06VLsqmDB2ZhXF0Ls3bsXE/JjxoxBzTysNUu+E86GJQsBWAMjJ9fb9/f3P/jggwykb3i4sbGxtaUFhMA6CwvRYJQBAc45F1II4fP5DMOw2+3JXA/OObbU8fn8OCOZZlyOt6WlxTRNVVHD4fC2bR9GIuEbrr/xW9+6raKisr39+MqVr5tmbOPGDVjrZ03IkLiNh4eHn3/++TfffHPatGl/+MMfbr311uLi4gceeGDFihWGYdx4442VlZWjTL1PaN5U5xc9hFEbtVH7MhoG/P+DHQES6s6Wu8ylpASs1D0kNQUUQsydO/eb3/wmFoT39PT8+te/7unpQV265Oj9Y+xj4n9IpGiSEQFJpIR41G854wSIBCnPHRZAsitjGUmqn1dV1e/3YyGf3+9PTU01DCM9Pf0b3/hGbW3t4ODgmjVr1q9fv2XLlkgksmjRouzs7JGRkXXr1s2dO3doaOhPf/rT3/72N2xzjecQ13L0b0zTHBkZaWlpaWlpgcSJxcBF07Ts7OyKioqampra2lqsTbWU/GWiqBX9Wtwavuq6HgqFZsyYMXfu3G3btiUnOqSUWOBtiQ56PJ4LLrjg6quvbmlpeeWVV2bPnj1hwgQLSkD3MTc398ILL9y0adPw8PDIyAhqa1utlT6v0tZR+x8ySkCAaRg9vT3vrFnT3t6OyKCqKpjMtzSr4xqkChVCmCgDIIWM5/xBWj1LIdEPRIDEW1gKClJVldSUFIWxWDQSjUVRq49IUFWFA0gheKKeiRCEJCWV2NweBQGAQrzVKEnshBKwxFAJSILzDxBKCGNUCkEZtSTH4yr5iQ4IMcPgwhRcImBAgODvCQFKiU3XCKEoLMcYNUxTJaqua4cPH37nnXeKi4u9aV6TcyFlvPnAKSdVECokAJEYWgwGjj31So7idFRVSo1JwUha+vCbmzufe6NyQjWpKgaPQzidsaGRjmdfcDiYe2wRtyukqFAM+Tq3bWOpqRllWWBEu/+6Iny0Zez8ObEdjS2//yu97oqMsYWBHTtbnv+b5vUWT5oADiIVJgkDKs/1Aiyc3PA93nt2u31gYCArK6u6urq0tDQvL08Icfz48bS0tIqKCiFER0fHyMgI5zw7Oxtb+uFcFAgENm3atG/fvo6OjtraWqv3iiX4h4gALpe4a8yc4xuS0Hl1Op1Y+RUOh3FILpcrIyPDZrNpmtbf379z587jx49jFTeyaVRVtdlsHo+nsbGxs7MTCfO6ro8dO7a+vn5gYCAnJ8ca5z9sMkkgRiRJY1o8dnwEzlIVACRY/dZgrA9x1aitrf3Od77T2tp69OjR7u7u5cuX19bWYjmAlDIQCNTX1zc1NbW3t2NvhUAgIKUsKSkpLS0tKipCwl1hYSEe4NkYvwX04JhP+Ssupuhl1W/fkeFNGxoabGttE5wrjBISF+5FIIAyCgSEEASAc6Onp6e/vz8lJcXCaKSU2IqCUpqXlyulNAxTUZhpck3TCgsLdV2XIFVVi0QibnfK7NmzKysru7p6Hnzwjy+seDFmRCLhEXdKSqo3bXjIxxgDLhx2O6WUS56ZmZWTmz127Nhrv3FtXn6e0+G47LJFTqfj/vv/v5dffikYDKJSwCgL4JPY4PDIFz2EURu1UfsH7WxDeGc17E+2eFNAmWDXY8NrIokEmQjFhZQQSxjnHCXlDcPYt2/fPffcg5nh5Hn/o9aAZGjgY7gAp7AA4mXqkkKi9beMv55jnuhHnRZc/nGld7vdlZWVa9eulVIWFBQoijJ79mw8CStXrnz44Ye7u7tHRkZcLldFRUV2dnYgEFBVdfLkyegRlpWVhcPhkZERQojL5YpGo+gvWj6ExQtApwGr9yORiN/v7+zs3Llz58svv7xw4cKbbrqpqKgIRZgwmW85stZvIcFrZYxVV1drmoY7ggSugZ4NMgnT0tIuv/zyO++80+Px/PnPf66qqrryyisJIZhtQPIznoFx48a9/fbbra2tLS0t2dnZVn6JJ5o8jXoYX1rD3DhjFGtWAYAqTJpmZ1fnvv0HQpEI56YESRlhlFF2omE4owyk5EIKVOfDcF0CgGRMMURMcK4qcZV+hTGmaOFwhAvhSXFh/p8xGjNiBjdTPB6Hwx6NRtPT0zMzswzDGBoe6u3ti0QiBEg0ZhAhY6ZJId40W0rJheAmt9lskbBBCFFVjXNJCHBh2jQVcUZCSMwwFUZ1XSVSCiE5NykBQqhhxEwuQYKiKtizxIyZQnIUCmRMITitSkEJUAa6TTMMQ9OVqBGhVJEgDWEoRDENc/nTy/Ny875+zddtdgdIQii1IAARr0SQkhCgKmIWjEgZiToD4ZxxRe5FFwivl7hSQFOZAdHggHdymfeyhdLpkE53dPMHSsSXP2eWZ0Ed110sNduICAUoSA4cwKD2aAjCIxAlNGQ6gsNaKAoxVRuJucIjLKJDOASQTqgGhAmg9NxpCng6Ho2xK2byMTDzeDyapgWDwZycnAkTJgghbDbbjh07NmzYMG/evKlTp86fPx97lCDc6fV68ebp6elZs2bNf//3f/f09GRnZ5eWltrtdivNCwAIckWj0YMHD3Z2dmqaNnbsWJvN5vP5iouLk0vWsWtAcXFxJBJBpNVicu3Zs+e999575ZVXent7DcPo6Ojo6uoqKSlByYnMzMy+vr7u7u5wOIwHUlZW9vrrr3d0dGB1mMXYh3+0L6A15Vozv9VowKomO9vTcvLILdwEADRNu+CCC2677bbf/va3Pp+vqanpkUcemTp1KgAMDQ3dd999GzZs6O7uDgQCVvEFNuEjhKSmpmZmZpaXly9YsAA77FjIuEhSEIDEGp288H0qxvvp30xCD8ECViZNmvjPP/nx7t0Nv7vvNy3NzSCl4JwRyrmw6TrnXEpgjHEuEH+nFAwzRogUkuP6aBimYcYcTrvNpi9cdMm69euOHGk2Ta4obNasmksvvRSriyhhaanempmzJk2aDADPPrv82WeXG4ZpxiIKCFNEbQ63m3iNUFSnUJZXsvCyRYWlhcVlxRlZGZlZGR5vmqIqQKTgvG7ubFX7l4ceeuhvf3vd5XL86Ec/ysnJFYIzpiQzuUZX7VEbtVEbtS+bKUImAmkJEjDJLggF7EbLuTBNLqVEdmIwGJRS/vGPf+zp6XG73Y8++qjb7U4u0YeT09qn20ehAMlYgEWXhaSOvoQQq5iXnODlfhXWFVwdNU1DoekJEyZwzltaWtBJTUlJYYw9/vjj9913n8/nw5VeUZSdO3c2NTW53e7MzEyv1+vxeH7+858PDAz09fX19PSYpllYWBgOhz/44INNmzYdPnx4ZGQEm1rhFiw9JHwDACMjI6FQKBQKPfroo+3t7XfffXdZWVksFsPdYYRvlR1aoTh2NCwpKSkqKsIGgSTRw48xFo1G0dO68sorv/vd75aXlw8ODtbV1dXV1aWlpSEeQSnF9kU2m01KmZeXV1JScvjw4d7eXuTWIosSnc4EUfyrcN2/SoaPraIwIaRhcNSUACCcc38wsHbt2q7uTgnSmm2YEm/HhclDYXUG5RwkIUAIgABJgJhmVAhT11QgkgtTCogZnFKSk5M5ffp0p9OxadOmgN+v6xpjVNNUj8eTl5c3bty4K6+8sqioKBKJ9PT0tLS09PX1jQSDw8O+4+3tXd3dfp8/HAopjIbDEQBimIIypil2wzSi0bAUUtcVu10TUqgqA2CxWNTl1BwOh9Nuj0ZC3nRvefnYw4eOtLS0SinHlJUoTOvu7gqFQoqqprgcvkCQMUKBapoqhDC5qTBCiIzFDJMbJo8piiJBciJAAggSiUZtNltLS8tf/usvkXDsG99Y4klNi5MUcLIjceRTUiYEAAcqAVQOktuFMIcHwm0He/tTPOUTUh15ES6FjYz0tLIjhwJpGe7ScpURwsP93a1mc86Q4iqfV8kDw+FozCY1MCVwBjwmeQTsKYQyjQqdUYgRxRA0MkKFC2xYf8AIsK8ADwfBR1Tys9lsDoeDJEQf7HY7Mu39fn9ra2tnZ2dJScn8+fN9Ph8ClJWVlQ6HAxcpn8+3efPmQ4cORaPRoqKizMxMSOT5hRAo9g4AhmEcOHCgubkZACilhYWFAwMDRUVFyRCA1agFklRXLXB248aNu3btwkje7/cjWQwAbDaboijBYBDBXARe7XY7VoN/qjD140/Xx394Vifkj9qRBQdgN5nOzs5HHnnENM1Vq1YtXLjw0ksvXbJkye7du4PBICR6QFiYNS55/f39w8PDLS0t77//fnZ29nXXXfeDH/zAbrdb8T8hJBaLIUADSSkKqzjiE5rb7dY0LRAIWHUip1RH4o6CwcCE8eMNI5aVmdF85DAlVFHUcCymK4pAcUfBTVMSQhklIGHipIkZGenIh0Lqk2HEhoeHODdVVbl4wQLbg3944YUXent6x42rvPzyy2tqagAIY4rT6SoqKu7r63O5XIyxo0ePhkJBRVE0RlSmhCORSDRMgZmxqBkxWo4ePXasZWZdzYxZNQ6HjXODKDQmDCBCURhIWT150i9/+YuHHnrotddesdn0f/mXnzscDmRbnaXakFEbtVEbtVH77GY1DZZxHEBKzgVIAlQKIWKxaCQSAQCfz5eeno5uisPheOGFFwDA7XZDEo2fELJx48Yz7ub8889P/u/pvL7TWQBWEbsQglICgoBMFKclCLtSSnLuM8OTcyyU0pKSkosuuuj99993u926rg8ODq5du/bee+8dGRlBYR5FUbKzs7Ej1LXXXrt9+/Z58+bV1NQUFhYWFhZi0olzbrfbbTbbxRdffOzYsY0bN7766qs7duxAMiom9tGJicVikKAjOhyOWCxGCBkYGHjxxRcZY2PHjr3gggs8Hk8kEkFaPkkyHLYQIisrq6Ki4sCBA8jbx80iu1VKOXfu3GXLllVWVkaj0YKCgtzc3Egkgh4qMnLxoKLRKAoTVFZWbt68uaurS1VVPCfJpNkv5iKN2sda0i2Bzig1DAMklyB21m9/++23+vv7YzFOiCSEgiSCJ+j+CZNSYsc9C+JRMFEmiabrIKVhGowSXVfy8/Jmzpy1aNHCWCz67LPPZqan//Cuu8ZPnKiqSiAQkBLy8nKzsrJzc3M1lQEhVRMnzjUMwbkUEIvGhBBtba1dXV27d+/2DftCoVAkFCaMhSMRu90Wi8W6uroCAb8QPDgSCAT8Xm9qIBAwTdusWbPmzJltt9vef3/T1KnTs7KyfvWr/wRKeAyysrIuu/RyVVXXrFmzcdNWRk1do4JLTddUVY1GI1IKTbMxRmIxMxqNAICUhBKK9bZ4DoUQTqezoWH3m2++uWjRpalp3uSbnSQKDqiQzAQQBFURQKWUi+MHDh8Z6hz0eGdfe1NqRq5CmC5o8/sfdh48blaMm3z11YWSaia0bqrf39Qy6Ewvr75IEdSlaaBSUAmEozoXoUgMjCjEcV8T7FSzqW5ND4MEyQFMARoTEiUSzunncGRkBGX5pZQjIyNIRCoqKhocHMS+AEKIvr6+nTt3lpeX19bWfve737Vo/Cjy7/f79+7d+9RTT73yyisXXXRRYWHhhAkTpk6dajUxxUgPQ8dDhw49++yzmzdvNgyjtrb28ssvx+av2OgO+fw4s6EyK1IAurq63n777WPHjv3lL38JBAJTpkxJS0vr7+8/evToM888c+zYsezsbBSIsajmABCNRpGshyUJyRSAr5IhuUzTNAzpvV7vokWL1q9fv2/fvmg0+sc//vHuu+/u7+8HAEqpw+GYMWNGcXFxWloaYyw1NbW5ubmxsbG5ubmvr48QMjg46Pf777///pUrV1533XW33norsusppVYHHAToEbL5VPE/tvjBMeNil8jYG8klFaZp7tq168knnjiwv6m9vZ1zQRiRADZVraqqOnDwoGlyVVO4EISQsMF1mw4AeIPFMX2TYzHmeeedZ5gGF3z+/Itmz64FSRRFFUKgVmUkEklNTb3ggguWL1/e3NyM+QOHw+H3+90Om+TcoWs2Kfw+nzRMxkiYyBdWv3LE13HDYNel8xcU5uUZPKowqhBFcK4wxeV2l5eX33HHHeFweOXKlbfdtjQ/P19RFKvf4mj53qiN2qiN2pfQLO2WuPQ0qmFRFueNJxPyRZI4nM1mw0QHOVnkdnBw8Iy7EadV7J8e/FuvpxcCYBcuKQRJcj6JlAlOwFfBMGbGjPfSpUuzs7NDodDRo0efffbZFStWAAB2+iWEZGdn33DDDXPnzn3jjTd6e3tLS0s3bNgwefJk9CMppUgcwLQVIaS0tLSkpGTOnDlr1qw5ePAg0gEIIegu6LquKEo4HN61a1d3d/f/z96Xx1dVnP0/M3OWu9/c5GbfE7KRkACBQCBBFgFBQKBuVOrSatW61a3Vvn21ttq3C7Zvbat1h9ZqraggIIggAdn3HRLIQvabPTe52zlnZn5/THINi9a2tn3hx/MHn8uFO2fONvMs3+f7dTqdfX19hJBp06Z1dHTs3Lmzv79/8eLFoss0DPUXJp4H0YMaFRUVfhIMw4iMjBQTuPvuu+++++7ExEQAsFqtYYLAsPiweNICgYDFYunr6zOZTBkZGXFxcWIaMKjtHAqFBE/hf+TuXLYvNuHFDmWClGXCOT929MQf//jHw4ePMMYVhVAK3KDhWz/QLM05AuAYEfiMqRsGSf5UVTH0kKYzs1mSZRITE3P//fdfddVVn3zyyRtv/ElR1B/96Eez5841dB1jQggWXfmMUoyRHgoxZhAiYYSxRAjCJtUUCoU4h6lTp82YeZXQ6jt86FBMXJwrMtJmszLG2tragsGA19v70fp1y5e/09LSkpqa8vWvL1qwYIHL5dqyZbMzImpEYdH+fftaW3so5cDhxPGTwNHs2bMXLFggy9K+ffu9fT2KLEuSRKmhaTobSF9ijMEwDElSEEIYEzbY3CSYViMiXABIvOmU0gt7z5wDZ4AREK6DLlENMI7Pyx3xzWu5PQISMwHREGWYKCNmzBgx9UqIioS4BG3LNkyUcVdMs145FcwOsFm54dU1Pw4xQBpYMFEURTUBZsimAiEUIeDU39dHOQ8yA2iIK5hzBgYDST6PpvAiM5vNJq6w2JhEtAwACCGr1SroVMNQfMbY0JVHhHCcc4fDIRRPxZMflvoT+cqwVAQaFIwU33R3d5tMJjGCoA8ULLCCukWszEMF5Px+v91uF+lRMWExbDg0Fcc1mUxCiVDIDfh8PoFBED1W/4lr/K81IUPABvmGEUIlJSVjxow5fvw4Y2znzp1ms1nspwsXLrznnnsKCgrEtij2WZ/PJ7oG3n///XXr1jU2NgrBo8OHD588efL999+/8cYbZ82alZKSIv6z1WoNU9KEvaAvOVWMcUpKSmRkpGDpo4PqyOHWBjGaLMseT9uypcuOHjmka7qqqtQwgqGgzWLt7e1FALIsCWwmIZKqSEmJiRhju80ukH0IIUVWGhsbhQwwcHDYHRy43W7nHDAmujZAP8E5D4VCOTnZ1113XUdHx5tvvvnxxx/39XllWfb5A2ZZjjJZJM50nTrtSldv0BvSuYNs3/FpU2vz6ZMnr79mfsGIAtWsUsMgRAppmiRJsiSPHj36W9/61o9+9OOnnnrqrrvuGjduHMaYMX4ZCPA3LSHGDQD4vKwqx2IpQJIkIUwYYww4IkRnCGGQEJOAEm4AZ4ZBDQqSonJMOMcGYxg4AoY4IE6bO3r+A2d12S7bZfs/b5/Rtw4kpAc+D7DOiKgfBoVnhwLkwn/CEPB/aWnpBQ/jdrvFh/MbAeC8LIDYI89pBADMB9pg0SAXAELAeZgV/CK1sAcgtmeBQY2LiysoKBDeye7duwUNFaXUZrPZ7fbbb7990aJFkZGRBw4c+OSTT8aNG/fRRx91dHTEx8cLj1MQCgqiZkVRRLUkJycnIyNDROziXwWcVaA8GGMtLS3vv//+n/70p5SUlPT09KSkJFGQlyRJFHXDHRniUQm7X4QQk8kUHR1tsVgE8h8AhGdcXFy8aNGimJgYwSkgegS6urr279+/devWxYsXx8TECD9Y/IQx1tjYGB8fv2DBgs7OTk3ThN9GKRUVs//szbpsn2dhp1YEMAAQCoVqa05975GH9+3bF+GwIYRCQU3nEASDMQaMi/gKSTLmA8R7DAFCKEz4gTiTJMw5YxyXjhuVn5+/c+cOp9Oelpq8ZfOm1159OSk5+fbbb580aQpQKkkypVTXDc4RZYwQIiEiySoVHd8IM84AI4QxD/KKioqu7u6y8nLOeb/f9/EnG/Pz82fNni2etOjoaCJJ9Q1nWls99Q0tBQV5jzzycHl5udVq9QcDZxoaZdWUmp6uqOYbv97YUN+Uk5O9d+/+yAjX6dM1hKCMtLTKE8epbvb5fIQQXQ9xTmVZAgBdNwAQ54LhDCNEAKhQFdB0zWQyhUIhSgeoNwboTjk7K9jgwDEwBXTEDKAYiCRJhiIrSXGQm4LiEgBZQGchq1rv758wLAVKc7jVDkymZrmH4NhhiTA2B0wOoBoimmo2gU4hFACNtoV8IQKgKAaCAAKkMQgwCcshxpnVAjYzIA7AySVR0BP5RBFv19fX19TUEEKSkpJ27Njh9XojIyMppb29vaqqWq1WoZYq/jNjTMCmVq9e/corrxw8eHDkyJGPPfZYfHy83W53Op0iRA8GgwLBJPhN4uPj582bZ7VaW1paDh48uHnz5ry8PF3XTSaTCODT09OjoqIiIyMBAGOsadr+/fvffffdlStXtrS0GIbxwAMPzJ0799ChQydPnmxoaFi5cuXGjRsxxosXL+7s7Bza1dXb23v69GlVVQWWQTQ7hE88vMle7LnUcBuRCMsZYxERETfccMOOHTuqq6vDsouTJk168sknc3NzAUDTtDCgTNzW+Pj4qVOnHj58+Pnnn9+2bVtzc3N/f79hGHv37t25c+eyZcu++c1vzpw5Mzk5WaRRwinOv2uqnPOysrL8/PwzZ84IdcAwNyQMkh2GwRqEkFBQlySJUo6xJBMcDGq1Z85YTBbgYgHB1GCSqhBJGVdSCoAZBbPJyjnv7+/f8PEnI4tGm1SLLKuCclLXdcPQZUUiEjaoBgCyTIhETGZleH7u66+//tZbb1VWnTZbTJxzWbEAh57uXimkZ7pMxbkZVY11hxv7+4EGEKuvql7WsuzEvoPXXn9tcUlx5rBsQiRVURlnmGDG2JgxY771rW/95Mc/URRl+PDhJpOJEMKYgTG5NHo2/82GBvQvEEIIOGOMcj4Ig2WcECRLGFHEDGqSZcVh7ur1ccQ4YAZIUM8iAIwuhRX7sl22y/avsAsouCDEAQNG+Jxq/FAUwAXjfwBwuVwX9C3ChYhzorgLZgGGHlcghQlGlHGMOBJwBSS0qQU49uIOC8NlIuHHIIScTqeonx8+fHjPnj2apomqkdALvPHGGxctWhQfH88YKyoq2rp168iRIysrK4WatCicilZSWZY7OjosFovVahWdona7nQ1yO4vCuyRJERERwgVxOBwPPPBAfn5+a2trXFzc5s2bvV7vnDlzsrOzhVcaCARENSyMyRejiXJWXFyc1WoNBAJiAqFQKDMz8+abbx4xYoSolQGA8IkJIStXrvT7/S+88MK0adMKCgqio6MlSdqzZ8/+/fsBYPbs2WazGSEkwv6hwNrLWYD/y4YQotTAmPh8/Z9+umXJz585fvwYIZIQEyFEkiSJUMopZQwY4xgjzpAAxQu/epD8fyDLJx6YnOxhTz75pElVjx09Vl/f+OqrL7e0tCYmJn3723eMnzCRIzCoQRAGQJQySZaIpAAgTdMxYowyCWNACANGCHHGVbNZluVDBw/abTaH05mcnGw2m71eLwPgCEmyTBk7eeL4xxs+3rV7N+e8vHzSlGlXqqrCGQsEQu0dXZKsYMk0qnhscmoG4sjpcLz11lt7d++54cYbGhvqKz7ZGBsbGwgEgsEAY5RzrqqyrCgcQOTRJEkiWBZqA5wNyApyBtSgwEGWFeG4o8GVbsDtG/ShEQDiCAPHCEmAOENeg/Uy7jCrYFYgyIBDkLKgLAMmIBOKgVPAWNVA6sOS06SCiQAoRIpUIiN7tm0NJqRRAK8/yGOiwG6SEuLV6JjeE3VRWw75atu9Ad0eFwcRdmCcYiohDJydr1Z4cZkgXmGMCSGAyspKm82WkZHhcDj6+/tFx1NPT08wGBQrJwx2a4tcbU1NzeHDh5ubmzVNs1qtMTEx0dHR4W0xGAxqmqaqqq7rPp+Pc+73+wWhQE9PT0tLi67rGRkZFotFUZQwAIEPdp63tLS0t7fv3Llz3759YjIFBQVjxoyJioqSB03wEXq9Xk3TRDpDZBzEytzY2Gi1WgVvy9DM6SUQ+YdNbJfhDUVsfKmpqSkpKdXV1UIcUZKkkSNHxsfHi58IzDwACBw+HtSaLSoq+sMf/rB9+/Y1a9asWrXK4/F4vV7O+YEDB+6///7Cwo8qJAUAACAASURBVMInn3xy6tSpIhP0D1xDAdy76qqrtm7d2tHREd432RAZVBCADlUVtBQAwBkDQkRK1CSbDGpoui7LssGoIiuFI0eOKS6ePHmyWE9CoVBfX19FRcWhQ4ceffTRsCQQ55wQQbxKKTUkInHOMSGMU8OgUZGRt9xyCyHkz3/+c3X1ac4BS9hmd2JvT5yCi+Nj0jHiWOpB0NAHRAGGse4PHDl45HRNTVFx0fTpM+bOnRsVGcUYAwQIIbPZPOfqq6tPVy9durSwsPCmm24SXFFf4X2/RA0DAAsTvw4iAhDjBBDCAwkABEwwxKoEGQbl1MAcI6CcAuO6EcImRTIYNjgQhBHnAIxzLgBoX2B66+H7fny4GaLu+snM2VGfe7NC1Tu+9eyZ4fdd+4O8f1b38YuHClZ+estvzgRI3KM/nVZuR2B0L3tqzbudkH79/J8mH7nzc374z0+Ptrx7/zeeC9y67MXFaTJA8PDP7/1LyZJnpkT8I0um/9AzNy8b9/IzMS/d948P8lWb0bZnc2vWlMKIf/iNpB07X3vm+TUneyl25i24//FvjnFdfrsvbjurPiD2G0oHFLNE5XloT/45KAA4O/4PA9v+5lG/GAswlAuAUkYpBY4IIoxzhOAz6L/IAvxfeLW+ChPnq6pqKBTSdV1UM0TZQXAIWSyWuXPn3n777fHx8QIokZ+fHxERkZiYeNNNNzkcjmAwqKpq2OczDMNms4mbyDnXNE2IV2uaZrFYoqKinE4nDNZGRGsiIWTkyJGnTp3at2+f2WwWYgRHjhyJjo52u93obCo+NCgQKDxjm80WdmuEEmFBQcGcOXMURRFgBKFHIEmS1+vt6uq64YYbbDabz+fr7OwUDnR3d7eowwwbNiwsFycwsQIoe8n4r5ekYYw4pwhBIOD75JONv/rVs4f27yMEUxoCQIqiMDoAbkcIo4F3lwBClBqIYB6OcAcw85xzTqkR4XRc+7WvlZWVvffeez3d3f193j179hQWFs6cOb2/r//DVatcke6iUaNdrihACBMZY3mwbVs29CADYJzjAZ5ToJRygOyc3JUrVgSDofT0tPi4uIyMDIwxcG5oGpGkxoaGF198efOnW3y+/ry83NLSUolIWlA3WSwIS5KsdrW2dXX1RLtj4+ITgKOA32+1OxSTGhsfX1hYGBPtfnf5O42NDRgjwCDJGCHEOTUoZYwihAmREcKGYTDGGQOEMACSCAn6AzabDQ+UGTnjdPCSfBZ4IISAGphyhRAZc8SAy2ZbapoaGwtMAkqAyADcZHcl5BeB3QWcEEYQk3TZ7IxPkW1RACoFTBEisqTYbP2VdXX1b4cYd6ekOkpHAUamtNTUyZO699c1vbUW8VBy6QTXjDIwqUBkAvgiz7gOmMhlC+aRnp6eDRs2eL3elJQUt9stYv7wWtTe3h4MBiMjI8N8ex0dHZ9++mlFRUV9fX24s0kEXaLTW5SaKaVVVVWnTp3yer2CLWXu3LmyLIssZ3l5ua7rInwVIjuyLPf29jY3N69du/bQoUNHjx5tamrKz89PTk6+7rrrpk6d6vf7ASAUCjmdzrFjxwoWt7i4uGPHjtnt9sjISLPZjDEOhUKNjY0CUzB0a77EkqdsUCZG5MsEZ21KSkpBQcGuXbv6+/sppaNGjVq4cKHD4RjacRZOKAv4gPjMGCsrKysuLp44ceLRo0c3bNhw7Nixnp4eIcfw0EMPPfzww7feequgHhB73N+Lb1+wYMGGDRvee+89sZGF1QHZoNbAAPCHc8YZASL6DihnhBCDDRD+Y0IQ53Hx8ZPKy2fMnOlyuUKhUCgUOnr06Lp161auXJmenh4TEyOwfuEeE844IQPqEowxWQYESJIIcHBHRd188zciIpwvvPBCZWWloqoG5zKjqQnuDKfT2e/LU0yOhIijQdQMtMEbCupagBOL07GpomL79h1NTU3XXHNNTk6OIisGNQDA4XB+/etfP3DgwEsvvRQXFzd37lwAIJcCheh/wD7zeRADAAkDQpwQrlNGmI4Z5QjsFpWY1UAg1OsPmc0q5ZRThDACBMAQ5vxvuci0eU9tM1LNvPPjw76ZU+yf91grKaP/9yeFsvOfjf+/rNGOilq9rFAxOht3dQ58p/4L56A3bvjQXz4FbfzwzA3fGSaDqfD7rxT+s4OqX8UgX5XxvkPvvtd0d3lhhPL5/+eLnhfWs/1XvzlQ9MQbz+ZZfIdfvOtnr4577ZERpn/JZC/bv8kG3qXBm86F6DbCEI7Ez8fnf178f76T8QVJgS/IApzdCEAZYwgPKIQjQBiAC6JsxC8km32RWRhBzYdQQ584cWLlypVtbW0ifqaU6rpeXFx8yy23pKWlAYBoT7XZbFlZWZzzrKys3t7ecGlLsP4I/H8wGDSZTH6/f8+ePTt37hSORUtLS1xcnKiQREZGOhwOs9l85syZvXv3NjQ0GIbhcrliY2O3b9/u8/ncbndpaWlUVNTQCHxovkZ4M06nMy4uDgDMZrPf77dYLFOnTk1MTBSucxjjEAqFTp06hRASR+/r6xMIWwBITU09fPhwR0eH1+u1WCxOp1MA4YT3Fna5LicC/k8ap9TAGCOMTlae+NMbf9yze7cigSJLxKzous4Yp4wahsFggLoMIYGEB0wkUesmBGmapsiSUAURqgLFY4rnzpsr+Cn9fl96eqpikjIzM06dOvXaa0vb27vj4uPmzbtm6pXTMzKGmUxWalBJkhjlnHFVUSkjCAHnIhHAYFA7k3F2uvq0qirBUGh0cXHA75cIAc51TauoqFj30brOrq7oaPf48aWFRaMAE1mVOYDFYh0/fmJj0/Ll7747deq0xIREBKj69OmP168vyM+PjY21WczlV0w2m01er3fbtq2+YGAAvQKg65RSJssKRoRSZhiMUs4F1p+BLEuhoCF8dKrr+iBJJwAgYDAEBQCIAMbAEeLAAKM4d8ot11rdLnC4gEsABBTImHZFQlYqZKaApDDATMIkPyPj1utNifEImQlgxjkgFDM8C10323/GY2IoeeJoy4g8UExSTEzS9fPduWc8Vc3WzNioklycngiSjDjBgCnBiF8K0FLB9JaamhoREVFVVeXz+SZOnOh2u5OSkmRZ7uzsbGxs7OjoaGlp6evrA4BAICCyq9XV1VVVVX6/X6x+fX19gpxfrFFiybLb7bqub9q06eOPP/Z6vYZhjBw5Mj8/PyUlxel0+nw+kfQUPwkzsx45cmTLli0rV64U40dFRU2ZMqWkpGTcuHE2m62np6exsdHj8TidToFOP3nyZE5Ozo4dOxwOh9vtDiu2apomAt3wybIhInaXBhYAD6rPIoREghgAVFW94oor1qxZ4/F4kpOTH3zwwbFjx57jpYT74YfmssWlM5vNs2fPnjZt2vTp07ds2bJ+/fpt27ZpmlZbW/vMM890dXUtXLgwNzc3fCWFnePenFMj4YOyglFRUXfeeeemTZu6urqGuk/iM8YYAQLOfQE/ZQwxShBWZBkQopSK5B8gpOs6kaTY2NjklJTUlFSEUH9//4oVK9588639+/f7fL7MzEzhPgm8nkgmAhrAHRCCZVkSqVWMMQcOiMfERC9YMF9VlSVLlnT1+RCSGJYCQQ0zquqGk6iuqAhigFs191XVeQx/Snr6t79zR29fT0tr6+rVa9rbOq6ec/XECRPNFjPBBCGUmZlx553ffuKJJ1Z+sOKa+fM4ZzDkqbss7nu+DX2ABlheEQMAGIzmOaXAERaOIqWIGhFWs1WVzDKx2yxWq7XfF2jr6vH6Q1TXGWDgAxQMCCGC5S86tu7dsrtPGV5yU3DPKzsa2yblxRMIntp2269bRs1Naf+kqtJvHr1w2uPTIqB+/3efPTP8vmsfknbd9uvmoquSWj6priXR196c41+z88NGyJw+5SfzY208eGjN9uc3NbcEpYTCwodvyRuGu1f9adtb+3t9IMfn591z84gcAAAI1hz6r6UnjvQPjH+2BropL04/vrvDXxjXd7ze44iO9bYDQGhwDo9neL/MmLxq223/21Iw1V21pf+a75Wq67e/sbfXB3LauDGP35QZPzSToFWv3RAqe2yRsuSJ1Sdv/e4IS+DAU99aNuG3/6W8+fRrR0IyBI34WY8/dn2OWa9b9cufrqzjCvOjnJt/+ODM+PAF1upWPvPf7zY64hNTk7wUAIIHnrp92YRnb9396B+ck4e1NbS31vvyv/P0fWPDhXjtvNH4F43/wf888dd6c3Rsdj7afXzCD8av+WndHa9/b5QFWNuHD92zb9FrPxzVufqCPzda1j/30oEq45e/dH7/kcmeP/9s6b5+wgMscc53H1qQUPXMHS9YR1qO9V3xox/OMtZ9zgTklK899vjwHBsGsKePTKTvd+sAl1MAF7VJg+vP4HY4oMkNgPH5dIBh6BoMifnPifO/YHc8/5u/2QggIkwsEaBi8PABBoQML/YUQBhXLxxBznlfX98777xz9OhR4ZcwxgTfXn9///HjxyVJSkpKEihHgRGoqakxmUyRkZHhloHe3t5gMOh2uwVKUNO0kydPfvTRRz6fDwD6+vqqq6s7OjpMJlNMTExaWlpcXFx0dHR3d/epU6ciIiLi4+P7+/t9Pl9ERERxcXFUVJTb7RYx/DmpHz6kA3z06NH33nuv+JWYwOTJk4VzLFAMACA4BbZt25abm5uQkCAoAMN1M6HGJGi0hWiWqK3hQX3sf55Y6LLn8S+zAU+3vb1t9epV27ZtRYhTCoZBAVGEMOeUC2IRhBBgQFh0xQMAAAbEOABCmDOGCTF0CgAMmNPhmD5zelp62h+XLtuzZ09ubm5eXjbjFCFSW1vn9fYFQ9qxY8fr6hrXb/ikdHxpYdGo3Ny8+IQEq8UmSYRRAwA4B8YYkSSma6L0Gp+QkDc8b93adVaLxdPampuXxxiTZJnqeldX1+o1q5uam1VVLSgomDdvntsdzRmAhEMhTVVNo0aPDoaCq9d8+NprS+1Wm67ruqZlZGTMnn21zWrnzECIFI8bv6int6au9nT1KYyRqqqBYEjE/4qscI4NwzAMKmi6YID40OCD1uZpPX2qKis7exBDy1H40RU5AQTAEXAwiMwt2DZlLOEIkARAgCBOwJaXaR+WCIhxSWFI1gGx5GhzQgShMiCCOJeBI4SlpPi4BdONXh9wSY1zg6wAV0CSUe4wc1JKfHmIRqp+uyJjRQYJU4IQpoPHv6gNDbJXRkREREVFdXV19fX1dXZ2AkB8fLzT6QwEAqJ639vb29nZKVKuAtgfDAZtNlt6erro8+/v729qaoqMjBSypoKbnXMeDAYbGhoaGhqErmpXV1d/f7/X6+3p6RGJXbHciXb9YDAYCoVqampOnDjR3t4uWFGzsrIyMzNTUlKE8k53d3ddXZ1gE4yNjY2Ojg4GgyKh4HQ6Ra2bMdbT0+P3+8MZATTI2yL6vy4ZLAAaIoIwNEE8adKkRx55pLu7Oysr68orrxT55fCaHwalD90Fhn4WvDZFRUU5OTkTJ05ctmzZO++809XV1dXV9Ytf/KKysvKBBx4oLCwMb83i52HIfbj8PnSq4VpuUVHR9OnTly9fHoYwDP0/gEAz9DMNDRwhBmAYOiBkUEOVFUHogDHWDF1V5azcnHETSqPcUU1NTcuXL3/++edbWlqSkpJ8Pt/JkyfXrl07d+7c+Ph4ke5njGGChafEOWeMEkyQEFtBgBEC4E6nY+GCBYGA/1f/+7uGhmaXjHv8vqbOTpuimIAgCiqWNF+AAU9OTb3jrm9ff8P1kkJCIe2TjZt6enrWf/RxV2f3nDlzTCYTB6YocumE8QsWzl+1atWKFe/Pn79AJDout/L9vYYxxoA4p0AZQgwjLJLjERY13h0Z7XIqMjLJkqqqIafDbnc0ejoUX6gvoFGEAYAblMPf4ALVPXWbO/Hw+cnjAzWvvFm9ozNnYQxGGBMIHqiOePoHsw68uPaPq49UlpXnDP4EYUwgdLQt7pmHIn77833Ll5JvPzjrwdXrfr3xyKHpMUVn9vzP2p7J91/3+4S23z69ecnH8T9P3f/6flj0+PXzbB3vrag53BAapgKAcfI4eeiOSelvbPlg9ZHKsvLCs3IAcvpIe/WntTWBiNa9XmdBftTO9sCQf/ad/FJj5hBMIHiwNuKhB0el660r5bhvfH/GRN/+e3+35/WxKT8Y/llyJHBixRYy5ZnMDDLN/L0PjvUXjCUAANSz+Y296Y++9N0CJXB6/YctXpqjeD1G3u0/f6wkitb96e7H3zs9+Z48MXXeu+uFN7uve+6leTHa0RduWx9+vRGRtPb2gp//6HZH/9Yf3PzXA7eOmeIUiw49b7S7oj9//J3Pv9F17XMvzYvxbvmfb66hUxKnzE94cMV+78gya/uO9d0l3yy0M+/xC/9cip9688zljdKjjy6IPPLME5WTfv7c1TG4b/+Sb//v2vE/y5K15pbRr780NQrTjl2fMwFsTS0uEtPu3vvm0saR3xhh/Tse58v2f9GkgXh+wKnjgABxDggQRhfkAoBwy8CFYv4vAzi8YP1/6Oezj8sZYxhhjhkSDWcDhxBpCH4JBHTijASmkTG2Y8eO1atXw2DnvNg1J0yYUFxc7PP51q9fL/r2ExMTi4uL4+Lizpw5s2HDhocffthutwv/Y+fOnT09PXPnzhX+aHd399atW7u6uvx+//79+4VOciAQiImJ6e/vP3bsWH19fVFRUWFhYUZGxsGDB+12e3t7u5hPMBhMTEy02Wxi/xYTHnrrEUKKomialpycvHDhQuHcCM/DZrMJIGI4gNd13ePxjBs3zuVyaZomFLBgkFlQuCxiZEVRXC4XDAnaRTrjn3QgLsf/X4Whs+sWXPwVY2QY+okTx9etW9/Z2S3hgYSiiPw/yyFiBIDF+zvk5UcIcUY5kSRGGaNMkgildMSIwrLy8vrGxjf/8lZictK999+XnTVMVmR/wN/b2+sPhPw+f21t3f79Bw4dPPja0WNWmz0rKytveMGk8vJx48e7IiMQYINSjLGuhQjGlVVVzU0NM2bMLCoq+stf3tq7b8/kKVfk5GUrioowJrLc1NRUV1dHCM5Iz7jmmvkjiooAYUlWOGeGwWQZm0zmSZMmJyennq6u7u3uVVU1Li4uNyfH5YowqCFJEuJMkuQJZWXjS0traqvNZovP5x+QW0EkXPbnQtAEI4SAMQYDzz9CCLe1tZ2pq+OUIoLDaU7EhwbeAx8J4BBwQ5ZlDgqVADAgYAgAE0RUDAwxJAHG4vZICscYcbHiIGDAsURcUZIzCpgMGAFGwGQASiUZRZrUKFlH1ACOAIusDQIgfDAF8a9+yv6VJrj3McZxcXGpqalVVVWMsVOnToka+4gRI/r7+0Us3dTU1NjYKFa5zs7Ompoar9eblZVlMpkyMzODweD69esPHjwowvLk5GTBVA8AdXV127dvr62tFWVnp9NZW1sbCoWOHz+ek5MjCFkNwxAVbHHo5cuX79ixo729nXPudDqnTZtWXl4eExMj0q9nzpw5ceJEb29vbm6uOFZsbKzH4+nr64uJiREtYIwxj8fT3t6elpYmot8wBn7o6V+qmVDGmN1uv+GGG8JlcJFT+/Lt6OLKCB3B4uLi6OjotLS0J554QrCZrFixoqen5/HHHy8pKQlnVcSeG67ni+0v7COFrz9CKCIi4rbbbluzZo3X673g9WecxyckTpxY/uGaNYGAnwEYlAMYsqoaumE2KWkpKTExMVOnTWMcXnn19YqKij179rS1tc2addVNNy2uq6t9/vkXnn32V6dP19x8881FRYUIDUg7ibK/JEkIIBAIYkIURQHOEBGTBJvdPmvW7D/96S91NfU6Id3MONXdm5iZYcKyN2S0BYInG5u7QtrIpJH5hSNsNhvVNZsr6uqrr9Z1ff/+/evXrzebzVdeeaXVag74Aw6HY+HChcePH3/llVfi4uJKSkoVWQ1fn6GX+iu68xe3fd5VwGK5phwhLsuyIhOgTNe0aKddAYpp0GZ12CwmhBBGKNJhC4Z0Bv2UYY1xSqnGDcbpF15k2rC7rg1F3ZiuuIzUdNi38WD/vBkOcfDcyemZLkzy7X+s9/do505t2Pik1Pj+okiosqdPTLZr+TY4GuoK0dYT7X7wf/jcOx8CAIBc06uPjk6AI2/8bv3hnLjikfnTc02kFgBw3szh44eRuFH2Dz7y92gAZ6UAkH1YRsaGw1uqmlualDFXO1t3wtAUgBr15cYEAEDZ0/JK01Xa41V7q5a/0PAe1nvB6O6jHOTBnuK+g+/vsEz5TZIio0kzne++e7B3TDEAAIkaPTXu3Z98/+nyCRMmT51X5paA2xOcbS/89KE3iMo6WvuGBcORvt5R2WTJy3ERQObMkmxb1ZAJm+JHZ9gxIDkiyhTyhcK1S3zeaOd/89n4Vc22grwoAtg1ZkaB489AosZfm/3Hd/d0lwzf/pGv7Lt5ZsD4834eNs1z6Jin6uRT960EABYwqNqlZ4OSODYvAl9wSuf83mhb/4vH3rHf+uwjZZeZAC56kwZajQb+KjxSJBEiFAHCXABhJx4+p/5/Dhbgb9oXNAKgQao5ABATwABcQNqGGBrsCLioLXymwk3p6uravn27x+NRFAGfZoyx0tLSRx99tLi4WLR6trS07NixY/ny5cePHy8rKxs9evSbb765Z8+eWbNmUUpDoZDH4/H7/ULHOBgMCkQAxljwXWdmZk6aNKm4uDg5OVkIHRNC4uLizGbzkiVLurq6GGNtbW0iUBfQ1rCWUnieQ2+fgB5gjK1W69DORrHZC7IiwVkVDAZXrVoVFRU1efJkn8+HEAoEAi6Xy+/3G4ZRU1PT1dWlqqqgJwh7b8KJ+aqqBxdMXV22f8LCmTse0kL79++vq6sFYBhLFrNKEKaUappuMMYZRwjzz2GSw4gwZhAshUGMVqt1+vRpycnJv/vd706dPv3QQw9NmTrVZrcLXAyRJIyQrhuMse7u7jM1tRUVFRs3bty7Z/f27dvXrFo5YcKExbfcXFZeDoYBGCmKjDA2WUyrV6+Oi4vLGZ6Xm5uzcePGyqrKyf2TnQ4JI2Ro2sGDB1tbPRaLfdasWVdOn26z2REinDHKmKqaGGNC2i9z2LDMYcP0kDGoHocwAkRU0e2v6boz0n3joq+vWbM6FAoZBlMUk9ksyZLCGIRC+sBrgj6rpyuKgjESohiEkL6+Pk3XZFW+8FOPBpY/wpCKiQ8wDC7lfPB+GIgQQBIA4kA4ACBGkIEBAUgGBYQBIQ4EkIIw4gZHSAaOACGOCEMqA+DAZZBMA+1WSEgU4LNAYxeriSidUhobG1taWnr8+HHRaXXy5MkjR47ExsaKLgAR3ixdutTtdpeXl4uNKTs7Ozk5WSj8dXZ21tbWrly58sSJE2PGjLnhhht6e3u9Xm9iYmJmZuacOXNmzJgRHR2tKEogEGhpadm/f39LS8utt95qtVo1TWtra2tubt6yZcuqVataW1s7OjoSEhKGDRvW2Nhot9tLSkqSkpJE6vPgwYOvvvrqkSNHOOejR49GCIVCIYfD0d3dXVxcPHPmzJSUlO7ubl3XP/roo0AgUFpaKijxhkahl3wBVuxNghyRD6XP+HtMvIACv5aWlnb33Xfn5eXde++9LS0toVBo48aNbW1tv//970eNGiUOIbZIcZ1FbX8Qgf+ZpxTeFsvKyubPn//Xv/5VKPmdc2hKqT8QSM/IiE9IOFVVZVCKEeIYBYJBVTVhSaKM2RyOdes/fuZnP+/19ra0tCiKMmXKlB/+8L9zcnICgYDbHf3LX/7y9ddfP3LkyL333jtz5kyTSRXZO93QxS6sqibOudCMHEi+cmCMOx0RmhaaPXPm1i2bW/sDqmHU6IbfYgqqaO+p0y0hiq3qwaMH773vnhlTp4WC/htvWhyfkJCYmDhq1KjDhw8vX748LS0tLy8HE8w5T01Nvfrqq3/zm99s3rx51KhijEgYrCF6Ab6C+32pGOZhLsCzDHHgnAp2GJMq2ywmTpkeAAVDT3urrwvktBSXNQ4hFKJUAqSFAnooqGlBgw1w6xBMzsGknGV6zyd7fcB9z/3wrefENzvOtEwdEQMAgGWCABCRAC6Q8MUKQQBYwgBEIoAIHkgLIwQAUff99KrpnzHg8Wefit1+oOnAicY3Xjm5ftbVvxgOAFiVMQAiygXHB+KInZwQemv98YCacGMC+evZ/yonFX7pMYnVTACMEyt3vFfpeuDHV1/hP/KdZ47AEAwx69m5YndP+8nHbl+PgOs9vb0r9nSOcgMAqOmLfrbsqppD27dvfO47b499+rlvOj766Uv183/z7MxY7Fl1391Hhk5LVE/FJ3b2OQ0KM5y9GlHPuaOx874ZOvxnnfoIIwQAjlELil94/dOjnZvo1EfTZaCtXzC9IVc3euoPfn1fXpgTIHh0DZZVGV1wSueYVrfqve55T31vUvy/ixbisv0LTcLiiR3SFwcIMMKcoAs2AgyN/4dGU+e7F1/cEQCfnwUII+sAgDFKKQWMgXLGzxEAQMA5Rhf3XhIuEQiOYkHmhDEOBAKEEFVVR44c+eCDD5aUlIiiuqic5+XlXXvttUuXLv31r399xx13FBUVnThxoqyszGKxCC40TdM452azORAIJCQkjB49esuWLSNHjpwzZ86VV14ZFxeHEAoLRwcCgc7OzlOnTqWlpY0aNSo9PT0xMdHhcNhstlAoJEmSoJsWzEli2kMdrEAgAIO5DHEW4kTQgKQND8tTm83mwsLCl19+ediwYSUlJeJLn88nKnKnT5/OysryeDzClxJVi3A55SskFr6cBfjKDSEOiGshra6urr/fK8uSxWxhlFJqiAIaACJEJhIxKOcAHA3BJ3KEABGEGQfOOCYIY6LreuawYWNKxrZ1eD7euD47L/fr31jsjIhgHDhDiqoA4rqmS5KCEEpKsicmJJaUlNx6260Vmza989d3Nm/ePEfSsgAAIABJREFUvHTZ6dO1NY9+73sTSsfpum61WgnBaamprqioP735p6eeeHL48OGrV6/esmXz9OnTRhePZVTHGLd3dPT0dI8bN37WrFmM8u7uXlek26AGxoRIRNN1iUiED8h6KVZVvG6KoghaDIQw49ygTFFw4cjRX7v2utUfrIqNSThdXYMwkWWlt9drGEy87xw4AwoACINBdQUpAm2uadrx48fr6moK8gvQed4hR8AAMALEGRhAGLZJSEegEwAABCBzITwIHDAXFxUhwbKoASIDyQLGMeGAMMgcIVARB+AUMOOIAEaSAdwALsEAXgAQDCy0/FJovwoEAkJzBCEUHx9vMpn6+/sJIRkZGYLVz+v1ikBFcJdUVVWNHj2aECJYVEWBXTQxjR079t133wUAh8NRU1PT0dGhaZrZbE5MTBwzZoyu606n02Kx+Hy+06dPS5KUlZUVExPT09PT2tra3Nx8/Pjx3bt3t7W1aZqWkJAwfPjwtLQ0WZZ7enoENIxSKvLCNTU14rFxuVw2m02AC4SgoKBN8fv9/f39DQ0Nbrc7MTFRUMPA4Bbzn77k/w4T/omIycVeKcoYXxQFXWgQkXYR+46qqlddddXSpUsfe+yxPXv2iKzQ4sWLly1bNmrUKAAQHSWix629vd3j8XR1dZWXl2/evHny5Mlh6Lu4C2az+Re/+MXatWvb29vPPzTn/GRlZVx8/LfvuuvwoUO7d+8+ffp0MBQiCAW0UFDXunq6q2qqxWgmk6m0tHThwoXXX3+90+kUvYE33nhjenr6008/vX79+urq6vvuu+/666+Pi4smBJtUEwBQRhkfkHYK9y9IkkQwWbtu7fRpV14zb/79LfUnjh2tD9LVR065LWrQMFpDVJOxrz8oy/rpk5WVx04ggpavWBUR4XzhhecnTpwYGxt77NixTz75JDMz3Wa3EUxAgSmTp2zbtvWDD1ZOKJ14xRVTw8WDcFrqK7npl4BhxEWcr+s6liWMcSCgiS3G4bD19vQoHLRAMGtEQc3pKtVqiXI6iBbQQ75An7dbJmkZ6fWN1R3evo5uX9BAwIAD5RwTQoDTsPzk+aY11WztgeSZk+8rNGHgHXu3/WxTzbaO/AX/xKnE5kVbNzZs2NM1dqTvzaXH+ieW3WyqfHW/Mve6ovtLk12/WL+2NUiHf4mRJPOoYscf3u+xjinJUM85Bdax/+CLf9+YXPNTQIjw4OGtda0AJp/OB9rYadvW96pzv//qktluDACsa+Mjd773adttAKA3b1i6Kem6+WOvzixIbL3j5dN9em5Hvxqf7JJ4sGZTRV3A8dn2LEdlxfner+pmOdGByu1V/Xzy3zxJ6j93tPO/CY8vRaW7+9dVe9kwV+/edYd7eTkAWHLnTe77wa9XJV77ywQZQPv8nwMggphugBJXlB36bUVNIDfXFKx67+XDBbdf/UVTOuc9lVOv/5//Vv9ttJCX7V9rA40AQ1MACAEiGPgFevLDaLcLAgHgS4T9539/DgQABiv/fIAacAB8IJqbOBtINYpfAMAlUNgQF1Ng/oXEFACoqmoYRnl5+cMPPzx69GiRFAiH1m1tbZzzWbNm5efnv/jiiwKr39PTI9zNnJyctWvXNjY2CjdXkiSXy3X77benpaWF0fUCKgkA3d3d27ZtO3LkyIIFC+644w4+ROovGAyKUFwUJy0Wy9B2AAAQzpaiKGLyAgMZCoVEPz8AiEYAQe8vAJMTJ048derU6tWr09PTHQ6H0EBSFKWpqcnj8dhstu7u7vT0dI/HM/RXsiyLwb+SCz700b1sX4lx4ABckqXU1FTBU404+P1+xIVfPsDpyBi7AHIHceCIUQ4MGVwXXT6Y4FGjitLS0t55522Px3PnnXfbbLagrklYxljiHDjjAlwaCPhVVWWGLilyRIRz/LhxI4sKl7+z/A8vv7R37+7f/vY5q/V740rGYYwxRpIk3XTTou99/3srV67wens455WVpw4cOJCanBbldvt8/taWFofDMWFCaTAYPHL0aH5Bgd3QMSaSJBuGjhFhnCHOBUMnABX1ZEHGKfpuZIw455pmYExuueW25samysrTCDCjrLu7mzFOKRcvDgw8ihwhDAwYpRy4gADs3Llzc0VFanKK3e4IP6h8ULSFIc6BE8QQxsAYZljGILwkLGJ0BBJgCowhxIAzQAQAAx9I+IIBABQIcMQp0zkHiXAEMgHACDggnXFicMw4yADks5h/IHGDLvYcgFjKBLIpJSXF5XIdOHDA7XZnZGTU1NQIIQC/3y+oTGtqalatWpWTkzNu3Li4uDgRmYtVS1XV0tLSP//5z6L3yu12C0E+p9OZlpY2ceJEm82GBonozWazyWSaOXNmSUmJx+MR4vObN29ub29PSEiIjY1dsGDB+PHjGWOdnZ0+n08svH6//+jRo++9996pU6dCoZDL5XK73WazWZxCbGzsvHnzfD6fx+PRdb2+vr6npyczMzM/Px8ARBjMB4lmL3k4gDhNUWEWu5Joof+7BhGtGWxQt09cwPHjx7/yyis//vGP165dGwqFqqqqfvSjH/35z3+OiIgIBoM9PT0VFRW7du3auXNnQ0ODx+OZMWPG9u3b582bpyiK2+2eNWvW8OHDBXYDY7xkyZI77rhD085FVwNASAtt/OST5ubmhQsWzJg5U5akV197ra6u1tvrRRgBQja73Wa3DR8+fNqUqePHj09OThbLjsi/I4TGjRv3/PPPv/vuuy+99NJPfvKTiopNt95289ixxbGxsWH1BEIkSRqMxhknhBjU2LBhw9NP/YRTNnJk8cHDRyWL2q0bfo1qjAUVhCViVxWkMc4ZJSRA9a6uLo+n9cknn3zttddEE+LBgwd7enskWbKYLYFAwBXpWrBgYW1tXW1t7cSJhmjNgMFeCbi8BQ8aYrpGDYwlBhwZiBIuSZJCJL8e7O7piXQ4OdWYrmEMoUAwPjrKbrM41ASTJPX0duih4LEjR739Aa/Xr0hqkFHOAQaBtAR/gXSFUbujvgtFL74iMTcCAUCGNTtt0/5Ne7xXf5kQ/XPMljv20Zmh369ae/P7JK5gxIMjbdFabGzF7qceP6wDjkjPvmd+jNlb9yVGIu4RKQnv9yeXRJqh7ex/wq6Mv3dMOWfm8LzqI796Yt3oOWPvzN/x4vKKv+bOXpRAQG/a9EFr0e3lg3qI2DXuxlEv/aGiORFAcqVZj/zyzg+RWaLUNe3eiZEmy4yvpf3giXvuT4jJnHHt15Kfff65rb98tCwSAyDn+LuuXf/kd7+1Oi4+fdgwN6F/Q44RQEk+d7Q/nHlgQdqSC46PIybcec1HP37gjhVxCTl52ZE9CBCAnDJzmu39A3PLY8gFBwz/HCR3UT794RPf50/89J6HJz695J7bVUmjCXMfnmVGNV8wpc9GAACAwIH/+cayCa/9dk7M5S6AS8Ckz4L/wa8E2gQPpMMHANjhnDGcV/8Pj/XlfYsL1v9hSGwWzjUMbsbAGGJMuKKIA4chjAAXtYUvLyHEMAyr1Tp9+vTVq1c3NzdnZ2ffcsstxcXFIrpoamrinO/bt2/lypXd3d2COEDwFfv9/sTExF27dsXGxmqaNnr06IiIiISEBJPJJElSV1eXiMObmpokSVJVVTg3XV1dlZWVn376aXd39zXXXBMbG8sYE16juAVi8xAulEhJDHWnwigAkRsS6n3CuRD57DBCUkTy4dt67bXX3nfffbW1tSUlJbquI4Q8Hs+6detaWloCgYCgJKivr4chfEvnP3j/zAW/XIL4yk1cVbPZVJCfn5iYWH36tK4bQEVKkWAsVhSRw7vAlUcImGEQghEjwBkH5na78/Pza2tr1qxZk5eXt2jRIqvV2tzS0tHemZM93GQy67puNpsZMxjnHZ2dvj5va3NT9elTO7Zvu+aaeffcc5czwvGb37+wfce2Z3/1q+8+8MD4ceMwxpKMU1JTMjMzn3vuNyaTSVGIoqL16z/SNWPO1XMiIiLP1J8xmUySJAcCgcysrJiYGFmWdd3QDcoYSBJGCDGqM0YJIZKkiCjRbrdTyjFBlFHOEUcIYyRhkpSUNHPmVadOPS/JEmM8GNQsZqs/EBhwviHcMMwIJphIIb9PURUA6Orq3Ldv36xZV9sdzrOvM3AkCvGMASeEAQYAhDnIgBBQ4GywTYATBBQ4BoSBE86AMwUJGVWdY0AgIQ4YYQUjCqBxoAgI50A55sjCyGcyBFj0/1M+0Hol2BwuYhMwbBHsmUwmEcB0dXVlZmaKVKaI1mRZFhFgT09PX1+fYRjBYDC87olSs91ud7lcoq2ps7Ozt7dXQDlEP7noaRKAJpFOtVgszc3NXq9XtGtJkiSK9na73Ww2i31WYLhEEra1tTUQCPT39+u6LtbzcCgFAIK2MBAIiLXX6/UCgNPpjIiIEEleoRQ79Nwv4aVP7DXhePgfQJvzQS6A8GcAEEvN8OHDn3zySULIqlWrDMP46KOPnnrqqQcffLCpqWnJkiUVFRWiw1+80Zs2bdI07Y033gAASZJ+//vfa5oWHR3t8/kE/M3tdjc3N58/AYwx4+xE5cklv3rWHeWOjY0dPXr00mVLxbNKCOn19p6srKyoqFixYsXbb789derUGTNmCBldPtiYkJ6e/sADDwwfPvzFF1/ctWvX0aOHp1057etfX1RYWGi12hDCwIFxQAjpuiFLkkFZb2/vN2/7Vlx8PDfowmu/tnX7jtqaWkCKhjiXpSANmYEQgyHd4IxJVoumc4SQyWTOzx+RnJyyb9++QCDY09Pr9fYlJSaFtJDNagPgOTnZOTnZFRUVZWVXpKSkiLfg/x9Yypc0kyrzgAHAJYno1GAak4hCKbXb7KGAnzEWDAQoA4/Ho6qq1WolCGwOW6TTEQr0WazmuvqG6NgEpPp7dRbw+pFmYIw5A4MzYCDJn6cIIOUs+toHi4b8PWb4c8+L6L/0jedLxZfJs675YBYAANjDX4Y/OBc9tXhggPLZH5QPnM3oa6589Zohx7Ek3/5Q8u1Djxx9ofHDVyOn/O3nxcfCPzwvJPWSfvy7xWcf+suN+dmcwZpR9PMlRYP/O/mzurecsujl94eOhGwlP3i7BABumwcA8MRL1501v6T5T/1x/uBf5iz/5pAfmrKu/+mb15/1v598cxQATP/jQKOFOf/hvzw35J/lC4025Y8LLzg+11ji7B+9cEWunTW9/92d8TEmBKB7du2FqTePG4jRLzjg4HmNfmDphwN/ueNXY+8YMo+C7w/O8ItGAAAAS8lPV5fAZbtE7Gw0B0IAg1EWFijEs1AA8BURAQi7YCIgfLjBD1RoiQs+WxioN4Y/X/QoADTI2KQoipDxGzt27KRJk9asWXPFFVfk5+cLZ9Tj8dTW1r744otHjhwR8T8ACGgA5zw1NTU7O7uxsVFITIdCoWHDhgFAX1+fxWJxuVy9vb01NTVHjx5NS0tLT09HCHV0dJw5c6ajoyMiImL27NnZ2dkCOEoIEY6jaMIfihjkg2j8cNoCBv2kMPmwOCkR8Id7B8SWL/xgi8UinG8BZxBi111dXR0dHcI3Ki0tJYMmRgjzC/5deM4vtku1DvZvMX7WR4QFZT1CKBTSg8EgpdTv8yPAjCImVgaEMMIII8QxUJEYELdgQO8KI8IxYCw00jghxB3pcrujtmzZ7Gn1LFz4tdiYWMropk2bNm2sWHzTzePHjaOUtjY3NzacOXLkSHX1aV9/f39/X2dnR8DvZwhVna5xud2ZmRnbd+zYunWrK8JlNpmKRo6kjJtN5unTp3/w/gpK9diY2LTUFJ+37/cvvNDiabvqqlme9nZdN/r6+iLd7pTUNMb4wLoHoMrEMCgmCCOMMdJ0g1IDACRZMqgxKHsJjFHgIGGi60GLxTp56rQjR4+3tHh6e3tlQvRQKCynMUBpigjjjAFnwIBgwIgDRwifOXOmob4+JSWFEAkwBsSAIwAqGqAAGEYMuAScg94PWEFcBkaBhYAQIBiMIMiIYAm4DFT0AegEc0AIGEaAEGiIMTAYwiYJSRJnwA0ANJBeIAYwBsgMCA+yN1IECDgGwIAubkJA0bMt1ha3252enh4dHb1ly5aysrKMjIzq6urOzk4Rco8YMaK3t3fnzp1Llizp7OycMmVKZGSk3W4XK5KqqoWFhTfccMPJkyfr6+vffvvtUCi0ePFik8kkIAYiNypyB4yxyMjI2trat99+e9euXa2trYqi5ObmTp8+vayszOVyDRs2jDG2ZcsW0XZeV1e3f//+U6dO7dq16+jRo0L2JTk5eeTIkTabTYxMKe3o6GhoaBD4r48//jgjI+O2225zu93iTAXU6yJa7oZWF8J4tLCDcX7oOPTL8E4EAGGWvqG//ZvF56GHC8fz4ZaK7Ozs73znO16vd9OmTRjjV1999dixY2fOnKmurha7lSzLZrNZkqSEhIRgMNjZ2RkIBAKBgN/vl2W5paWFELJx40aXyxUVFRUmDuCcq6qalZXV3d0d0kI2my0mNjYqMnJEwYi5c+dmZ2cLcR/Oeb/Pt2XLp88995uDBw8J3dCKiort27c/8sgjolGFD7bjIYRmzpyZkZGxYsWKjRs3rFu7btfO3XPmXn3jDV9Pz0i1mK2EYF03MCYIEQy8z9s3YsRIsc2PKR5946Ibli5d1tLs4RhRxIkkp6WmjczJ625tO3HyZIBRu8muKqrL5SoqKurr6ztx4kR3d5fDYVdVVTcMWVYEfNNhdwwfXvDu8nfPnDmTkZEhdvALFpD+fzbMDIIRB2ZSTTyohehAQSgQCBBEevv7FAxmGXd1dbmczv7+/rT4DJkbguzDarUSQux2ewhJNGj0BnSODA6AJIIZ5Yyyv6EJcNkuGkMmU9eWZ+5/A6s8aCq667/y0MmX7//5Vij/7tMFlv/05C7bxWlSmJAq3BCAgGPAQktWIBitVquqqo2Njf+2aZnNZrPZ7PP5RCMARghxxPkgyHWghAacc87OZ7y8yOyc9IfD4Vi8eHFtbW1ubq7b7UYItbe3/+Uvf1mzZs3x48cdDkdZWdnw4cMdDoff729ra2tqavL5fMnJyTU1NcLdFKWAUCgkqPXEPjFhwgSHw9HU1HT8+HFKqc1my87OLi8vT0tLi4yMhMHKmKh6iS5KMSsBhkSDjf3iy6FJnzBkI5zOEOWXsC8iPDmBF9A0rb+/v62tLTY2trKycufOnW63e9y4cYsWLbLb7Qghp9PZ0dEhSZJgGQQhjYOxQBnAV8QkfNn5+CdsAIwDDAAGqsIcIBDw79q544OVK9paWhEDxhhgmQ9WkDlwxjgAUMYJEe8w5YMagZwjAKFfBdTQJCzpWnDn9m27du9NTUm7cuqVlDGJyE5HxKmqqpdf+P3BfXt0wzh54oSntSU5ObmwqCgmLtZsNouKfVd3d2dnZ0NTS1JSUkZa+pn6+jVr1oS00M3f+EZZeblZVTMzhmVlZZ2qquzs6MxMzSgsKKxrbFm1du3Bw4frGxpsFmtCQmJWVraqmhgDDoAJQsA5A1kAqgEY4xIhHIAQxIEJiUMEA2VyjBE1DIwIRxAdG3vN/Pknj5/ctnUbYK7rBuaMI8AYG4wBx1gijHKOQKeGajGFQiEEoCiKp7Vt48aNaWlpSUlJWDDxY8QYRyAzBgQxhBjoXOvqajm21xmfEpGWD96+9qqjVDZF52ST/rYGT3NEUpo9MglC3NtQ4+9ujsrK6mzt8LZ7s0vHI0nr9zR0V1a54rJt8ZldRw9421vSZ14FBAc8DZ6GapvV5soYQWwOUfXnQBHHwGQAgIubgAUQQqKWLsL4tLS03Nz/x96bx8dZnWfD9znnWWYfjTTSaN8sS7IWW7LkBWMb4xVssE1MAsWBJNB+aUhf2jShb762X9I2ab7QNP3SUEJJSwgJGMwSFhvbeMEGG9uSwbtlSba1LyONpNmXZzvn++PMPBYGEnhDmpj4/vEzo1mebZ4593bd11UbCAQ4TjsSiSQSCcaY1WqdNWvW1NTU2bNnu7u7d+7c6XQ66+vrq6qqzFlxl8u1evXqWbNmXbp0ad++fZTSlpaWwsJCAFBVNRQKcdbA/v7+d999t6+vb2hoqL+/PxqNzpo1q7GxccGCBQ0NDYWFhTzo13V9cHBwYmIikUjw+f++vj6+ooqiyEu9RUVFCCFzPZycnOQKBSdOnIjH4zfddFNFRQUnAsRpLYj3KOH9IZcDzDYDTAMemqm46UfMsrIJ6aIZ4T3+QQ5DM6vSaBqbDM1o1nyYC7jiefNgOLrtuuuu27Bhw6lTpwKBQCqV2r9/P7+eDoejoKBg4cKF1dXVnMEnlUqdOnVqYmIiGAwGg8Genh6/3x8IBBBCXCfSbrfHYjHuWGtra5ctW3b06NHx8XGPx9NY33DnnXcuWLBAlmWziKPr+qGDB3/87/9+/PhxAOAFjkQisWvXLofD8Xd/93cVFRVsGnYPY8xrFqtXr961a+e2bdsf/+8nzp45v379rWvWrPH5fBjzeU9gjJWUlGNMNE1hTHe5nffd+0VRJD/+8cPxRJwqSnaW5//+33+zdPGSocGhw28fUTRVEMXc3Fyv17to0aJLly4eP35cluWqqiq3KwsjwigghIExu91ZPbNGFOVz584tXLiQy1ua39Hv4ha6Gi2e0kQEOgMwDIkIuk559ZAx7HLatVSSYJaMJcLhqEhIfm5OSlVjibiWTIgCpDRVlCUDmMvtnkwEOOKSYoIxwYQwxHT2oVwA1+zqMmSp+sy3n/jMtGdy/+zHT/zZh77/ml2z32gZLgDe0klzWTLAiA/xqqrKkeF79uz9Hz4yDr9UVYVSKjBMMbD3ZJzmH5+SGiePaQzDsFqtM2fObGxs9Hq9hJCenp7HH3/8tddem5ycrKiouPPOO1etWlVaWirLciwW45TUL7/8Mp+9l2XZ3A7PolVV5Y8LCwuzs7P54CJCyOVycR0pc4bfRBbwwIs/MA8MPmbs+P438zhMEIRoNFpcXByLxfbt2xcMBlevXi3Lstvt5shVTdM4q3ZWVhYPi3l4N72l89tf599yI3/ElqaDYxnqecYYQlQ39N6enq3PbT148K1oJMo58DUDAf/GEDC4PMTBgLKMvAgA8FoARkQgAqWaKBBMUCgY3L5tu81m/9P77ispKeFfWWPD7IaGhpdffPHo0SN19XV5eXmapn3hS1+aN6+Vw0UQwgjhlKLE43HDMCYnA+1tR3fs2HXw4KEd23eMDA1vONdx++2b3C53Y0NjjsczMjoyODxYU1tdWJB/trOzp+siQtRtc+Tm5HiysgAYJogBAoR4wTHD8suLGgAc/5A+C0AIAwJmUEYZAoQJRggYpTW1sxZdv6jrfOfk5CSjVKEGAFCmc+5DyigAMqjBSTd1gwoYebI9CxcuHB8b2/bqq5+74w6v1wsIGOMSUdRAiCAAyoABGxo7++hTDWtWZ1XU0smJ7m07kkS+/suF1onJE8+80Hzzrc7rCkDTA28fGj/6lvMrf969e//Fd7uqm1uRnU2cOHXxyS2z12x0LM8JPvfK2ePHKlauAkKDFy+98+zTtTNnej5XCjYnYAQUECaA0FU+AZA2Xifl/yKESkpKWltb29vbY7GYw+FIpVJ8QCkrK6uurm5wcNBms7lcrhMnTqiq2traOn/+fFMtxWKx2O32iooKu93OUzKPx9PT03PhwoVQKDQ8PBwKhcbGxoaGhnp6euLxuKZpiUTC4XDccMMNK1eunDlzZlZWlgm5Onfu3M6dO0dGRhhjR48enZiYEEWR4w7y8/OXL19eWVlZVFTEEzzO1VJTU1NYWNjd3X306NHq6uobb7yxoKBAVVWLxXIFdctVYZxdj//er5Ch5ak+f8BJzkymfT6MxsfQ+JXkSZS5WRPFZpYPPvohmWAEjkSz2+0WiwUAOIpE1/VZs2bddNNNS5cunTNnTk5ODufNYYzdcMMNjDHDMILBYGdn5+Dg4AsvvHD48GHuzvjvnVLKQSVcFYJSOjw8PDo6mp+fz9Uf+VlgjEdHR1955ZWOjg5+CrwsjhDilYjrr7++uLh4+tAHP1+Hw8Fn61pb5z3zzDMHDhzo6uo6efLUxo0bm5qaXC4X5zLM/ByAAaaM+Xy+JUsWq6rS3t7++uu7RUIsFosvP7+wuLhpbgtHuMiybBjG2NjYY4899vbbbzc1NS1btsztdvOIIqOMQCoqKgoKCqamplRVvQLWcc24WRHk5LonpsKqmsJEQsxgVOd3bGBqggA4LNKc5sZ5Lc0H9u4BgKmpKaYpTFOdDls4FGEIEsmkK8cVCoVSmmoA06lBDANhhv6wS37X7Jpds9+v8bSKP0Y8oGWMIZwe4U4mk6lUig9m/16MZ7MUAVfPZqalnTp8sJrK1WY8lOEdeE3THA7H9ddfH41Gu7u7X3zxxb17946Pj8+dO/fuu+++9dZbebeTxxkIoYcffnjmzJnJZNLhcPCt8TDIZDbmsQuPmRwOh9Vq5Zh8HkmYvEc8DoBfy9TwcT33dOAl3xchZHJyMhQKvfjiiyUlJRs2bKioqOAiTFwHUVGUtra2rKwsm81mXhwe8pqh4W9p1+KPT9wYYyOjo7FYrKG+4cjh9lRKS7+A0jI2nMmTMQoorezBe5uEYMaYoSOEMGMGo4Ysy5IsYIwJxp+5beO6dTfb7FZKkUGNXK+3qmpGSVnJvJbWz3zmtpMnTrld7tlzZlusVsbShQlMiBmjFxTkFxcVzZnTXFP94rPPPHP6xMm+i5cOvnng5ptvUlLJ5rnNs43G557beuz4O4l4lKmqmlRsFiHHneWwWhHHGwFXOwA+cpQZjkdX5P8ZQwDA+DkjhABz8j+Xw9Xa0rpn1y5RQPn5+YPDw/0DAwhhSRJ1I93nFASRpzGiQBildrtz7bp1BOOXX3ppPBC4//7784sKqGFgTAxACGEECDQdkCRiUb7kd4WSwDRkqGIkrgoqSikQ06WpuCWlg6EC06zhqZzhUSFl9oivAAAgAElEQVSekgJT4lgAVB0sIMbUrKFJWzyB1Jh9dNw6HAA1CZIFYknkn5Kzw0RLAjBI4xsEAIrQp4GBxUy5AYBS6nK5ioqKotEoZ2ijGR1cq9Xq8XjGx8ctFktpaWlbWxsvLUmSxJlWbDabLMs5OTkIIYfDUVNTEwqFUqlULBYbGhoaHBzs6ekZGxubmJgIBAKRSARj7PF4OO1rXV1dbW0tT5k4bSoATE1NnTp1KhgMWiyWvr4+m81GCCkvLw8EAnxSoKyszOVy8ePnjHecV/XkyZMdHR233HJLVVWV1WpNpVJwFfKeIIQ0TTMHvviR67oeDAZDoVAwGOTxwPDw8OTkpKqqkUiE10E4a4PT6fT5fFlZWXzmwuVy5eXlcQgb94kAwGfTPtZMmYlB0DRt165djz32mN/vBwAuuLNo0aJvf/vbNTU1eXl5ZuWCuyqLxcKvv8PhKC4u1jRtwYIFbW1tW7dujUQi3DXzOZRz587xURFenhgbG3v66aebm5vXrl3Lu/qMsb6+vqNHj/LiFGOsurqaF5gAYGpqqr29/eabby4qKpp+6czqudPpXLZs2cyZM5cuXbp169bnn3/+9OnTixYtWrRoUXNzs9frZWnOSBAFgccDNTU1VVVVy5eviMeT77xz7JFHHvH5fC0trYylZYD5b+Hxxx9/8cVf+Xy+22+/vampyeQG5pcaAHJzc2traycnp6ajBa+ie/J/wIqLckvLyozu7sBkhIgII0wIsQhkwfzrfPm585qaNDWlKqkcj3PX9m15OTl2i4R01SKQWCyUSCY01Rgfnwgm1XA0AliyWq1JTdephgBjdDXPa12za3bNfscmXF6K0fTpekYQNhgdGhrKysr6/R0eDA0NYUYRIGNa8g+frnEyngtN11+wWq3Nzc179+599dVXASAvL6+8vPy+++6bN29eVlZWOByWZdnv97/55psnT57Mz883DOOtt95atGgR7/xAJvjTdZ27YR4H8ESakw4oipImMJ/WLTGR/JBJ+M3oB713EODjniB/wHVuvF4vb03MmzevoKBAFEVBEBRFYYzZbLaurq6+vr677roLAMyc/5OtZJsliU9wm39sZlLFIYQYYI7vKC4uLsgvGB8LnDlzTlUURKQMbxzP/zn7fXoLptADpZTqiqZqGMBqkxFALJrI9rjXrF69YcOt3pwcjJEgSJFI5Lnntp4+dfLuz2++beNGw6DPbn1u0aJFsixjTCiljIGhU8p0E/+MEHG6smqqZ/2v//VAfq7vp//5n37/6Jv79p85eQITMqu+1ma3jQemxgIT69asWbv6pkNvvd3bc+mmNavcTqeaTIpWK8WIMcowBkAYAQBOTyNNy/9NGBJiLK0MzBVVGMMIi6KMEKuaWVVTO3Ny0r9i5Q1uT9aPf/zj4dExQRRoSkOYGAY1DPNnCxxhYbfbr7/++lg0+uhj/+l0OR544AFZlhlCiILAgFMsAtMBGxRTXUmCqiBNEzRdoAC6DgbIDGsYgyiAkgJdEcFAGhV0hADAMACsGCQwGKUaiIbBErLIwFCAyaJO3BqIhg6gAaGAMCDQAZP0OQLgq/u3QynlgiN8TXM4HHwYKpFIcDgSf4/b7S4qKjp16pTNZtuwYYPdbu/u7u7t7Q0Ggw6HQ5Ikl8tFCMnNzeVaLalUKhwO8zrC6Ogo1/NLpVIWi6WsrCwnJ8dut1dXV09NTR08eJB3qjmUgBP+dXd3v/TSSyMjIzyP8nq9fFCLELJ///76+npODWvy1Zv+8I033jh27FhOTk5zc7PNZstIvv8aMvA/UGMZOViTTWbXrl19fX3bt28Ph8OhUEgURVVV+YA9Y0xVVZ5wogzXjMVi4d1pj8fjcrlqamqam5tbWlo42Q3noOHzcRw391HMLJR3dHQ8/PDD7e3tPElWVRUh5PF4mpqa3G43TGMy5mYKfwAA97x1dXWVlZVNTU1PPPFEd3c3r2hcvHiRD56YCD7e89++ffvChQsLCgp4q394eHhiYoJ/uQUFBd/85jeffvrpnTt3GoaRSCQ6OzuHh4cLCwtN1MD0q8ovUXl5+ec+97mzZ8++9dZbR48ePXPmzLZt25qamtauXbtq1arc3FxKAcDQdI0xZrc7RFHMyvL8+7//6Oc///np06e//e1vz26cU1dXn5WV5ff7XS5XPB5/9NH/dLmc99xz9/r16zlFxXSXreu6KIpFRUWhUJgfhsnRANdccMa83uzCovyhkeGJqYgkSQgTp8MuyJalS653Op2JaITqmlUWLJJssVjC4aAFuZiu2+1Z0UCKCLIk2/WUFk3qikYtTqsgykYsoSbiAAbCZJqDumbX7Jpds/eYwNIie4gxhgDxWXtAmCHKgkPtbdSgv88yIsEIh0doujaRGQU3szgAIFcZ0PEKMwGKvAHC4xjurWfOnLl///558+bV19djjOvq6jweTyAQIIT88pe/bGtr83q98+bNm5iYOHjw4MjIyObNm01IJGTybTZtohJjzCF8GGM+LMpbLqYnnp5pm6V6E3vJN/4Rz+sDvTtHAeTm5n7/+9/Pzs7mqteEkHg8brVao9FoPB5/6qmnrr/++vLyck3TzP3+mm1+XLsWdnyCxgsBCEAQhJycHEmSKisrm5ubursuIMCKRlG65w+ZCQLIFJKQiQKg1MAYW2RBwNhikQghkigChWxP1p7duw+9dei2TZuSSfXxJ57Yt2//jMryvNxcj8fzyiuvhsKhFStX2Gw2VVVEUcaYADNYOhAHAJJMqpqmWGQLBlizavW5U6c6Os55c7OPHD7MmNF25EhTS/Of3/9nB986eK7j3JyG2X9y5+deevHFxYuuF2U5HA57bVbGKCDMGEWZ8fd0lP9BN5G5NCGEmEEpQ9SgjBpKKp5MJCoqyt/Y9zoDbeXKG55/futkKMgYpswAhhDChqFzGLOuaQxjURJFSZIkaePGjZqhPfXUUytXrmxqadE1DZiI+CERAgiBoUo2CyEMmAaGytQUEwRACBimqqEBBYKACAxjRVEYExglTMBAEDCgBuJDu4AZEolKk2ATQEmQZErSNYQABAbE4KyxFAAxwJ+KphJvAqNpVKxut9tEzlNKFUXRdT0rK8vlcimKkpubO2/evLGxsYsXL46Pjw8ODvJyKues4SWAWCymKAoAxOPxYDDIy688nSsqKsrPz6+pqfF6vc3Nzb29vbt37+YD4Xx9TqVSU1NTJ0+ebG9vTyQSfI0qLS1tbW2tra09efIkAFRXV5eUlJhVA+4yHA5HOBy+dOnS6dOnrVbrjBkzOOk6ZGbpp6+ff/jGU0SM8dDQ0FNPPbVr1y6eHvO8XdM07iJpRtCecxVx5Lk5uQYZLkBK6ZEjR15++eWsrKzGxsZvfvOb9fX1HB8kfihN+oce2IULF773ve+1t7fzPysqKvr7+w3D6O7uHh0d5SUAfsF5PZRlyAtgmtPh90xJSUkymaSUWq3WcDjM8Sa6rt93332jo6M7duxQVVVRlPb29nA47PP5eJ00GAxypAAAlJSULF++fHJy8sCBA5xCoqur68yZM3PmzOFYQrOgwPerKEoymTx8+PAzzzzzyiuv8NnAeDx+6dKlS5cuvf7663fdddef//mXKysrJFkg6YHQNCijsaHxW//Pt462HX300Ud/8YtfMAZWqzUeT+bkeACgsbFh3bp1mzdvzs3NZRkyQg5sgQyKMxaLmVEE3/U1LzzdKqsqbl2/vm9ouH9wNDfbY7E5C4tLqqurCaMywc5sD9V1h02yyILLbmWGNjDYa7dZKBjewuKJqXAkoYSiqq+o9L51m/YfPBQKR0fGxhlQj8uTSiWSJiLvml2za3bN3mtCeqAXMZ5SI4SAMYwwQ9jKFCN4SdO5GADXw2aUUZMOOrOKY7hMD/0eZrv3GAKU6RtO++xlY6ZiOAKEQQBCBCISTBCmwDBcpvNNlyoAECBCPjGW+N+LoWlER9x3oowe1erVqzHGbW1ts2fPbm9v/6d/+qe8vDyHw8EL8C0tLa2trYcPHz516tRnP/vZ06dPV1RUAIDJw48zIsl8asDM3lOplElVbbaSePzE/TdMw/xPR+59LGpZE2dr/gkAhJBwOIwx9vl8yWTSZrMlk8lQKCRJkiAIkiT98pe/zMnJWbFixfQuzSfYy7q6YLF/+JZhBGCqqk5OTqZSKavFqut6SlExQgA0zfcHAJAeqDdvDJ5EMQa6biiqJiCBEJaKJyRJEiVB05RoOOx0Oh599NEtzz4LgEdGRpYuu3FiYuJiT8/eN9548aWXNm/eXFZezlMpwzB46IoxwQTzW89ilUVRBMpsNnsgEPD7/ZcuXLBbG4uLiw2qN81t9o+PXei+aDAaikT+6Z+/M6O8MhwMnTt/tqmpeXCw3+ZyWBx2zs/PU9/MuWC+zk0fQqKUIoQRxsCAUQaAAVg8nozFomoqNjg4SKmBCOvs7Ojq6kgqUUKQqumMUoPqgiBZLFZNUymlgJCqqLFYPBGLSbIsyfLKlav6+/peeeWV2tpag4HdaaUUMYYRxoAY01SiqJJhgJ4CPYUxYIkAVUE3BEIINSCRBEWzMlHXRWSIArGomgoiAEaIMVANZjBABABRwwCRgqYIElhECRkMzIofApI+/U/Dz2f6FACvvLhcrmg0OjU1VVhYyNNmi8WSk5OTSCT8fr8gCE1NTR6PZ3Jysquri5NQdHR0DAwM+P3+S5cucTZ4voQWFhbW1NTYbLYTJ05s3Lhx7ty59fX1s2bNKioqYozJsnz48GGPx9Pf3z85OWmz2Q4dOrRt27aLFy+ePn06EomIoqjrem1t7b333rt+/Xqr1fryyy8XFxfX1dVxugH+w4nH4zabjVLq9/sffvhhj8fzta99LT8/n5ceTACXqcF+VVgqlerr6/vZz37205/+NJlMAgCvYttsNs6cx7Nr7ow4S7HJZaPrOgfJ67qeSCQ4gkxV1bGxsdHR0YsXL77wwguLFi2655577r333o9bFolEIj//+c9ffPFFhJDL5fra176Wm5v7jW98QxCE8fHx3bt3c4ZIk3GQf8qEA5iFAO5zg8FgJBJ57LHHYrHYj3/845GREULIv/7rv952222HDh1qb2+fmpoyDMPv93d0dMycOZPfpRaLhRBis9lSqZSu66FQaOXKlUVFRZcuXRIEYXJy8u23377ppps4W+R01D0AjI6Ofv/733/yyScBgAsPpVKp4uLilpYWQRA6Ozt/8pOfvPbaa5///F0bNt5aU11jtVk1TRUEwWF3JJIJh9OxetXq2Y2zjx8/0dnZ1dHRAQBOp7OysnLFihUNDQ2MsVQqdUVlje96YGBgcHCwsrKS+3FTvPATu2mufnt9996DR45GIrHZTQ3enHynO7ukpCw/Pz+ZTDKDYkFEAhJErCjKvHnzzp58V87OudQzbFB8qX8wpSNBtLTMXzR7bmskGm9tna9qWn5+/rnOc1PBKQCwyFcZFOiaXbNr9j9mAkIZMYBMcMcoxQJGjDLAAkOCgAmSKVBGgTEwmAEAiKFpYQWfgOW1BB7omy+wyzSD04sAgNh7iwaZjzOE066DIEwZA2AUIcQQYMxo2q8gQMCQicj91Bhv4HPlPN4aKioq6u7u7u7u/sIXvjA1NWWxWOLx+LJly0pLSwsKCvbt23fixInNmzcnk0ld1zmEdXrCzGMgyEwncm5/HkLxDjzHBZjx6xWO2eRnnl6n4C99FC9+RRUAADjNAedqFgSBd0K4EMDIyEg4HO7t7d24caPH4+G9Aq56xdJjip+q7/pqN/5tMAoIMc7TMTI87HQ6FUUZHh7WdV3ioR5GHPyfrjReVucCyCACMCAJC4yBbLE4HFZFSapqKj8/b9asWbfeemt//+CWLc8lU9qdf3L7l750bzQet1ik555/fvGSxatWraKGIckWQ9cBEGcK4WPrXMsEExFjRHUDCJ7T1PTNv/nf+/bu6eruVFVlMjhx/nzHZDB89Ng7rfNaFl636M39BxRdq5lVe/DtQ3WNDQIzItGI1eFgAAgYQgyxK9MGzIAizkFgYnkAGKPUwBlF8Vg05nJa7Q7bxGSAURqNRs51nEvEE4qSVFQmiCLVmabpjFGeHhBCJElMJROnTp1qbGgoLCwsKi5atXr1Qw99v7Orc05zi04pYCIwDDoFgpFsETREUgZoDFQDNIPaEVgksFsoJrKmAQJQNaaozGoB0FMik7EBahKILglMskpUFAFYEguUiBCOgSDQVEpXNSAWwDKvZQDiChDoPev7VWvTJ554ws+TSY4/598m5/OfmJhQFMVms+m6PjEx0dnZiRBavXq1x+Pp6+sLhULj4+Ovv/56f3+/1WptbW1tamqqqKjweDyRSKSnp+fGG29csGBBXl6ey+UyE3K73U4pHRgYaG9vHxsb27dv3+nTp1OpVDKZFEUxNzeX08I3NDTE4/Gurq62traWlpaampoMTzgDALvdzuldjh07Fg6HCwsLOeErT8N4mscxVr/fS/3RbXJy8oc//OEzzzwzNDTEk3wO3ZdlubCwsLq62uPxzJw5s7Cw0O12OxwOp9NptVrNCTXu0XixOx6Pt7W1tbW1nT59emJiQtd1VVUFQTh69Ojx48f37Nlz//33L1q06ANnAd7v2rimw44dOzjZXl1d3fLly2VZ9vl8Q0NDsViM3xUso01gcutwLIAJbUAZUlufz/f973+/oKAAY7xw4cKRkZGKioq8vDybzVZYWFhZWTk8PIwQCofDg4ODkLlFfT6fxWLhbL4TExOhUIi3AXp6egCAUnrw4MGOjo7c3FxOf2Cezvnz57/73e9u27aNi/643e6ysrJ169atW7euublZVdXz589v27btlVdeeeyx/9qxY8fyFctuu+22hoYGSZIMSgkREMKKquTn5998881r1twUi8V4JOB2uzkFvQlpQRn6Bl6oCoVCR44c8fvH1q27hf8EcEZX2Ow3fNhl/+Mx1aA2wIuvX9Iwe46uQX5hESFiMBTh9xshhAgCwSQUDTY1t1zoOk9EUlHsRUTWrYwl1bvv+YLDlRNLKaIgVJVVJJWUNyfHapGOHWuLxmLCp6Joe82u2TX7XZjwnnI4AoJxMpW0SLKq6JgAAAJKESCMMBCEAIlIBOCE/GYWn07rgcHlNTwjNnhFpYD3DD8ghkwTEVyuXvMkH2GBi1JLkpBIJggiCHCajYsBY8zQr3rJE9Mpcj5/E+WoKIphGBy4eODAgVmzZq1fv95sbpw/f/7QoUNr1qxZvHjxf/3Xf3GNn+lxrYkGhAzAkhCiqip3w8lkkpPwORwO3rzSNI3zGJsp9xWJ93QPzd/G4QYf6LmvyNjNxm8qleLRmClhoCiKqqqqqr7yyisul2vevHmQqVmYDM8feAz/B/ZHG2T8LswE8zDGBIEUFBScPXdm//79vb29/P4QRJwh/KO6ng7QOQOFphmZWkCa3AMMhhGKxaKyKImE5OZ4GxoabC6X2+W22Sw5Odm33377vAULO86fe+GFF3K83g0bNzrdboSQquqECIjz1KXx7RQBIoQwYNTgKBJqd9ibW+aWl5cNDw8Eg8HXdm5/bedOnbI1K1cvuG6h3+///OfvOXXypKHrkWj0zNkzjXPmjIwMuT1ZBgWrzZb+SVEDYcx4+x8BxoQZBiZEN6ggYEYNTdEJxowyLIqGwRRFUTXF6cx1OBzhUNhqtXK+t1QqiRA2oUwIAddQMAyDj+yM+seeeOIJ/+jo+vXrZ8yc4Xa74/FYX29PY9McxFdsgwGIwAyERbsja7yrP+f4eeIf10Nxa3U5dkhQWWLLzzHG/WxoMDUZHR33o3wvy7PLZV7xcCp6+qRc5E1OjmgyI7lZYJVxaSk6e1a5MCBgIdHRlUyq4C0AiwsoAcIADABqosY+BWYubnyh40sZz21M0LKqqsFgkEuZ6rqeSqXi8Tgn56+pqcnNzR0ZGSksLDxw4ADH5FdVVc2ePZsnqwMDAzabraysbMaMGbzwijOs8jx35TIBvb29nZ2dfr+fp1Iul4tTDMqyzFvfw8PDwWCwsLCQU81PT6IAgFI6NjbGuWCzs7NxhvGer65XsOL/4dgVBWWE0PDw8De/+c0tW7bwNcFut7tcrhkzZjQ1NTU0NGzevJmntWY9ejrK/QM3vmzZsnA4fObMmaNHj7a3t58/f35kZERV1Xg8/vLLL3d1dX3rW99atWqV3W7HGcFansROH44zU/pEIsEvKc+oH3zwQZ/PNz4+DgCEkGQyiTNkulcg//mD6eyDCKGsrCyTYqm+vr6+vt581W63e71eXinQdf3gwYN33313dnY2137nzpoxxofmRFFcuXLljh074vE4xnhwcHDXrl1clYBXDSilgUDgF7/4xZ49e5LJpCAIVVVVf/qnf7pp06bS0lJ+qDabbcGCBXPnzv3MZz6zb9/eN97Y98Lzvzpx/NQDDzwwf/58p9MpiiKjYOiMiYgyAxOU5XFRShGkBzFM/j9+h5vowlgs9u677z7//POnTp2RZdlqtZaXl1utVsiIKdBp4o5cvfiPsxBABHHlqtU1NbMQEamBsr25wamwpml2u10QZUREUSQ60xNJJc/lzHJnK5GgxWJLJTVfbp4xPkkImZyYKCwqCQQjzKDMoL5sb0PNLKrp7xxr0wz1w/dMk/1v79p/LkyxXLjw5lWzsz5CwVAf3vXsOxWbNtRYf+NbabT/QiSvusj6e/1KjcnOb/xw4r5vL27IyGUoF4/89euF31ox8M3Xin/01xXuP7o77ppds7RlPFPa4wHBeHJqsqSkFCGkGwyAAcbp3J0BMEbT6T8zM39kVhkRTHvGjDx4Fy39yNzSB1l6TABjzBAghggQAMAICwRJojA6PCwJ6c9nEHZU0z7qdPrVYqYLNOcVNU0rKytbvnw5z6AMw4hEInv37s3Pz1+2bFkoFBoYGFixYgUnkeKzoNNLADyi5SxK3K8YhnHmzBm/348Q8vl81dXVPp8PMuQ9HDgwPUPLdDgRxwUQQniLieMIPvqpUUq50DHX347FYtFoNBgM9vf3v/rqq0ePHv3iF78Yi8Wm0zV9gvn/NfvdmSCIM6urO86f+9ULvwoEAqIoSJKERcKYAYAACACjFPHWEL8hTT4tDhZgmCZTcafTEY/HAbiSBbyxZ3d7+9FoNObxZNustp2vvdZ2rN1is67fsKGsrIJRECXRAMoYRWh68MIAADHE71iKma4pk+P+0eGhiUBAloS6+rrikiKMhUg09sBf/aXXmzcVnJpROeOt/Qee/MUTp0+cPHjgYFFRcUrVBocGdd2oqJghEokhjAFTShFBCGPDoBpVMcbU0DHCwBjBmKcmoiRoqoYQGhkZEkVis9tGR0aHhobq6ur9/uF33zkVicYwxoLA4nENEMEkzcKt67ogEEkUVGoMD48+9/zzh94+vGr1ik2bNgmCEIvHCcZ8Jh8BSpMUFOSV3bZu3y9+4Xj0cTuDlKbPXb5MclqB2KpuXHpiyzOhjp6x8WB//6Ub/+wLcllJFV6MLvW2/cu/uqvKElOTWZWltqoqcHoq77pjMjx5/LEnswmZ6BtWHHaorgFPDmAMoDPQKAAGkl67r/IfopkYT19SOJKcZUboEUJ+v7+7u5unW5yxb2xszG6322w2DrlyOp3hcJiTArrd7rq6urq6Oq/XK0kSzy0516mZ/OOMEgFCaGho6O233x4bGwsEAnzJFUWxqqqqvLw8mUzy1OvcuXPvvPMOnwvgCRJvd/NVl0v2TExM8EIDH0e/KsxM/MxnXn311WeeeYYxZrVai4qKbrzxxpaWlrVr1xYUFHBEGJeMMcHtv6bujDL0B1lZWYsXL160aJGmaUeOHNm7d++hQ4fefvttQkhHR8e3v/3tUCh066235uTkAIDpcXjdxCxt833x2fv+/v5YLBaLxY4dO8aL1JIkeTye6667bvref5sr43a7Gxsb9+7dm0gkRFHcs2fPrl27Nm3aZKoeTL+GlNIFCxYsXLhw3759AKBp2ssvv7xq1aqlS5dy0n5N0956661XX32VYwfmzp370EMPXXfddWgaQwS/o2RZbmlpmTVr1qZNm7ZuffbZZ7f+27/9f4sXX19fX9/Q0FBYWMj1eiRJRDit0YMAJxIJk1GY39v8qFKp1NjY2MmTJw8dOjQ66vf7/T/5yU9GRkbmz59/xx13FBcXT+9PsLQkyicj+ns1Wk6ur6CojAK2ylZBkKOxhMFotjc3HWhRoIA1VRct1lhCnTGztuPdoxgLsiwkEqmmxjmYYVmU7HZ7JJYyNM1lswPCDru9uLDoOCD2awLkVN+b+wZKN/xpS3bqwp7Xzwdqr8v/zRyZQtFNny/6aCeWGjpxIri0qsj6BwZFkquue6QKUl2/N6Wza3bN/kBMAMh4OcTH7MHQ9f6+/ty8PLvdmq5em615ltYLSLcAEXqPO0bTQaKZDwBwGun0s/BBIIDpad7l59IPdU2PxmJDQwGCKGIkIw0InEDf0K56spPprXszQOSOmVKan5+/aNGi1tZWq9XK4xKOcgyFQuvWrXO5XG+++ebY2JjP5zN7Ppqm8UoB7ywBQCQSefvtt4eHhzm4YMmSJZIkhcPhWCx25MiR8vLydevWeb1enofw8jw/NrOUwL2+qqp8SIEnb/hjavzy7YdCoQsXLtjt9s7Ozr6+vmg0+u677545cyYYDLa1tX31q1/lENBf0+e5Zr93QxnUTxqyw6gvL2/t2rVAQZbkd44d13UNgc57a6Io8i+TlwDMGhPXQsME66oOGZ12yhgg6vf79+3dfeHihYGhAY/HneVx79m7x2q11dbWLlq8uLS0DBPB0HRdf3+Ac3l5YYwhAghBMpWcCE4l1JTL42IGHR4ZsUiW8tLyUDCU783P9uYW+IqRQVesWCMB3oKfOnP2zP7d+266ZR0B1D84JBCxtrbO0A0EmBCkairTGREELaXIFksyEaeU2ew2wFgUCGNM11RMcNFFtZsAACAASURBVHdnd2DC31Bff+nShR07d8Zi8TvuuP3A/jdOnuwwqI4IASAYI8TRCjTNS2cYhqKoAsYMsXgs3tFx3uG0NTU1BYPB4NQUQogAMENnaXU+BFlO6y03VkUmoqPjEmMFdTNtFeVgtVGKs1pbizu6ox2XREd23S2z3a0LweZ0zayd86X/6+Sjj6hKjHh9vmU3CAWlgC1QPWPGPXedfPzxSCrlqCr3zZ6TXV8LEmEIMjIAgD4to1fvz9Z4q9/kMAMASmlPTw9XPscYnzlzpre3NxwOO51Oi8XCZQIFQfD7/bIsS5Lk8/nmz58/e/bsZDJptVpHRkY4zTvfF4d0GYYRCASOHz8+MTExNTXV29sbi8V0Xedj3g0NDRs3biwsLBwfH3e5XGNjY7t27Tp8+HBxcfGyZcs4YxwXoodMxzWRSBw/fnzNmjXLly/Py8v7/VzN/yPj5TmEED+j1tbWNWvWTE5OFhYWfvazn73xxhuzs7P5eBpvznOvxB+YfAfv3+wVpRaWoXu84YYb5s6du3Hjxh/84Acvv/wyAFy4cOGhhx4aGhr6/Oc/X1JSIsvydLIb/F7ZSIfDcd9991mt1v379/OpDf5tZmdnb9q06dZbb+Wp72/vsBwOx9y5c4uLi8+fP8/xBT/4wQ8wxvPnz+/s7OQSgCYPpa7rM2bMWLduXXt7eyQSAYDBwcH//u//rq+vLyoqopQODQ1t27att7eXUlpQUPDlL3958eLFvI5vhhnmwAIAWCyWysoZX/jCl0pLy19/fdeLL774q1+9VFJSsnTpkoaGhvLycl++z+GwCYKAAAFikiTxSIN/nM/O9Pb2Dg4Onj9/3mKxrF69et68eYcPH9m9e88rr7yyY8eOvr6+v/3bvy0oKDDxLOYA1NU1t/IJWmNTi8XuACJY7fZkQkMI2e3OYDDocrkQEdSUIoqiTpndnaUkksWlZTt+9Xy2xx2Oxu0ud15+YW6+b3hkbGBgINubH43HJEmKxuOSJOX7fF6vd2h46MP2q42f87vn3pAtAHLMXL1p5vSXhnY89aY805cITY6FXc1N7sBAYCoQcS+87eaK4Gu/PFq16brel96yVudGp2LhKbXwhvXLCwOv/qK9dvPtNRbQBl97/NiMjbWX3hoco3t221avqo627zoykMJMY57ZN65oylEuvLXj7RGdgE7d9TevbvFd5ufUJ8/s3XFqAgSmgm/hzSvq3WzyzOuvvDslOVy+Auj1z9z8mVrWe3D7kQFVIBQ8c1asbPKKH+Onl+o6+JXtxf/vOv4Xi188+a1nUp/9ywULHerxbUee7lQx01le1f2bayrlX7+la3bNfiemGYpmKAbTCBJFIovkd3UjChncGg98ECJMQkTVjJHhQY1SSlmm/T+tdz8N5JZBD5jxFMqk+RmiMAC4Muu/PCKArmgnpXEA6IrnCEayQEiGaocxXgYAxphBP4UoANM99/f3l5eX19XVybJssViSySRCiNfXm5ub6+rqKKW7du3y+Xw+n49/yjAMTihlGIbdbuf0e1ykurCwkBBy+vTpLVu2/MVf/MXMmTOTyWRvb+8777yzZcuW5ubm5uZmPknId2Ti8E0fzztRJmfBx417EEKapk1OTv7oRz/Kzc2tqKgoKysTRbGjo4NjKXNzc80W3JW3wbVywB+apasAnE0EG4ZaUlJyxx13JBPJrs4LgcA4o0CpgbGMEACaLi1JMSYmPoXPwzODapoRjkYlQSCCGAwFd+7ayWm9Vq9Zecddn7dZrHm+grz8AovVzgAIwQQLiqpYJBkhrsfH0oIm6fUKYYJ1nVLErHZreWUFsBKMMWaQiEYD/kAyljAUnWpMQDIwAWIxAaGlLYuKfMV7d25/68ihU++8W1pW6s3OHujrmzGjSsACowbVgWDCGEXAZFmKxyJnzp7Nzc2tqqpCCAxdRwDA6GBff3/fpbKyslBo8mf//fi+vXtWLl9ikaySaMnLyx31j1GKAJDFYtEp1TQDIWwYVBQFQoihUYQxAdA0DWM0Ph44dqw9lUpRRg1DR0CBIUoECkhEAlBD8nln37uZJlPMoMTjAo8diEQpE1ye2jvugGAEkABuD2Q5GcZIAFxVOfev/9JQwoYoSHkFYHGBQICR7Na5C92yoKQE2YqzfZCVCxgB4tcUC3BZCfJqtytGnHipVNM0XtnkrPt8kpkney6X6/Dhw4lEwuPxOByOYDA4Ojpqs9n4bDbnaSeEcGJ/TdMSicTk5KQkSePj42NjY263m/O3hUKh06dP79+/f3JykndQEUJWq5Xj/2+44YZly5ZpmuZyuTjdYGdnZyQSWbVqVVFREc/ceJrEF0NRFMfGxjRNa21traiouOrSJ5PbH2Pc0tLyL//yL6FQKDs7u7Ky0kTAmZh/c8bBbDi/f4NmV/n94w8cstHU1PTP//zPeXl5Tz31lKIog4ODjzzyyMDAwIMPPlhdXc0zYb59Xp4wZy4QQpWVlffff//atWvb2tq6urqGh4ctFsu8efM2bNhQUFDwsbhyP8y4V21tbV22bNnAwAAHApw9e/bv//7vZ8+ePTQ0xEcPAKCwsDA3N5e74BUrVuzdu3fXrl2cB2HPnj0PP/zw1772NZfLdejQoT179nBs4IIFC2688UbzYk6/kWAacQ9CqKio6M4771y4cOHp06cuXrx44MCB3bt3b9++vbi4uKKivHJGRXFxcU5OjtPpdjqcqVQqGo2mUqlgMDg2NsYlM3t6egYHB7/61a8uXbpUFMWbbrp5zZqbnn322eeff/7xxx8HgH/4h3/gCgKQqbaY98PHZWr8FJg7OzulaU6LJZ5UEsmUz1egKrrBkMGQzigFRkQBGyIhSJSZf2Lck5uf5XZiIbZo6VLJ6ognUnaHo6p21vBoQJRlhpnBdJvdLkpSbd2s8YnAh+yWKuEoiIH27Sf9YUUsaFm2tCE7k0gjjGlSLVtyy2Lo3f6zHUNr/+zmRWhw58+O9ifKXek36LFowW23LrIql17+2fHBRQWW924eu2sW1p8I4lWrm+zDO7aPzdz4uUYnVgb3/HL/ufLVrG3Au/qu5UWCNt5xNpyiPhGbhxWh+UtuW11uZ5NtW146GaieHz3QFm/53OY5ztSF1395htaAMvjGgZEZt901z4OTPTue3Heu8rNN7swGeOHvo95Fylj3j7ZE1nxl8UIXjp9/96cDJd/5RlUuVk/+cudPDhc9dKPjKltVr9nVb5qhJPUYT551pulMA4DfURVAwBhl8vY0SR8CJhKEZcEwGAM6ve0PAFf0/+HyCyy9CXO4N/0kMj/Ft3PZ60CmmmA6bHMnJj0g44P/DCEASg1I+/h0kE8/dKjgKjUziNF1fXJy0u/3FxUVuVwuAOBpeSQS6evrkySpsbExKyurr6+vp6fnq1/9Kufa4Zp/AMBL+5FIhIPqS0pKNm7cmJWVparq7Nmzv/Od7/T29i5ZssThcPh8vrKysoMHD+7du/fSpUt33nknj7RMzP/0eEtRFMYY3wUPLD7W2fHoKisri1La0NBwyy23ZGdnv/vuu1wYSRTFJUuWcJTBNd2gP3yb/uPHmEiyDEDtdrvD4VA1DSFkUANhwARl2seMUvZ+XUlCiGyRdUXTdDWZUmWnAEApwxMTE5Is+/J8G2+7bcXKlYxSTTMEUaYMAQNN1QVRkCULAGiaLggCQpd1Q/nx6ZqKMcYCxiAKIsFpDhFmsVgJEl1OVyKc1BRqRJX4uF8Jhsf8o0BYltezYfW62tpZO/fs/NXW52fNaYwpKcoMnYKuUwFhQhBGKBGPT0xNdnV3RaLRmppqXdcwwoIgMIP6x8bG/P5cr/edd9q3bt16/tz5lubGlpbW8fHJxsamjs5uv38SEEaIIIw1JU3YqWkaQvxEMKNgMIMxKknixMT4W2+9GQ6HdU1XVUUWJQCiI2YAJoAwMGSzUZtMqSJgAXQGgghIwAICQJCXy7LdCFEwRBBEJoJKABEiVpVjPUYEgYGsMYFgRCgAE+T6GqAa7wgCJZnvFyMQEPcCn5b4HE0DopuCKRyHwhcfzp+iKApfdbds2WKz2SYmJk6dOiVJUlFRkcPhsNlsqqoGAgEusbZ3795jx47xfvXY2Fg0Gj106JDf75ckKRAI8J7/6Ohob28vy4iwZGVlzZo1q6mpqaCgYP369cXFxRcvXnS73V1dXQMDA5FIpKKiYuXKlXzIizfATaIWjk1QFGXGjBler/f3ejk/tvGLb4rXaJpWX19vTjpMf+d0aUMzOf/AbfJ3miIIJpiOXyuOIKiqqnrwwQfz8/OffvrpS5cuhUKhF198cWRk5Ac/+AE/AD4Nh6dx+3PgEtc99Xg89fX1kUgkHo8LguDxeJxOp6m/81teE36aeXl5d9xxx/nz548ePcppenp6egYGBkyKQV3XZ8+ezcdPKKUzZsy46667Ojs7uTJFNBp98sknw+Hw/Pnzn3766cnJScaY2+1eu3ZtXl6eWcHnFVhTAGj6v9z/VlVVlZaWUqqvX3/rxMTE7t27BwYG2tra3nzrgCAIsix7snK8Xm88Ho9Go/xTOTk5dXV1VVVVbW1tvb29L7300qxZsxYvXuzxeNauXdvY2FheXv69732PMz58/etfLysrMws6v/3Vu3rNm+uTZKvV5jAMZne4MCGBwKjP54tGozwAkySLruuqmkJE6Lx4KWnoFk3PKSxQKC0rLkmklII834XePgrM4XRZrbKiawghLZUsKi62Oxwftl9K9XhArfiTO26QY107tuw+Vfy5Vo+5wAvO4mwJgWFx2DzZHhGAWhwSVQzzexLdZV4LAiBWh6gpOrN88F4AjMjQSGTcv2PrSQYAmkGFpDy71nn8tZd2zpxRWVM9u8oxza1gOcsSfXPXC0exwGKRZK6mx8ZDcmGBHQOylc0qtBwDIzo0IRQvcBEAsPjKXdGeoGGWANRLLz/eNusLd9XafnMAaUQGfvIfU9mfv2VVLgEwAt0T4wOT3/vBBQBgCjWkpA7XSgDX7H/aNEN5T2LLQDOU31UJAJBZNqdA01P2AEAwwggACDAzY8+0+TPz/ggQQ+kNZDaIzOQ9feyALtMGZD6JEJqe7U/7f2bOP9PSY8Az/XSRfRrFYAaIjD89v9DpkQ1jbHBwMBqNlpaWWiwWHr5omjYwMHDgwAHuTROJBIcD1NTUyLLM+YH4JJ6u6zabzTAMTmfNP869fkFBQWVlZSKRMDNtr9e7du1ap9P5xhtvPPPMM/fffz9kRg15/GQCE0RR5FMGPDS54ph/o/HoymazWa3Wmpoan8+n6/rg4ODw8HAymbzuuutmzZqladofLS3QVWsIGEMACGM+sMrFOzTNEEXEGDUM3TAMQAxlZNg48SdHhRBCECBEsCiKhqFrhsEMTaKGZqjZVkvrvHmt8+cnolG704UJaLqOsUQIYQwQwgRjXdcEUYTLI48s8x/GCBmGbjDGgDIEGAM1DAQgIGR3u4uKimNTMZRSx3sGek+eZwmFMiOeiAUcEraQ7ALvpvUb3zhy8InHf0Zscn3j7OaWFlmQMAOgNBaLnT17tn9wMDsn+7qF12V7PIwyAKCGoaaUixcvHj1ypO1YezAyNT7mr6oqu+OOO4CykuJSh92x5dnnEBJ0w8CYaZqm6zoAzvxCIS11johACGNU1zRd14aGhkRRlC0yIYSrDgCjDGEGGAhhCFEDExFDumJKGGCGQTNAFAgjmGEddF1XDSaKKcqsWAIDIyIyhAxCNEoBYQwIMaIAIYIoMgZUAIQhveTiacs4Bfg0gAGmpxw8gQEAzlHC2fv4kywzqOz3+zlPSjKZHBwcpJRywFQikZBlmRASj8enpqZ0XedzTIFAQJblcDg8Pj5OKZ2cnBwYGJiYmAgEAlNTU+aiijF2Op0cxlVUVOR0Onmal0wmw+EwQshut3OEFwBwcgH+QFEUWZY5eIrnCVdd+3R6I1oQBO5reCecv+EK0nj+dUCGcu/9xlvc00kT+XfH98WvOaW0pKTkgQceqKmp+da3vnXhwoV4PL5v37577733kUcemT17tjnZrmkav7YwjZeHb9Dr9fp8Pn7PmDyCn9TkGkJowYIFDzzwQCQSOX36NP9mTYkcnvOvXr2aEwryMYfFixffcsstTz75ZCgUEkUxEAg89dRT27dvD4fD/CDnzZu3ZMkSWZb5dvih8jvcLJHwveu6IYrpuQBRFDGWqqtrq6tpbW1tMpn0+0fDkVAaLwPEYrFwLQCr1cpLJPn5+Zzi96/+6q+OHz/+H//xH5IktbS0iqJUVlb24IMPKorywx/+8Omnn06lUt/4xjdmzJhhVls+bLjjU28GQ0SUVZ1SChYRx+NJm8M+FQoGxsa5IoZssyaSKUIQo2z2nKa2w2/rgK67cWWWJ0cBGtcUJzVEmwURzEQcSsYdOZ5wMChYZV9xocVp/5DdYtlpt+ZW5tswgLO02n3oQtiAyyUAE9iLpo3qXgHnnd7fg7Q0GMD72KABsLPm5k3LCqa1jApv+2L9xNClns59z75Tvv6OJXmZH32kY8ehqabP3V7vRJEzW58ehve0IC+jjS8be8+fYunyz3ktlo90I+nhRHar5dS+/vGZVT4CAMjbuuihO7y/mRHhml2z35kZ7Mrx9vc/80mZwD0Ey9gVL2fI/tCVTwJAOkNPw/3ZFVWLy4m6iTF4T/7/no2AmfYzxhijjDIKDCgwoOmjYpdxx+9dAq5+l3GF2zM7IaFQyOFw8PaOruuxWMzlcnH9oaVLl0qS1NHR8atf/erLX/5ydnY2Z9rjs6x8djEWi/F8OxaL2Ww2h8MBABaLZXJy8uLFi0uWLDH3brVanU7nLbfckpeX9+STT373u9/9+te/7nA4eLuA5ySQgfF3dXU5nc6ioiJekjApmj6KSZKkKEogEOBenw/fDgwMxGIxSZLy8/OLi4t5FeOqC2f/mOwDIbjpgXZNN0LhCGMMiwLSFB7U8bEUShkCxBgVRcmM5tP82wwEgVBKKNUVVZUkolEqi3IoHNV0XcACkUSD6sBAEESDMsOgoijquoEAKGOGpooCmXZ4DAADAEaIIkQEAWHQmYEREgVJ1zQMiBHqcrqIQMbH/FosmVSTE37/oUMHA1MBxVAtWdaEobp82YFo6FRXRyQR7xu474tf/OLKlasqyyvsVpvNZquurq6rq7PYbZIo6arKc4PxwPjRI0ee/PmTFy9evOmmNW7PnP7+/ltvvZVRpiTUOXPnDfX3KykVI6wlU0SiKU2nCHG2OEEgjDHD0ASREIw1VQVghgFWmwgAjDGr1SYQwdA1hImERIkz9RmIEUACZoARZSAwDucCBIgAMMSwoDBFEBARLBGaFLEF8/ENhoECJZjg9JwXAxCQlFJTomRjzABmIEIgo39AAAAYA4oAwVUOBuBr7HQUNAAoipJKpTDGvL1vNqj5jACf/ebr1dDQkDkSZbVaE4mErusdHR0XLlyYDh1PpVL79u2jlHJSAD7DzxPL3Nzc4eHhmTNnbt68ee3atZWVlZIk8VZ/fn5+dXX1gQMHxsfH77zzzuXLlzc2NnJOQd4e56ksZ4Y7ePAgXza50OBVtGyaBWWTIpQn0mwaha0JQOMICHNk/cO4AEwY//Q/+dvM9/OU3uFwbNiwQRCEv/3bv+3u7gaA48ePr1u37rvf/e6XvvQlU8yPFwI4lYl58fkWzMH1K+6l3/6y8DNdvXq13W7/3ve+197ezslTeAG9tLT0K1/5yooVK0RRNKsPRUVF99xzT09Pz65du/jx6Lru9/v5Nm0226pVqzhVBD818+DN5J/XAgRB4JvlvC1m6R9j4vV6KaWFhYW878PY5bjFLH9wU1X1i1/8IiHkG9/4xu7duycmJv7xH//x+uuvZ4y53c6/+ZsHh4aGtm7dum3btpqami9/+ctOp9P8Xv44S/82mw0hxLtcqqorSlzXdR4RRSKRZDKpqQZCCCEiijg7J7dsxszSkmIsW6xuVzgclu0OA2OKkc1u84+P5eZ4FU2lGHlycvoHItWzaj9sv5KvNufg2f54+Uyb4u+N2vPdv00/DQkyUSMqBSudGg4otBoAMGIGBeIq9mn7uye1fJ+oj584OFy4qDJ4vC+rdU5Zo7cwK/zUwUCK5qWRAEyNKaI724qZPtHVPalZGLF7Hcq5QIrl2ZL954aTrEpwFeUah/sjhs+Dk/7eWFaZZ5oUtuTO+agpvFxSe8+due/8dM+/vZH73VXu3OpsZetAn+KtlvSLb5w4W9W0oezjcAxcs2v2SRhBov7enJ8g8cPe/FuaQA1qEvW/t1sPkFaBft9Y3TR+/1/DD22GV8AY5pM5Zuafae8D77RkNsoyXH+X6xHvZQCejkTgKAHj1xGeXh1mptAm4T/PrmOxGJ8CYIyZDPwAUFNTk5OTMzExsWXLluHhYUqp3W6PxWKcd433oPiTXV1dqqqOjo6Ojo76fL7m5ubR0dHnn3/e6/U2NjZyfkEeLvDwccGCBQihhx566Mknn7z77rt5aZ+DBRKJhN1uT6VSR48enTFjRnl5OT+Yj8UFwE9QlmWn08n7V1NTUxcvXoxGo7quu91uHmCZUeAn1VeZfqnNiO0qCpf/kOwyeoe955vBPGaenBq71Nuf0vRUSsUIRCwgihAFiUiGqgqEMMw4swRCmDEAhg2DypJADYNRHSGGEFJVXRAFgwLV9YMHD+9/8+CGjRs1VSdEwHxMkVJV0Qgh1KACJqpuGAYXXac0PQeINE2zyqIgEFVNAYAoCdQwgBBJkJREUlX1k2dOXey9kOvN7r3Yc/5cJ2Msp9B7+z3rS8rKNKBYJh1dnc88t9VgaPGSpQ6r7ZEfPfzYIz8pLS2tqa6tqakpLy/nBPIEo3A4PDw83N/fr+uqphlzGuu+8w//UFRc0PbukXnzWmKJ1NDQyK3r1judznAkomk6RowQ0DSdEAQMEOaiKZQxCogyxig1+ANRQkApUAYUJaIJJaHKFgkQYApgABBOlZJSGRjIgjATkIEpBQ0MJGMRqAGYCBbkNihVERBipwACY2AwEASGMTAQATBDjABGIOmGJNoMyhihCOnMYBhLBggAQPhSQSj6/9l78/A4qjNd/Dvn1NJ7a2lJrV2WJcvyKi8Yb7GNsQ04GJslDAxLksvABCa5TDK53GQSMneSzD6ZBG72mV9CEkLYDdgGg41N8G7jTfImWbasfVe3Wr3Vcs73++Ooi8aQXBiWJEbv48eP1OqurqquPvUt7/e+QJU/8RIAvLXw6kxHO1wnpxUMmQa1k5TKfFWOZRFCEokEZMaYU6kUIkphOVkblZ18x4pVviQ/Pz8/P39wcNDv99fV1YXDYY/HI5c+6dUaCASk4mBVVVVtba1c/J3OLWRU3KVnYXFxsaQhZB/XRYSyj/C8vluQjJyB/FXuv9O0v2hxdngBDmXgHbd50at+z+1Dcj3Wr1/v8/m+/vWvNzY2AkAkEvnqV7/a09Nz//33yx67EELuoWyVS+6bI0/4/3yXd4+LbnZCCLfbvWbNmpkzZ+7Zs2fHjh3d3d0AUF9ff8011yxYsEDXdXnFymhBCDFr1qxvfvObHo9n69attm3LeoG8d1999dUrV670+/1OPUX+yXkveWVm5fzjExDySDMj+ixDo+DZg9YkS0RACAFAhACXy/Xnf367ZfGHHnro+PHGv//7//OV//3AsmXLFIUWFOR97Wtf3bL5hcGBgZ07tl+1evWMGTMJY4IjZdns0I8RXB4vcU41t5PJOAjidXu6OzpHRkYs2wgXhlSXbtt2MiUowYrKSZquhIrDkbF42rQqSsr7Bwd0r9u0rdz8/O7enrKyMg/19vT1BoK5Pv/vNAoh3qlXLOrZ+uR/7UVUi+avnp3zfpZ1pWD2dH3Li8915/j8vlwPRaS+smLx3KZnYe2GFatqtmx7/FcKtTE4a9V03UP17ld+dQI0hsI99Ypqr/POLLd+bv7zLzzxZNAfmjZ3Tu723+7ovXbp7FMvPvXosUBOOFzoSRHQy69YUbrlxd80K5ST/EWr6oO/f8/F6IV/+D/9kkjtqpr74LKsk8B8K2+fd+Rfdz8x5arb6ub9z4Y9D/3LFo1xXlB7/5KJ/H8CfwCoTLfRylLf+7CEAABAEQKd5PptDJuLJ+1l5A6SFQqAF30/yFtXcEJA1nQd8eo3iQMoebPjwn7jGv9ZQj74FtcBeIvowJtitu/IXLgEgIiGYZimmZubK919DMOQpNPe3t758+e7XK7Dhw+73e7Zs2cPDg4ODQ3l5eXJLpMsIsh5ASkFLLnZTU1NLS0tUt36/vvvD4VCY2NjqqpKMWpCSCqV0nW9oaHh7rvv3rx582OPPXbbbbfJ8EJKDEpjYVVV29vbx8bGZJD6ns6//NRUVU0mk7KmIEkBtm273e6ioiIZ2314rQDnsvkwNv5xBuecMUm4xVgsbpgmEEKRcG6rqoZo2zanFDi3gSmZqJEQoECE5AVRCpwS20YgAIQIBCGAMbWru+fRRx/VdX3ZsmV+v24YBlNUxhTGVEqpYZgEgFLCGBOcA4FEIh6Njubk5AQCfsuyBApN10zTHI3GCCG6S6cALpdrsL+jq6srnU5tfGGjpqiLr1y+aOnSqdOn+QMBoaiEEkRsWLSoPxrt6u25887P3Lhh/XMbN77w3HO79+49sO+gqmkejxtRAIKua5qmFYZCVZWV4ZLw5OrqiooKv8/j93un1NYdPX5sZCR61dXXVFZXo22PjEa5kIUDAEqQSJEzKgQQFEAEBcKYojAKCioKFUIolCmKYqbS51rOphMpl1vnnAMBSgkgMAocOBCGABQQiA2AwBSKFgWVUBQ2AgGVEZZZ0G0rrShMEGIJQYAQoATABosAQQ6UACMEgQISQomz6iPKYgW9JMN0mQLJmo7b7fZ4PLLuKRMb2TuVQyvy+U63HxGlD6tcJ4UQhmFAZspdpu5yQZNe6AUFBTNnzgyHw2fPng2Hw7NnDt9rNwAAIABJREFUzy4uLk4kEpJT7XK5RkZG5CJZX1+/bNmyuro6RVFM05RTAHKbhmHIBbm7u3v58uWBQMC27bcvaxML3e+B/LBWr14dDAYffPDB3bt3M8bGxsa+973vDQ8P33vvvdXV1bquQ0bCxtEgkMSlD2Qfsu90mHEfcJQLEFEqREjHgXQ67VBF5Esc3oQsTMycOfM73/nOokWLnn/++XPnzqXTab/fv3jx4jvuuKO2ttZp/jtFIpKlrSg3Ljcrr1V55csDz66tEEIv2ueLqgAulwsAVFW97bbbVFV9+OGH3jh06MEHH3zggf+19pOfZExRFZaTk5NIJBsbm06ePFVTU+v2eCgjKOBdi7hdUpASToxQIQTaHIXgnFtGKpVKMYVQpiuKIuPAtGEgYk5+yO3WkwkzmUzn5OWdazsfDAYHBgYURYlEIm63OxqNujQ9FApFhkcqyyt+9zuzwJTVN095hz8oJVd/+mb5U/HyT98GAAC04BP/4xYAgHX/oxwA6sefAGrxqrtvBgDwX3bjXZeNb+BKAACouOLT/3P8gSU3Vy7JeoOCeWtvm/fO+5Tb8MnPNGR+m3X3YsBUN5+x7pbasAujx586H/CrQNVJy/5s0u85p9kbzJ/60A8uokJM+nk9AEz6uXw4UPHAt+VZUuZtWDVvw7vb7gQm8OFAJvwfkSPAW7rrkGHRAoAzzn/REIBMzcdfhRcl5xmJcJKdusuHM6l/dpcf5ZT/+M9vHTN6W/6P43KFWXMDcOlGOXKYPzc3V+pRya5Fe3t7Op2WtH/TNCsqKurr66U8ta7rUsSIMdbW1vab3/xmYGBgzZo1ixYtsizL4/FEo1HZxAgEAgUFBXLKAAAMw5CtfqlonUqlVq9ezRh75plnKisrV69eLUMEaQeIiPn5+WfOnEkkErquk4x44bs/KMbYyMhIX1/f9OnTDcOQw7Gc85ycHMmG/Qh4gI6+1MeQc/ghQQajQoi8vDzpYZ5KjUv06brOmGLbSfk0h7Qja4MoAJEgAqOKooBtCySyNCgMw2CMASEHDhxQVbW0tHTWrFm6rtm2sEyDMYaMobCBKowSI52MRCKyeTs42H+utaWhoSGUHzJNwzAMIUR3d3dfX4+mawX5Ib/Pv2P79td2vW6lUhThxhtu+PM778gPFQhApNQyTSSgaqqqqZMnVzNFOXbs2J/d/KkbP/WphZdf/syzz/7yl7/s6OyMx+MFBaE5c+cUF4Xl5aSqCqWkvaMjmJNjcfvMmZadr79WFA6vX39DMCfPtm207Wg0kkqlTDNt24KpTFAKHFHAuKaKIEDk0RNKABFdLhdyIVPTXbt2vfji5g033qCoKjBBGYAAoGACZchUARRtJCYiIxSIsIkgKARTCHIOFqVIdEUgRUVBQJuiogEACslBpcQGmwPzgQCwURAEhTEQwLkGBFXFAsKIwiRpjGbdJ/704axjUmxPrpBSll/eqRyytMNRdxI2AJBLtNyU0+p3Ei25BV3XS0pK8vLyFixYsGbNGtu2X3311XQ6LUcP5FiBpmnRaPTpp59++umnY7HYhg0bpkyZItXmnJRMJq7y+U1NTefOnWtoaJDdYMlXdw7qUr0zfiDAjKYAIs6fP/9HP/rRd7/73ccffzwWi6XT6UceeeTIkSP33nvvkiVLysvLZVXd8Qv4YPN/J3mWD2Yn2/J6k3QSRPT5fA5LBbOCH0lJkByWcDh8zz33XH/99a2trYODg7m5ufX19eFw2FFGcMx9nCtZbkHTNNntd0QTAEAO+mVzT5xvShY7gEJWLUDWyOQV63a7161bNzDQ/9ivf3X6dPPXvvZ1ALh23XW6S6+uru7p6e3t7T1w4MDqNWtcLg9hUlIGPob3ZMmIJBRs20ZucW7Zhjlq2xXlpbqujo7FAEQymdQ0zeVyUUqnTZvR2tqSm5sficZsW7hcnq6uLq/Xq6uaQpmuaiAQuVBUjRGiqx8WhfgjA1G05NktTx0gCthq6fKrw3/yRzSBCfx+fKhpfzaUjCa/7PWMjwPk5HiWLZtWWBzyuj2EMcYUSimhCmMKYYxSRihjTCFU/kwpVcd/IJQoCiWMUEYoHR8gFRyFQMEFcuQ2ohDIBeeC2yiEkIZg3BacC8GF4IJzIWwhBOc2cp5IJvp6Bl/beSIaSVDMCBBmtEfopXLHcO6yTl3f6/Xm5OTIW7Wc8+/p6VFV1efzUUpdLld/f/+VV17Z2dn50ksvNTQ0LFq0yOVyCSFOnDhx4cKFz372s4sXL6aUptNpVVXlxJ2U8bdt2+v1OoRGkpG/JoT4fD5CyGWXXdbR0dHY2Dhz5kxKaX9/v+SjWpYVDAYNw4hGo3I48D0do4wPUqnUwMDA4OBgeXl5Z2enlCz2+XxSCAAyYdCHnZ9/eFyDjydkRKjr+pw5c6qqqpqbTzNGhLANw5SnWnABVErKv1k5QkRuc06JylRV1UUmLOaccyE0XUfEdDp94mTT0aNH6uqmuFxuAoIQTKUSuu5WGHWmgjo7OqLRaHV1ddDv7+ro2PX664sWLfb7fC6P27btkpISSmFgcKCzq+uNAwdff+21zu6uhpkzbcM803q2o6crN1yENheAmkuzOZfMpLy8PAJw6NCB4cHBvPy8iqrKmz51U3tnx3PPPef3+ZjCcnNzr77m6lkzZ/kDvpGRkWg0SgGKiotHI5Hm5ua5c+fPamhwe3xccBQCCA4NDeTl5ZhGKjoaE4iCIwAFwhABkGeKpoQQwhjl3LYsi0kGMorunu5f/vKXgbzclatW6W5V5v+IQhDQkNKEkeq6QJmpl1eATthANDYy5C0qALdudPfwlPAUlzE3jPZ1pccSRdNnIBWpoWG0bW+4hAIkT582BwZyLr9CxFPJ9g6W63eXFeLIkNHTZ6Piq5uqBD2EEMjQNP6AV9qHBDnwL3Mbl8slM2q5KsrapdMRdTIuuXjKDryTC8l11eECAIDL5crPz6+qqsrLy6uoqCgsLBwdHZXy/lImw/l5ZGRkcHAwHo/ruh4KhWTbX0q6QoaqYGcwMjLi9XqdpquTj5EsffWJVe4dIWs0jtxjVVXVP/3TP1VUVPz85z8/e/asEOLw4cN/+7d/u2TJks997nMNDQ1ut3tcuDTDpX+fnjXZZLRs4QOntOQMp5CMbp/zhOz0W6rxkYypHgBomlZSUlJaWppdrpJPlsfrOCY417NkuMiafjbtRdO05uZmOfPibMS5ohyXCudBmrFdkAUFKahx4403dnW2b9/+Sm9v/4MPfiM/PzR9xoy5c+fu33/Atu2DBw/29/fn5eVLxigKhEuRZPT7IacjGaFo87Rp2YZpGSYqghDMy8uj49YkKfR5JeFIY0ppuPRcy9myygogxLbtKTW1Y2NjsViMIIwOj1RVValMSSaSoWBuZyz+hz6+9w21IJsYMIEJTOCDwng9G7N6+YGg66ZPLUkaMDhiDUCcMcqoShTGKKVMoVShjFLKKGWUKoQxQihljFBFTovR7NIAYQAgkKMQQnAUtuC2ePNnjigyCT8XnKMQgtvyIWFzLizOBQEeyMu/5c+XPf7Yb2ORlNN+ogSEAHaJxjeqqqbT6VgsVl5e7uTnsgWhKEp7e3tOTg6ldOfOnWNjYy+++CLnvKampqSkRNf1ysrKK664oqKiQvYudF13jI6kAzZjTE4WSF6AE4soiiIJgV6vd+nSpVu3bj127JjX6921a9ctt9wyefJkj8dTUFCgqurw8HBdXZ1lWTLre5cHJdkEAJBIJHbs2DF37lzZl5DTCl6vV/7qxCjZuKhb8n7w0ZQYPlYQGctu6Wt96623/vjHP+rp7FBVighCoEMu5YBy4H+8BCDQFhwQCUimtCpH+hkTHAWh1EgblJLh4aEXX9oSLg4vWrgwJ5gTj44dPHigsKho5syZkZERTdN8fn9Feenpkyf27t518803L128aP/+/Xt27ZozZ05FZQVjLBDw+fw1VVVVp0+denXnjuNHji1auPDee+7uuND+i0d+8cTjjxeXlxYVFtvcpipDFHJ/PR63z+87dfrU4aOHr776GgIQKgjNnDXz0BuHrrn66uLi4iNHjjz2m9+cb2u79tq1AsWp06fazp0HgBkzZixasjS/oIgpimXaVKGKykaGIn39ParGXG6NxsGyhUBKiAooL3gkiLKmKclOmqZalkWYoqqqIQxb2KdOn/zP//pPUJQrVlzpdfkIIwCooMo4sQZGzj2zyauIyjtvo4Ve+/jpw1s2z7zx2lBFZc+mVwa7B6b/+e2+okDj40/1dvfc/I//IhTRdbQJTaPuilygcP7/+3n8QsfCaZenT589/atf+mdNrb3levPYsfObXoyjcvl999GZdUApoAB6CX5xHNqzvEpdLpdcBmOxmGTgy1a/vM6zNdUcGTNHTUDm80IIaRmoqmplZeX8+fMXLlxYVlZWWlpaXFzc09MTCARkws85d6b99+7du3Pnzp6envnz50+fPl02frNbvjIPlEoxR44c8fl8wWBQfpucIYV3bC9PIBvyrMpPSuaubrf7C1/4Ql1d3ZNPPrljx46RkZH+/v5nn332woUL11133Zo1a2bNmiWzaMgSF3yfcKj4Tt0/+97kCAQ4mXz2/CMi7t692+fzFRQUlJaWQpbrAb6VIEkywjfOIICT+WOWaaIMDBhj7e3tR48eHR0djUajr7/+eiqVcvQIacaaUbYonFKIbPtLCCGksUV+fr6qqlVVlcFg0OfzpVJpab547333EUK8Xu/o6OiFC2093d1Tp04d9x+5FNeW/yfkMCYFJBQNw4jFYoxCwJ8/FosWFoV0XUcibZ7HGUapRHqwf4hRhSEjBEM5uQBC2PaeXbtOnjy5auWV+bl5uYFgRWnZhfNt+bl5f+jjm8AEJvBHiospbULg0iVTEikejdlUURSGlBBCkFJJ3AVKkRBCKCGUUIqEIGFE3ncIEYRQQpCAAAQQAokAAJBkXxBAkBAgRFCCSAkAERzkPUWGvwIEIiEIlAISpIQIQM4xGjUgoCxbVr/phaPUqVYIQSnQS8gUMPueLbX6Tp48WVZW5na7JR+vvLycc75v377e3t5169Zdd911jY2N8Xj87rvvXrBgQW5uLiEklUpNmTKlsrLS5/PJIVJ5k7YsSwav0odMRrGyByXr/Y7Qsaw+VFVVVVRUNDc3L1++3O12d3d3V1dXp9Npl8tFCOnv7xfv3RTQYVGqqhqLxYaGhiTz0IlpnGDCOQ8f8Cl+a7NlAh8UaMarnHOen59/xx13eDyu//zRjy60t8lQO502hOBymQAAALkUSIsAtCwbESijjDFFgEBbXg+JZIoxyjmk02ZHR8eTTz5xoe38J9d+sjBUMBqJbHvl5U9/+tP9/f01NTVeny83J2fKlCkHD+zv6+2trZm8YsXykydOHT16JJlKVE+erOoqIp5vO/+jH/+4s6vz9jvvuHbtNYsWLTp18uQzG599ZuMztfV1t912J1MV0zSZogAAISQYDObn55042fTKtm3Lly93uV2U0VBBPlOZ1++99rprV165cs/ePdu3bx8Y6NuwYcP8+fPDReFdu17f/ur26Ghs3brrc/PzKVMoBUJIIpUYi4+1d3ZYpikEEMIIMEKYzVGhFAEJEYgguM1tIRh1u12KonCbyyw0mUxrmr1v/wGDQ3lZ1ezZDYIIANCEAiaHVNq80OF2KSQtgFMyMBhvOcsTCUin0u0d0Y4eK5WAtGb29EZbWsESSMCIjvJUElAACtHelm48AcIUidFky2m9OADUpvFo6szJUUHBiCGxOGHABGMqIRfLxPzpwmHsQybp0nU9GAz6/X45fxuPxydNmtTW1iaXTTmE5XRr5QomNyWFA+X4QEFBgVw//X7/unXr1q9fX1ZWJiUGpMrA1KlTGxsbT58+vWTJEjmGfezYseeff/7ChQvV1dVr166VOWd2huZYAA4PD+/evXvnzp0rVqyoqKhwqg+QtWZOrHK/BzKVwiwpe3mGpX397NmzH3/88dOnTwPAoUOHzp07t3Xr1rVr1953331erxezTAfe5w7I68e5JcmSuiw2OaR9WbV/4YUXotGoaZqjo6PJZFLa8p0+fToYDIZCoaqqqoKCgkWLFtXU1ACAJIbIMhZmeVs6+T9k1bxklSqdTm/ZsqWjo6Ojo6Otra29vT0WiyWTScMwEomE80Ln1uxU6h3NC3mVyneRey53w+Nx65qaTMYtyzJNa+/evV1d3WNjCbkdRHC+TR9bIKJpmgyFZVnpRHJkZMTvcbtKXLFYzDYtqQPCOSemhVSolJmGpSkaUBCcez2es2fPhkvDhw+98cbBQ9FY9FTTiRn10xTKOts7EvH4wMDAH/r4JjCBCfyRQrkokuMCC4tyByMWEEJBSkIBpcgIEAaUIqFIKVKCjCAhSDMJ/7jTH3AQCISiFLkej/Zli0sACgCR0b7mBJASFAQpQSAoKBJAKm8GHJAiIlCQquEQi1tFRbk8y4smE7p9tCfso4Ku64WFhS0tLT09PfX19ZJuKk1inn/++YULFwYCAU3TCgsLk8lkXl6evONKLxknoNE0Tc4NMsbi8Xg0GpX21IODg8FgMBaLud1uQogUGSopKSkqKsrJyYnH42632zCM8vLy06dPM8bC4XB7e/vixYvl0L7f75dRiKqq2b7N7wYySpYyBJZlRSIRx8jQIT1+KCc0C078N8GS/QCBGWUpAMjPz7/99jvDodA3vvFgR2dXIODVNJVzZtvjTieEvGklBQQIZQjUtjkicC5s2yIUZLnAsrjLpaUNc9KkScuWLTt+7Nj5sy233HLrokULWs42f////t958+YVFhSgsDVdnTG9fsmSxdJdz+f1zpk7J9Dqb21tvdDW5g8Gms+e3bTphcampnvuueczd346FAppmlpQVFhRXdV48uR3v/e9/FDh+g0bBCAgcsEJUQoLCwuLijRN27Nnz4X29tqaasMyU+nU2FjyxMmThJKKqsrCcOG06dOffeqpjRs33nbbbZ9YvmzG7FmnTpyIjcYVykAACuSANuc+n9eybdOyVFV16cSwkNtE6vo5CqiEECmOgAJTqbSiUJUpMO706eWcC2Ef2r+/s6trZsMcAy0GREcGQAiii6COgpgWcMFMw6MCFxZQUEBoIChBoKAI4UMCgjJONEEMREAOQgQYSVomcE4BXbapEySI1DT8RIBbBwrAbVRVwSghhGVrxlwqkOk9AGia5vP5pHFJIpEwDGPGjBmjo6OpVCoUCiWTyZGREcaY1+uFTBVA+pvKtVHSeuvq6srLywcGBnRdnzZt2uzZsyUPy7ZtSeyvqalpbm7u6OhIpVLSj3Dnzp2NjY3hcHjZsmVz584NBAKyaGuapmxWA4CUgmtra9u9e/fIyMg111wj3VXekYpF3qNWy8cNTgceMtx+SmlFRcXdd9/d0NDws5/97OWXXzYMY3R0dO/evU1NTceOHbvllluWLl0qq+3v860d8nw8Hm9tbT106FBzc3MikRgaGrJtO51Ox+NxyPT229raZKosLwandiCLEW63W1XV4uJir9crIwdK6ZQpU+bNm1dYWFhVVSUdAWUa71xIcsSvvb29paXlqaeeamxsTCaTY2NjcuQhmykAGbMGGU4IIeTL6bhHgJBfHMk6lLQ+qa1IKU2lkig4pYRS4na70+n0+fPnOEc5PqPpWm5uLpX1CCbpVx87ScC/uOfe9/PyKwAA4Lqbb/1AdmYCE5jAxwfjRrsIcsQehECXrthWkilsvKsPglAKwAkQhQAAUhAy0qdS908qUQMQRIIUQP6DTHolk7px0z+SKQRQEAIEgKBECOCUCABBEAlBBATghALhghIQRACibdu6y8OF9LEaD0AR8b0No/9RwmlHOAN+iKiqal1d3blz586fP19eXp6bmxuPxymlLS0txcXFCxcudLvdiOh2u/Py8sbGxiTbXzLxZF2fcx6JRLxe78mTJ3t7e0+ePCntrCmlVVVVtm0PDw9L2j/n/MyZM4ODg/n5+UuXLm1oaKirqwsEAuFw2O/3j4yMVFRUnD17NhaLFRUVSavCbBWr9xRimqZZVla2cuVKGeh0dXVFIhFd13NycqQMgZQqeDvT8gPP1SeS/w8Q2dxjAKCU+v3+BQsW5OXltbd3CC5k9KmqGkfJ+xgnDjji1ABACJORJCGOED0hRBiGAQhHjxybNWvWVVdd9eKmF/7rv376xS/+9d133/Uf//EfO1/bMW16vaIQABIIBubMaTh58pRlmy6Xrmlq3bT6YDDw5NNPPfHkk20XOmNjYzfesP6v7r3X7XYTShAhVFg0fdbsV155tbO7+1v/8C2P3/uJTyzTdF2GuZqm+b0+AqS7q+vwG4cmTarcv3fvU48/MdTfc/qkcuH8+cLCIoXQKTU1lZMmPfKLRxKp1Jf+5m9CodCipUsSsaQ/JyBVThRFoUzTXZ4rV13p9bgSicSObTsxaQlA07QRCTA6XhYBYIQCBQSBQlgWco6MCWFzy+IuXddVBZFQQjkAJWy89EqITfkoNXVNAwUAbaHxtIagMCBEgKAIRAggyLmpIQMTCYJig8m51Po3KCQZAYMTwVSqkpSgBiGgIVFNGyAliK0qqHBAFPCn7wn4JmQeKFlRcqJeCCH1Vnw+35QpU2Kx2PTp06W16uLFi3t6eo4cOeJyuWpqamThMhKJyFJmVVXVpEmTCgsLPR7PihUrGGPbtm2TdqfSKdDhZGmaVlNTEwwGOzo6xsbGotFof3//pk2bBgcHly9ffuWVV06aNAkyeZrL5ZIWAHJ5JIQcOXLk4MGDJSUly5Ytkwwvuf+EEMfEzhFmm1jo3hEXdfIdwUVCSE5OzhVXXDFt2rSVK1f+9Kc/PX78OOc8lUpt2rRp165dCxcu/MIXvrBw4UJ5+8tWCswe1sgmZVx0iySZ0f1EIrF169ZNmzbt3bt3YGBAEgEccr5U45NNYOe1F6lRyn2WhaGRkRG5ZXnByEpWIBCYOXPmZZddtnLlyrlz54qMXeXp06c3btx49OjRY8eOpVIp6T8vx/slPVBV1W9961s1NTU0YxnojL3IJN8p+DpEGJIZ65Nywk1NTbFYrKen2xLCtoWi0GQySSmzbaEoimlaiFBbW1NYVCBPHWVMClJNYAITmMAEPgIoYjwKH58+FSgIIoAghL3J7UfBgDAixh28iMiQ8ce7/AKQACo289vUJxQFFA8qb/EJECIJli0wwcSYbltMIAgAmfYLQgQiByKAIhHIiJDZfWYHkGQKBAIRUQ7LASK59LobTuggZ+1qa2sbGxuHh4c1TQsGg8lkUtKeCwoKHHWisbExAJAxoqIoqVQqkUgMDg6apnn48OGmpqbz58+rqnrttdd+4hOfKCgo0DStsbFxx44dR44c6e3tZYwlEolwOGxZ1uuvv/70008vXrz4pptuWrt2bW5urt/v7+/vnzp1aiQSkdGnM/snywckk7+9G8jwIhgMrlu3bsuWLVJJSB5pTU1Nbm5uMpn0+Xwf1KTlBD4yvGO9prikdM2aq5ubW2Qm4/V6GGMpw0BEzsX4vOrvrsXYtgAQhICmqW63cuFC57/923eWLV107dqrX3vttV/84hd/+Zd/+fd//3f//M//umnTC5WVFaWlZUBYUTh89OjR48eOLVmyhCjaSG/v5s2bn3/ueUrIpMqylGF8/vOflzbsQqBpWf5AYOrUqTn5uWnLaDnb8tWvfuXhh78/e/Zsl9ttGAYhaNsWCh4ZSby89eV0KvnMM8+Mjo5WVlYODw+3NLfMnjXb5Xb3nD+/9eWXu7q6t7681R/w//Vff5FS8tprO5csWhIuK1NAs4VtWqbb7b7+hpv+7M/+7PmNG/fs2h+LJYVABKpqmuDW+BcfkaKQJU5KKQKOi2467TgElgm+yfgELQBDqqvU60IGQASgbVuGaVsgEEyb2AIoIbYNBJiqWTYHyfFiDBkF2waKBkfQ3eDzoWUJpLruBUFs00qYJrrd4MtBYNxAohD6wQii/xFBpjfyZ7koOdpplmVJsrTP53O73fKZqqrquh4IBEZHRzVN8/v96XSaEOLxePLz82WmpOu6FEWDLCV2Z2WTimuKokjzV9u2k8nk6Oiooihut3tcHowxANB1PZ1Oyx1znP/kjslhMblLhmE4Fi2QVVb+g5zPP0U4aTlkmB3FxcV33nnnkiVLnnnmme9///vSdG1kZOT555/fvXv3rbfe+sADDzhGtjIJd+ovJKONJz8yeVHJzwgRx8bGRkZGHnnkkc2bNzc1NUmR3dHRUXnVSS69HAqQUr6yyuNyuWSV3OVyhcPhvLw8+afe3l5ZSXeMIeLxuNzCyMjIyMhIa2vrc889V1JSsnbt2u9///uHDh36u7/7u9dff13WpHRdlwm8nO2vqan54he/+JnPfEZOB8ig4k3G1u9Adr1DXpNXXXUVACiKgihsy3r44e8++uijp0+3aBrJaA2qhJDrr99QVlYqB68gY/M0gQlMYAIT+AigCJTW0G/6AiIRiAiCEyQAFEBQoIQgoCDICQJBIFLbG8ef7ktCflLxgEIUShUAhoyJ8QIBIiKg4B5LIAevTQptkgQx4rPjftnFF4icCEGQIwpADjL5B0FAACBBAeOSdQIyhALM2ANeGpMA2R1UZzZVVdUZM2Z0d3d3dXUVFRVJSZ7KysrCwkIpVWWaJuc8EAj09vYGg8FEItHS0rJv376mpiaZS9fU1KxYseKzn/1sQUHBhQsX3njjjZ07d7a0tHR0dEjPnmQyqeu6oiiyZBAMBtPp9JkzZ77xjW9s3br185//PCHENM1UKiUlqRljjiWSjEscM+F3A3nvp5SGw+FkMtnb23v+/HlpTzB16tTc3FwZi0wEr5cGmKpfddXVv/71rwcH+xRVIQQNI6UoTCCR0p+E0HF3gIs/7fFwnFImhDAMkxCmaWo8bux8bXc6OTZ58uTt27fF4/H777//f3/lgZe3vvx8Ymw+AAAgAElEQVSTn/xk4eWL5l+2wB8ITKmr275tW1NTk8fjOXLkSCwWu27dtUDo40883t/be/zo0flz51JKKSOmYaZTqdLS0nC4aGhoSNf15ubmu+767P33//X1G24oKAx19fdGh0dACJ/P8/LLLx08uH/+/HlXrFi2efPmVDK+c+er69ev0zTFtkyNsU/ffntdXd2WLVtefeWVNddcDSBaWppDBSEBhKmKpuoWt3TdQ0BMqppcUlIyMhzVGTOtlGHYlFKVEkIoIgqBAEiprL6i4OORMSHE4oIwoRJKARQAAhRAcCIYE5xbVsIEjQHaAJZG1TxwqaiC6kLFxTkXjICiJA3DUikQm6vMZDZRABQERjWqmYYNxihxM+R2ejQK3FBdqtvlNoCAZRIGzHWpfSud3Eb2/GWDVPbt8/Pzk8lkfX39mTNn8vLyampqksnkzTffrOv6o48+GolEPvvZz86aNcu27ZdffvngwYO9vb1z58697777CgoKJGW6tbXVmeuW+bxcTm3bdrlcDQ0NU6dO3b59+09+8pNz584dP348EomsX7/+r/7qr6ZMmSKEkIuzzBstyxobG/N6vUKIJ5988qmnnqqoqLj//vsLCwvT6bSsBcip7OxJ9YmF9L3C0cyX9zVd16dOnfrggw+uX7/+O9/5zhtvvNHW1iZ9bR966KFf/epXd95554YNG2pqaqT6vSTHyU05PHlETKVSskZw+PDhM2fOPPzww6Ojox0dHc4NMZlMhsNhTdMKCgry8vKk8q78WEtKSqRSz+TJk2fNmiWH/hxygbwLDw8PNzc3y7HBdDp94cKFU6dORaNROcYiWSd9fX0//elPN27cqKpqb2+vvOYd9ZaZM2euXLly6dKlCxculPUpqWf5jrWk7HfPfsT5WV6TziOqqnzpS1++/vobGxsb//Ef/7G5uYUxRimoqnry5Mmenp5J1dWAaNn2ewonJjCBCUxgAu8HCiIAwayePkEhADgAESgocIoEgKP8swDCABApZQQBBfijPBRTXIRSTVCFyzsD4VwQmqEIyIxdEC7/ceTCbYniGDfAHsoRY/mEoKCEC8EJESg4AQHICQiKwgYuUCAIQI5CICIKJIDjSmIAyvsW5vnjQXYhQNo+ud3uurq6Xbt2VVZWFhUVyVihv78fEQ3DkE+Ox+OIuG3btp6ens7OTrfbfe211+bm5ubk5Hi93sbGxm3btrW2tp44caK9vT0UCkkq/uc+97nR0dHDhw/fcsstvb29mqbpuv70009L8v/Pf/7zo0ePnjhxory8vL+/X8YKMiwwDEOOJLhcrvc6ZUoyAsiRSETGrENDQwAQDAaLiopke83R1prAnzqIwIqKyjlzGl58cYv83bIsl6YqimJbQvruvS1Fca4oApkg1TSR20JRFI9bIWAfPXY8kUgEg8Hde/ZYlrVgwYKcnJz+/v7vfu+7DbPn5IdCo9HoufPni4uLF1x22fz58wOBQFPTiaeeehoIyc3JeerJpxYvXjx12jSScdiuKC+vq6vbt+8Qpaiqamdn9/e++93uzq4brt/Q3Nx8+PAbgguDpzweb7ioqKiwQGFMYczjce/bu2/nzp2rVq2yLJMxVlZWtnbt2tHR0aeffnrqtGn1U6fu27dndsMsf06uGLc/FIDIbWvq9Omr16xpb+9Mpg1dVy2bE0TGFEVREG3TFIjcORlEVmgBEIllcUSgmiKzf0AKBAhwoEhV1aN5VcsE0wAzBT3DWtRU0ghcYboXLIGGCbFUkLmGFRU8KlOQ6IoZNcFGSCW1JPdRHTQkmvC4dJ1bEB/FyKhIGuhzAyUAnCCTtI1Lo/DqwBnMlgJmlNLc3NyCgoLdu3fLxqxlWXPnzt21a9eePXvWrFkTDAabm5uj0ajb7ZZj/4lEQqZ5kmACAMlkUm7QMAzLsiRXHwAIIX6/X9Y9S0tLLcvavn374OAgIs6fP3/9+vWVlZWWZQ0ODhJCQqGQy+WKxWIAoGnauXPnenp6tmzZUlRUtGbNmrlz58rHs1Oyi2TknVn3CbwbkIxToPxVzr0TQqZPn/7v//7vv/3tb3/2s58dPnw4FovJRPehhx567LHHZs2alZOTEw6HvV6vx+ORVXVFUVwulyRxjI6Oyiz9yJEj3d3dqqqapinfy+VyTZo0afny5bfccksgEPD5fD6fLxQKyU8zlUrJib+LPsfsQQBFUcLhsJSQkFdyPB6XZhN9fX2bNm1qamrq7u4eGhoihAwPDyuKIkWCcnNzq6ura2trb775Zjm3Iq92WUtydHnlUMA7nqu3PygpAPL5jgwholBUtXbKFFnF+OY3v/n00894PG7TtB599FGfz/e/HnggFApJ6VOmXDoR3e9BXo73D70LE5jABD7uUMj4PP94VEfIuG6fQM6QgABOkSIAApEO1kIWB4CZvLATArZCVUI1CiagEEjHfQKI04gYVwFA5BwEghBoc2Jzxrlu2eEOy9snBqqorQOgTQQCCIIckCNygTYIjshR8IyaIFACQCgQIiUByCXkCABZVQDZOLJtu6ysLBAI7N279+abb7Ysy+PxHD9+fMGCBaWlpaZpmqbZ09OzadOmU6dOlZaWzps3T2oHdnR0HD16dMeOHVLvJxwOp1Kpmpqaz3/+87t37y4qKrr99tvb2toqKytXrVrV399vmmZhYeHJkydl+8vn88Xj8RMnTpSVlUmNa1l98Hg8sVisq6urrq5Ojs6+py4TZnSJAcCRKvR4PNOnT6+qqoKMIpfDPPxwzvEEPioQmpObu27ddQcPHhgY6GcKVVWVZJSlEC18s/v/5liPM95DCBVIAJFRRWa/QgChglLS3dunaYrb7RmOjGx7dXs6bWiqXlxSEhmNIoGKioqp06b7/X5umadOnTpx4kRLS0skErnrrrtLSkq+/vUH/+kf/vGBBx6onzZNcauc2y5Nr66u1jRNCIsxluN326b55BOPH9i3j3M7MhJRFQWAVpSVDQz0Hdi3ny263KWpBLG7t/9f/+Vfh4eGLMvq7+sZi40yRbn++uvPnj37xG9+8+W/+aKq0AvtZ4vMCqpovmCQaZpCCKOUW9aSJUs3b97S3NKCwG1uKYQyRjSNIRIhuGVxRMx4bsheIiCCZQtBQaUZFpQAIEApB0DV4wkUFKePH0u2XdAtI3qi1RxJehQXuLzo9Y9FosaFDhFLGD1DNheANigKU1TrXHfy+BlqmfbAGBUq6IT6Veb3jHV3JBqP055+wikLBsDvBgpgmwQAFPWSEQOQi4xc4gghUu9dakAUFhYmEon+/n5J6S8uLiaEnD59euHChaWlpfF4/NSpUytWrMjJycnJySksLNR1fWxsTNKvVFWVxityTNoZ2pIbJ4RIP5REIiGHttxudzAYXLVq1YIFC2zbHhgY6O7uDoVCwWAQEWOxmCxD7Nu3r6urq6enZ+nSpZdffrnf75c5KmQkTmFC/O99Q1ZqnPTVUbwrKCi46aabZs+e/cILL7z22mtvvPFGLBZjjA0ODu7YscNJmx0WgGTMySxd1rVlUi1XP5/PV1hYWFJSMn369Pvuu2/y5MmOLV/2jU/WpKQ0AGTx7Z3dcwIGZ29N0/T7/X6/Xyr+XHXVVceOHfvZz362cePGZDJpmqacEZgxY8a999577bXXhkIhp2aUXVlwZiLkbfrdnDqnCCXv4PBWWQRZ9K2dMuXBb3zj8OHDnZ2d8k8//OEP8/Pzv/zlLyOi8k61hksSI9HEH3oXJjCBCfw3ccmU8BSZ/CMAdSb7kQtuMwoCM0x8tIHjeCoPFAjVBq2STlCpQl2UgC0QCaXAKMj/geC4vysBQBCIgCAQBCLnwAVyjlwQzhkX3ohRNsJ7K0myUEEUiAIFB8FBcCFHAIQNggvBEbnCKFPY+D4jIiJjl04wmj1QJ937OOcul2vx4sWPPPLI0aNHZ86cWVxcvG/fvu7u7pKSEkTs6ur69a9/fe7cOU3TkslkU1OT7DOcOXNGRrFjY2OrV69es2ZNa2ur2+1eunSpoigFBQVSbrq3t/f48ePDw8M9PT2qqh4+fNg0TbfbnUqlZE8gNzc3EolI/qq0yBoaGorH4+FwGDJzs+Ozyu/6GOVBSVujoqKiK6644vrrr586daoMNd5OMpzAnyiEzXW3e/GSJStXXvn8888lU0khBFAizf+EQM4RkKDUwweAt0pBjX/BKWMK5dwWgigqY4woDBKJhGHQ2topa9eu7enpGegfQCSMMV13G4Y5ODjU29tvmmZvd1d/f9/KlVf6/f7urq7lK5aHi4pqayZve2VbXk7u9TfdOLthjtfjYYzl5eb5/d7IyJDmdhMg4aKi/v6B/fv3UwLc5oFggAsrmUyggL6+gQttbQRIVWWlaVkD/f0//tGP3G73SCTS2dWVSiZLy8rWrVv3gx/84OixY1WV5Z2d7WnD9ufme/wBhiCAKFRNmclJ1ZOrq6tbzrYQippG0RaIQpZhKaPEfrOd61AAEAFQGgYIIBnhLKQgBBBC83MCs6Y17d/d/+vH/H7f8PEmX+UkUpwHQc03YzI7knP+5Zf6BaSTidoFc0AVoAIY6YH9b5w428oIGmkrb+EC8LlIaQHMqL2wd2/yqWdYNOUKh0vXrITyIlQUQgkISRn7k3cEyF5qOOfpdNowDJ/PJweqvV7vlClTXC5Xe3t7SUmJz+crKSlhjB04cGDNmjVFRUVCiCNHjnR2dobDYZnOud3u4eHhSCQSCoUAQE7mE0Js2zZN06HoywSsv7//xIkT58+fNwzDtu1JkybV1tbecMMNZWVlbW1tp06dikQimqbF43HbtgcHB+VLnnvuub6+vnQ6/YlPfGLWrFmylio3SDJwRNpgQvH0vwvnqycrLI5apBCiqqrqrrvuWr16teTWnTx5srm52TCMVCrlpOKY0cyXQgBONV8O39XW1tbX10+fPn3mzJk1NTWTJk3yer2Oip5TynE+UKkskLUavDm94kgDOn+SHXvHW4dSeuHChUOHDh08eDAajUqRSFlQkBe5rHnJ2Qd57M6m5Ds6BJl3eeqcvYIMAyVz5RMgRGEMEMPh8F/cffe//9u/JRIJQohlWQ8//PDd99yTm5trW7aiTswCTGACE5jARwFnrnvckwoRBOcoOCKgAKSAAlBOAyCAQAHM15Mqa0OmqUwnmDaAMWBSWYoQQpFSoPCmswuOz+6jQBAChEAuZBUAuEDbZlyAYZYet7rq1ESpBoITFIgchS3zfxQcwUbBBXLKKJN2gwiAKBB5xmbsEoO89UrtveLi4oaGhm3btpWVlYXD4YKCgubm5traWjm6bNv2qlWr/vmf/zmRSCCiy+WSI/3XXXfdnXfe+cgjjyxZsmTZsmXSzkra+L300kt+v3/79u2/+MUvXnrpJSGE1AKQ/7tcrnQ6nZOTU1FREQwGfT6foihSGUgI0dPT4/f7S0pKZKfrvQ7vOVGLDJhqamrmzZu3dOlSn88nY/H36jI4gT8GvGOMiBRs0ywqLFq79pqDhw62trZyzolNVKopiiIECsHfnkfi+DwSQOY6wXF7EYICBCBVqO7SvT7P8PDw5s1b2i+0U0q9Xn8wJ6eqqjpcFC4uKQnl5+fl5Z060RSJDK9cueoXjzxSMHt23ZTa/FDosvnzz509f+zo0Z7e3tkNDdJAq/FEEyOIQjBCggF/V1cnpdSta5qqpo20z+vOzS0WgucFg2dOn+nu6s7JyXG53QGvz+vzejzewqIiTXedOnnqXOu5/FBo/oIFDXv2PPLII/d/4S/7BnpHY1FgCgEkQCgQRNR1F+fCtm3ObcG5EAIQBHIuOIyvlW929gDkwikIoYxRRgRDILIim7EOQAKCksDc6TW33jB2+hS17Irrr82b16BNrQKfVrBs7nwXxA4dF2PJGfWr8xfNATcDhkU1k+nKVTg0AFTQ+YsqVyxEl5uHQ3k3rK0tLmTtPYS58hct9C2dYwb8tg0uwi6huas3T6/M0p31Vi5BVVVV06dP37dvXzKZPHXqlHSMM01zeHi4qKjI7/d3dXX19vZKY5RgMOj1evv6+gBAeqw4/XkAkBscHR01DGNoaKirq+v48eONjY2nTp2SM96rV6+Wti9dXV1nz56Nx+P5+fl+v39wcDASicgUdN++fWfPnuWcz5kzp6CgwNEslO/oZJtOlpjdN57AfwPyTDLGnOa2fNDr9c6YMaOmpkbO8zc2NsZisd7e3nPnzslCUjweT6VSAOCoAAQCAZfLtWbNmsLCwtra2ilTphQUFPj9fgCQH6L00pPvm63m4OThv2sPswcEnP10rIXOnj377W9/e+vWrdFoVAjh9/uLiooikUgsFjtz5szGjRsbGhpqa2udDWZ4++OtCHk7diYCslsUF73E2Z9sHkT2Ezjnjpez3+dbf911B/bv37p1KwCoqhoZiTz7zDN33nEHZZec1ugEJjCBCfyxQgFC5BjA+MgpgfGWuwAUIDgwBkKg4GgDMmS+jmRpi01UbfxWQRkqlFCKjBFKgBIgFGimRUUISO0+AQgo838UAgSizYFzWQ4gtk0sq+RoqiutJSpcXHDkNggBIARyBFsIIZCD4JQQAIECBaLgiIjiEioBOLdSmfhkM/HmzZsXiUT27Nmzdu3aqVOnHjhwoKWlZc6cOZTSQCCg67p09PX7/ZWVlcuXL9d1PRQKVVZW1tfXe71eQkhOTk4ymWxra3vuuee2bdt25MiR8+fPd3Z2DgwMcM7laKIUvpbifwUFBdXV1WVlZbm5uf39/VIuGBFPnz5dW1vr8/kcW6B3DFDe8XFH7tgwDMkgyMvLmzlzZigUymZROjHHh4R3DGUm8H7wjtcAVZhlmYqm1U+fOXN2Q09f31hsDG1kDBSNCWHKZhQgIJC3egNIUivhnFuW6Xa5DcMihDCqEEBKsa5m8u133kmZapq2ZYtQQUFeXn5efignmBMIBNwel8IUQmCgv7e8ojSRjI/GRm+44cacnBzTNMcSCYtbwGhb2/lINCot2Wxux+NxRig3rYDPl04mfH6fQpAABALe0dHIgsvm6pra39cfys+NDI3MnjmzalJVOpXs7ukJ+P2GkU6lku3tXVte3DJp8uSicPGGG2584MtfOtF0sqSkeGho0O1yg23GYvFgIKhoGkEci412dnahIABUCK4qRFFA02g8nuRcAICu65rusmw7nU4zRUHOhbBdupsAFBYUBrxBIsDmaapSoBQJ5YxqJSWV6zfAFcuA26B5wOcHl8qJoIUF4ZUrww0LwbIh6IOgDgyAQGDqlMBflEEqDQwh4AevalFGdF/hgjmFk2sxmiKaG/KCEFBNAEYvte9LdsNTTuzLBc2yLKkDt2DBgtbW1lgsdujQoXQ6bVlWMpns6uqaPXu2x+M5depUW1ubnIfy+Xy6ricSCc65IwLvJD+maY6OjnZ2diaTycbGxpMnTx44cKCvry8Wi3m93rlz565ataq6utrn88m5lYKCgtzcXK/X29zc3NfXV15ebtv2jh07Wltby8vL58yZU1paSt6q0ybp604jGiaS//eB7CQ2OyV2ai6EELfb7fF4ioqK5syZIw0dIpGI7PxLZgcAIKIsLem6Ll1+pbDfRZNuTtufvq3A5jA74K23rexyD2QtnHJFlfvZ3d39pS99aefOndKuoqSk5Etf+tLcuXMPHjz4ta99DRF37tx5+eWX33XXXVLL0CEI/K69esc75kUPZrMYIDPPiIiUAs3oQ1FKS0vLP7n2k28cPDg4OKSqCmHKj3/4o/kNcxvmz0OUwinyAGnmRF1qi88EJjCBCfzBIeMGmapnasnCFtzmNlCpy8eRIkPCkIDamSxtNEBTCBBEDkxBRoFROQVAKAVCQBIR3xzyhYyGv2QB4JslAMHRFsgF2pxwQUyr5FCyTXjsch2A43glggPngnPBbRQ2CiEIHbcZAJSSYX+YM/fhI5sQmJeXd/nllz/xxBO1tbUzZ85sbW199tlng8HgZZddtmnTphMnTsgcXt7pQ6FQYWFhIBDwer2zZ88+ceJEU1NTT0/Pxo0bR0ZG2trahoaGXnvtNdlHSqVSTjPB5/NZlhUIBOrr64uLi+fMmVNYWKgoSjQalVWGSCQyODh49dVX5+bmSj+Cd5OrZ4c7jrWVz+dzuVyyEOB03ibEqy4lCCFUXQfEioqqL33xy8uXXfHqq6++8spLY2MJjwc1TUfEZDLJhaBUAaCAhFD53ZaWgcCk/R0FIbiqqpQSlVGvyxUuKgSEafXT8kOF/mBeIBhkTAMggMgUiig4t00jPRKJzK2afezYsf6BfsnB3rx58549e1RNHR4eDoVCfr+/r69PtsgIAY/LbZmGaaZdLn1wYIBb3O3WcnL80QhvPHZEfrPmz5v7xoGDiVhsUkXlwNSpZ8+2jIwM9/T1ci64sDZu3Eioctvtt0+uqS0oKnrxxa033rBhoK9fV/XuC22v79pbVzd16fIVBDGdNhKJpFwpKSWaxphCMrR05LZABQWiy+22bDudNhSF+Pw+27YKCwtv+NTNkyfXCIsrKkXgQAiAAoQJBbjXR706pYigogAGAAxsAuD1MC0IBIAiMpS6LNRDWbkPAWzkBLmiUAGEAOfMYqEQyVeREiBIqKWCAKICXiKheHb+LEufo6Oj6XRaGqRJI7TCwsJPfepToVDot7/97Y4dO86ePZtMJg3D2LVrlxyJMgzj9ddfv+qqq6RXnGSDt7a2yprs2NhYT0+Px+OJRqOHDh2Snf/h4eFz587F43HDMPLz82fMmLF8+fINGzbU19erqrp58+bNmzfPnj172bJllmUdPXo0Ho8XFRXNnTv3K1/5Smdn54oVKyZPnrxy5cq8vLy3p38wUdZ833h7QnvR/xdl6ZRSTdM0TfN4PHIA5L/xRu+45d/1tN/zs6w3yQJ6KpX64he/uGPHDsuyVFVdvXr1rbfe+slPfjIYDFZUVLz00ku7du0aGxv74Q9/ePnlly9evDidTrtcLsfD0jm6t5+Td39cb3mQvCVO0DV9yZKlS5csfXHLi9Le8tSJk08++cS0GdOpwgQiGdeLEZxzRVEukXXnd2DTy3eea2kVKXG+9cKUyVOCufmfuPKK3KKic52dNlCXFpzfMO/FJ55PR0bPvHEsaYxOnlO7YMX8l1/dvHb9GlUXmoudb2kpK6nY8cpvf/nzNypK3VVV0wR4z7X3nDl7QXd79r3a84c+xAlMYAJ/jFAAEIDIiJuAHNyyObcZA8ERKZOEAMoRR43Sg2OEKgQABYLCkNqESQkABpTISi8BQHkze7OlhygQALJKAAI5AucoBHAONiK3CRdgWqX7I+e8QeFjQsi0nwvOheBclgDGicEIQCilApGplyBv3MnJnSE9j8czZcqU6urqgwcP3nHHHTfddNNjjz32k5/85J577rnlllt27twZDAY7OjoopWNjY5FIpLCw8LXXXrNte2ho6LHHHhseHuacd3Z2plIpl8tlmqacP7RtW86+St2pVCqladqnP/1pRVHKysrKy8uTyaTf7w8Gg7FYTFXVM2fOKIpSUlIixa6kUfY7agG8YyeKZCYbKaWypSa5tRc950OtAkyUGD4yUEq5bRNCPF7vrFmz6uvrV69efeWqlU888fj+/fsp5ZLqgoCUUiEkc4hQAkKMzw4xxigltm0RipQRw0pzG1U9Z/mKFUuWLOnu6TNMO9ewg8Egpcy2LRlLG4ZJKUjt64A/50TTqabGE9/+9rd37ty5a9eunp5uvz/Q0dkTjUYZU3RdU1WFERobHTPThtutCSEuX7DgRFNjV1enaRpCiGAwODg4WFZWlkwm47Gx6Gji4KEjiqrmFxQk4gnT6s7Ny4vFkqPRRDye/MEPfrh3374FCy4/2XQiMRqZO+f/Z++94+MsrvXxMzNv267dVe+SVSxZstyNLBuMjbGNwUAgJCEESIDkAqnkpt78bgIp30BCIJQ0EkgIIY1uG4NNMQb3imVbttV7WUmr7fuWmfn9MdIijJ3kJsEEo+fDxxbrt8yuZuc9c85znqcuGos7ne5oJLJv3z6v18ephWQ5FosxRiVJosyQCSGEAHDDMDDGCDGEMSGEUWoYRnZ2dl5e3vDwUFdXt83uuOSKy676xLXp2VlAkYU4BUthQJkFmAAFGRBIhHELUwCMOKMcEQqMcAQYAQGTUjApkSQTIcAIMwQIJCIBJ4AQCK0GygFLgDDFQBFSYJwAwBCYwDGAdFZE5CnacyKRGBkZURTF5/OJ9TaZTBJCsrOzFy1aJJjbW7ZsOXHiRDQa7ezsXLdunTh3+/btP/zhD4Xm38DAQHd39x/+8If169eL/nxFUTo7O0dGRjZv3my324PBoK7rGOOampr6+vrCwsK8vLxp06Y5HI5du3Y1Nze/8MILdXV19fX1g4ODhw4dkmW5urra6/Xu3LnzyJEj9fX1l112WUZGRnl5+SkV2qcwBVHMj8fj3//+9zdu3Chy9B/60Ie+/e1vT5s2TdT5i4qKvv3tb19zzTX9/f3t7e1/+ctfqqur09LS3r1RjZua8okEAQKMcUlx8YoVK7Zt29bf3y+ZkiLLmzdtvubaa6tqZoiQLuV38O4N7D8Eo6Ohurq5LUdOeL3egoKihG663b6Wlva4ySKJ5EWrl+zbt6+0tOSxhx6JDAbC0VFXngcYdTk9ZpLanc59e/faVG337sPtrUMFeZIiuzLSc4dGouFwxGGzmVMBzxSmMIXTQIgAir5F0ZTKOKOMWoyak/+0TGO/ahihGDIpT+g8kWTxJIsnWCLJ4kkaj7N4kiUSLJYYfz2eYLE4jyd4PMFiCR5P8FiCxxMsnhDn8kSCJZI8kWRxnSWTLGnwpE4YIzE9+42AZRqcWZxZlJp0Yhic0wmTrHHGwWQu3FkGNKFFlKqQE0IaGhqGh4ePHj3qdruvv/56j8dz1113LViwoKGhobS09KqrrsrNzd2xY8ezzz579913P/vss7fccsunP8P12r8AACAASURBVP3pXbt2HT9+/NixY4IpILr6RbOi0+m8/PLLr7vuupkzZ5aVlXm93muuuWbNmjW6rldVVXk8Hq/XK8vy2NjYyMiI0+lsbGzMysryeDwIIU3TJEnSdf0feTupjbd4qMfjccGPdbvdKfVgmKSB9O58qCcPZgrvKviEsrRlmowxVVWLiopuuummhQsXmqYpqlU2mw0jYMziQDnngBgAF+xskTAyTRMAVFVljHKO/H4v52zXrj2EyIvPPa+2tq56xgxJUjhnkiSLeFFYDwwNBTiHsbGxYDC4cOHCcDj85z//ubm5xTRZKBRy2FVJkhwOe9X06WlpaaZpOhw2hIBSOjYW8qf7Fy1aVFZWpqpKQUFBWVnZsmXLXC6XYRiAkN2umKbe1duDMMrKycYYh8JhjJnTqdg01eV0dHV2/upXv+zt7fF43H19ffFYfP++/aOjo6apx2IxyzRFPi4cjjDGKKMIYUYBAAzD4BwwRpKEAcAwDcuy/H5/Xl6epmkf+chVv/nNQ1/9ytcLiooYBYwRIC4BwRjLRJI5pILl8UCbISRJGJDMEWbjc16WsExkxAFxzhhH434wgAABB8YAAwaQgHKG4K3cHgNggikmXn7ff4MmrzOU0ng8DgBC7kTMTFmWZVnOz8+fPn367Nmzi4qKvF6vy+WSJCkajQ4NDQmrvyNHjrS0tHR0dHR2do6Ojh47duzgwYMHDx5sbGxsbGyMRqOMsYGBgZ6eHsEez8/Pnz179pw5cxYuXFhTUyMsAA8fPtze3j4wMJCZmelyuWKx2NjYmKIo6enpGOMTJ04EAoHc3FzRgn5K+ZWUusoUPsjQdV10Dj788MNiSi9fvvxrX/ua2P/DhNBAaWnpkiVLhIzF9u3bhVIgvIsskrc6HCdeQESWL1y5ctmyZXa7PRqNIoSOHjv2ox/9KBIOTxzytg6Isxh6Atttnmgkoao24Li4aJqpYwyOdH8eRrbDh4+6XK7R0dFQKNTfF3A609xOh0Rw64nWfXsPvf7a/sCAYepup6PU6SgtyJtl6XZgjpLCSmpA9fSqgrzcv3Fra7Tn8V9tuPbzj6295bErvrHx7s1DoX9U3PnfgNPdXW/dcc0tf/pBk/VPXPNvn5s8fOe1n39u+G++x/+QYxIHbr/6i5vH3jH3T3r9HzzsX8TfvZo4YODQnTd+89V/8aZ04ImbVyz90FVXfOwjl1/10eu+fv+65ugZnJQfMEicsRRVf7zUQymlJqOcIk4wxpgz4Cc85EiRmrnIdd72qF1RECFAEMKEE4QIAQTCDhAQcCziSQSQChTHKQCcgyjwgUWBM84AKOWMc8pAyA8yJgO4+pO2plCk3MaYxajFBAmAWoxSAAR4XLuAj/cDnOWNAHwClmXl5ubOmzdv8+bNhJCysrIbbrhh48aN9957b11dXXV1Ncb4yiuv/OMf/3js2DEhC0wI0TQNTYgDI4QURcnKysrNza2srCwuLo5EIgsWLDh06FAoFJo9e3ZZWdkll1yyYcMGn883f/58UeoXstgVFRXd3d3hcFiEDmLfLlgD/6c3JZoVBds2Oztb0BRTlIHJSkjvKqbkAM4AxtNYnAMAkSQA0HVdViTGGGOi8s9kWVZVVTcMSinnjIPwE+UAgBFinGOCbTYVAEKhsDfNd+111zXUz3/hhRfWb9hwzXXX+9L8wDllgizDOAfOaCwScTidgcBQcXFJMBSWFPXCVas9Xl9XR6eqqrt377RMKxaJMcqnlRQ57JrLYevvM9M8TptdHRsLIYRGhkeKCgu8Xm93d1cymczKyrI7bOeee+6rL78yMDDo9ftbWjv7+gZnz0G5OXn9/QNpXi+RJJOypG5QasiSDXHOLO7xePr6BmbMqAkE2uPxuKqoTU1HDMPAwJubm8PhsGlajHIiAUJIIrIJumVZnCNKGcGkoKDwUzfcIMy9vvSlL0yfPl1RFE4ItzjBCCjIHIGEmZnAhCAKAECpRZkhKxIgDobBJJkxkBEGToGbYFJQCGAElMqSxAE4NYFjJBHOKWCiSAAWB8CARZsVSACIImAgcgNnh1r3ZAU18adlWQUFBUIbUjRyRyIR0ank8/ny8vKELkBXV1dfX19LS8vQ0FBK2w8ANE0TzU3Dw8PCzGVsbEzTtLS0tIqKipKSkrKyspqaGuEdUFlZ6fF4hM/fvn37Nm/e3NHRQQj5r//6r/T09McffxwhVFNTk5eX9/vf/761tXX37t3nnnvubbfdVlJSknoLqafDSa9M4YMM8Ti+4YYbQqGQoPJdc801dXV1MPF4FU/b7Ozs1atXP/nkkyIXKdKsAPBOMb9/F9DE9Bx/8gKilPozM9ZeeunevXv7+vri8bhMyKbNmx9//PHrrr9e5OA+II9pCbtmzayncYo4i4UTW7a8Mb2mflpJjs65x5cTjQWPHj3afqgpkUiUFJcPj/SpshKJRJJJfXQkll+UU1yUHRpN5GQWLZxb0nqiXeY9iNpLCysHugczM7OT0dO6D/LE4K9+vOWFmG/lpQ1z/axjz6HHn97cj9f+cLnrDFAv/sbd3/2bT+FdgVb7tV/P/DdcB/uXf+eR/2+mDViia+svv/XN/zXuvfOKvCnq27sAaYLFLbQAEUIIuMkskxLAiFFMEOGU0kMZGiOwa4mjdn+IR+M2ScYYA0GAMccYEQQIcTSuBQgIkN0hFRWSokIAoJ1dNNbOrTgAB84448AZiJIT5wg4YgyAIc6BMw5cNq2CaOyAkQ2IUyqY6oxZJnBzwo9KDJhjjM9WCdnUw1iISws9asuyZsyYkUgkXnjhheXLl8+ePXvNmjW/+MUvNmzYsGzZstdffz2RSKxcuXLr1q2tra2SJAmOvWhtTUlMXXDBBRkZGQ6HAwB27ty5b98+hNDatWuXLl2amZn5wgsv7Nix41Of+pQsyxhjcVg8Hs/Ozm5qasIYV1ZWCtGjf6R7f3KcKhgNiURClNeGh4edTqfwMhRvdqqQdZaBT7KYFlUmRVUxBlVVMUamaYqMj1DD5oxRToGL6fSWMLWmqZIkWZYFgLKy0s+prz9/2bmapj23bv3e3bvPX34hQRLGb/lj6XpiYGAgIyM9kYi7nM59+/alp6dn5+R0d3cfO35MlmTGmKIqnFG7TbHbbEKnXVOlZDJRU1PT2dk1PBLs7eutrCjPz88/ceJEfn7+smXLnt/4fHtbO6VUIrI/PbOndzAaizU3t2BCACFhHW8YpseTlkzoQ4ODnCODUl3XEYDH41m5cmVmZmZ2TnZbeztjDCgbHBwEoRWPkaqqiI0Hu+IbgAB8Pl9lZcX8+fPr6+sxxoRgDhwBYoA4xlwkbTEGamKEgDGxSycyJoQAp8ABZARgccDAMXAK1AJCwDBAlRABBhRzAGCAOXCGEOemxWXVNJmGGUhCJAaP51gx4nj8l3rWBOSp1cY0zVgspihKMpmEiTVNVdVkMmkYhmmaQv1UkiSXy+X1erOzs202WzwedzgcHo9HSL6JlCilVCiqRCIRABCyLHl5eX6/X1VVcbw42DRNXddF4iAjI0NM+NHRUbvd7nA4NE0TeoGhUCg9PT09PV2YzAtqmHAumPxezvpt0hT+ETDG+vv7n3/+eQCQZVk0jxiGISR4hNSF2F2LSS6qAujtzgL/dpzSQZQQwgEtOffcFReuePwPj2uaRi0rODLypz//ee68eXPnzk0JdnDOz+7ZvWb1h3ds2z88MNh0tHHVitXnLGwoyKtQHf6YpSOJ9wdamJGIDw2H8vPf3Hq4tKzAbrcTQJrq7usJVlRknzgaiIZ5MhzDVNKT7tycGbKEMLdrkiM0HDJOz9MMH23cPCbNvWHZzXM1DHBOTVZJ5aBSqWEA4GbzKzvv29jZGQc1PeeSjyz6+Axb8vAr1/xs7OKvr72hEJoee/prezNvv/O8qs5tn7y3v2ZZ+omt0Uu/Wq9u2v7Y3lAM5OKF877x0cztdz37O5j182/W5GF92wNP3tlbducdC6qUv3N34Y2RbHvzf37b1Bi1zfnQ8m8sT1NPNSSsj677/bY/7g/FQM6ZUXXrtbWVpzx30rvmidYnvve5w539AWXJf/+/z823d6370Q+e7eAKi6PKa7/1pZXe9/aYtLfn4Ghg+6+++8i+mCpTKLj0S7dddmpSx987LPHm92/6uWdp2VB3YKArNuOW751iMGmN/3v9g87FpaFAKNBrzr7l25+Ze9JgWHDv7374231RwhMs7+Iv3nb5NNvbvpmJA7ff8kjRMmvj6Kcf+epsO7Ch52+7dd/HHv7WfGvfb095otHxxy98p/O6+756jq3jt1+4ffCT939lzqQLYlvh0pu/0XTDd55qWfO5Ku10M3kK/zQkofCEILW5FvxzSqkw8GbUos0eJaowDdGoE7+6xH7ps6Nxy7RLyriFAEYAWNgBIIyk2lrbxz4i185AE2YD4tJm6E2993c0sh8hCphjxBBiCHGEGIz/zDBiCFGEqcdK9DVC30Aao2w8BSAMAADGE8poPOqxqWfntECTLHnEK6Jk6vP5Fi9enEgkduzYYbPZ8vLybr755p/97GfHjh1bu3btyy+/vHDhwsLCwr/+9a/Co8jhcHi93nPOOeecc87xeDzCxaq9vf3IkSNFRUW5ubkzZ86cNWuW0+k0DGPnzp0vv/zyihUrFixYIO4oVK9EiDA4OJiXl5eVlQUAIoYQ9fxT1g34O7yChNCZqH21tLTIsowQisfjp0wB8P+LF/EU/jNBLUuSJMY5nqB0CpY1AAhJCDG9EQJCEOcILATAMZoQ+wQgBMuyLMzzCMFEwoosEyJNn17d0tqxZ8++efMWujw+jDHCWLi7I8QVRZYkEomG8/LyT7S05OTktLW1tbd3jAVDCIEk4UQioUgypZQzTi0rGU9QSjFGc+bMqa2t/fOf/9zV1dXS1pqXm1dSWqrrBiC05qKLm1uaQ+HIsRMnZFmRFTkajbV3dJVOK5FlRUxsm6Zxxn0+XywWTyaT1GLDw8NZmRmtra3Z2TkY4/QM/9GmI4lETGHq2NgYxtiyKOfAOcIIWRbjHAlxVg4oJyensqJCVWXxuRFJiLAwhBBHyGRMVjBmFOl6vL9HdXtJWjYYejI0QpFu97iQgSKhsOL3yA43sww2HLBCQSUzA/REEiNbejpH2AqFaXCMuN3E5TQCQ1YsYSurUhSg4UgiHJQ0Tfb5mawSggAwBeCAMCA8/sQ4S7J1nPNkMjkyMmKz2TRNgwnjUlmWe3t7jx8/7vP55syZk5+fL/TeLMtKJBLxeFw4wI2NjYkskqASUEpFWlP4nng8nszMzMLCQp/PJxr4bTYbYyyRSITD4VgsJsxWGhoaHA5HV1dXc3NzTU1NeXl5KBR65JFH3njjDYzxypUrb7zxxoKCAgBIJpPiQSAG/24rp0zh/QWM8TPPPCO689LS0tasWaOqqnj+CoJAyi8gmUyKJ7jwDBKvv3tGPKln+fiMRaIGxDxpnrWXXfbyy68M9PfHTFOS5SOHjzz33HMlJSXp6eli5Gd9JBCPcr8vd8+OLcFgsLGxkVL76EgsXc6UJBcGy+Px/vQn/6+2pKy6uqrxjWMSUdva2mctnCkhpWL67FDQemPrm/09ESOxTeKyqihOVXW51Objzb60zPBoLKmfjgVARzojFFzzS9TxAE5yLjzXKX5MtOy748mu9DUrflWPdz768sMP7Zz23aWzTnUVRDCB5MH2tNu+NLvEHHhWzv7E1y5siO3/7AN7Hpl/+ScXeX/3ZNebY9W52tArrczfMG2a8vfvDgAA1rGj5Labzi15bOtz6xuPL15S3nWKIdW17X9kP3zsG1etdQ4/9UzboW69TD3FuTMn5QD0wED59+/5r/TIlq9/8q9vfnL2jEGr6sY7v77ATzt+f/M3nmpZesN7esy889yTpjuP7X/g/sb6u37+sQJpbPt3b7xn48IflsA78PcPQ0QyAoGaO79zozv6xjev/cuB62fXnjyYTyFiDYfn3P3dhrTkobs/+eCGix74eNHk0nvswM8ePH7unfetycSR/T/+9L0bz7n3Q7knLxkkZ+nFud95Zn941mJHYMem4IJPzXTFD3z/NCcqxVd+bfWXv/Pofk/2H16t/PwDc92Yx99+QbVwTmH8D51RVqWdtZTv9w7SeEld/CFaAgREuYFyi8Mxn8QRt5iFAO2rt9fuGi3p0mPYtMsTWQDBGXU6HV//irpk8VDUPHA8MZpgwQRFCLx2KcctzS2Y5Zk51xx51ez4FvCI2Pzj8SwARZhiTDFhGFGEmUTNacXdbV12PM4MeKuFDMadBzECxDiXyNk8K/iEudS4WgNjkiQ5nc6GhoaXXnpp8+bNF1xwwfTp0y+//PInn3xyZGSktra2t7dXCEdv2rTpwIEDY2NjxcXFhYWFpmkODQ0lEgnOeVZW1rRp06qqqioqKoRZ4LFjx/bs2TMwMFBeXn7hhReKR69QDxobG+vu7vZ6vV1dXUuXLp0sz4NO5WM0GUJtO8UXEJft6el57bXXFi1aZLPZEomEqLyJf5qsC/Cu4ixWkfjPASaYix6j8eI2B4QAIUopBzTe6m9ZRFIkiQAwQcCG8eSemIHSW+0hCGKxWGtrS25u1s4dO1tb25K6GYsnfBmKSBMmk8nR0WFFljRN45wlYvGR4eHmEyeGA4GxsbHR0RGbTRPfJACglGFMsnOyDcNoa28TlO/29o6C/IL09PRIJDI0FCgqKs7Iyt6xfSdIZNWKlR1dXXv27TdMSjDhjBOZ9PUP+NN9sqyEw5HsbLssy5ZF09yuQVmyKa5EQo+Go4lEsq+vb2hosLq6OjcnR5KkeCI+FgoNDg6IFBtlzNANVVZMk2KEqcURGv8KGKYZDocpo6qiiDUQY8wZJ8AxRgCcM8b6Bvf/8reV9Q0Zqy6CvqGODevDVrzuopXqcKRx6+uVFy711dWxcLxvy/bgkcaKyy5uO3q4u61r1W1fJJrSf6ipe+PmkvoF/nPmd//p6d6WtvN+eBdIJPjmkaOvbskqzC+5aBXJzgRAwBEGIS+AGfD3uwTruA7lBM04EokIUpLL5RK+7gghl8uVTCYHBwdDoVBxcXFGRgYAiMSl0LAQuQBFUbxer9j/67ouEqacc5fLpSiKw+FQVVX8LBxYxFkiZ5RMJj0ej6ZposcKAKqqqurq6iRJevHFF5uammbNmlVSUrJ48WJBExCb/1OypaZyplMQSCaTYnb5/f5Vq1ZNNu4VdELOeUdHx8svvyyseZYuXerxeABApAbOQCPeODdwgh0wZ86cZcuW/e53vwOMGaOxeGzTps3nnXfe0qVLxcjPekXAdc+9WFmRn5WVZRoRh8MejeID+w9ddFmtTmnC0kdGAjfe9MlEYMQK82QyiZFkVzVKUXA0bibQ+vXru7tCZhInY9xGbIZshcygXZNCo0GvI4OAgvlpm7dE6y/lHIAPbtl401+CAACeih/fPldq7A+B/7rFmdketHyp/7e/GtrVb50yBQAAAKhieVV9iUrHwmroxBM/734KmyGwghGeUVc27cm9rzUnl7jbGg3Hmvq01GhOf/cFRQAAuGpl9TllJHu267kX42OG1X+qIS3wZ+RC42MPbDpUmT131owV0zXS/s5zASalANT8RbXpEmAtPVNLRpLIlesZ+vkPbnuMqGx4IFKWpCC/l8dwmJwCsAYPtWmzPp6tAIC7cmHm0LYe4xQpgH/oMC1nTqkLA5LT/Joe008xGAClYEGlGwNoeTN8wTcGTJicAjCH3jwyeOLY7Z97FgBYwqLqqAnvSAEATj/nyorfP7knuKB6+4uxxV+sshndf+NEufhD/73yvz9/275l379/jivFAZkERi2Opfd70PEfCkmSiFiSxSMCs4nSPRKBH4wBDzmxgrnJTIQQwuilZa4bfzVAEYqZpl2Wx09wu5w/uYuWlG04PLanIyrJRCFIBO7RhNU2xF47Nja/2Lls+nnq9IdY2zWIjQFihDBMKEYMYSExNS4KQDBkeGOKlDBNW2qsYteGMRJPNQDAHBicnUIRqd212Kymns2GYaiqmpOTs2LFivXr1z/xxBMf+9jHKisrZ82atXv37iVLljDGDh8+fO6559bU1LS0tIgqkyD7SZLk9/uzsrJcLpfdbhduf9u3bz927Fhra6umacuXL6+urk5PTxdafaZpaprW3Nw8MjKSTCYlSaqqqkq1Jwg/pHc6AohfjfDyESMXByeTSUVRRkdHN2zY4Ha7V61aJcuypmmxWCwejzudTvFOxRucKm2dBUAYAwg7aDROu0YAAJrNNl63tyxKqWVRWSZEIuKYicoPFv8ZhokQyLIMnAeGR5588smmo0f27TswMDg0b/4CxphockUIMUaTiUQkbLrdzkhYz0j3jwwHjjU1KYpimqZpWiXl5ZUVFa+9tsU0DQlLs2bVrb7oolgsFhgebmvtiMfje3bvHR0JIkTiCZ1xpNrspkXHwpFt23YOB0ajiVhefmFefqE3zet2u3t7e3bu2NHe3mlZVNdNXdddLpfD4cjMyAiOjqZ50mKxWHt7h2laxDCam5vLysrEdzA0Fjp+/Hhvbw+lFucMIaCU6Uw3DVP4ckkSoZR29/Si3btKSksWLlxos2nAJ/zJAQGlwj0RYaDxxPCrO8v8+bDcgGA4uvtQxIiwBfXQ1hff24irq1EVx7qVPNYW33WQLW7o2b23Y38T3Pw5kCDZGxh9dWdRVg6qmcF2Hwzu2A23G0CJ2dMffn1Xek0UNSzBmQywBACYAscABDig9/uX86TlJR6Ph8PhsrIyYebX09MjjNydTqfT6WxubnY4HOeee66qqhiP01KEj2AgEAgGg8lkMpUCEGudLMvxeHzatGlZWVmCMCW2W4ZhdHZ2jo2NZWZmigSrYG4PDw/b7faZM2cWFBQIE8Fdu3ZNnz79mmuuKSwszMrKcrvdIkH2zjrtFHNqCpOxbNmyO++8U8igvvbaa5dddlmqG0tMlaGhoQcffHD9+vWMMa/Xu2DBAsFMOR2h710CQgAYA4Ddbr/+U5/8yxN/jQ0PC2uYpqamjRs31tbWZmRknLHExHsIu91BiKzr+tGjR9euueyhh/5aMu3cgd5AVl5ewojIsswssvdI4/43DuTm5o6MjGCP7eXNb+hJfvRI8/GjLZRqDs0fDQWopBuEuGxaPJxgRmLAMlwet6qcrrWeZBS5ZRjc1Zxc47f75i25t1RvXv/yg92pAyYvkuNiDgi4xQCAW8bkqI84bATAanp2x1PHvV+4Y8158cZbvt8IANibd2HRnl/v6TvoGEhmVC3NSi1ff/fuWJUxACLK5KGcPCQ5f+bdt2dtP9B7oKnnsV8f27R6zV3Vpzt34jQ8biQuAtXBF3/wq67Lfnr3yiw8uO5zNze+x8ecjMl+7QB8wpznnzrsHxhMahBCl+kdlyAZy755z+eq/o4kkHv25XN//sjrh0depcu+UiID/5sncjM8klSdVmAowcD5zp1+vGV7V1ptieNsXgLeO0jSRHKFcRF/v+2fOePdfglgPHbnnHPgbbW2XVXS/ENJjlHSsmxE4gjZvvYVs7DkZy/3DUYtWcIS4ybBCFGEEOOcUW5R9nJT8EhP9NZlFbaC7ylDn0SIARfryKQ6/yTkZoc6Ot/G80cYEYIxEiUwnmpi+CAAIWQJZjVjjLHs7OyVK1euW7fu97///Wc/+9mGhobOzs7+/v5p06atX78eY3z++ecvX77cNE0RNQr9akG9DgaDR48e7erqam1tHRwczM3NXbFiRXl5udfrBQDh1cc5VxQlkUiICLi9vd3j8eTk5IiwVTyY+cTua/I4eapcybkIfMXx4mrr169PJBLXX3+9z+cTpNZIJKLrutPpFOTwyfmOKZx9YIwXFBS43a5oNComiWEakqRIGCSMKeOIA+KAgAttEEmWEOKcc0JwLJbYu+9Ae2u7rKpz5867/PIP+fx+zjkmhDEWjUaTySRwJhMyOhpMS/M0H2+OhMPFRUVut6spHscIKirKBgcHd+/eU5CfXl5R2d3b193VNRQYTho6IsSwrPbOTlVVGcDwyOhYKDIaDCUN0wqFNYfz49ddX1FRnp6eqcqqrKijI4HH//DYL37+ILWsjIx0v99PCKGmBZxlZ2ZijOOxaCJhjo6OpnnTOjs7TdMsr6zUNKW1rWXPnl3xeBxAeCIiSillwBmYJiWESJLEGAwHhi1qtre3j4t1IYQAcQ4IGCBgmHPgBDgClmYxG6WAGRCmImrjFkIcmGVHjFALOEMY7AQYZxJwO0EuiQBnAExF4AOmcYaY5aWmlxmALECcAHVyageGgQqdAASAEXAEFgAGOAsS8qlaulhwTNMUqx+lNBwOezwe8UppaWlTU1NjY+O8efNcLlfq+HA43N/f39vbOzQ0FA6HGWMiLyD2Wqqqut1u0eQv1C4EDdswjIGBgUAg4HA4hA1bKBRqaWnJycmx2+11dXWMsTfffHPXrl3hcPiCCy6oq6vz+/1CX1BcZ/L4xQ9T2/4pTEZ1dbXT6YzH4yMjI08//fT555+v67qYQgDw6KOPvv7669u3bzdN0263z5s3LycnB03CmRxqqh2sqrr6krVrf/HzX8qKBMB1Pfncc89dcsklXq9XURRK6dkdDpimQalJCKmurj50qFFV1dKSMoylvoEBKkVFD2Zff293TxckHbm5+ZalR8JJzqRjx1qSUYMxqoLqd2t2RUGUJaPBeDwel2TGUXZWQdIwT3dfV1Xthb7+DX945YFYbX02jvb1v9ZmgUNVEMmameN5qWXd64G6xWT7lhGm5S7OlcigwwF9hxqDw1pk4/F3XpYbcQoIEZ489EbHAIAWMzlxzluU/ss/vflbySy4qDhX/kfufsrBSjmnGBIe3r/vl/uVSz5c9/n6Au9dmzYOJGn1/+mzZ/HhqJpT4JV4su3VLR0JN3vn7c/kMSdBzpxZpj+8v9+oLJRCTTsDufPyT7WLhlWT+wAAIABJREFU/gcP+3uDwWB07TwWWrM4LdZ2YNhfk/v2i8iZdRX6A1vaEtOna8kTTz10qObGKyrtp3oP9ulrl0a+ec+6vCt/lCsDQFZdhX7/qU/k8cZH7z+69Ac/zXnsKz/dPOv2VdmTL8T1ntd+9qPdpdc8UHx2KBH/x0EyKUcICEIgWPb4bXtqyviwA5+8H8PolVW+6Ud7nCaYjAFjzvPPl85d8ovXBlqGEpKETcolwgjGExqwwBi3GKOUt8TNZw8Mf2TBSh6ej5Lb/sbIMMZZvlhruygdjjMTJEIIJuPPKcYRIEk5m0lik9vpRQlR9O+J30hxcfFHP/rR+++//49//OOtt966aNGi5557rqio6Oqrr96wYcPOnTvLy8vr6+u9Xm9nZ2cgEBCVq3A4rOu6aZo2m62goGDZsmWlpaXC7EpQVYUUliC1BgKBjo6O2bNnP/XUU1dccYWIJETxP0XbPiVSzYeCcyvMBTZv3nzgwIHPfvazJSUlInfgdruHh4fFKeKaos11KgtwtgJjXFFR4fP5wuGw8GCzTMoVhjAhRGxxQfBEGWUUc5tNRZjHYhHOuabKFmX9A4GsrIz6+voVF17ocDh0XZdkGQCSySRCyGazSRIeGRmORaNNx46qqhQKjSEEdpvW3t6xfft2wzDsdtvA4NBLL79cWlpaW1v76f+62e/zE0IQQsGxMVmSYvF4OBxWVXXp+csaFi9RNOWCC1bMqJmBOEiygoEwyvzp6ddee93x48c2rHtekgil3O/zAAdqWZRax4+3cM41TaKU2e32cDi8a9eujOws0zTXr1/X0tKCECJEMk2dMi4rCjDgjAtCjTClV1WZURaLxRDGQp1FkmXEkZDrT7IkFkl9ShXgEqKAGGAGhDJEAXMAnWELJA5AgXHEKOEm4kzGiEgIgALiGLjEGeIWII6RBdwAoEAIwoAIQ8gEZI17ryDAGM7WdKvoIhEce2FXKRKdnHOfz5efn9/R0dHc3CyoAaoq7CQdXq9X0P5dLpdIy4r9jFghPR6P2+0WnVyxWMwwjGg0OjY21t/fjxBKJpMnTpwIBoNjY2MFBQV5eXkOhyMQCDQ1Nb355puMsaKiooqKCnEFkVlIkaqmqv1TOB0QQqqqVldXd3V1YYzXrVt35MgR8UAPBoMA0N/fL/pQFEXJycm58cYby8vLherQGW685xMuRaIy8fWvf/3pp58OhUJibD09vRs3vlBXVydm/pkZ0nsFIiGvzxMcsQNgBIRgJRQK5TIWDI8Ru6k68ODgCKM8Jzs3bBrReAQwyy+flmtoe/ee0OOQ4dc8NiVvWm4sGAwODWPZsrttwXAySo3+nkH59GpZyJb5qf8+3/2Xg88/8/pLFBSXp3ru/B+sKS+WAabN/d8rzfs2bLrhebDnFF53y8J5DsAF1VfP6vvlxhdvPVx2eY0D9nL2tsqdXLmyuqq18Sf/+8Kci+d/ZsaOXz6x5S/TL/pIbVnln3Y2md5PzXHK/9jdTylgaDvFkDAvzcrasvv2bxwyAaeVVNx6WaYt3PF/+ezlgguvKP7m/976+dzMaRdeeUXB3T+7b9u19L075mQ4Zt/6+Znf/e4tr6rEwCXXffnCHHL0nz/s7wzmaiqnew7c/9VnBgYC2qovfz73pC+eY/atX2743o9vvVGVDJp7yZdX2063WMiFK5c7nz5wyZJM8jdP5PHDj9x96Jz/uWdarnTLNZu/dPemWT+8EICNvHLHJxs1xAxLyl/08f/3rdWZZ0HZ4T8S6DcP/HjzU4/RRFghGBAYlvWZj5c3No/KMpYIopRtqrIZGTYik5MeDYt+0718W1jCmCCc8etftBfU/PjFXplgiWAJI0IwmpDt4wCMccY4Zcyi3KTs62sKq9MOqP2X/Y2BWRbr7VNe2FJBCKGUmyarrfA9/NcuTZbGSS8cKGOekto/P//6u/wpjaOvr+/M3OidEDUfwQJIvZJMJi3LikQi99xzz+rVq6urq59++mnLsi6++GJZlo8ePbp79+5AIAAAsiwLTWmPxzNt2rTs7Gyn0yn6VAVPNdX8L0nSyMgI59xms+m6/qc//Wl4eLiiomLLli2f+9znqqqqhJ+fKHkpijIu5z6JxJHS/xcJBV3XZVmOxWJ9fX2/+c1v5syZs3r1ahFDm6bZ0dFx8ODB+vr6jIwMTdOEEZeiKPxdcwdMMRc+yGF0qjX0zHwIoqVzgh4CnZ2da9euPXz4iKoqjDHGqMOm2FQpmTBMkwLCnCOMCeeIc44wwhIyjCTnTFBgCEKE4KVLz//JvfeWlE5LJg2bplmWFQgMGUZSIhi41Xjo0Ojo8E9/co9lWR0dvYzDtNLCeEK/aM2a0tKyL3/5K3n5eZ/97GcvXbvWn55hczgJxoZlKorKJ2iD1LI450QilmkhDIqiJo0kBiLLCjBAGHNOEeKbX9x486dvwoin+/1+X1puTm5vd7eeTLa2thaWlBw73uzz+8497zzD0DVNbViy5NUtr/7xj8+qKrcoB0CaZtcNM57QVVnBCHNOCcGJZJIQomkywnjZ8uU//el9efn5lkkJkRAiwAAYtYhlYMNmyfxI667rb6q98jLnLTdBW+uBn94X1KP1X/iCrbnjlfXr6z7xMf/5KyEY7/31Q/FtrxZ96fMHNz7ffOTEx//0R3A5+p/Z0HvvfeVXXea5fE3/N795aNuOlfsOgmob3bSp8eGHiqdXFt38GSivADzBp0RvZQEmJ+n27NkjBERTv+uBgQFRAP83zqJ/Y3OQ2PPAxGrwyCOPPPjgg1dfffVXvvKVSCSye/duxlhlZWVeXp5hGPv373/ppZfcbvcll1xSWFiY2iZRSiORSDweF0QnwzAkSbLb7eKTkSRJ0zRN0yRJisViAwMDra2twWBwaGjI7/d7PJ62tjZR///IRz4iPqtNmzY9+uijg4ODlZWVq1atWrVqldByE21cMEGtQm+3A3xP1rEP8uL5Hw5KaU9PT1VVlUi7i++gqBzIsmwYhmCpeL3e73znO9dee60IAMTsPbNpd06plVI7Qgh973vfu+OOO8QYCCHFxcVPPPFESUmJzWaDs877eXTsLZW+b3x9zbKli5oadzQdPVxbNau3L7p8xdUXrLo8yVhL19HhseNvbH1eNQ1iwOCJ0VAkUjyzbMbsuj27Dx5ubD6wt3PxwrpkOCoBzKqe3nqi2Wazef3ZbR39/UMhC2lef+YTWza+h+90Cu8XJA7cfsPvFv3snhVp//LqbvY88Y1vd157/5dn2v8dI/vPgy/N8U+fm5OT828cyenwiwfunVEzc4LdhU/6W/zU19Ml1c5vqJ3f8OQjPzu2d6um4HGhLgBAHAMyGY+5ZA2fIgPz+oezag9G0mNMy8uR587ZsnXIsBjnwDinGBHG8LioAHDgnANlnHJuUWZR/srRYOX5i7hUgKzud15ZAGMp028wzhUAinhKdzAVe4gYyNBPS3M6m5AKAUWJSdjyiZpnPB6/+uqrH3vssfT09Nra2h07diQSCU3T5s2b19DQEI/HZVl2u92i9CT6VIVisM1mE1x9QdcXG3td14WKlWEYTU1Nx48fb2hoIIRkZmZmZGTE43EAEJUoscMXDNXUOFOBqSzLwmpLluVoNBoIBB599FGPx7N8+XKbzQYAkUjE5XIhhEKh0OjoaEFBgZAPELW4KQrA2Qoh+sgY43xcUYJgzMT/v4Vx4g9j3GKWBBJChHMunAWJRDAmhw8fPn7seH5+IYjNKUKSRAyDm6Zu01RNU82k7kvzcs7HgqFQOFpRUWG3O1tbWiKRWMm04nt+cu+y5cslReOcW5bJgKuqmtR1WZLEjaRxV2qECSGSxAEhRBAmpkWBcUa5qsoIYO7cuXWz5mx9bYvf6wUOgvLtdrlaW1sVQtLcHofdIctyJBLGGI2MjLjd7htvvPrc887bt+/Np556pr9vSLNrFmXAYaLZG8kTzVkY4/379z/zzNPXX/9Jh9PNGTcNUyYycGxYDMkSMASUTWxKsRB0QRIBbgEhlmWZgAARAAKACUZAkEkZYwyQBCAJ8RUgCBBigBmWAckAhDPEAXGCxlsKxW+GTcTh7//dX6rhCCYoAELY37Is0zSDweDAwIBhGGlpaS6Xq6GhISsra+vWrS+++KIwCMzIyPD5fGL5IoQIBQcAiEQioVBI0zSbzSYWwEgkghCilI6Ojgr6VTKZ7O3tHR0dzcnJWbRoUWlpaU9Pz3333dfW1rZ169bc3Nzbbrtt8eLFRUVFDofjpKYqseSepL0yhSmkIFbUwsLC11577ZJLLqGUCm3LFLkvPT09Ozt76dKld9xxh/C/QAiJgAEmpcbOzFBhkvORYRhr1qx59NFHu7q6hSlsR0fHww8//L3vfY9SSs5q1WePx5GR4W9T7YbOkwkuE3t3d28ikdA5tywWjZimjhOhxEjPgIM6iouLyiqmcQTLll3Q2dZvJqFh/kIrEpM5r6upyHTZPR5PRla+293k6hw60TFA6QciQp7CfwySxx766p1vwJIvfq/mLN3/n02QAMBmd15z61d3vz533aP3U2oKwifmCBBweEu79SQQt/LC8rQPPz2sZGdxzg/1RE2LMQ6UIYKR6NdH4+5RnInUAOMW45Tyg10RAM6kAnKaFIDYDnCOOMfjgxGa1HxCt5ALPy+WTJzO8uQsAX+7ux5MeK2LaptlWenp6YSQWbNmbdu2benSpYqidHZ2lpSM64FmZmZSSk3TFA9aQSsVxSXDMGCSvV+qaZ9zHo1GW1paNm7cuGDBgvLy8g0bNjQ0NIituwhDRaAweWAnEQEEScHtdsdisVAotH79+vz8/NWrV6elpWGMQ6GQoIJ7vV7G2I4dO9LS0tLT08UtzrAu0RTOLNCEnMQEGUHYsE3kHjnjwBlHhFoUISQRCSbUMUVu0rK4y6WGw+HNL700f8FCf3oGYwyAE0I4wNhYyJadpRv68MhIb1+v3+9zOBzBYDgnO7t+0eK777mntb3jf771rQtXrTItlognVVVFWAJAnGNZVgGAEEwkADEqhBhwPZ5EGMmqgjEBDJyBJHGEETVNf2bmhz50+d49u0zTVFTVbrdx4INDQxihc845x9l0/OChNw8ePAjAMjMzhVi3359+2aWXnb/sQr8//aFf/WYwEMAYc8oFbUqovmOMJZnohjkyMtrV1Z1IJO0OlxgbYLA437h58/z5cwvc6cABCNHjSYdJIWFKBiUyQYiAbMMMIQ7AORgW0w0KCBSFKwRbQnUXcUAcYcAScMQYIlwGUMHCEGdc5whLIGGOACEQoqsccYo4AkTe/2mAyUQYkfSx2+2EEEVRCgsLDcPo7+8fHBwkhKiq6vF4qqurA4FANBoFgLGxsWg0KlwkUi7rwiHV4XAIdpXD4WCMhUIh0zQTiUQwGBQGqIKKVVJS4vP53G53T0/PSy+9dPz48UAgUFJSUl9fX1tb6/V6BbsqZQqbYk2fYf7OFN5fEJPEMIzZs2dv3Lhx+/btglovukgE/WTNmjVC/w8mBIbE/v8MS/ASQsbJnIAM05AVpbik5JxF9d3d3aJCZVn0ySef+sxnPlNeXn4mB3bm4UlzuVwul9PvdmYR5PS4bSPDwURCT1Bqt7kUyZObXZ6QBoM9YQBkMhqKju3bsTURYTNn1F3/4Rv2b9vbMHtOd2uLncvpNpfLZnfIxOd2hjONgbEgQ1MZwyn8Q7DN/vbjs//1y2jTb7rvkZv+9et8oGFS3aQ65SZBskxUmah//5x/ClJKLnPBkuWapv7pwR8AICLkP/HEEi2svd6hvNe+MrPl9dEFc2ZzxruDuoyxJCgACGE8TrQWjQBcZAEYp4xTxrqDFufcUutJcvtph8YR5wiAcwyAEBHMBM4pZYxTzqhQozOp8S59NP8hEGFfivwpSPIIIVmWhZpOLBZzOBxLlix5+umn9+/f73K5mpqaKioqcnNzFUUROlUAoGmaaFglhIiue9M0UyZ8oitblPcBoLe394033khLS6uvrz906NDQ0FBubq4gCqZIsCkxLTHOkwIIXdc1TRMVts2bN0ej0ZUrVwqvAcuyfD6fsBsQHQEvvviizWa79NJLBcFBDPXdywJMRc/vCVIzGSEsSZIsSXzc6B4mPEgwhwnZe84AAcLj2zNMACEiuPeEYEFjaT5xfHCw3+fzYYwtgymyrMpqLBZPJPShoZH2ri7KeSgSDofHbJqEER7o7weOvvLVr33kYx+3KJckhTPTsqikyBx40tQ1RRXd4AQTBAhhZFomIUR1OhLJBOaUWZQjDBhblkUYYE7BQrXV1Rnp/qHAoM1pr509My3dNzA06HC7/H7vjOqK3Xt29XZ3O12OWCyWV1AUjyeKiz0W5V6ff/XqNQcPHHrhxRcpo4xThJEiS5xzhAkmmDNEKZ8zd/ZFqy/2+zNMw5RlGTDiiBuW+dRfn7arau7ieuzR1NycwY4ebfcheaDfCsYc5YXY7YU8mysrh7d1Qc7xRP9IqLdf0Vxgt3u8Xlssmdh3UCvOR8GQKtlktxckheTmg7PVaGmTOeGt3SjJmMcHihNxLBSGx6N14Aj4WcDLTdXSRXaJECIo/ZIklZeXm6a5Y8eOpqYmj8djs9l8Pp8kSS6Xa2BgYGxsrLe3NxaLAYA4MbWeuN3uyspKTdNkWZYkyTCMZDIpcqCBQGBwcDASieTm5k6fPr2mpkaSJMuyjhw58uyzz+7duxcAVqxYcdFFF82fP1/oocBEthcmaAsiS3vKJqaTkrBT+CBDqPDMmjVr9uzZ8PaEkWmaInIQHYWC/Zd6/UwOknM+XutBXJFVxqimaQ2LGp59+hld1zlniiJ3d3dv2LDhi1/8AgCbkKQWZ59VMtCxWGRkJMgocTr8poE9ab7hsSQAttkU2a6oA26b6kvLcnjmeTqPNA0O9ndG29Nzc4f6esLhaH52XqujJTQY1rjW2tgcDgeGB/q50tk9MtI7Eg5HRq33vYXrFKbwwYJJ9YQVFWudxU2LmwDwLmUB3pJ7eHPP9qd+fa9QA+QTPZ8IIc7EQn2KFRfbpFcuzZrNGOPMYoxxsDiSECKCAjApTOGTiQCcU84ZT3XdnhIIUlLUMB54IuCWZRFBBhi3GAf1rJYDFEh9kpNr7yLgExtphFBWVlZ9ff26devy8vLa2tr6+/sLCwuF0I4o/gNAav8vClYp8b9UoSnFMmhvbw+Hw1deeaXH42lpaZkxY0ZmZubkbfnkMHTyiSlZgVT2QUgSfPSjH62oqBC3S+UdRI9rRUVFe3t7f39/R0dHdXV1arTvUqVrav9/xiA4RAiNE/XHX+Tc4XDOmjWrt7c3Fo0hjDhnCGHGOWA07nqHEABDGAnLT4wx54xzhjEBYJZFJUmy2WxjwWBbS8uMGTWMWswyI6GwrusSlhiDWExvbe0YCY4C52luj93uGB4e7e0fWrlq9WWXX8E4RghRDliSEAdgwDDHsoQw1hMJVVbFgoUJkYhkWrquxymlqmxnjFlgMcAYc8SFGh/zeb0Ou8NiLByLHmtu9qa5S8pKWk+ceOmVzXNmz5pZM310LDQajISGRlpb2yyLpWfmck4Q4MKi4kWLFu3evSswHGCIMcYNk6mqJqsq55CI63aHe+l5F8yePc80KJYkQJgzihBBHCIj4af/8uS8mvKMdEfRygve/NOz5oMPOSUci8Qr5i6UcwogG5csXND8l7/QQ4cD4Whfz1Ddsgtkf8a0eXP01w8dv+c+99ya6PCoKzvHXlYOHk/uhy5v6eg59ruH/ViNNjUzIuHScnD7gCEgjCNiIUCieQDOhl6AlCCIKLCrqiqWI9EyLfjSwWDw8OHD5eXlOTk5kiT5fD5CSFpamtPpFG4mKVcUcUFN04TuWiwW45yPjY2NjY3pui7Ww6KiIkppXl5eVlYWQmh0dLS5uXn79u2xWKy6utrlcs2dO7egoCCVh03lWCfv7U+XGJ3a/08B3v50O4k8KCD2+Sm2f+qfzvD+HwAQwjBpISFYstuk5ecvnzd33vbt2ySCOaOyhO+4/fZZdbXnLV3KKMNEAkCIIw6cM8Dk/b8MAQBAfn6e3W73pmWmuaOjQ1FZNsfGwvF4nOnE5nbm5hQNdPclI4G83OIT+w/ZbDadJHILsnZtPbDwowtqqur0IWv7i69Y0ei82vLcjPSRcGAoMqqpcjQWRNhA+Ez/ZqcwhSn8KzCp/rbdMQeT6u9aCgCBoevP/uGhg1s3ajIWTq0EMEJAAHNMgXEunKBPlQcI1ftf3XT4o4yrEk+YlHFkIYQZwjChBAAAAGzCdJBxzjnLcEmMcaKfmgLAORItAJwBR5wAZohhGH9gEDLRF8YZZUxTP0BeEe+M8xBCopoEAKWlpdXV1b29vaZpjo6OGoYhy3Kq61VEuqKmmurkT0lDpLb3ohpQWloqgmDO+fLlyzVNS0tLS9WjThqDUAQQtQWYqFyJu3R1db366qv19fV1dXXyeHM1iLpZqql1+vTpWVlZO3fu7OnpmT59uqqqMNH++s73PrWBf/8ilbRyu92f+MQngsHg61tf13VdsHsAYNz2jCOhHip+3+NEonEOEhJOAWK6RiKRlpYWRi1AiAELR8IAoKoqxkjTtHg84fa4jaSuqmpJ8bThkWGPL/3yK6/QbDbAovzEx2cT55hxBBwBlThg4IxSDpxxAIKaT7Rtef1VWZaXL11aXFgkibZ7MYFNgxFOGcOEYESMpH786NFL117icTj7ervDsWjtzNri4uL9bx5+9bUdyeSIqqo+nys/L19RVIsySZZ9fr+iqpwzzjmlXFEkhAFjHIslAKHFi5dcfMkldrvdMEybKotvFmMcI4wRWb9uY0aO6/v/8z+e5Uty+4Z4z0Cc0PQ5Dc75s5DTCZh4zpnnPn60b2iAZ3l9peW2C5Yjf4Z9/vzq27Q3N2yKJ5LI5chctIAX5iG7HebUlN740cYNL+mYK1V5mYX5vrpqUDAlwotwovR/Vnz/Ju+rMcYulys3N1f06lNKnU5nUVER5/y1117btm3b8PCwqMxzzr1eb1paWkZGRqrXaWxsLBKJiEsJi9NAICAsVxKJhLBec7lc+fn5eXl5drtdKLO0t7e/9NJLu3btamxsTE9PX7lyZX5+/sKFC3NycsSNJpO/pjCFDwjy8vOvvPKKxsZDiUSCEIQQikajd91113lLl4qsGIDoGDurOC8edzZwFZiNm3JvV0DC7lgoznQLNGloIMA4pwZWFGdhwbTR0SjIui3b3XykvaqyNpmwenoHyisrN/z1qeriosGhfrdLSUTC8WiYA4TDYSppkvJuUYinMIUpvBug/GT9jne+8u+C1Hz44At//W18dNChKhgDt+h4fyhgBAgD4gyAgTDremcSAMl4/zlwFWPTs5Rd7VEyvrHEE10AEyE2CEUA4XvFZuS4GKP4tFqASPSmMoYxIACOARgGAJAkSSITXoMMMIaUdNYHASdFhKmKkNgb2Gy2vLw8zrnH4xFSUqIUL5CSkhIHT+4shUkbbKHWlpubK4JgxlhtbW00GiWEWJaVYr2edO7k/bmIXIVE9saNGzHGK1euFJ2xKZqAOF6kCTRNy8nJyc3N7enpiUajgkN7EhHgbHrefzAxoe7BJUkihMyZM+dLX/yiy+ncsGFDIhEHSdhSEADgDEzTotTiIgMA8FYWgCPOARPCOU8kEoZhdHZ2RsJhl9ttmmYsFrXZNN3QMUYejzuZTMSicYzA4XDk5OT09vYvbmgoKCxEGHMMwIAxhjnCwvOUceAMLCYRHA+HbS4XAs6AHW9pefTx3/cP9Suy3NbWsvbii+fW1HY2t7V3dOTk502vmq4pmqQpkixjDvFIzEwkjx85VlBUML2q+sCB/cOjo9mZ2WlpabKEATjBUn39oqXnLyOyzC2KMVFtmt1hz87Ottvt/f19pkl13UjqND8vf8WFq6768FU1NTUIYU0bD+MopRKRGGcYo4GBwQceeOj6668tKywou/5jbCREJVPKSpO8WSBJHCO1rKTixuuTI8PY6UKqR8vIATsBrNkvXDyjvJhHGaiSIzuNenxUUkCm+auXKUUFim4Qmyr7/Jo/gyrYxEgoCkoTzLC3fiPvW6Ra62HCvjQtLa29vT0QCIjtveBVFRQU9Pb2Hjt2DGPscDhkWRbrqpjDYonr7u7u6OgQnoKCSmBZVjKZlCQpKysrLy8vLS0tJyfH7/erqiruZVnW/v37161b19XVlZ6evmjRovPOOy87OzszM1O0aJ31LmhTmMIpYbPZzj///Bdf3PTCCy9QighBmqbs2/f/s/fmcXJc1dnwOffW1vtM9+yrZp+RRoslW5ZkS7Ys73jFYAM2GOPAByTgvGT5vXwJvHl/4eNNgLAkIXlDWEJIAIMBG7wIG1kgW2jf1xmNNJpFs/Ws3dNbVd17vj9uT6utDYMt25L7+WPUU+quqq65deuec57nOXs3bty4ZvUaZCxHSmXs8smOHT08avCy2WnJpccgMz4WtwyT0mR6dUu3UnZqcnJKJuOz1bUkDe7wdNRduGzxbEzMxoVD0NXbPf+Ktpeef6a6yBufHg2E/IGyUsFMfzCSmLU5/8OtywsooIA3Hhx195UxP8eLxeXRnvrmlxiSYWhMsbsZU1QrQGAMEJkv5mZMTecclDvAWRNvLJLsm+69a2HJpu4Jzjji6foy5HkBkEoBSCmluLGjmNkHmRg81ykhEZJEx6axCQORcYZCAhJhPrOAAECJhd9GKYAz6kKIqGJyZUOl1pdlZWVtbW2GYai1ptqoyP+q4K8SB/kBfC4poOr5MPf3UjoCZYKtelPn01DzvalU0H6GedXg4OCmTZs++clP+v1+Ffyr/ALkORqq/TiOU19f39fXF41Gg8GgqoPlSmFv3PUt4CKACPLTOOqfoqLilauuKS8vX7Vq1c9//tSundtt22ZMQ8A5fgqjrB5JDfisGT0CY0jSlSknNTkx0X+yLzY9FQwEEICk0Dgo/AJcAAAgAElEQVR6LMMf8FVXVSaTsxMTs8GAoWnasZ5jlZXVq6+/PhQKCZIMdVRxvxBCSAmkaeC6LkjSTdPwWagBSSEBjnQdOTV86rE//aTP9HzlS1/833/91/ObWuxE0gVCy7hy5dX3vPOdh090D4wNzSaTZEuvpdmpzIqrr+7tO7lnz+5dO3e1Nrfu27dvamrC0LluGA0NDbW1ta7tckNHhI6Ojo6O+QODA+9+1zt37dyxceOmq1es6Ji/qLNz4ZXLlpeVl0kpEYFxlkor125JSBKlK4Tp8cbjsfe+/0Nf+JvPrb3mOqypBk2QBoCmBMYIAA2zvs6srQLUgJmEGjAiEHEpfC0NPAWko6sJYhwBJZqC8bIFC0AK4CgkuciJcQBggAyAnZYAXPKLb0UyUt1MGGONjY3XX3/9l7/85Z6eHpVFVanJxYsXFxUVdXd3j4+Pj4+Pu66rnP90Xfd6vaZpKse+1tZWABBCmKZZVlamHE8R0e/3ezweTdNy0yMAJJPJH/3oR9/+9rcZY6tXr37HO96xePHikpISmJNw56ZQKJCeCnibARFqa2uvuWbV9u3bZmam1cZUKvEPX/pSR3tHZWUVIgNE4QrOLwNP0iwmJqbtpENE8xd0nDrR37mg48CRo8ND/QEnjJZumoadmc3EY2NjY64ExnSL+3sOnaqpb04m3YNHuwd7j/uk6Fi8YHLwWLg8EikNk+ntWLAsZYZ7xmbSBS+AAgq4pKBz0yXndJEFL5YRAABops6JKEu0zQm8GTBl+sTATLlpV5LkwM5NBACAX8dffH/1I/PLzX2Ds69gmM81FFAW/ioFsLqleHGN3zP9lXOeEKlan2TSxZmYzhkSAmMguLoUQJTjBCMBMLzkjalePfLVoflBstfrTaVSiBiJRJRVtfKUzg/Icw7AuY/nyP9qbaq6DMJcZkGtbr1ebyaTUU0EcqeRX+1XW1SKQR1F7VwVylavXt3Q0KDKX8rqXKUA1BHVQlx9qVAolEqlotFoe3t7KpVSq2HIWwQX0gGXLhSHSM0Cc20pHM54S2trTU0N56yv9/jo6IgaQjpX7alz1eZ8IBG4rgMAhqHbGbunp2fPnj21dXWaxnSNua7r83l0jozRxPiY18v9ft/4+IRtu6tXX1dZXk5SMk1HQAEkpEAihgyAHOFquobIYrGYx+s92X/y2PGeI91dW3ds1zmvLqusKI08/OBDf/7Yn24d3vKJP/n4dTeue2nHlm9//782bn35RM9xT9B//U1rD+7ePzU2FomEAdihI0c9Pn84ElmwaOGR7mOGaUxOJ+yMMzE5JYTkui6F4JzX1dffcuutjz/+eE1Njc9rJZOZP33ssdb2BT6fnzPddYVh6IwzkqBpGiIofwTd1LnGM6k0AXS2dC5fdb00LQ4E5EgShJrrgoUAkoNuAnFQ86qSP3BNZ5aNZHo0SVIiaqQY/poELhlKiZxpwLkEZIA6IKj4nwhQSmAAl/ycq1KQyiYdEVWbdCFEMpkUQqRSKRXqB4PBoqIiy7KmpqZU37JMJqN8KBDRtm3HcUzTVE0BOeeBQMDj8ZimqX4q2n9OHgUA6teRkZHx8XFlsFpRUVFSUqJmV5V+zT1AAUA1AiwkAgp4m4AIPF7vtatXP/nkU/v373Vdx7Is27aPHTs+MjJcXlEJJBnjc9aklwnGR08eP+4r9oWGx8YTzqTUk1ZIDpw6srh6mS9gpDLx2qriU5lYuCxgBnTONc3yc9OTkbwiFOkbij7/q18/cOc79PRspKo+YGnxZLy+pjElUHJzaGyqtqX9zf5+BRRQwO8BFfC/cR0BEBCRZVW3Mje3ImOoMxaZFROO1AQgo/MRAbbNbFkeWvm3dzU/9v0DPdEkMgbIMK9eREQqC9BS5vt/b2/W0r81Ms+ffTZZFwCJQjDHobFJj8aRMRQiRwWGueQCSCAiEvQ2anlyThM+td3r9SqTP/XIVFZ8qn2AWrbmbPbyd5XbIc2ZAqpEgKZpiUQiHo8bhhGJRAzDmJ2dDQQCajmb24P6oNIIqHge52yrhRBlZWUf//jHOeeqV7au67quq3eqFIM6eiqVUsmIYDA4NjaWUyvA6VZwp/kCb9CFLuB1Aeb1iZTZXI8aSIZhIKBwXUO3ONM13dB13XFcmOtrlb+XPNo5Q1QmfaprlDs8PPz5z39+/frnbr3tloqKikDQr+sa5zg42A8AIMgyLJAQDATmNTRYXq9mGI6QkoSQknE0dA0BhSsBcTo2URQssjzmL37+8+989z/GxqOxxGx/3+BVVy0zONeZ1javsaWugTN27erV1XW1d1eXv7Rjx+M/feLRD33oL/70z0b6B/7z29/e+PzzT69fD4Z21913P/fMLwZODdqZTENDY8/x3pmZhCucWCyGyADBcRzGTdMw7rjjjqmpyaNHjs7MTHZ2dnZ2LvQGQq4jbNvhnDNkJEEIoelaOp3hHLnOkplEuKzoxhvX/XbTi//6D//kMT2kWmkLxolJhowDCAANJTBXkqZrKBEJHCJEMIDPZpLMNDmgAQguoSQApLTL/SbTTSBlxgoaSEZS+R4CZu/9yyAPpybDXBbV7/dXVVXNzs6OjIyoGUz15GOMNTQ0lJaWjo6O5rKcudyBypCqZGUum2kYhtp5jqKV4zRNTk6Oj4+vX7/+F7/4xfLly++9997m5uaWlhZ1LERU03W+VisniSqggLcDEJGjVlleWVNTffz4MWXPAQDj4xPPP//C4sVXMMaBiPOsyeybfb6vD8rD/qGBHqio1DknKzk81ZvIRB05MTneW1TULJg9cLJrdmYGuFNZW360+4Rf81y7ckXGZbsPdO3YvmsmGkXDi1awyOsBkW6qb55KZZLTyWd/tenY8MTRgej5jyxTfZvXbzw0I5lZteK2mxYVvQrGgHtq/Q93Ntx3d5vnd75VxvuOxcpaqz1v6h9KTBz9838Yf/R/Xds5F0ZlerZ86pdVn13X/z+fqfnqpxpCl8k4KuDywUUN+/OhASgLboC5HtLZSj+qihHWJqhLmfgzRRQ4R3dAAPjm4L9+ovZ/fPW9nX/1o/17+qaRvSIFoJjlS+cV/917F7vOcSv10bN3oer/IFEKLgWXLg1PBEydQVYSjACADNR+Cea6Fb6dkB/zqwK+CoRywtRcNG4Yhmpbpeu6agoAr2yFnaMDqCbtmqaZpqlKWyqDMDAwsGHDhlWrVilxrGEYav/5J5NLQyjKgFoiq//KHdd13VAolCuF5agH+ZZXlmURUXNz8549ezKZjNfrVUmEQsx/2SCXMPL7/WrEuq7LELu7u59b/9zY2JjrOkIIIkUP0Rhzpchl93L3OXHOkJgQwnVlKOR/6KGHDEN77rlnDx0++JGPfKSkJJxOpyQVdR/rtizTZ3lmZqaLQ2HXFYZhccZc12WcS0TOOUhKpVOn+vp6jx9v7WitrqlMxGafeeaZf/u/37h+7Q2PPPqhTCbzxS99cfNLm/du23nDNWt0brXVN5/oOTY9Nu01RkZGhzOjUyvbFn3mk3+pcW1+24K/+uvP3nrLbZ/5zP8anZiqqKg6fvzk0EDfVcuuamlp3bN3/5Gu48Ojo4iIGicpTdN0bAdABgKBa6+99udP/vTIkSMPPviw1+sRrksEpmVClvcEqVQqYPgty5QkgFyvof/5Y49t2bS12NA8Pr8rgHEACcg4kLRdQg1JAxTAkDHNdIl0YEDANSYBQIqgGXBJE2QDkQZcza6apYMAYEBAHBHlXF8WQGCouByXRzOu/GZ7AGCaZiAQ8Hq9IyMjisek0qlqEispKclJnEzTdBxHqasUUyC/L6DSZLmuq4hXAJBOp5XiABGj0ejw8PC2bduEEB0dHc3NzXV1dT6fD+ZcUdShVQZBTZgXrzFqAQW8FUFERA2NjWvXrt206WXLstLpFOdaIhF78cUNjzzyobKyCiklMgaX0dog6OHNC9sIZdpNa1535dpF27Zt6xs8sHBh3cbnfxIIFGuQam2Zt2nzb0amRysb6mKz/Atf+7+ptABgriOYkJ/9/BdXXtFZX1Yc8Orb9ndNxGaf37KTB8Kke9wLqIjTJ3+zob/u7j9aFk4fe+GXR6LtKyt+t7u2Vn3rQ9Wv7oulB/fsmVrTXO15i2kRzOaVX2+GdFf/m30iBRTwJkPL6nRhzrArJ/YkQEDGIIzoizkZQ9MZB8wumoiduRJMydQ/DXzl0ar/56sPLflNV/TpPac2HhlV7wlY+pWNkQevaVjWEDkyebRo6qNWeOasM0EAJGJScOFyJw2jE4YUJjeVGzWpQrByGlTkcQIChLcRB+CVyIXHmqY5jqPq/JZlJRKJRCKRyWQ454p1ryymVLyt1pdK85/bol5kMhm1nHVdd3x8/MUXXySi+vp6ZQeQT09VyHcTUKUwtXPVXkhK6fV6cwpYtThWWoDcOahzU8kFAGhqaurp6RkaGqqpqVHxfz4FoIBLHfl/SmVr57pub29vd/ex2dlZzghREVVQ07IZK5ZNMLmq7YXrEmoMSUpJANLv969cufKWW2+++567n3rqZ5FIWNd1AE0KMTkxuWjRopA/uGnTy7qu27aTSiVt2/aYphBuys54TAuARoZOffc733l+/fr3vPeBu+69+yc/+NGe3Xv+5KN/fO899wKglHTnDbcd2Lxrz6+3BB3e232se9fBydGRb/7tlxBwcnJycHjIG/D9y199fvXN69qXLSkuKW7vmN/c1jI9Pflv3/j3PfsO1laWZDIZ13X7+vpt2xau29jY6PF4GGOuELphABEihMORWCxORGVlZUSKlAUkCbOsJwgE/FkREAAioBTtTU0iYS/ubAedSQSSoEsAJgldrmkC0QapceQuY8BQA5AApPj8DEFDwTQJhJyAgRJsIQEiOECcJLpIjAmOJIG5RAyBgZSACIzmBF5vGn6vwng+bSq3MV8YJaX0+/2VlZWLFy/euHHjgw8+WFNTo0r9AKDoVKFQ6AwWVf7J5Ir2ruuq0F35sKZSqcOHDw8NDTmOQ0Q//vGPjx8/nkwm3/e+9/3xH/9xUVFRTo2lkrA0Z6SqGASQ57T6FkRhWi7gIgCVcfTq1WtaWpp2796NiETSsjw7duz+1rf+/c/+7M8515CA4PIRyHg0bKirimXiu/efqG4or2momEk07N2561jXvkwikZieCgf8uoEdHR3HBwb3HDrS1R01rTDTTSmYQNv0esbGT+052LVpaliSqIgUx5IZ4p5khoJlkej4xPmO64wdGgktvS6sAfpbbr6vJf+/Bp/9r9+YLeXJ6YnRmeAVS0LR/uhkNBZace9tDVPPfG9r830re3+2ydNaGp+cnZm0q66764aq6M//c3v7g+9qs8AZeOZbO5ruaT++aWBUvvC89+abWuPb12/pTzNyqHjR2nVLIpljm57dPORycGVowW03Lys/nahwJw786tl946CRDeUrblu3IEQTB3751K5Jwx8sr4TekZYH39lOvS89vaXf1riE4sXrblxSov8egyHd9dLHnq75P+9Qv1GiZ+9nf5B+92NXr/Dbu3+x5b+P2oxcKmv++INtjYV2CgVc1lAsAJyj6qtGx4AISvnPGJo6a4g6B/26pnNAQFRr1HNwAVIy9c+DX70quOK6+rVfaFtyBnl7IDHwjUM/daef+mzb8Fmnofj/TAomXC5cnknLrt6gqTPGUAoCBihB9RSUp5n/CERSirP29vZCjlGv2k2lUqmurq7y8nKPx6NSA2oVq3T4an2pyrD5lXm10IzFYj6fb3JycvPmzdFo9J577ikqKsrJ+OmCTarOt1rNDYNcSH/2fym+gJIzdHV1VVdXQ2GJeTkgz88kDznNSGI20dXVNR6NcsaBhCQJhI6T1T8zBgAiKylCQgYgCVGpgQAAhRCBQMCV8vChwz6fPxgMxWJxALAsTywWa2vrmFdbv2vnHp/PPz0zsm/v/iuvXmF6vfsPHojNzi5desW82tpfb9gwMzm5YvlVO3bs3LNvX9/xE3/9V//rxhtvSU/Hp0bHj3f3HHpxuzcmtz75q54Xd1hcq/cULV/Q6DdNUzOMGp06aSYRHzjQ/8M9/9qxcumaO2/Zsm/nkf2HQMORU8MtLU0L2poPHzo6NTMriQB4Q0NTU1OTbhgAyNhcZQSxOFwcCARmZmZCoRBwJl2paTrRecY/ARIQYseiTsbIRZEBbqlEruMCpdHQOTe4dMEFAJMxBCGBEJABSYZC9WhFpiEhoSBAYAyFA8gk1xgSJ5sEB2AgHSAXOQNgRAK4Tkh5fQEuOi4wpfy+wLPMRHLRu+Lz33rrrd/61rf27t1bXFxsmmaOxARzmYIcy0n9VDnNXJpSle455yoXAAA9PT2PP/54V1eXMmrp6emRUj788MN33323olypNIT6efb3eis7Ar41z6qASx0EJIkYY52di975zvsOHz6STqcQCRESidkdO3Z0HzvW1tbOGABIgLdYcfkPRdhXdPLY8Whiciw60jy/5YUXn+UM29obk7PTscmZRMy5asXq6aQci07uOdjVPzhpmWWG6R09NeorihiWNzo+UhwIz6SSgaJIenamf2KqvLTKHp/yBv3RaJSb5yPsy8xMHPTo9qf3jsxk9Mpl16/pDM8F0siYTNn1q++4Fnqf/vazg7d/+LZVOPDct7f2JecFs29wZ+OV9965ypM5/uS3dw+sqrReuXsWaluxYM8Uu+nmJb5Tzz492nLP/QsDLDPwwvc2Hpp3M23rL7n5fTdUa87Y4YMzaVmus9xpxWTF6ntvnuejiW3f/9neaOvy+K+3JZbd/+DiQPrYL793QLZBZuDFXw813fu+q4pZ6sSz391wqPHdS0JzO1DyrlfLn8qMdn/1+7FbPnbtiiBLHNn1jf7av/3z5lJm7/3ec//y2+q/X+u/TAZZAQWcCxqA6n+d7fycVdxmuwMARzAN1hYX3XHX0biOGiEqSiiyc3ABAGBHbOuO2NawFqk2q6utGgDsj/f3xwaiiXHuiC80njL4Kyr3yvc7L/7X7BROTRmj08GiIOMIxAAlMsVUmOMqzPnZSdd2L/pFemtDVdQV3VTX9Ugksnv37tbW1oaGhly93TRNRU+lOd9+tVRV6YCc/t/v9yeTyY0bN3Z3d99+++2dnZ0qa6B4qheoR53vv/ILv+eM/ymvO6BhGKWlpb/85S8XLFhQWlqasxXIffDCOYgC3nrIHxWni7FKVi1JAiDnepZ6DgB02l1C17kgV5JgQMhUXZSIgYrjOOdSkqZpJ06cOHTowMGDB9/97ncXhYrHJ6KBQDCZTCUS6UikVNd1ApKSPB6rf2DgiR//qG9wcPPWreVlZV3Xrlq+9Mr9u3dfd801JSWRT//N/z41Ovq5z/zN/Lb521/49bHdB3sPdw+d6Ocu3dh+ZWmgqKasvLwoYgDTGdeRg+MyQaZuSIbRxMyJyZHdu7q/ue9w7/RIZ0Nr3En9+uWXbrhhzZ988k//+z+/G41GV65amUxtCoVC4UgEQenrGUCWzOT1+uvq6jwej9fnQ0DGTlOfznFRJQEwQiSNC3QdkAhckpDpVKqvTwNhNlaDB6B/eGpsMljXwP3ezEQ0I4S3vFwzMD406Mymw00tBCI1NUXC9ZSVIMPpnq5MPFG6ZLk7PRPvPWwUlfqqG+XUdHykP8N4WXMLeT3Zq/8GcnDz4/bX997PZweoaF9NmCdOnLj66qsBQPX/y6/t5/c0zeU0c7KmHLPJtm3lbzIwMNDb29vf359MJlXMr9oHzJs3zzTN/I+czXXKzXWFGa+AtxMQAdXD4H3ve+9PfvKT7du3eb2W67oAdODAgaNHjs7vmE9wWa0EBvuGFi1bPNnfOz0VO3z4qCTba+pFTS2mac2Imfkt7eOjUzbzPvmL9ZMzacnMVNpJJie9Ab+dTiIJy7I0nSVTNoLwBYOZWGx8esby+DRN0zUXzu+WJaWbiNoN733gOnO269nvP7+v5v4ri3OhsxaoCRsIwvJ7i8PFOoC0/IbMiNxDXQ/Vl1gIwD1+3cm4ZJ37KAAiNjgUGxt59vG9BACOkFrKXNQe2P3Mz55raWpsa13U7M8L2JlZZMV/s/6JrUyj2Viq1HFnx6bNqkofA/TWd1RZO0DEB8e1mquDHACs8nnB+IkpkUsB2Mef/Na2joff1+793SNExPr/5Z8nww/dcVMpBxDR7vGx/onPf/EYAFBGCiPlQiEFUMDljGz/YQlzFqsECHi6/x6CxlnQo7VE7QMW51q2R1TOi4Xw3OvBSXdi0p04kNhPkkSGhEMAcGd4aEHRbP7biJCIKf2/qv8Lm6dT8mBvMOjRDI1LKZVdYfaU6DQkSaUHKEClAADAsqz58+fv379/165doVCorKwslUrlvABzC1al+Vfhfc50ynXdvr6+F154ob+///3vf39DQ0OOIKAcsM/nTZ2rYimcEefnVsxnsPrzl+DKJtC27ZqaGtu2R0ZGSkpK8KzGB4UUwCWL0w3lcqxpkuDzezs7O6trqo8cmgQgjXPXFWpkAsy1EQFCBCKXMYaMccYNrkspAFGQfPqZpx3HvvOuu1Zde208Pjs+OWmaHkTNMD0H9h88dvTY7GxCulQcjqxbd0N1Xe3Bw4e9Hs+HPvTIls2//dLf/11DTe28+vpIcbi2rGImOjPWe+qff/0FdzKhpyls+K9vv7I8FCkNFpnANAEmaUyotiaAxHUJ3CFCqOTBYIWvJFi8vfdwgsXXLFvVuWoZR56YnW1vb5+/YMGOHTtXrVp18FA3ItqOCwRCSo1nnd6klIxBWVlZZ2en3+eDbH8NCcD4OUc7IQAHzoWSRoHUQHKQyfFo95NPFxPUfeAeXlGS2Lh1z8aXrvqjhwLVlad++ULf+Nji++8Nh0P7fvzjqd6hOz/3OanR8J5dIum03LgaNej6zvfifaM3/tPCdHd397e/GV54Rct73p/cdaj72Z9P6/ymj3yYtbYRAgIhf0N9uHLpv9eLEn9GTkGlOKWUCxYsaGpq2r59+6JFi1SUrmZOlaDMCaZy+8mRWfK3JJPJsbGx8fHxI0eObNiwYXh42LKsQCDQ0NDQ3NwcDAaXLl3q9/tzzVPOeWK/c+ObjsI8XMDFguqFIUQoVHTTTTfu27c7mUzpumYYxtTUdFfX0dnZ2UAw+Gaf5esJ0wjGpjOT0Xi4uNITNCXZTfW140MjAc2bmMl0xfq4GZp2tIOHejPcAvC4tgiHQlOT002tLcPDQ0G/WVFaEmyZV1dVuWPb1qbmisbmlj0HDk3HUz5Ts53zFcmYGfB5ShsrvAwgUNcaevnYjIDTKYC5mxwxL+n7islojgiMud/n3nDWrMUCbbfdd32ldnpL1b0fXDA+ePzE0Q0/3DnvrgdWl83FIrHDz748ueT+dy0IYOzA4/99Cl7Rh2zupPJ3Tq/4Va+74f4Sy3pVE5Q7kwxfae3b0DfW0lzOAQBLrlz19w+U/G5HhAIKuCygCSEp5xMHIEmAktwDKMotZ2gafKEt+qacGILlVyZVqiyP2er8+cWhJLPl+xKWvq9i6PT2bPF/rv4vuHA06fDZuBwc8UzNBosCHJCUSyGDrCpYtRVUpTPlTsXZ2z1JlytDpVIpIiouLr7jjjt+9rOfPfXUU+vWrauoqFDifMdxbNs2DEPF/JlMBhHT6bQSBYyPjx84cGDTpk1er/eDH/xgVVWVYRiKGqBqtrquZzKZ/NaAOVxgOXh2zH92aUulIRhjtm2XlJRUVVX19fUtXLhQHTd/vf7WXA0X8OqQzQLkslGSJGe8ubn52muuHRkanJwYBw6MZdnRhmFIEKl0mkgioiTiDHWdI6Cmc8ehpcuuuOuuuxYsWGCaZmNjo8frQ64VF0dcIYUkIti6fceDDzzw3ve+b+OGF4tCoUgk0tTQGC4uXujzvvPee5kUW37za6qoAsfZv33n+InBiDBP/HZfTVF527zOcl9x2AjoAg1iTjLjNQxpu4ikcSWzdzky1DgjlI7DJfgkrzGLA53Li/qDh1/epel6Q2Xt0ZPdICTnPGPbHo+ntKxUmckBAjLM0bwR0RUOEa1YsSIcDpMUwBie97ZCYBpIkoCuBCRhcgQhOAGk08negSBylrHBcbS+EedQD05OQXE4ebhnqq/HvWENeMz4oa7Rwz2QcRHIGYnaMxl0JCDwI8fxwHFI2jgyrh86Sv4IzNrayLQ40CN0hOkEOIgaAxDwxlrUzT2cKD8L8OpD0HPOG2fviojmzZv37ne/+9/+7d+++tWvXnnllXfeeee8efOKiopyHUwVvT+XCVU/U6lUPB5Xlf/x8fGDBw8ePHgwHo9Ho1EiuuWWW6qqqkpLSyORSF1dnWmawWBQxf9n2J3mt0E548T+oMt2cVFoVVjAxQEBATJUJkHXXXfd1772FSlJtTpKpzOHDx8ZHx8PBAJ4GTllxmddd3BU477xobEiN+DzW0N9Y9zFFAqPL+zaetpmO3cf5NyXiqd0v5eDbadT4eJgUdAX8jckk7MZOzk4GB3oP1FeXh4KhQ4dPdLS0pxx3GM9J8cnz+sFYJS3R1462JeY1+LNjPTGfRWh17KYRs3kdsyW4JGTp6IZ2QoADElI4MGacmdj94RTUa67Y3teOlW1qnFq98miKxfXLyypKpr5r5eiaVmWZQKQPZvRQ2EPI3e8q3vCsYj7SvyZQ9E0lXlTfYdOpahZC1aXit/2xUR5MUuN9M4W1Rfn+VQbocirDeHN2vYPvKd05zde+PKLpZ+7KVTaGs483n8yU9JquD0v7jnYvOTu+t/HY6CAAi41aFmt4ys6rxFANqpHYAho6hD06SumMs+b3EbHAJ0RSA2RCFg2YUCYzcydccOQzBbqHyrtL7UcUJ0GAEmZ/0smBZOCC4cLR0slIRHX9veGAj7d0JmQQECouooTIKouAKR+YwgS34rLozcYakGpFK2K1V9RUXHbbbetX7/++eefX7Ro0fz58w3DUG35VL5AmVrbtp1IJJXnc9QAACAASURBVMbHx3fs2LFr167i4uLVq1cvWbKkpqYmt0JVC1BN02zbVqmEs3E+ln5uSF144a4kDDTXT6u8vHzz5s1Lly6tra3NmQJe4OMFXFpQ2hOArKa6rr7uj/7o0dGRoV+ufy6RTHLGdJ25riOlICDOmZAuAUkBui4Y06UQsVi8tLTsPe95z7vuvz8UCiFjTjrNuAYyHQoW2bbtOsKyPPff/8D//PSnh4eGksmkrhm7du3+xr//e9ex7kcefVQKed2aNc8++fOTPce//rV/nD411llUfeXSRfVlVeWBMCZdQ3AtQUhk6DpnppDgAkhdyxClSQiNc8SMJO64OqIJqAMGgWuoXdO6xDrlXf/jp/b1H6vtaFADeNu2bdOx+MCpkXC4xOPzAaK6ZzlnRAggp6amkLH58+frpikcF0hwrkGWEHuOSwjIGKDBgJPOSAAhOI7ugu4K1ACZBE4moheYmxEgmQl6GC1DaJCSQe5J+opBIEpm6j7QNRAMpCzSmAAbGIBOxNKIGSBHR7AQvChBmdPpSMgAJXuD0wCvN87ICyjnVCnlsmXLwuHwyy+/TETNzc0+n0/FHkoUoKZZJQpwHEfNWrFYbHh4WJmwnjhxYvfu3cePH0+lUqFQaNGiRStXrqyoqKiurjYMQ/kLnCElyDGkzp4/35rBfwEFXDzg3LqThEQGV69YsfaGG37+1NOWZczOJhmDLVs2Hziwv66+ngNcNlmA3r4hbjLTb1h6sLGqeWJybGZyRgP0e/TSkvK+viia/qNdvbbmATJBMNdxuMeqqa4UbloKF0F4PHp5eV3n/HbHcaqqatLp9Msv/XZ4eLS9vfXw4fT5jou+9rUrh9b/6Ju/JdLLr7xpcdFruaBa6eIF5jPPPnmqyB/wF3sZEfPXVMonf/FTuP2e629sfuaFH35PYy6FFt24wPQy89Tz3zsIBifpaV/b6MsdmRd3LI089fPHfxQKlMxfekXxr37z4vAd1y4+/OyP/2tvsKiiosybQjBr115f/cyzP+jSmMDIyhs7Qhc+czlz8v/7m1FVv7LmLf3MmryLwP03PLRs9xdefrz1lgfbln1yyeav/f0zBheitOWxawrxfwGXOTTOeVaIO9dmjyBr96dI/qrc7rP0OpeuGEtt5x4E1L0aSmCqeRQj4ACYNeCgfG7QnHZ/qTV5XXiSiBEhEIAy/5ur/0uXuzZPpzCdhB3Hgh7T6zE1AiIkAJJIIFBlJvA0t1y5F5CQb9ueAKdBc1bS6oVhGM3NzY888siLL7746U9/+sorr7zqqqsWLlxYW1trWRZjbHJycmJi4siRI3v37h0eHq6trb3vvvvmzZsXiUQCgcDs7Kyq/+u6ngvjlef/BZBP7D9jS+7Xc8bwavGdEx00NjZ+/etf37lzZ1VVlTIpyDUjKAgBLgPMWUsqi3pAwPaO+f/n7/6+Y37HD374g/6+ftu2GWOmaQADSVJIQUQggAgZAiEjkPPmNaxYuSocKhYgmQTL4wUAr8/vCjE9NWU70tCNtWvXhorCBw8cdCVseOGF6urqtetuiI5Hd2/fUewP9R/qssfj9lg87Z2+ddmaa+qXeJNoJ1L6tO3VLUQmGEnOpkXa1VBoTCvyekOBYFGoPBgAXXMce3Z6OjMVd9OOG0s6s0mDoyOlJGitaSqqKi/fv+PFnS/t2LZzcmpm/oLOUFH48JFjaceWQriuO9fvHYmk47hjo9Gi4nC4pBwAgLFshvTcoz3r3e84wHRgiORIBAYEmiCDa8CQSKAUIF1hO0zTAZjMOEwQAwbE3Ewm5diAHIhJBwgAVKttlJlUHJyM0FmaUkUWAwaAUoItpFDFf8FQQM4E5g0KUE9npvNC4j9sHsifmvI1/Lmpqba29mMf+1hNTc3Bgwc/97nPNTc3t7e3d3R0LFmypLS0VDUCzGQyIyMjfX19/f390Wi0v7+/t7d3dnZ2dnZ2YmKisbFx3bp1TU1NCxcurKurKy8vzx1RwXEcAMjPBeS+Xf6XukgOCAUU8JYGAjIAIsY5Ihm6vmrlNU89+XMhXMZQ17Xh4dGxsTHXcbh1Xun5JYem+fMTyfjAwMny0uKAGTh26lC4qIgxbpmBSEnl0FgyAxpqeiKZ9AfLZpMJQ9PDoaJIpDg6PpbJpJqa60tKS+fPn79169ZPfOITW7duT7uOPxRMnTgx2Heyof4CHfx4sPWm+1vP8R9a1a0P369eVV738IMAAMBKV3/oPQAAd36oFgA6sm8AvfLGD98PABC46r5Hr8ruYB0AANStffiT2Q3X3F9/Td4BSpfd/uCyc59T8ZJ3fHDJ3G+LPrwKKHVKdN75npYKi6b3/fhEMKAD0xvWPNBwgWuav8NI+9e+3v7KbQ3f6QCAhu+ozcG6v/xcnfq2y+65cdk9r26/BRRw6UNTXoAqZEdEntWKQy5eQ0URAPR79YVSpkfS+8pASjA8GkhADYADSURGykUQlDsAAgBIQSTBAvHe8KCJQIJlnf8lSslIcGUB6Do8k4J0EnZ0+20ZKA7oHFESSZUUZoiMSEhV/2ev7GJI8u1eKsk5/Kk/mK7rtm1zznVdHxwcjEajjuO89NJLmzZtWrFihSpLDg4ODg0NVVdXt7a2Pvroo5FIRNlTmaZp27ZlWQCg6K/wymLUq1mPnk31v3B3a9WwwDAMIkomk01NTeXl5Rs3brz66qsrKytVMgIRzydDKOAPwBuTT0E6x989F/ZwjgDENCSCunn1f/WZz77r/gc+8uGP7Nm9yxYuCq4j83m8IMmxbYbAgXPSCdEf9K+7+eaaujoBQIioGSqsYsh8gdCp4dGuo0eJ8QOHD+3ZvfvZZ5+ZmpmJTkysXH3t+973oMi4T3z/h3/2yMdOHempNkLvf+BP6iIVATSsOGqCG2aQGMSlm0FH6Ex6ub+0rKSqzFtSZIWDrs8jNSQOKNEE5uWcCcBYUg5PzAyNDh87mY7FLa83k5ptmdd06zsf+PxXPv8Xn/q0vzT0sY9//JprV3/2M5+djs1OTk6Gi0sIZZ49B6+urp03r8E0DQCea8eSEwuccf2U8pHrIBAEANc1IAKJgqMgLm0CIQFccDLIGQEHjZEuJRcAEpjQNGmTDQzRZZwxkGnIxIDprusA18AwWMY2uQFZ/ztHStfwGUASJHEBmrqXL82w9OwBf0ZekuaamM4NUZ6TKak3KGkSYyydTqsYXrH3VcMUNeuqxGU6nVasqzNmv1wu9Yx58uyE6ev3vQt4m4POSti9hevnSnpOBMi4ZvzJJx77hy9/OR6LMcbS6YyU8qtf/doVVyxdumwZXC6mgP5IMO2miCgZi7sJu9QfLikqSduOaXmJa62dnc9ueAkNDZKOxghcRzLmkoxGo7OJmGnqLa2tGcfOSDdcXrrhpZdisdlrVq5KpVL9/SftTFrnb+G/9asDakby2DM/3oYauHr1dbdWnJuOWkABBfy+0AAoG/AzBAAkVPUdRElZew+SAAyBaxjyGcviGRhN7ykFIaTl0ZkOqCFyAg7EEBkpHpdKKZBLIGGtJ9pqpYWjESGp4F+iFCwX/6eTlEnjrh5f0vUXB01NY0hAAnOPLgRAZOo0FTMBgaQSKmiX/AT3GoFzraQBQC1ALctSRfWdO3e2tLSk0+kHHnjgxIkTJ0+e7Orqsm379ttvf8c73rFgwYIcd0ApXXMS2dzy9Oza/usOVRBzHCedTgeDwampqbVr1z7++ONbtmy59957cyvyQvx/GQMZc2y3ta3t4Q8+fKznWDwWs21b5x47YyORx/JkMmmdG5mMoxnGunXr7rnn3lCoWEqpcR3mirrKV9Lr9Y6Mjv5m06apycn5rS3f/Oa3tu/c+c//+nWv34e6Vldfl85k9u/Z+7EH/2h52+Kp3iGYtUmyJAeBUnCheS0tFCgqKQ5UllLQyoj0ZGr2xEz/wNGhA0cPnBodIUK/P1BdW1NfV18WiVQWlZaVl/qq25saq/sPHI6PTxne4MDEaGhk9NNf+qL59eJfvPAMMO4PBGtq63Y89dTRo0dbW9uRMQJFLGe6roVCRUTEOQMAlRq40NIWAVS6lbJaAYnENZIcXFcw1FAwyLgkhGNnNGTgugYjnQhsAamUrjGfaYCdIU9ASgc0Ao8Brm0yXQoAIcDjdQU6aRsEMETTY82AA0yAjgBALiE/v/XL6438aSdnCvDad3vOy5tKpfx+/8qVKxcsWHD06NHvfe97L7744oYNGwKBQHFxsXJFUUkBx3Gi0aiyANA0raysrKioqLW1dfny5WvWrFmxYoXH48kxs+S5eGqXOsm/4AVQwMVGzi31oYc+8JUvf9kwNK/X47ru6Oio7Th2JmNa3jf7HF8f9Awcb6ytv/nG608cPJCanCkLhGsqaprbWl946eXRifGa5o4de3dOTM/4/MFUclbnnDHGNB5PzKYzadtOj4yM9A6eDPSeKKmsHJ2YrKio2LRl88TEZFtHe/fhQ5OTk2/293vN0EvziQEFFFDA6wWNsTkFPxEBkXIkkkCq+zRIlTAmJES0dBYOmMviGW04tTNiurbw+EyuIdMQNQAGyOZ+IgKQdCjMnHt8UdfW58T/yv8PhWoB6LBkQiSSbG+vz0V/cdC0dEaoPGGymWvlAHBaBgBIWZtAJRt7u6cAVJ0qp1NVr2Ox2JYtW6qqqu64446nn356dHT0/e9//8zMTHd39xNPPBGNRouKihKJRDAYhFfSYiGPs5q/yLt4C76c3YCK9jVNu/baa3fs2HHixIl0Ou33+9VK+neHRgVcmkBEKckwdARauXLl/Pnzt2zZgoS27Rg61zSvlNIgQ42TRYsXf+ADH2hoaACAbOOAOS2JGv81NTXt7e2VlZUey7puzdqO+Z2VtbWzqeTJvpO/+tWvtm7d8v6HP/jwAw96hHZ87xFmgtfySa4HKkqscMjwe/yhoBYKzMSn9+3f07O7d2x6fCI25Q14KyqrGjpaWxcv4Jy7QgopB6KnXt72MmVEe33jgnnNVy5a1nrL6mR0IhabiaUSMUuWm/DRxz4ZqS4dHR6NRqOmx0ql0tu3b79h7Y2BQIBpnHOuBE35t1pOc36+oa7uAabiSgYSQQIwRuTT/ZFi92CPfWLI0NlE70nLMITrgmVmDH12bFKMTYNHi8/E3HQaTAMNAK/hDERpYMQFik/N6qYPkDNgnlBExu1M35A9Mp5MpqgiAEE/MSGQv+mR39kkoz8A54zAVXgvpfT7/TU1NWvWrOGc9/X1OY6jPP8cx3Fd13EcIYRhGMFgEBGrqqqWL18eCoUikUhnZ2dDQwPnXIlZcuPzbFyYGPXWx5s9Cgq4bJG7N9ULj8fzqU996j++861EIplKpTWNJxLJl196ecmSJZfNIPSGPJbfaG2et2phpx8YOfauPbu3bd3a2Nw0PBPbe3DvwMgMISAK18lYpk8zPT5/0LR4KmU4dvrY8Z5ToyORCjvuCsb17hO9TiYDGddNp6ITU43z6t7s71dAAQW8RaHNceqzUTbRXBlfquZTqPruyTm9v2WwcMBayu3S8cxmL59yyLA009QYR8YJOGazAAgEJF24MxQNSnDSOkkkUv5/KF0mBMukKZOm0UntyEjQ8lhhn2EZDACBsux+IpCKhCCz+0TFUZjrYYAAmvZ27wiAc62tVLlJ0VD7+/u3bdv2wAMPNDQ0xOPxnTt39vf319TULF++XNO0n/70p//4j//4gQ98YMGCBUSklqp4Hleqiw112jkOrcfjiUQid99998TEhHLeOh9XtoBLGjkxgrqXHcfVODY3Nz/66KPj49HjPT1CCkJNEaktj4czftVVV733wQeXX7WcZfuAIABJebrjoGo92dbW/thjj4WCoYqSMqYZRcHid73rXfv37Y8nZj/y0Y8umr+QA+vafSDcXFMaCPtMjxkIMK8hfTrpyIAJKVxgnppwa5l/ZUk4XBLxB3ymYTKGQgglxidECTgTi40Nj0ZPDWViySk35rOKvU2VlltSrrGE65BP9wjPve+8b6C/37I8K1etMgyrpaUFEISUDLLxPwAoKlb2VV6t+9wDXnm2qPynBKa6txJZ4eJIS/Pw5r2Dz/7aszM42nMyRjLlYcGABpXhmWRq8jfbtMrQdN+wbZnABejoAk5v3hmNO4lUenYqkQkXgYW8psIsqxo60ud/4gVjckQknHBlHVRVgXSRa8i1vA5NFx0X6ZY/524tyxJCKBZVTU3Nrbfe2tLSMjw8nE6nh4eHT5w4EYvFlJg/1yMwGAy2trZee+21gUDA6/VGIhGlWnJdV82lqpfKxfgKBRTwB+ESeIYquaJK+gshfF7vihUrn3vuOcPQ1Z373e/+xy233Lx4ydI3+0xfHxRHijJO+re/3XxFS1sQdYOz+e0d/kiksq15d3f3E1/9umGBrhuJ2YTGdce1E2nHFwxUWhGfz2dGisYmxmzhuoJi8Xh9Y9Ng38DihYv6jvUE/F6UYnCg783+fgUUUMBbFJpaCxFlC+/Zwn9OzC+JcQRJSt8vCZCjoWM4YBicheOZ/Un3UMCIWa5hct3QGEfG5tT7BI08tZrPppMGESgKgJRMumjb0s7ImVl+bNSI276igOH3ahpjNKftJwKShDhX/GcAEohASiGytEpExpCI8/NWWt4mUEGUKmGpp+bo6Oi2bdvq6ura2tp0XW9ubt6zZ09XV1ddXZ0QYuHChZFI5Ec/+tFPf/pTj8fT3NysPqgKj/kmVW8Mck96zrnjOJZleb3eRYsWTU5OWpal+nJf6kWzAs5AvscbInKGUkrl8Hz77bcnk4kffP/7J06cSCQSbsbx+zz19fVLr7jigQfuX7Boidfn0zSdiISQqldFLu7SNA2AyssrysrKNa4xQCkESSotqbjxpgpBEgF0TU8nki1XLLR0CyUgMkAEA10UklxN04EwVFZ8RXlxztvUdR0GkgGbsyAhCcCRBYOBYDDQ2tYCjkBXANOIgxCMaRojlkZX4yxUVBQIhVxXVNXUXrfmeiGlpulqflSJ1zPkNurXC2TiEIAIXAaAYDgAhEwDQA6a7u9sjyxfOtXfMz10qrixXm+qD3Q2Q8goW7N8/mTa7Z2MTo83L7kyvaQVLCQNwsXhtBUYP9wrNK2kraN89ZXg50wLR65bQ5k97tCExWTt6uv0dcvBsNBxuQ4SYC7/8AbhjKrg2a//AJzz2qrZTzVuRMRQKLR06VLVMzUWi/X398/OzuaEAEo/5fP5Kioq5s2bp2awnCZLqQbUtHzOUy0IAQp4k3AJ/NXU4z7nu6Hp+o03rlu/fv2c2kvr7+8/evToosVXwGVRGPiLv/zGGVskQA0AAFxVu+qn6z74Rp9QAQUU8PaAJony7YeVzJQIsjR7QBIEnIEEySUAogQA4MgCXl1j7Kqk3TadOQLQ7dNjHo1poGmccdR1jSTdF552k7pDSATCEUKA6wghcDKOJ8c9E2kr6DVKQrrX4kwJB2Q2GUFS1f8lAQISShSCAECSkhjA3BoaHMd90y7eWwlqual4qlu2bEmlUnfffbcyHi8vL6+srBwYGEgkEoFAgIhCodAjjzzyxBNP9Pf319XV5Tz5z97nGV4AF/Vxq87fdV2/36+W16ZpqlX1m0JPKOANgxBC17iysSwqKnrXu969cOHCPbt3b9r0m4nxiauvvurGG25obGysrq0hAsZ5TvMCAGqZqFJIKq5W1hKoqWgdNMOQJAlA55rjOIKImabh010hODIhJSIwkBoDAo7ClUSaxnMuqVJIDowBE45kAIwzIskAJEiSLiEwpiFHXTMQmBASORIS50hSAqHtOKZpZZsgcg1AqtYpc+NZUXgUG0LC3PL3QiFiVqIFAkBnoPqlADKu64ElrVYkEI4Okwa6cD3NzVBZBehGFi8qrpiXHpwUqURDVQnWhMHSCXlxZ6v3f3xYpG1g3PJ69Kb6WQ2scHHpXbcULbzKnnIMLaPXR6CiRBqcSaUTk+wN1F6dfR1el4nonJc3l3lRGSXM69jn9XrLysr8fj/M8a3UeDMMIxwOq4+zrJMuqte5XgPnO9ZrOf8CCvh9cIkNNnX3qWyaupU6Ozvr6+uGhoZU6o1zPjQ0VOiaUUABBRTwWqAh5q+oMOu3jyCREFASMckEEnBUHlRzpFsCAMviXLc8lu5PufOT7viM3a+xcYPP6jhj8uVGusxITs+q1oA4mcBkhk0mjPGkTkz3W3p5WPOYXNeYqqrRHPmfAIBAEkmJkogkSMh2GZgrPiAAEJErRDyZfFMu3B+Gi1H8yaNSO67rHj58uKur6/rrr6+srBRCZDKZQCBQWlq6YcOGvr6+jo4OznlxcfHExMTdd9/t9XoNw1CPVSVCzq+5nb1+vRjL2dyBVBXXcRxd103T1HVdNQtQDIW5Gu+59/Aqj1VYK7zVoP70DFFKqfwgpJThcHjFipULOzvX3rBWClFSUlJSEuGMASIBSglCCBWnOY6jekmc0W5d13UCQIagcVcSZ0xKgYSapiMiceZIiZw7QISoIQIBI8pa8QMgAWbJUAwZB5AAnHGBEoAISVmTgsV0CYCAxAiIISJDRMaEFDrohABIum4olg2oPJ2mwTni2CwrAl75+3lAgMAABQBxlQJQWVvkAYvaq832KmLEhSTNAtKJkJnAav2eyiokF6QDBhfcJNJ4abE3vBAAATm4EjRd48xlgKWlrKjMIsa5Dcy10bQZ+omRJGRvJAPgDRUCqBxoThgFcw0sAUDX9fLyclWWhDkHVmWh6vV6c4knABBCOI6jZE0X9SsUUMDvg0tpEKqliLqhpJSmaTY0NlZX15w6NaRab9i2s2/fvgt7phRQQAEFFHBhaMoMUPnuKbE9ZR34UNWrJAIIIgAmlQ8fMIY0N+tqHH0ezTSY36MVOaLGlrYr7JQU0iaCZ/uD2fchcIamzg2NFwWZqXPTYBpniKDosEqIAAAkSQJIIhIkAUESSSAipDlzQAIiElK6QghXkCPe4Ev2B+O1x/8XeNop7dz09PTOnTvb2tra2tri8XhZWZkS2Dc1NY2NjR09erS+vt7n8ymyfWlpaTqdzjlXKcv9XHCVq2LlH/dikFrVU1zTNCGEOroK53Kts9XRC4qA1xdvnZXT2dR39ToQDLW3B1T/D8wJlgCUc77aosZq/q7UCxVySwJgyAgB1RYEAiCpMUY5w1O1jQiRqZ58KIkAUPVSyu5Que9pwACVQwkAAnDMb66FQMCQAwEHhgKBcch6m8CFI/xs+9VX6b7JiEgSEAOekI6XGTohuIikA0eN6y6CAMdAjlIjRAIk4AIZ6aiBQJcD07lkBAxIAw2BECSAqQFD3RZM9Xcxcv1dNQJLAwQUyIBUzvjNwBlz0WuBmklyu8r9mlNCqe25OUdlIXM9AnHOfsUwjFzZP/cRla/M5rZeabOafw6KTZBLXeWITnMKkdPfV2U/c1qDXLvWAi4/KHZJ/hbHcdTD8Yztv/NGyLHn8getgtp4zoGUG3u5CfkCyfcLIz819upxRlSvXgcCgY6O9u3bt6m+Ra7rbt68ua+vr6mpiebwOs4PBRRQQAFvB2g5Gy018TKOdkbqGhdEgoAkMZDIGEqQii/AQIo5kcCcaT8HtHRu6MxrkpAkBQmSeeICQASOyBhyhlxTB4M5Hy/IqzsrLwAECUSqoxJJQiLQNJbJCFcIlTRQvHVJ5GTsN/qavXk4X7CtKqiMsfHxcb/f39nZ6ff7TdNMJBLq2V9RUVFbW/vyyy93dHTU1dXZtq0ifwCwLEtJW3Mr4Pwc/BuDnAZBJSNyZD/V3SC3XjmfsLaASx0qtjkjmsq+Jnk6dkblffeqQmWak/IzBCCQEhgCQ1AxNElJymFUUfGz7UYIkQHP6u3PvVt1nmcddm4yJJBzZ+VmU6yv66JUabRIQxRAxHQBgBmXIVffTbokGBjcQgHgAugAyCQypWtI2WTpHpKSAUcC4JxUmkTnUgIDyJIUGAcCcCVxDiyX6GD53/uSXmrnJP0qhZSL7eGs76XCJCFEbgpS23OxTTqd1nU9N2jV3pSmSf08I0ulPpvJZCzLyn1KUZ9U3JWLzXIZTxX/27ady9LiXA+XAi4z5DRNKovEGFN0EtVmIjcCz3f3qSdpbiQ7jgMAuq6rsZTTTKmWFufcgxqE+RPy7xX/5+6jdDptGMbrNUo5YxUVlVIS5wwRAwF/PB7P0QRyd+UlNCmFi3xv9ikUUEABb3dojGuIykmbMYboyokpJ+jTJ2MZZCAJQQKSlAiMIREwUova0y7cef8iZ8gZwPkeGXNvlzQX92d3owgAyvAPEElKUH0BJKFyBijymdHxDEmQSEIIIYUQkgiEe8mwAF47zhkAq8q567rJZHJiYkI56qsVg2VZAJDJZPx+f3t7+6ZNm37yk598/OMfLy4uTiaTHo9HOfCpFXCOTQ1zD/I38oGaI9kq8UIikdA0ze/3q9SGag1QwOWKbNH+lToUNSURnCvgfnVwhYsMCRhH5ByBgFxChsiQZ3sKSAkgSBDTJKAEUFvVuhUhl56E0/UyBGIAAGd3e2eq4M9Od7DIKqZeidd6U1HWsEWQqzMdAFwOOsesjoGjScBE9qRRAmMgJQACQzA0XQIIzpGAuf8/e98dL0dZvX/Oed+Z2XJ7L7lpN703ApHee0CKVBUUO0UQUFBAUQQFhdBEKSodpASQ3kkghNAC6ZXUm5vb25aZ9z3n98fsbm4QFUTkF777JJ9kd+/s3JnZ2fd9z3Oe8xzRiKKdAEAAPAJhMArSwATkCRAQCImARWAADaQESGB7EmaHRCqVikQiYXCFiOl0+l/49qfTac/zwkEyN0zlxswwLDfGhHswxoTxVRi3h//+o4oqEomEKoCQ6wzfGxIBIe8ZSg9y6U1EdF03rDLozzjk8QVD+HGHk3IoAAnvAc/zPM/L8VYhTfCPE3Q4V4Z58pA+YOYgMKEQCZFyr28vK+B+B5AbvTC84f+Rw/oXIKLw+xLaaoZfgU+vH6bvrQAAIABJREFUWyktK9t///3uvPPODRvWh3tOJpObNm0aOHBgbq2yY1Fj7Z19n/ch5JFHHv8hvjAUntZKQ6j4JEAkpWDOm+1HHVgrAL0JEybqWTKe/AjAtv+a9pOkZD80ifzzt7IAowBnagNIYVHMi8f1o881WWvZsGULWVcs3+wwdoD42TjtK6VSqZTneclkMp1ONzQ0lJSUhOvIcAVARK7r1tfXn3/++bNmzXrzzTenTZs2YMCA3t7ecDUQLikyEVfo0N5vefG/IQL6q8FDLcCH5vJ8/v8Lj39UAcCnu/200hAK9EUkrCdQKFYwHNAQQZBQABVnV8GZMiiRTCCfcwXMtsITABPq9nNHCADhqAVAoa+pCAggfYRmXj6tnX5IKiAIOoIgYMWKQwZEcVa5gAgEYAQIBQUFFYNCsCKkMGUsOoQAWgEwiyIDwgIuAAlKlt8Q2Kb00gC235XIXYodF57nhfl2ABAR13XD0Ogft8xZA/Q3J8uplkIiALJtTcIHueYsYbjef2/9uYBccBXuob+fZbiZbN8eMiTFQsYhjy8qQoMJyEbgOmsdkpPphaTSR8b/ABAG7eG0Hja2QEQiJCJrBUC01sZYon81n+L2jYE+0QgsWVvi0CzzQyr9/xhsbW1t7cyZhy9atCisbUTExYsX77rrrpBl9P5ZaUMeeeSRRx4fCY2ElPGxgnCV3NmZvu+x9XvNqKyp9CJevyH1Q1PGxxvS+2/1r2K4/svK7esDkmnb3JKe/dSG7m5fU7jAFkCUTK3BjhQZfhbhNCKG2f6qqqr99tsvXCsAQE41GipOiai4uPiSSy7JRdrxeDwnZ80tKcJ5tL+u9bM+fsimfHPL3Gg0miuy/VBlbB5fSORSnf/FfSIAic20NRFhK4oUEqLqF8HLtoeh2IAyhQOY6Y2aPb6s0D9jgxIOVzmxgIAoRBYWAUYSYRQgpTg7rG1LnEtmD//xqTKCACoLIATMiAIklq3DBCKWkAkQEcECUcimgkUQIrbooKdJxII1QAgsBNolACC0DCyKw9oFQUQhAiAUdAQ0AmPIXoRUwI6RavtnyKVAw2r/MG75yC37y/JDRjV3r0rWhDVXo4RZm0Df98NB7F8EP7m99S8xCKUBYZiXIx1y4V8YWYVvz4+HX0hIP1/JHN+U4wLCuyt85Z9V8ud4/1ARkC2sA62VMdbasHMwZ+X98o8rqFBzF87I4ds/fmo9pMxy4oX/VkUhEjUMHHjlVVdB+O0jMkEAmPnShRTef2ZY8GnQ3t7+H7+3o2tH8rHOI488tgOnP+8j+O8gtF4DAGGWcEGiCfsS/PDTmw0zSybizi37tlupY8YWC0L+ACBMWoRbIGa8sEQk4zgPWdvBnIuASMYoS0QEwtr/0BsQEbObA4loQq0wdzQZchvRiX9B9BgfBx+57Mux7P3zUeF6MZSM5irq+wfVuaLBnI6uf+rpf7y+7H9T5YQA2z7orAPWp08m5PH/J7CfC1r/p4g5J8Dwzvykn39oCBDGuBh2G83c59yfdBDJVb6wSOZ3CqAAhFEvCxAACxJkg38EoOz6GTP9A4QhY5iCgIEJSOucFUBGQf/p7l8BYEQGFLEKwvCfuLk9WlQARGBZ+WkAC7EY+L5N+BB1RDsoCN0+GobCiBWf02mvpAAEuKuPW3t1eREWxXlTS7ovERk1BNjYZDLR2e3ECr3iMlAKkBGAgARF0ALA/7QrwGeAMMYOB5ncgPkvtg/H0lxYniuWttaGgoLw1s05/EWj0X/mXZobe3PRUW5wCw/mQ2NdztQtF//vKFLnPP4z5IQAufsqHJrCey+nFvnI9+b4gty0HpIF1ooxVmsVBFapf2p00v8YcgzUJ3LhDd+YazNM/6VuvmG/aLYWKTsCK2XMtjPNrWQ+5S/KI4888vi/A92vE1y4wkbXUY6Aq5VlYbYQBuFEiDnWOReKy7bFIG7z7UbIrLaFM3E/C0POzAvCrBpQWDUrIGxNaLjECBB6EhAASIYRQJDwBwiY/WnonCS8fWHCjgnJyHtxu5fC/3JXN6tR3rYF5rTJKBZQhWQKs+QIGctCSoUUTLglEQgotoxgESgUR0N2exRQpMJPJ+fQsB3f08/PIfvso2b3Ty4V/tBCoX80CP2Wy3l8URF+3oQkwMm+vp7OLu1F4yUlDiEQbMdLfUgxtK1k/8NfIBQGAD+dbG1t7+1LRmMF5RUV0YiX6Et0d7al0mkLCEjCgmjLSstKysoBBYQFSQizBQAgADZrXoIACgBDO5RMI1OA0KI/9BcQQZQgnWhr7yivaYCsgSH2O8RPsyIOR1SriUDQEm/tXPX4s0MnjY+PaYTunuZ33k0GqQFf2ln39S1/7+3qcSPLBw8Bhu4lS9JrN5Tu/aXVK5f0bm6edtQR4GHnitUtz71et/PEginjtjz5wtZ1GyddeAYQ96xau3zuvKqGQQN331OVlQBIZrghEeRPzWN8/hCxK1euvvvue/bYY/c99thda0dEMEP3bPfp9B92RABB1qxY+shjj6/fsPn4r54yZcoEa9hRYow/95XXHn/8qf0POmjPvXbTiggzZdXZ0Thz0dgGnZ2dl/368vq6ASeccHxNbV22egNBzNYtW9KsKspLwKRb27oEnZrqCmHf9VwRu3nj5vcWLR4zfsLAhgH50fALCdyukQQrsFdeeZUP6syzzo44pIiIMDcb5mpzssokSCd7b7/99hWrPmAAYKsUBcZq7Zxw4glTJk22lh0duglmczUA/QRRmTuRCE2Qbm3pBNRVVWVhB5Ys+rs3AfZ/LfvcMoc6hkRf74I33i4tL580aeLHYg3/+bIBc56doQCHmRD/0b/jf50koP+8Kqe0NF/Rk0ceeXzO0NZy6BMTNgXIpdkVoVYY9szOQMIi2bB7FgAIYq7ZVbYjS2bJnA06KbsUh3CFla2Hz23HzMLMlkCICLMFbmHnP0YJKV8ihUhESjJZFAn/SL+yzB0V4XUAYECCbFgvVqwR5TIgIxAAiVCmeaIAgBDZbOdyB9im+lQ0DoAcenixIIJ2HCviG3YUAhKgIBgANkBGMEpGDLMTFwzt0lmDFhuyMgZEmBwLICAaLFkQcEQBCxCGkZUPbAEjQCr8BDKLFkC0FgGB6BMFOrh9R5+PLAjPSwC+qLAggKCEQJjRNq1bfdOVV1eMGHfUaacNKi9xjBiNAqIkUKBFKMyF+z44TliobgBIRGXq+xGsJaUAwPT19Dz8t9kPzn6kqy+B6Ow8Y9dTT/sGmfQvzvthc0dPWhGzI4IOBOPHjzzgyJMO3He3REfL3DlvRCuHTpo0ujiGbC0ph4UJCcMoGCD8poaifgzHv7BTICoRQLCmu+Wic8++5Pe3lFVXEgABKMhYDNCnsAhEAM0gLFaxkECA0tK16ZGnqwzHhw+Fnp61L7/cnUpVjx2v2ztWPPeyW1hYXjcMktz+7vvd8+YUjh20cc7cpsVrpx1yFGinu2nr2jkvFFVGC0cN6Xvj7fXz35p0zvchQumm5qZXXy0c3oITJtnCQvSIAMAPUCy6BLRDiQC2j0+yfKvdtHnj3XffV1ZetvueMwQUAIoNQGtfRAGSCCFZFkQAlHDWYkYMUgtffea2669es6UrHa0ZOH5ChYeARrhvycKFt/3hjvoh46bvSQXEigDEYTYCAqDEIgAgCXDa2tRf/3zLuLETDzrgwOqaegFAAhLhVNuvfnbeliD+ve98vUi6brjpHrdo0C8v/lFpUSGAdR1pblr33PMvFlbX1Q4Y4CBYY8ICrjA0ggyPsP3p70CfVB4AkJEREQgTWDDdzzx89yYuOeX0c6NRQmFCEKRcYVJKQINotqhIQCjoeebR+x978e0v7bnPiMHVCGJFsST8IE2KrAFSgCJs0qgdFq0QbWBDm33hNCrNgGCTa5Ytuvb6+zo67KwbL62oLMgu2RjAIJIFJYCBn466XiYXEBo4K2UBUClre5Si7o72l194edzUncZPnkQiYfsVCYWfWT1o9oz7nf1H3bFICgCyHq4AILmEUq7v5v/YwDiPPPLIY0dH2A4gI4nNiG8BdKYlO3C2FC2TJYbMdpDTym6f1gpj/3BHBBQyBJJZdoUhLAOAhIb/bNlaEUGBbZl/yegSAISQSBEShml/Y0xIGOS4XvwiNEnmsOyBATCX2c8sOpkp9PYWlaNGMgUUIAg2rM1gS54GYADNggoBEQwjIgQBu07o9BCqMoywMAkTAQgoEIBABIF1uMgNeRprQBEIWAQB0WwBFCL4Pigne8xgkcRaawLSbnjvGCtgGDzSyJxrhv5x8G9n7vzU/gWGQFh3H5aZC2lIJ/uWvPlmLbjJwE/7oBVaEATOSPitAFpSrLQDAIExjkYRZgEEDYgggAQAlk3yvQXzLr/88tETJn3/B6cuWPDu3Llzv/n904JU4vW5z5dWDTz1R+eX1wz2lHrliftnP/zAE68ufuDuO5z2lT87/8fDdzny5z8/p2RgkUIVsl4WTEQ5kJGlCCIKggCkUulYJAJA1kqmgl5Morv92aee/e4FrSXVlZDhxkAsAwBp3L6fAPYzFvj3FwsFENDHwABHVASTQby5pSTlAwikEm53RxQVJtKQ8nVnj5uywA74fiSZCjq3YqrP7erijU3gI7CDaRvr6YoESUj1xbs7vNYW0A5Yw6m07miPJHopSAqBDVspKgsiAArCboo7lAnLP+hELCI6OgIiipjZIDhE2lgjyhEAa5nBKqUsW2BRRMxWAXa0bFk4f0HX1lax9Nyc17+f5PKoFhFCg0HgiltQUC5KAxlrk4ocIuAwLRrekyxKIdpURCsFRECEwAiBBbRWOLFu5eJ32rwvtzQXFKaXLV1aNaTMplFrZ+Omteeec0bL+nWrm/tefHPJ9CnjTz/ta6NHjWRhhRmrgo+uhf7kgqw8PlcIImVFgAa4LwY+q2hSVCIVFEUUsIVsJWXasNFkDBQqEhFAJk6VFbgI+qxzL9h9SiOIZXAN25KSIiJkEGEAAlKEyCJsmDKRs/VBibEGSCECs7900bK163ptECCgALAIYIDssyXWEV+Uox0AFpOxkg7VniE/GLD/47PPXrlwzfIPts5++pX7HnjwrDO/vcvOOwdBEI14lllTtpbhH0eRj75jt3vpH9cD+RVCHnnkkccnhdZa5wrAiSCssGcWa61INvTPpBcQUASEiHLy8LBaLaQFRHJWWdlq3myOnjnTlAYkTP2zcMYqi4gUkQBkw3sGQKVUaFIIAMzWDwK2nBNMUmjrBcgi2vvo9rY7ODJSfOYMixIY42oHUIVkCoLo3FRJiOAEBhxHOdlrRAosgucoZA5MynEUCKNyfMMCqAlEXOGAwDqkLAABKzCgHQC0gVXaQQFkESIhzwRGa3AVWANC1nKgHWJjiZRLmDagFWhiQBRyrAGEPB+fxydARk5EHJb8ACp0FSlGYO2GGtU0obBFVA4qFOB0kHa1ZgYHXRQAZq0QICM3QrRsetLp3qeeeMIn96gTTjr08CMO3v8wP5UqqvDWJpvBcSNF5fvue0DtgAEOwP67jelobfrL7Hl333v/9086YMio0U5RkdaEGAASCzhKAaNJ+6RdI6AVAgTpvqQX9aKey4Bhfh+taV676tunnfr2wmW96WD/vfcbNXnary/7xS7TJiGA1goyIyJleI/tqgQ+1pUCBRbARzBgPYUAAQRpBAOOhQikIEgGgbgK+nocTeinwRpAK2jZMgQmrlU0osAmwTg6kSpOmogRYKscAyoFlAJCisa0G0Vm4AAhrVn5YojSaQuKHIX4v/bd+jTI1In0CyzCCjYRQrTGWGMcx2XGzc3NaT9pRSoqqgoK4iKQMqwAtFYIqCQNyCtWLn9p/jtHn3j8lq7ex59/d+7zrw87dg8rWpOuLI9FC0w66DLMTVtayKSIW0srynXEReTAQNvWToWmqi6qFDmkPDcSLSho72jv6u5VTtGA6iLtebfe/7c1Hd7guoI1bzwlAtYGzc1tJt1VMXTAj8499/zvfW/L5q26dODBhxwyYsQIJCQkYw0IOP9zL7Q8PhMIAWRUJyChos8yiONgPKKFTXtHRyodpFJBLBIrraomBFCh+AOtDVg4lUyC0oUFhRVVVcCWxQGFqXTSWuto3dre1dXbU1gYKSuKJHvbN3fY0uqKMge3rl/hFRcxeSWlVcJqyJARf/3LzUKx0pLiLU0dzPFoAUZjPX1dHelekGhVUUURElmTAkvtrR191jhIFWWlaU619XZECqJnnn3hBd//3qYN6wolcu75Z+00bZpl63leSPXmbX3yyCOPPP4ZApsObNpKoNBxlOeoz6puSGdtsTLPRcRwJpGfq8jOuvthtnEAS5jaz/a3Ys5xuaFYPetkk+F5M1qAsHY/lPErQkWZikljmZlDC0Aktc2d3rK11liTdQILQaQwo3j8ItSl9kMutSbCQTpgK24MBIkASUumVIBCUh7BKFACBEgAgtpJB6zRolhjIcWEjoMCjgOuowEMs0kEDI7HjACglFZakRgUIdShmFVJICYgBxI9XaziKuICAyrE0BJMgQIIfN+NuswBCyqAIGDUhCg22Suu5zM6pPOJpzw+EWhbpCYAgMCELDYANgRgguDuv93V3tmqWY8dO2n3vfZCREe7JggcRdag1sLgL3zrvZdfet0PpLis+Ohjjqwsi4A1WqlUOtna1kFEXoEbL4gCdJq+buV46HkGNBEp67uuPvfss+54cM4b81//0dcPOfbEk9IFQ0sKvGcevGdDS+KAI0/U0cgTsx/sa2lpaBy9xwEHFBcQmJTW+rrrbjLWdyPxL3/5mJbmltVLl+252/hH//7QzC8f//TL8wfXN1w76/fjRjcigwhYtlrRp8yfi4AFSwgeEHJaPGWUGAxcZYEAER3HQWYoKlbMBS4BBqDBIpLjIIMBTkMAygAEniIPkAMDnpcCHyIC7AO5kEgAMypHWjule5FvbTpKXO4WDxke7Khf7e1yiwjCbNiaMHLetH7DI489dc5556J2XID9Dzzo4ksvHTlqhHZIhT6QQZo0p3rb578+f8WGpu+cs1tlTc3cBefd/eebTjp6d4cQWYmkiHr7uluuv+6P1//+imT71qhLJ558/KWX/7azvfeiCy/5+2OP1VZXzH/jZeVEhzYM8jz3yWdfuOWPN6xYugjdsgfuvmufPYedfvLXXl3dc8The78/55l3FjUFi7Y8/8T9MQ/+/vIzAxsG7bnHbi2JuROn7zRieKN2tDUBaVKkjDV5t5QvAgQAQtafADnrxkOgnHQKGFLz58+7+FdXzJ0zx1VUUVH9++tv3O+wAx0kMSzIpMjR2nVdsOx5np/2UdiKsELH8dCkZz9wz7Ff+05JWcXFv/zZN46f+fsrLr3iurt/evl1iaYVf7nxmi7fr6qv//2VNxx2+N5r16054/uXvPPOqrfeeeH6m264/sa7jzj2sMmTB1x35VXd7X0FlcMu//31Jxy9V6qn44G7Hr3uplsWrV4VV/DT887p6O2dddMf3lj83oDKmqk7T3tz0eoxM3YeNqxRaR2W8af9tOs4+fj/Q7j8nCOmTJlSXFoKABs3buzr63Mj3rhx4x56+JHOzs4BAwbNnDlTUN13331NTc0TJoyZNn1ca9vWhQve39LU6veZ3t5EaXFRYJKeQ5Mmj+7saj31G1/zYt5DDz20atWqQw89dPL+P/nI3/vuso3/2xPNI48vAiaNGvDZ7Tyw6aTpDdeJRgIjAQB8RiyAhoyoHLPus9v+xdCxj8IarnD7sGtAtn49qxHIKbqyKoCs/VGoHQAJvf44tAhAVCojRDOBCbUDiKRIkVIY9rbNsAIZo0JSipCyS5xsBVnGrmvH0qP+O4SUijXzXnrxmj/edewp3zri8AMJJZsnBQYQQBJBCQiBkQDANywalAbFds4rL95w4y1tCfj5ZZfvMmlE+FkEvd1/veVP19358Fk//fWRh+1f6CkLYC14BMQMyCkACypGSNpfv3T+8d/44fDJh//8Fz9tqI4RCzAHBMS8ZcNGZi6vqTHGb2tr0zpSU1sHCsSIdvWiJYvmvb1yn30OGFhXnacB8vj4yMRnlkDQKgEMiNOO4yrtdra3XHbhBbf+7aG66ho/lfB9/Pb3zzrzrG+XFERcF2xgtSbfb3/6mQcu+9X1TVt8N6p6E90PPfLkn2/+Q21V2a577HnjbX+78leXbtyw7oSvnTJ86JA4SYwDYEwaTgIAgiJCJk0EWiFCU1PT5Zf9qnDglDH1p8995ZlZtz1ybq9+/Mm/d25ca7vakxT77o9//oNvHplq3/i9sy56+vm5DQPKCeS1l18qKx+wcUPTmHFDNRlRzm1/uevmP9/e1dZG0ggClBkPs+ccNkz5sMvmvwcCuExOaLrKVlxIkdURB4yBtImIslbAAvRZ7TP7SeAUBKSArCiOer3IgSvgMHCCKbCaBAmYjaOMA2B9QKUMxwxrS91Pv7pq2ZpUX7pD+d7Uxv1/co72XEBBrXe8YVdyLIAAh/0UxHNUkEr++bZbZl1/81HHnXDeOT+a//JLl152xeVX/v7in/9saEO9BgIb6vX9tauXzH7s0XHTdh09aadBAyuGD6587YUnX3tt5R67DHfBjRdFvai+4Q/XFtUMuu/eB2vLYuef891nnn161MRJ61ZveXPBW7feesOgIfWReHlve1uQSr762qux6vrLr/jVEw/e/+e7H7/it1fuu+fN5eUVZmXP6DFjTzp0l59ccp1bPfrCH/6gICrDRwzfunG9AffBB2ff89gz69asHd5Qi4h9ib54NKZJbaMAcpYHeexwQAZhECVh6RGa0P0DwdHKvP/m3J/+5MJujt99z/01ZQU/+MEPTzjhhLsefviwA/ZGhQQKwKSNDYwl4G9/65sFblIj+kaXVtdcfPGF3Lb53LPOPOXU07595pnlJRHPiwwaNLi0KH7TDdd++eB9HnvqyVTQ981v/eCin/6U6IIRw+pcXSRBDCE1fXqjf0Pncy+8Uhg/+L6773726dl/uO3ZP/3pz18+aOLcl54976eXDBw64k833TSkvuyP11/z0tyFiEXxaLy1s2VDS+tDjz06Z8GiDz5YO2XSWGajtfJcj7MdovKkVQ6jx47fvGVre2f3cScc/9YNNyqHRo0Zff/990+cNOWBBx6aOnX6woULjzvhpIKCgoYGt66urrujs6ayakNZ2ZbNLYhYW13T1tbS09uF4g8fMXjZsmXxwsIbb7xx1eoV1dXVq9esmfzPf/U+u4z8351nHnns+Hjh9eWf6f4Dm/6QQ0pg058ZBbAtjZ/L+QMU1MUmHh+tGOzEChWRVkop1IqUCj1pSRFpRaRIEyoilfkREJFW4StIiP2M/cVasSzGMgtbBmutZbaWDQtbMZYtc/iKtWxs+MBa5nRfT6JlTc/bd2Fvc8YsLzTHtywibHdwO8BwKd8/GgAQtl0d7cuXLWvr6LDMDllj0NEaCRjAAmiA0Hw8NHBwtJMSUMJ+b+c7C9544aWXWjpSY8aOmzzu5xGNJJaDdHvL1lWr1/pCmhQKIIIVYCESBmatFSEBG7DGjUTWfbAuXt1kw3oNBCASgWSy95RjjgjQ/c1NN69bvfyiC34yaNTUW/96S115mQ0STa1NS5cue/WVV4YNGxGJRCtLC1ydn+Dz+PfYJoVHACAEC8AMYoxv2fzpT7c99NDsr3/1q1fPunrV0uU/OP2cv/z1jlFjRh8180BNoDSI37Vp07orL7sm4lTeeftvps6YePoPz7z7jieuvvaW3/zqjGm77n7xhT/+y1//cvP1s556Yf6vLr/8kF0bXa2sNYow4jkQqsJ9u3Dh+xD4DbU18Xg0HvU0stZcXV0WixfefMvt5/307O9+5YjZt/7x++dfuvC9xVu3zrh11pUvvvTqQTOP+tvdf2xrWvPzCy+447Zb9j30K+QWbO3uOf6Ek2ceesiQwUPa2tuJhRBAgHA755T/BCG/KoiBgEJQGokp6nU0b61q7sG2JHSlnfJSjEQhGi0oLKG2HuhIcofPbT2CHmjHKS5yEgFsboWKUpv0DRHGCsGJJIuLU14U2voAAmrtxGSKPV04urGhohIC7AU/XRcDIoUCasf6XkuWOO1nZ04IwEopE5hVK1c+/dTT1ZVVv/zlLzXhuAkTJ0ycvHTp8g0bNg1tqBe2CCBB2nDy3XmvL12x/uhTD6+qG1BYoI874uA35797++23z5h2qRACsNY8ZcqEK66+blBdg6RSO+00Y9HSNYhONObFC9yu7q66ui8BgeO6BDBu7NjvnXH6LpMabXfT488uSCYD8H1CrcgpKi4pKooqR5VVVQ0fN6K+olggXdQ49FdXXWtFXfCjkUTANnC1VtHYh3rBfr7XOo9PDdz2QBQAMmI6CIJk6t0331q7Zt13L/jFLl+aYXs6jjnmqEt+/ZsXXnjh4H32ECQAZjGoNINyo9HieLyyvFgBBEaV1VZHIp7xouRGi2KumN542QDBgMSgmGHDh51x9tnDB9XYoOvKKy775jfOfOLvTwz83mmk3XjMcRxU5CslU6fvdMklP2+o1AqCR19c3dzaDNxz2603aa/4B2f86GtfPRxtsiiqVqy5cH1zd0G0uKCi+KprryWKjBg3WRCIRGmV6QwFGPbU/DcX4P8SWts6Nm3a5DjOVb+7WiEVRgreevvd4pKyeLzwuOOOa2/vGDt27Mply8tLSletWjO8sbGkOLJh/brejh4IuL62LtGTSPT0VldWFhVH33jjjZO+ftwrr7ySSqVqauuJaHPz1s/7/PLII4+PCyvBv33lv4VMAaFk8/aIKAXVRXtdYIN0srs93dNGCrXSmlQmzlekcmE/oVJE/R4rIkcRZh4jUcY6y3IoBMiG+tZahlAaYC2HPzUsltmaHBFgjTVs2Qrq4gEVB1zS+uyl2NscFvtK9rD/WYPcHQ79Jz5CDBtNsQCFRmikGECJIKIFICQFSlDiT0q/AAAgAElEQVQxoMKw9IIJ7AcbPpgz91U3EisrxheffqLzZxeUFnsRAVRAKMiIiJpAsSHSLGCEHEK0hhiBFAACOQJRPxCElEKjiEDEAgigBpw8eriJlFpySkqKiuOx4aMnoOcRS19P5+zZjzz51DPLV65PpJ1DZx57xCG7uQWRz+1q5rFDAXOxGQoBCJBVRGRNX/fzz76AiHvvvvPcl1/YuqVDUNo6mjZv2RQYq0iBRqDUyiVLVi1vO+TQ3a1Nv/Tyi24k6kTdN995K5GyRcWlp33vtGk7jbvtr3c98Oj8666/da8plwQIguz39b716qsbKsq1CfpaNvzx5r8WFBcdsO8eoEQ4rcgoxYBgmL7+3TO+9rUTHGsahgyIu5pQtW/d8ub896sbhs/6440WoLqm7FvfOO69t1eCU2C8whGDG0cMH0vkzpg+RRCERawoRZDxUMmKpf6Dxe42vkQBAwBjcfHwGdPXvLM46TweTfq9G1oa99/PLYpBSWnD+PEb5y80aa+nNbHprcXDpk32KiuGTZ7S/cS8D265R48f2bNsJRYUUf0AKCqp2mOv5ctWrZ/9TBycjvkLUulUMLCSDt61KloE4FQBAyXBI2CTcSTZQbC9yGKbEAARgQWYW7c293R1K3J/99srUqlg0/pNPsPoMeMikQgCiDWAjA52bG5/4NGnwY1F49Ely5au5p6iuBPX+OLTzy1fccbOY8tIucRUU1v93pLF61et3rp+81NPvjB06IhpU2ckRrauW7v4it9c+eprb51y2jcmjRqmgRi1F4kB+w4GCJxOGSAdBFbEMUJ+4BsbBNamjFhmhYGxFnQMGBwCQhCtw+5ooSFuSARsC6t2mM8nj34QAuHs8KBQHAAlIIhWTGr96vWW4ZVXXtm0ZkX3lo0btjTvvc/eNTVVvrExTwGQAmWtkHZSyeTvZ139pWljUAyiEwiwcPvmymO+cuzCt9/49ikvnHz6eV87am8XrRK78y67lJYXsYCI1NdWV1eXtbZ2bd3aZzgIbCf7CU2OciPlleUlZYXAKfa1DUQ7AJxs2rwhGq8bNXo8iyHk+rqGuuraDzZ1GKNs2CRILKJohaF4NOwGJSLGGNf9Qro4/YcYPGzEOef/ZMGCBTP22+/x+++9/2/37bfffrW1taVFxY8++mhj47DKysqNGzaPGDHi9dff6OronPvigljEG9IwMNGVsCnT1tJqA7bWFhYWjx8/YeWK1bUDqgqKihYvXVpXV7dx0+bP+/zyyCOPjwuFjtk+5lf44Qao/y3onGgfszOPO/Yr6VTCJjqU0qgVgYKMBW3mL6KGMMMfOsFS5oEACpAFUoCWw/bYoYU3sIAAcc7RHjFMxYigIAGGhgQ26wuW+XUEyoIIW7+3TcVKYxOPT8y5BnCb14AIsDGf0aX5X+EjFmsiLIFPCKiIxYpY37dXX/07B9NurGj6PvtPnjAW0cnGEoxgPUHr973/zlvvvLfo8C9/patp3bPPPv/Ys68dd8w+EeUo0tFIRGstgD3dPffe8+eWto7C8qq9D5k5fFCtEjN/3mtz5r01sH7osUcdTq5XWFgQjRcYk374oXuXLFleWzf4+JNPdNEZP2bMxs5kR2vLm/MXbG3vXLzwrVm/m9VQU3vUoXsPGTSgfWvzqjXrage3VVeXuW7eniqPj4vwO8DZVhUgKEoTYXdnezKR6OruvuSiS8hxI5Hi8ZMn77b3HqPHjMx47wMK2ubmrd296edfeOnN9+ZbZcZNmfqdb3+rvqGBHBcIHU92+tIuyou9tbht5Zp1xjIjCdKy5ct/cfElruuhDZKdLYMGDbnopz85cuahm9e9JSYlnBaTVq4HOlpc1RDWHCkwHiER9fX1msCvrh5qOFMGVVwUr6mqSlnwWXwAlxwQCXtsAiHQp87/A0CY0SYABEKNAmJ8LCmqPWCfNRs3vz/vjULA+NDBRVMmYnEchEp333nJO69vef65ZNrRpYXO/ntidWVd0U7+KScufGA2r1/tKmjcfSdn7AiIR6v223f0pi1vvfBGcWAp2Vs2bWLJlPFQXGjcKDESM1DYC2bH7QiAgJIhYUSIiJkRsbS0JBaNbG5uL4vHqTw6Yuy4PffZJxKN1VdXkZDSCCYtACuWLF/w3qq2jt47b7/jyccfdExCpRJBKmW6O59/5pnJI49XECFwH3/ksWfnvOZZTHZ2DhzQeM6Pzh83fpxGO3zokCeeeOLSy66Il5ZPuPDHRMQADAxKAaIxflFxMSAxKUHFlrt7U3293TUOaQcYQINoJ2osEAJlSvegv5Qa+zv65LGjgoUNkGMYCEQhAxCDRiCFura23BhLSpeVl1cXed8988xoYVlpbZXnuVZAoQACKWIgAKHQj1lEIyACAdXW15973o9bmzdecsXvbr7l1qlj6oUtCC9ftqIvkSqOxbTSHR1dXe190Wi8sCimtAU0SmkRJQGjcqwViACQBWZy4kjR0pKSjc09mzd/IDQExHR0bG1t2YICScsxUI4gIgohAyASgITdKxQReV5WdLqjDSSfDZRXcNU1Nxx55My+9q5orGhAw+C6+gH7HnzwG6/MqRvQ0NTc0vHynMqyyldeeaWrq2fgwMHdW5vXf7A22e3XVtd1tvUNHdwYi0YjMSeVSrU3bRk/aZxW7vrNTeS4G5u2nHzyyZ/3+eWRRx4fF47yjAT9+xl/hnaAYeifi/8DayMlA1M9HQQoYaN6BAgfkxIEQBIEQZRMTywUAZaMMWD4hCFsDcPFDlqWXgsCwgLCEjr+MwBnTAVRULJ7w3DnQAgMgBz2/w674Pp9PV7pIGNZUSb1H7LK2bX1Dg3s71ktIIjiaiAEY1krenPea7f+9cGHHn5kQHksYfGZ194+46wzdt15qiZ0MzktQyBtbVtfnfOqEy06+NBD3d4tr7/88p9u+cuRR++TNuKSisRijqOXLlr8xjMPr5j/op/s3dQVvLls8/lnf2fjktevnnXdyvWt06ftf/C+hyCbgqi3paXtL3f8Zd7zDyx6e4kbqVBu8YlHHfTSS3OWbmhNFZS/9NLL7e0dve/MX7dxc/2QEUceediwxiFjRg6vGzYpXlxXX1vm5SmAPD42wsbmiAghbUgU+l2UlZTV1VWvX+kdcvDBY8ZPKiwqm7rzzuRFo5GIdjQIAAiiM3TokOKiyMiRjTOPnhkvi02ePr2waKDrOK7nAQQAJIaTfX1B4I8aMUYrDUKB4QGDh5z6ne+UFhYoERQePXrs9Ok7KU4jsEarbJoYAtECDpNjAQBAjLFBGkEqKipLiiNvrVq2ctna+unDOLBrVqxZtHT5oKlDg3SAgiyg/vXIlOue8glhBRjAIVSgBB0EdieMmvStU5LdPrGU11dHhg4yngcszqihk0//RteGDoSigori4pENgad1rGzQcTPVgKogLTriVAwbSIPqjOOq0pIxJxwXqx+OqBwHigdVx4cPZh0xoBQBEqEN+4/soE1Yc/4xGTALEVprBw8aMmPGjEcfe6qytOSQo4/uCHDD5s0b1qw5/MADymMRQAtoJDBzXluwtSPYc58Djj76cEJ2kbWkN6xae8lVd7z84vMnHn+gb7QY/NLuX9pln327N2+86pe/GTpkwsRJO2lNPZ09JqBBgwc4LintmgCMMCIrpYRFawcR0ukEaNcIoBhiRtGItGXz+g/WfpBo9QY3VEejUSJgYwREO/pDAX8+/v8iAEM3ZUZQIFbER1TgRCOsPY0TJ40eMXyIFbXbnns21hRb0Pc99OiUGTvXVO1jmAWsVpaU9k0gwu+/915FqQfGJ3KMQGlFeYnriTGRSLSiohJXbyYQIALCefPm3XnnfV854mDwO3931axotHjf/fYtLPZYUiIWtOunGJQTpA0IAhpyAhRrjRIsPPKor7x18aw77ry5pKqgLCKz7/jr1i2bEskgEaTKoUCLJ5kF5LZFZoYK7c9Y5VkAgKXLVx199DHtnW2jJlWyUkMah48aO65z69aCosLvnHXmpRdeNHbs2D1323P16tXWyrXXXPfU7JcDC6UxOPWUr27esCkajXa0dgwa2lBdUbHg7fk1A+o6+7oGNAxKBX5xcfHSlWtmHPh5n2EeeeTx8RAG/P+jjgDbFg4iImItgxtn2wxKK5FMbp8UIyCAQhUG5IDEgIgkmWb2yGHuDlAJIAMDuFrKCjwWSbSl0hZD90ArIIIswpnpLlQHcEgSCwgiCFgmEFFiGQCBhYXY+ugWiGQmj7B63rKg+iKEmtn16bbGDGACYWFUmzZtmvW7a56b+9avf33F5HFDFy9edtVNt99/z4ONwxoHVJVlsnHWAJjVK5Y++cwL42bsN3jo8MGxwcMG178079UXX1t85C6jkHQkGneIHn7ogZNm7vfta69REPzmtzc9/+yLE8YP2/DW82zh0ssuHzlqTLRQB2kd07Rxy0anYJ9Lf/nLv999119uf+Tvjz9/zBEH+sm0FRg6cszYkQ3XtDYPn7zr8d84tay0tLKspNMvPeyIL4+ZvNvrby8DoXw/6jw+NiT0DEEgEUjbQJDYmmTSOG70tG98dcW7byxc+P6IMZO2NDf/+c93LFu57uSTjjn0wL2RIEilHK9wxLixh83cdd78FRs3Ng+O1s95+eVX5iwZOnjYRT/77uIl770+5zUx6aeee64r2fPjrx4bc52kjhB5pZXVR5x44qCy4oiIIPoGKCyqsRKk00UgWnspq5lRhaYmwKRQORqAiyuqvnzMkW9edsu53z3tBz84OdGx6c25cyKFxSbVrU3SE1/IDeSfi7c+xVdDISCAsSKESjm+n3DLiitmTAGrABCQjSIBREVAkZLxo0tGIpgYkAIXrIKA2I06DXvvDlZAaQAR5RggVsqtqRh8wF6ADhCD44CjUMgVYBQBBkIGCnuw7EA0AH7UM2ONtba9s7O3r6+gpPSUb35T69jvf3/1vQ8/nFJRrd3ddtvdBhYzzjPS29l5z30PllXUHn/SV79+4hHIVhEgpHo6em6966llS96d98b8CGtrcOz4CceecFxhkFzx9vtPv7TwmmtuuOBnZ8196YU/3fSH9Rs2HLjf4SedeIxyOOX72tgglSJFaWNYbFd3V+AbAwAmgSwjxk2busuus5944azvnBZx6Po/3DR54mROs9YEtH1D9Y+6l/qHVPlheIeBkCBZttpRIAo5YoO+vlSqo22Nn+qbsNOM0888/apb7j3rjDPKC1xjpLJuwMTp04IgiDqahAAwkUoDKRT+7a8vu+P28iCRUKSt0Aknn/iVg/Y994fnfNDckhA66/vfmzh25Oq3XzLkHHPsMcsWL/v6g3dzkGjd2nrWDy884oiZzS3rjUmngoTxDemIGGP8JLAFA2gJUAI/oVT0iCOPXb+p88HHnjrzB98dWlt/wK67Dhk2aOPbb3a0bRlcPRysg1oAbChE+Ff34f/5e/SwI4+uGzhkcOOwzRs2LXxv0Ve/epLrqOXLlowdO7ajuWXSpEmdnZ3vvfdee3tnPFrw+COPjhpRgYY3bWp/f+GiRF+6vr5BRNraOpQDtbX1RaWlRSUFb733biqdHjhkaG9v7+d9fnnkkccnwGca9veHDjPq2/oBAIuIZSCFgsgSjt1CooBCjRkhYMaOXxAAmREBFWDossQMRIII9XEqKY4jQMoPPmg3LMicif9F0DIwAwgwhE+FhQTDnmAiLCyGgRhYCMGCZRARBgHISB+tMAsz7+B2gFkKfLtJUISARYSZV69YtnjRsn333f/4E4+LKLtq1eoPVi6PFpSs37R5QHUZArCxRKq7o/n5p572RU3daUZ9XW0hdR92+EHPXXHHXbffdcjOl3moFKFy1MzDDz/99FPrKqJBsre2to7WdBUWFmqt339v4eOPPb7rXntYUgKY7usdMGLcQYccOrWxqmX50ofvf7Klpc03GIlELPQVlFWWAcTElJdXjJ88obygwEEprxl0wGH1XiReWVWvnH+TAc0jj/5AFGuNWKVcrUAHhgNWqbQVK/vsf8Cdd9/5vdPP/8lPLgDEuoGNJ538jXFjx7EYYdaOB4LlFXUX/eqCP9xw101/ugXQCAYHHnrccV850lXS3tb2y8t+m0on9t5375v/9Iudpk5TbjrhG4uUDmxvXwJLi1CYUZHGjG0cuooc46eMBdBREHEhcACA0Afdk0ig9RWqr3zt1Hh54ze/dfrFP7tw8qTx5/zwvMefeGn+gnch2a3RGgQDoHGbx2f2VD/dhYJMAGgBLKAC0I6XRiMonuswZIqpCIkZkpY9J4KExApEizAgpcQH5biuBmawAOAgKg3oAzBIpCgKQkDEgmAzzRpJWQvMqEIB1w4U/wNAeAYAvE0CIKgdb/KUqffdd29tXbly9JgJ4y+8ZNihhx1slOpkqqyoHD5wQHGsMNPlRruOV3D1ddc7xQOHNTYoFERCJONzYVnpg3+7pycw1Q3VlZHIwDvvjQ+pLYrGi2KRa2bNen95c7ysOOp5O0+fVlHyYxFv1JjRpVUlZFM33nKrihU2jGoUNtNn7HbvvfekrePECy+69NJvNfU2Ng6pqi0959wff+XEr5NJuq5XP2hE2mIsvJ/yY+sXFYhEFPKhACiiKFp0zXXXd0mktqIkDqnDj/ryyOm7b9m0wbGBUk5ZZdXg4Y2Ooy0gMKMExeXlP73452eeq5IBC6Y0CFgAJzJw8MCK4ujFF57XlFTR0rKxowbFdFp7MQA1bOjQg0/7evuWNb2JnpqauqGNIwriMa3w8l//GhBLysr2P+CgRx8bVlJREYsqEXfMuGlXX3MVxsocJ1ZZO/ic888+4rij2tv6qoprGgcOPuS4I1ZvWjWmscEFQEG24YAlmM8J/Eu8MnfepCnTVq9cPmhwvSAVlpR2tbeVlVdaawuKi1577bUgsNMmT1fkbGlu2mXnXWxPN/tBuk+6urqrq+rXrPmguLiwvKxyxIhhm1s3+2lTUlo+auSYls5214vsNGb8xzoI0/zsrFvajjz3+EYPgNvnXvu7eWPOOPuAGg1gNj1+9Z32+HNmNmRobX/tA9e/OOI7Xx+08b32+olDCnYsi9gQtmv5jnvweeTx34DOFdWHCMX1IsCMLECALKIYhZAZQWVS9SACNixGzGSlRIAIGIFQULDSs4WxQq0UEpYWxnqTXZt7RARC15lsUxixIsJgGVjAijCLFWBGAQTGkB1gBs7koSAsOhAI42MRAf4iTSvZWRJRFILnaMdxNmxY19fb+8Df/jZ79pMIfTFXVZZWVldXeq5rDIMC0g4It2/Z+uBDj0CktKp2QGd7ZzRmhjQO9zzz5pxnl604bdrwakEWMeSorp4e7mqa/cADt91198S9j9pjj712HlaxeePapx6+8+FnF7z47NNDnN6CoqgXKyyKFJIQi0bAosJYxBM/nQbLaT9wPFAgMc8lREEwjNqJKB0gYHGBl5/t8/hEEGsVkVXki6DF8ROnP/7yHNQegKuVmjBlt5fmPscMAUYMU9TTjhZCS+CwIWEgFa+rHfeLX17xs4uvEADD4Lia0Gi0u+6665I1qwjFJXC0xxbSxgwcO+Hdxe/rSCF5rkIQwyDks7iKQLBx9KQX33gbIOI4PHr0mNPOuIAdjwCAYJf9D1rd2mycqEPWA/+YY78888iZAsyA2ovvvu/+bGzUERRrraicxOofvgz/MoP7b2BBLIBSqADQAoL2SAtK6BonSAQADEjgkQsCFsFqrQQJlEKIgae1BmMAXQABJhYAxVHtICkQa8T4ykUArQAz3mRMYBnIkSyjQTugdBdzpRdojCkuLdll112QjEAKGYtLynbfdz8B7PKN62hHBAUEmEGReNHS2N771weMwgBsQJADVm4EECZOG28YDIIGmLrXbgGhDwZEVVXW7NUwWEiA/Vh1TX3NwL5EIhb3AIGcyKSddxKlmRwCVVxRv1N1Y8BKtBk6YuSw4S4IiILhjcOGNw6xiW4dLUiTiwIYCIBYsAiK+lscAnzoWR47JhgQRJAtKBILAQc8ZecvBZZcLcA2Qt7oEcPGjBiqQFAIEIJwuFNAmhAcZWXylKlCUSMQmCDiKBJgIEBU7I+eutMoHfMFlGJOJqw14Hhppob6qpGDKw2CBdTKMVYKC0qnTp9urK81Ian99qkWABIU4xaV1++2x4C0EFkwVheXlE4oijsYA+MioiqJNAwfmk73gFVADhIIsADkMjd5fCQi0XjK96tqa1A5pJ2mpqbmzZvWrlmVTPTW1tYyQ01NTaIvtXHjJlc7AwcN3LRmtS/J+oEDhwxuTCR8Fuzu7q6IV8x7/Q0kvbW1bUAwsLW9feOmphNP+urwkSM+1kHoslHDnXuXtgaN9Y4k1i1LxFMr13TvV1NGtnPVymDQ4VWZ+F8E3CHHnDMEpPedua+2HTZ+h4yiJblmxz34PPL4r0CzMEi/Mi0EDkNrsZYViqCQBUIBDPvDoQYGABJCEERGRiTAnMEfAMZUUBx34rFIS3sXAJaWFJYW+l2Jvo4UAQhniAbk0CZQMt3pWMQKWLEsbAEskDBZsZaRxTIAcxj8gwhnbAUJQj/kLxpE2AR+YCxgbd2A8uK4deNf/+7Zqc6tO00ZP/PIw7t8tJ4b0ShBShwv1d299N33t2ztaBd7zpk/RJtyJF0cJ8dP9DWtnb9g/uTGQxVYMsHNs669/drfRiHR2Znc/cBDrph1xaDaUrdq6h0P3H/HHfefedGtN9z8pyvPPbC3s80LxHEigo5JM7NoTckUWiBABKSmLU09nR02lbDCCQNRDQSoUYFAOmmUJu3mh9U8Pj4EwkQtkqMRDHqRAhEE0mKBHNczvkQdDRERIBGCQMQm0+w5ESIMDCrtsQmUVkrpKGEi2ROJugLgRjywxGJcBciIiowqDEBKS6JGyGcMRLTWABghBIHAouPEPCJgZPGVUoWOw4AKBBBBxTSIdh0ChUhiAi+iAZQABUKE6EU1ihVUDrK1/JFlSp8ySCMEFg7dWSAILAh5LgASKQRgABBQBBaABIFdCzZQhhg81BSO9KIEQCyTKEAkHTqsAggBGNQAYC2QCGG2Z0y/GvodlN7b7qC19tJp33UctoIKQZEgpANRhKURJ7yKvm8YlVYuA5hAiMQlwfCSSNhHlwBYOO3oiEKwbIwIknasAiHwNGBgbAo58Jwi9jEeiyOxsWlSGhwlhpUCEEInxoJaowEQ5ggAEIasPIlQNAIAxoKDYP8fe3ceZddZHQp+7/19Z7hzzaoqjbYsW7JkY+MJ2/gZMIEACUkIQ8IYSELSvMBaSTqd9d7qfmulF706zUryyGJI3gu8l9AhTSCEgJnDZMDE2MbgQbIla1apVKWaq+54zvft3X98t65Kg23heJLZP8ulo3vPPee7p+6tuvsb9mY0ccgxKRrrPy+xMKJBlNw5Y40tJgIQE7PLyEbMSMBI5FxmiVzuMbbGgAuLM4WBDKLNc6QIkjgS8QjI3qMhIMPeU4SJAQERYzxGhTiupJbCvBYQYyIvQggo4nyHLCJZEAQGawAAEBg8E2Fs0BAiGC8QmQhE0LKAsRQLcLVQRkHIw1iAERAdFXh8xWIREUEwz/NyuWit3ffoI+uGh+bF77j0siu277rvRz9ZXl7euHHzkUOHh4ZGvvBPn12/bnTzpotXGs1mO6co6tT9zMzstsu3Tc9OzC/MNxvZ7MxioVD65je//cCDe37vD15+Hq2IRnZuym/fv+TXD+WTe5Y33bxz9pGjzRsHSo3Dexrjtw5OfOpPv5RuTY42r3zzG0a+/sGvjt5U++GjE/yZT5fe9IYrFr71ma8/2iLJZOj6X/nVG8fj1W94fvKuf/rHH0yD5TZuvO0tr3vhQO8zO6/s/do/fvmRFXEwdMMb3nTLhkSWd3/pU197tB1bD8M3/Oqv3jg48ek/v71w5Yb6zNTxhf4bbx488eiJmcn5gZ/7zTdePveZx7rrqkpz37+e1p6hiU//xRdLLxhfmlmaP9ne/Nq33bz8ha92G//GG4efD+uJlfqp0amaeqEkIIRRd2EGL+K8OGbP4FmcEAt6BsfiWZyX3EvO4FhyL86D8+IY2LuqzcqV0nKjs9zMGu1sYblRq1aGqrFFdgzOi/OSOw4bzonz4llcmAIg6IU8i2fwIj4kxBdhZvbAzMJehBGEEAieKOfWBQLDr9nexzpEjCyzzzvtG6679rrrXlCvr5RK5V95w+s2X3TxP3/6H//uYx9fWVhC9sYaBnRoPveFLztM3/LO3/ryN77+rW9/6xt3fOf2r33jA3/yv3F7+fYvfH5mZhbZkaV3/O67v/z1r/3hH/8niZMoLZUTS97PTJ988KG9FBfSGDZuGkbJS8WU0eZMnm1fsVAw1GrVKQYxkSOMrSkWCoUknpw4vOcnD+x++OHlRktEvPPMnKTW4oU4SqieLYImZGsXAfAhqYgAEDkGAAfSgShlb0XEMxMgCBJQmqZIKOQp7ghkNopsFBmDzL5YKOe5aWfALEZ8SiAuF+GchcF0XCi67YwBY7A7qC0CCDaNczEcEvmbCJDQuVi8kZwFwMYUJyTCzjEjmijLc+8dAicksUEGWGpzxxuDHFMG4Htp/3p/1j7xkBo1xJznea0EGMWR9+A9pIbTOMNQHxDQA7kwVUuMCDsGDwaNBRORRQb0ggzMINb4OHIJOSsOnJjulQeDBl0KnVicQcCwEoAjAMsgjB6MXGDjed1pyGt+TyAIQBwnLECWvLAAeECMLROAd5Jn4vI4JiRwIhkDREgorjUP3BGW0A+SudyBYGREcvE5oOTG564TAaIHEUHKEuuTOAIANIAAPmNrCTATAceCAoDEQHnuWbwXR9aERdMoIdkuAhAwxwYQwcTgmZkd6o/X5ycSoNzlgGKsBbB5mBEpOQCLGARA8ABibIyI1hpmHxa6rKZGRgjV+ABYgL0AYmTJEIkYSgvMIN4jZDZJX/uGt3328//y+te+MoqtF2vIepcDIgKDtCMjDJ8AACAASURBVG3kiYAZmMEAiBcRB5bBhrmYkAnkDizGwpi7jMWHXK5eMIcURMC1QViABC6kMqLPCvY5CteXl9Ik8S4P9W4KxeTKK3etrKzcfffdeZ6/5GW3LS0tJUnhkku31waHPdlWzrMLy53M1VvtuFAcGV//ne/e4RjWj2+cmZmbmZkbHBipVvpRzvdHdjx25Xhjz+EG5yd3T/dduWvXuoU9kx1pTTw0P3zlxgJZN7ew7dd/7x03DlkAMP1X33bNutEb3vDGGyuHv/SFiV1vfc973vN7v/MK+/3P3TPf+5XGrQW/6ZW/9b73vu99b98x8Y3vTfaqnUlr/+2fO3T529/3+7//e68dPHD3wQa3Hr3984e3v+197/u99777pf47n71nnslwvX3pq3/9N971i4N7v3Vgyy+8+Td+81dGD/5gX10e+67WgbPaQ8YtLW1+1Zvf/q7f/PnCA985nF718m7jNf5XP7NsNzVrSLMnAgA+JAUkRi9M4gWBWZAsigAYESFiETKCjCSCiIQAiISADAOmVav1CdDJhWUiQ4Sd5TaQ7eurDHUWj8zljoUFgCUsCghrAjyLCLJnz8JeHIsPXQ8emNmzeA9eRNiDsUSEiKHIrDUX1gfSc+nOwDDdqaqAQjEWh8q1voLBUrn63j/8Y6ls+K//z/v/q4BFN1grv+Z1r5dOy2AVgYRlZnbu0OTM9l1Xvu6Xfv6FV2y1AobIu/bm8d/+75/4zPLszP4Dh215cGhk3eVbt1yx8/Jrdl12xw/u3b/vka9/6Qvvetuvf/H2L33oQx+erzdv+8U3vvMtb0A3URvaUKilkWTISW7i/pGRYsESQWXd6EAGBZKrr3nR1be+7Av/+r1v3v3OgfEtH/3IXw5dtd2QRSRhQUL9ja/OG4ZsJBZN6AZDA8ChT7I76g1gyBCLxBR+2BgWWU2j4QkQyHA3DkZjCASj2BqwzC4yFsShjQDIIgqAtRYkR4FQdgu6SUw8oAXsLnUCAkAUETLdnHBExoW0HcLGmDAWF8cFBPCrlUoAsFSIujmwWXrr5s+Z9PpJvUkQw7UAAs9hXbiIICIQwOo6cREBAWMIYLXKSkgaTyAhEz4AhIX9hpgZJcz/gtC9goAGALAX7IciDSEoZRC6AD/Qn5FrJZSfAACypsCMiIKAhgi8RySw4RcdsaBdrbsXFYrAgITAgEQxJSGJbviOADIBRjYiQSBgzyYyDAJgQgldETBxqMJriEwSxyEFrADEsWXwEUQERnBNjV4w4QAGgBkEAclQWJTyJJ62es5DwMjGAOCZu5+sAAAITcSMZEK1JGFBESFCIyQihGgQQQyIAJIx3ck6xkbAXgAQhUWQiAxISOQEZnBwpL9vJAyiIAEIxDZyAkgEZLo/CQUIQbjXG8gAYCkiQEHIMo6NIYjiKGYGASGBGEOmZ8QYgbonU4+PBOI4ZnYnT0ykabpx8+a3ve0tf/2Rj44Oj4iItdHS4soPvv/9PPOzM/OlchVsxGROLiwYtIODwyvzs5VaudXOBofXja0f7xuoPbh79/DQiDFRf23goT27z7MZWNj4guH5+ycaG44fK+x4Sd+49E/tPtmIdk/Vdr22hMtgh7ZtOse8ebdw8OjC8Yn/9yN3AYBk3kd1B4Nx95gDpcWv/H//7dsUyfJ8ayzr/Sb0iwdP2M231gxgYetr3rkVwJ04NBVf/JJ+CwDFjdv7FvfM5evB9l+0LkVwxWp5cGQkQeBCLeF2LvBYd7Xnz27PeogGto4XENCWq1HectqNqpQNEw5xdQ06IDovjkU8CHnrQv5hRiQHYgQFBMUbMgKIKIwhRT8QgkcoSLNUTsqV8uTMsmMxhskAAk3PN9YNVvurpaXW8tSi6y7p7+YCFBFgBu99d4OFPXhmL+KFnWfvwHl2XgxRZA0ihqllAN35aRc+XPtFqLD5ihv/8I/jy3ZeZSjedsU1H/zgtVdfc414jiMzPj564003FYolEQEiFCikhV97x7tG1o3dfN3VhqVbXo1soW/0T//sz6dnFtaNjq8bHv7DPxrcsevKxJA19oN//mff/s531q/fwMLX3XzLH1VqLPCqX3xtuVz2zQ3v/v3/bAq1wZJBkJ3X3/y7f2yGxzZaxNe9/R1Ly8u7Lt2ybv263/6DP7r2Za9aaXUGBod2bBkPaSIQwQsTEmmRKnW+EMAiQvggGgbgw/QeawCAgFIQDDv1ltcTRqul0KJuvwHBqU+b2M0CZ8iChFJ2Jhy/u5wRLWK3Jmp42xmy4fFRWGZNAACEqwMEoaJ12Hl18VH4sA4QliOhwbWRmQVz2tjXY7wffuq3Ca22DLqz0qFbsKD3WRshpBQLuUUIMAoXygAIoOk+uV5TibrP0RpAMIApABhA6XVOCoSRxW5bL6y3Np7jn4Zi6H4bEcAa6j5RBIDVtRshDl/zgiOAtDvrzAAAhF+N2H0YEmAcXiAIYMHY8HqLugem3gW14aXYW3sXvhEEJpRRCcHYqYuM4T3QfdGtnv4xu48uqO+NOlP3nQtgqft9BwDACEFMd7QDw4+a8Aoxq68TBAxv9LAHAVB48WJ3FzK9ty8BJAhIgKcto0REgKj3CgZLq4n80YTT2dX3DBoAASik4fERdKcedG8HACQLSIjdqij6snx8G9aPzU1P16rlcqVYSpNvfuWL1Vo5TZNCMf3hXXdXy/0H9h85eWIOETds2Pgnf/J/LizXh4aG9jz8cKPja2mSpuktt9xcqpb27H/o5PQAGSPex0nh4QcfHn/FpnXDo+fbDixt2dX39Yf2PzoPl/xyxRQ3XpZ+9+H98bF0x601gmVAEz/GJ26qXfXG3+1lCzyFF+/99JdO3vied7+wHxfv+uhHDp5+95pEZKEBp93ZfT13fwwjwKnCEt0y2o9x19ntyQ7fA6tdamHUUyllex81uhUBWByL8yEZPyEJeJGwAEy6Kf8NEQsThzhPECWsISDJk9QPDfZPzzeWW85YYwBNd9GiHJ9dGRuq9lXy5WZ9oelD5B/e/8xhLgB4z8JhriM7Zvbi/epaAPZexBpjKHxCRwFhFrzApqWeFyS74aJtb9hyCTNDCPQJ3vmOt3UHppiNMd57xPBBgMfGx3/jXb9ljOnVR2BmRPIst932c0QUxgm3bd/Zq8e7Zcvmd73zN8L25TuvuHznFUSU5zmKxJX+177uDb2fzJu2bt1w0UXWWhF5+Stfmed5HMcicumOKy+7/AXOOVw9aMhERoSnEhsqdV7wtL9O28TTv5y146nY93EOemqHNSPb534YPva/ztr/zBtOb+HT9BbAtX/jua7duXZ8jFvO8Zizjhc+hj2Zpj5n4Vkbp70wzt7vtF1W7zz9VYhnXefT9z91Xc9xLU97gZ/VhMd45avnuTUviHO8YuHMF8a5OhzP/Xqhx7oH1+xwroef88CP0SR8zLOoM1jCyOD05AkYGfQuu+1VP/+tr3wpSZJPfOITG9ZvPHZkMo6K4+Pj3/n29/c89MjscpMBlhrNpY4nAEaaXVyanjk5vG7HJVu3jYyMNJvNvtpAx/mBvkHO+cSJ6fNuCFUv2Z589wf3RBt/ddACVS++2P/D3Xtg66/3m3NFzYjAjsH2X7w+//yDU9mGjVE2cefXD2155Ys3hGQA3F5pR4PDZSPZiQfun86K3DuM6bt4LP/qgQW3Ydgd+tLf3Tn+a2++/KKx/Gv75936EdM4+vDy4Lahxyys+3hM31ntueExGw/A7bmT9eLIUAHO2ngehhdKnUIA3YEMFnGenffM4rxfXbHvc+d9WLTvIWznTpxjx5J7zlkcc+7FOY58e2iwv+NkaqHZYcw8djy2PGaMGeNKJsfnGkP91Wo5tQZyL445Z8k9OxbnOHfsveTOOweOobvNHLoknA9J6YwxxpAhIkQCQH6eduYxMzOHJQ9EFCLtEP8jYgj1cbWLNOx/KhrHsKpDQuTvnCOitUcGgNAv4H2YEQzhmNauGWddvR0AjDG940RR1Nsnz3NjTK+kRKhiGM51Rt+uUkoppZQ6Q7lYWFyY8y7Ls3Z9Zck16g/v3n1yavLaF149cezo+LrR9aNjH//Y/6xWq81WK7YQx7BYbzEAGWxmWQZw5OjRkdF1jn2cFsbG1m/evNkYs3HjxkqpMlDtP/+WmP7LtvKxheEdIxEA2MHL1jcONjfuHDlnKG5qF2/hu/7241+d2fSa1++c/MyHPvShv/zwPx3qu3g4Wv0caYdfeNPo3r//8Ef/5pM/LNxyy9Ch229/aCWMVGHhkte8dsueT3zwL/7iQ/8yt/3Wy6uUXvILv3TR3r//0Ic+/KG/uSO57Vev6X9yMXi69cz2nKPx1W7jjzUOfvav/nFPQyA7a0Op5zV8x0svBQCQUAiA25nH1/y3lclHrU3ImiiOyRhjrDGRIUMWKQTfplu+lhBDFgDj6qNDpa0bRw4cXxREa4y1howhQkKS1VMM9adpZPYenZueb+c+JPcXCBGvZwZhZnbi2XuXe++YfZ5l4rzLs8r4tvib70sjE0JNz+xZZGDLt+9+6Jm5WJOTk8/MiWA1nM7z3Fprre3F7WHwP0wHCKG4cy7E4b0Hhq9hpkB4bNizu+gDERFD9H5GZ0E4gve+V2ehm5iaKDTAex9FEawuP86y7Oxeg+CcNyqlnh/W/sS45557rr/++rAdfp5MTU0NDw+v7XlUSqnnk/nFxlN1qKMPfXtm9uTLX/6yQ4cOZHlzbHw0ieyXbv/8yNDgvffed+stL7vzznt27brqve/9w6OTiyMjfQvLzVYni63NcocAKVHO/JY3/VKrvTR54thgf9/4hjFr41qtlmXu3nvv/cTt95zzvD95ZOJlL7rsqXoWSv0s+NZde6/avuFJP3znjkuewsY8lr/+8Ad37rpydUSYzvg7bE1OHLUc0vGxiLAAsoh4cc4LskFE50mQhSUUQUI0AoBhaZggIIWkSj4rxTQ2MnhoamW+3gb2BtEYY61JC4UoSYgQALzA8bnWxuHKuqHacss3F1oQ0gGASMhBKOLZsxdm8QzM6B37sBzAe+fFMjsHAswswuKcbzeaz8DVfIb1htOTJHHOhY6ALMuMMdaeyl7qvQ8xeS9oD5F/uAsArLV5njNzmLqPiL09jTEhsA8HD4sLQs9C6BpY+xE/7JYkSZgsENoWehbCLb1JBAAQJgtoF4BSSiml1ONrL05VYkLIjx7Y9+iBR2+66UWVcjo6WLPot20anZ86PFA1S/OTE5OLlTIQUa02MFaoFpJ0776HQZy1Ns+yu+66a6C/smnzhnIpaTYacdy59porP/e5z11yyfiz/fyUUs9FtjsVXEAAQUAEvJPcsYQp9mgIwCKLZyOAgJ6AkFgAEVcnAnjOs60b1h0+Pnf3j/e6rAOIcWTKxbRWLpBBa0yl1lfq67dR7FkOn1y5aKQ62Fest/OVlQwglAZg9szCzCyM7Jm9d57ZsXPeO3ahL4CZCZi9iIgXALD0PCzogYi9hf1RFIWh+CRJAMA5J91K5hDCdQAIC/VDKB6G940x7XbbWhseHmL7sGfvIN57EQmj+uEIRJRlWRzHa1sSvlprw/7W2l5yAWNMnufhCGFSQNhT43+llFJKqSd05MCjS/WVDePrJo4dHh9bl3ValdHBkaHBQ4/uK8ZxHFEpSdqtugA0mvC7//Ed+/ZNfP97P5yanM4l70sLK+1WSjB5fHpsXf/SwnylPLp+fN299969bl3t+uuv3Lt377P9/JRSz0UWBHuJ+USA2ecsufOCnhHEeONZEEyYBQCIDIRAAoiEyIjCedZXiVbmZ79/7z7nfZhhkDvf6biVRnvdYAUTWJidm5+dKw/0VwdHvOND08tbRqrzK9lKM8s63XkI7IUldAYIe/aewyi38+ydd87nzImwiGCYOhDyJP8UJbUvML3Z+2GMPXQE9GYB9Fb4h3t73QFhfF5E4jjuBfC9Q4VZAEQUHhui+t4RACDE/2G33pqCXpdELytBWGUQUgPAalKAXt9Bb4LAM3zFlFJKKaUuIPVWfdOmDVEUlcvlmZmZOKaV5YV2c3l+ceGRPQ/fcstL0Zh2o/PmN73y81/8GjO84hWv+OznPrduaKgxu7TSbo0MlLxr3nD9NS+48vKpqYl1w30Txw5cetlFL3/5S48eO7xzl071V0qdQxjaBQBADKPKFgQ8M7BnD+AMCwMgMxuDIGwIEIGkWwVAxHdWli7qr97zwJFGq2MNxZGJrLHWRIaMocXl5mBfOY6IBZdn5xbnFgbXb+rk8cRc/eKx2sJKp9msd6f1s4iAZy+C3nnxnDtmz86FzgAWASREQhDqzVuIzPOkKuDZ1obQZ6+qXbsi4Ix7e10DZx8wPKp3V2/N/xk7h9vXphvsHbZ3XrPmyoeOgMdprVJKKaWUOsNn/ulTb3zTmzYvb+kf7Cv3FS+77LKT05P15fksy6564TVJXFhp+gP79wlgvQF/9df/ff36TQxuanZqsFJs1JsjQ/3V6hhCVijaDeuHR0aGxjcMOpfNzU+PjQ03Gk9ZzgKl1PNJmE+O3QT7CMTdKi4iwCzOM4EXEGOIRVCQCRCEDAEiAp88MXnVRbUDR05Ozy5XSkmpkBTSOI1NKN4nIszQaHViWwhVj32enzi0v7puQzsrWaKLx6uLK51Osw3M3otAWAgAvDoFgEPs360sCCzIggjIIIDAwoLP2y4ApZRSSin1PPYH/+t7k6QwMzM1eWLyP9z60lK5kMQb2eej64b7agMkdrFx8NrrXyS2+Hf/+NWllcbSIw8P9vUvLS6s1JteQCCv1QYB3dLCjDU8P+eixPb1V6dPTEyf4GKx+Gw/P6XUc5G1NgIAwLAUAEXkjEKuIsIsAh6YjCASECIKA8H81PGRkjDzviPTfdVCrVyolOI0iWJrrTWE0s5c7jwiOebERkaEibzLZ48dqo5u3pf77Rv61g+XHj7SYsfS/Y9XCwMwd7PcS/cPgmf2bEAEBEItAa3aoZRSSimlLkRf/9ev9A0O1Pr6N27acnTy4PHjJ0aHh66+6qpOo14t9e/evXd8fHzixPw//fO/WAPGRq1OPru4MFgtLy/XAeDA/umsvXDrf3jRq37+5+677+51w4OtrFksFsfWj87MzFQqlcc59bfu0kwBSv2MsgByapAdARDh9D6AXphNACyCLAwMgvWFuWxlfsul2374wKFKMekrp9VyWqukSWTaHT+/1CjX+srDIyYtA2CeZca3pN2QVtMzkfczEwfKoxc/eJh3bKpNzTenZpfBMwCHdQfSC+3XRvmCwiIsAAinlcBTSimllFLqAvP+/+u/rDQbd9/zo0u3X5oWy6Njw/Mzs8ePH20sLR8//oNLt+0aX79148X0vbt/QhYbnbxaKIvIwnK9YMECWAu/8OpXv/pVLz9y8MCNN1y3/9G9kTGW6L57f+ycq9VqL3iM8/57apsppS50NneMBAa7i7dPdQescUavgIC4dufksSMvu+GyRw5OGYRaNa1W0r5yIYnN7EI9KRSuveGFDWc7rptPzsaxSNn0DdPyAs5Pe2aX+4Xjh8vrtx44sXLFxUPLzU59pYWr0/0fc3CfBQUQQBBAUADJas45pZRSSil14SHjh7dsvA5laXll/YZ1ZO2mDaM//tF9Irxr185yqW/vo4+grdz7o7ubHalWKyvLTQQpJanrtB3Au37tFyNj9+/dt2H96D0/vLdYTFncvkf27bh8V1IsTB6ferafn1LquYhe8db3YFLNnBcBPHsOwJnBfzc2nz154rLNI61WdnJ+uVpO+yqFgWqxWLCL9fbwUP+Lb762AymQSWKbxDaJoziykTVEFJX7i6ObS6VSmtiEuDV/cnapvVDv7NoyJKY7wz+ctduSNQ1CAKJupnlCRBREsEa7AJRSSiml1IVneWkeGkvetdNCtGfPg2BwaWnhqquuvO6Gazdt2nBy7qS11NdX9eIqFbu0vBLbFMCAkAdAgGKx9PrXv/Hy7TtHR0aHB0eGB0esSdeNbJw4dvJfv/bdTvt5WzZLKfXvQVded/Mf/OlfXXz1zc0s98IAoYgcAQICgnT/647PAwJA3m5n9aWtm4Z3H5gsF5NqqVAtpaVivFRvV0uFG1905XIHrbVpEqVJlMQ2iUwS2zjq1qIjmyZDm8rVcqkQmWwZhQ+cWCqm0YbhCndDfKBuZ4OgQLcpSEChIACuZqoPf7QLQCmllFJKXXiWlpZmpqcXFhZiG+3aufPogQPFYnF5eRmQOp1OX6X6gquv/vGPf5wkSbPphgb7vOdaqb+ZZTGRAGzdurWvUt0wvn7Hrite/cpXb7v4svF1Gx+6/5Ef3X1/pdj/3Tvuerafn1LqucgCQKFYftt//ON7vnftF//+r1g63fhfQnBNSAhIQkjdkXdaXprbsn5oanY5y/KR/nKxGJUKcSfzkbU7d1yMJmZ0adI9gYh4Fu/Z96rTg7DEcf/6ojvsWdqNeSgOHDixtG1938TMkjCTIUAgMCIsnhCRBBkBsdsHEA4MgMjwTJafW79+/eTk5DN3PqWUuqCE7Cyjo6PPdkOUUurpMj4+/uDufU/V0fY9/OjQyGhaKJ2cnjt4aKJUKs1NzQ4PD6Of7R8aO3jgGJiJ8fFxn/PYWP/8fNMLvOimmw7t3+s79Y1jfQ8/tHuoXLjn7jtXluZedMN1jUbjxpte/J//0385MTU9NT03NDD2VLVTKfV8cqq2/HW33Jam6ac++n93x/8JgcIAPISl9wAAIoiwtLB43bZL7t19JImjNLFpHMWRWVhuDfSVt24Zm1jyhcSGaJ9FhMWzOGJHHhBFJHQKuCjF4mDSOZl1mlAanFtujw0UxgdKx6fmDFoBABQUFEQgAmJk7M4GQEBEARRhIoiMFgVUSimllFIXnoHaKGc4vbQIZPY88vAVV1xx3333jY+N/tt379y27bKvfuUb68YvqtRGW82OOGk0O9svvWJ4eDiN4Etf/peX3nLN5s2b6vXlK3buyLPm9PT08YkTj+475Dys33gRmWRsbNOz/fyUUs9Fp7oAHrjn3z77sQ+eWWUPEYAASQAACAhajWYpJmNodqE+OlS11kSWnBNDZmxkMIojQSokAICh0oD34pkpjP8LMBOzGGJDaMsDrrkUuVaOCADHTtY3jlQmjs+s1gAkAAYEkF65AkBCJDqVHEDgGZ0GoJRSSiml1FPkI3/58WK5cuT45M0vvmX3Iw/v3XO40Wgsz7auesH1R49O/Nqb3nbg8IlOTtu2bZ9ffABheXp6Ok7MI3sfKkS09ZKLEPIH7r8PuJ01m1u3br3m6hccOXZipd5pNFr7Ht299eKVVzzbT1Ap9RxEAJB1Op/5Hx/+1Efeb7hjQkSNhEgAFHIArObmEwLMWvV1Q9Xp2WUAIEKDaIgcszE4PFTzgoXEpkmUxjaJbRzZODKRNdaSNWQNGSKi1fX8iD7tF+om9Du51C7GtlSImDMQDPMPBEWAEAmQIEwrgDV1AEPaAqWUUkoppS40u7Zfk7fMrTf93IF9x66+4nqUwtVXXN9XHTo5uTB5dDqmAondvGnrwszSynILgEZH1/3k/vva7SYLj40Obd9xCRneftmll27bOjw0sH/fo4tz89e+8JpqpW9mevaOO773bD8/pdRzkd330E++8um/bcxPF+KICJ34sMoeusn4TTfnHiKhAcAs6/QPlmYX6mFZfwjAnWcEKJeLhKaQdGNyz+KZHSIiiAizeOZe/B86AWyhEpnUdRwAMPN8vT1QLUw02jaKBRCQECxA3i1WEEJ/6dYIQCQR1myASimllFLqQtRXHq2Vlo4emi6k/XseOvjWt771nrvvStNkeur4po1bv/qVb23eetk9d/9kabE5t7hUiIuFQqHZXF5YnL3ppuuGhweW5k9cc83VA7ViKYmnTpy88gVXTE3Nf+9731ust97+9rcj2SdugVLqZ4/957/5M4OQxBbD9PtQG1BCXn46FWAjAKCAdFrNamnwwNGTAuC8d94ziyVkEUsURVGKBAAS4n+PCCggxgsR02pOwe4QPwCEaf7SLQa4uNKulaIjrmPjgggICKIIIXA38sduGQAAwDAbQCsCKKWUUkqpC9H8/JKhePtlFx89cTyJix//+P/YuH6DjXBkcCxN01tuuXV4dOPhf/nKwMAQALazbGFhrt1eajazV736lTOz0+tHB60rX7HjkmajMTI0vHnLpccmTtz0Ynd44sSB/Uc/9vH/+cp3//6z/RSVUs85NjYEAAIiIt2BfwEkBAx9AoBAACEjACCid66Qxu2OE5Hc+dyJ854IPEvufBKTIwsAnsV5j4gi4JmImHqBf0gwCCDhrCIiwAzM0upkg4VYvONQEbBbi1AAEQm7f1M3rcBq2cBn5boppZRSSin17/LuD/z1E+5z8+vf+fg75AARQA1gEaAyDBWAcYCbAN72f3zgKWqmUup5hViEhUMHgMDahfaIQIAE3WF2DFX5nMutpdx7AOhkrtPJW5mzhrLcLa80ksikcZRENrYmMsYYWjPyvxqsy9rgX1jC6YVF8szFFkE8iu+dE8EAUHfoH08/FADz6fkLlVJKKaWUUkopdS4EwiEiDxn/kHB1CwAIAAm7CfzCavwQiocVArnzK81Os5V5Bu/54JGpxGIcmSgykSVjyCBSt4ofhKn+IfjnNfG/iDCzZxb2CCzCwAyCSIRoQhtwdXYCADALM/ceC46f1QuolFJKKaWUUkpdGGx3PB27g/3UTQVIIAQYSgIIAgkKggCgjSLnOBQOyB03mnm92Wm02oU0OTxx8uTMfGVwFJAMkSHuDdiLnAr+Q+juefWPF8/CLMA+IpN1cmEnJAgEwATICCIEQIjCzMIhEWGYRwAC2gWglFJKKaWUUuo5yjn/dBzWWvNkHtVN+Yfdr566S++70Xu4XRCBEFFAbGQarU6pmKw02yLSbHeWVtrlYjIyEAPIN773kzf88m0ZJBhW7IOIQG/MP4T6IewPKY7ifwAAIABJREFUI//sOXQKMAuwKyXxSr0F4skk4H33zAiCIAggwCws0s1SALJauEAppZRSSqlnwkBf6dluglJKPXl2Nct+jwAAheR/QKfuExRAQYjT0uJys1YpTM0uAUA7cwsrrVIhSmI73F86OnHyu3fed8uLr28zhjF/zxwife/Zr26wsAgQgjFoEAjBkiDCUDU5cHhWwJCgIIa+CABC9Ks1BAQAAMN6BBTRigBKKaWUUkoppZ67ntxw/dOEern6wt9ECICCcqpwHwIgCnbn28dp+eT8yuhgtXeIZjubXWzMLTYWllvlUvLAngPf+Nad7DLnxXvxnr1n59kxO8/sBQAI0SCYbnwPhGDAl2KoFuP5hZUoKgJKyEQoIKFEoaB0KxP2OiyAwj+e+aumlFJKKaWUUkpdcIgQich0OwJWo35EQEEABhEIcTgKAgAWiunk9GK1XCimcTiEc35xpXVyvj4zX59bbFpDxyamPv/5r584ftx55zznjp1j7zmUHUCQ7gR/BArxPIhF3jRSmTw5712GhRIgADIIS0hTgEBI0E1ZgADdaoEgAFoRQCmllFJKKaWUOg+WiFYX/ENIr7eae58EECHc3Z157/MWIcdpevj47CWbRx7YOxGOkuV+brEhIrnnLPd9lZQZ7rvnvmKlMjQymtT6PTOzYKg8CECnqvwBgBjgNMaxgdIP7j2KgIjEPkeygAYBAFiAQi2CNaP+3TqGLNoFoJRSSimllFJKPTHbC/8BVnsBIFQFwDADP9xMYNg79o59XiwX9h6e/rmbdhw7Mb+w3AwHyp2fXWjkznc6eatTqJQ6pTRpdfKlhcUoSqJSJanUoqQIElL7SbcGAYMwW3E7Ng4cnjjZbLbAJuxzQDREGOoIdqsQIgCYUJ5QgIVDgYE8z5+VC6eUUkoppZRSSl1YbK+onkAYow+dAGGsvbsEgIRAQISFRbwvJFHd4P2PTLzoBRffcc++ZjsLR/DM80vNdidvtPNqqVMqRIU0KaQ2sW1br9PJaUQ0SSkqlm1aJEBm8czg3faN/e1288jEtGNmMiQeWJClu1pAAIBDNwWGUoHQKzDoIX9a6isopZRSSimllFLPM9Yzw2phvVDAD0HWLLUHABBkRFrtJQBELJcKE9ML1XL6H67dduePD6w02r0jNtt5s720uBKVCkmpEFUKaZpGsbVkQgm/uneTuReMEluopOXy5Ztqeaf14N5j7XbHAwkzdRcjAAABeFgzIQEBRBgYep0VmgxQKaWUUkoppZQ6H5ZFumP+IiIgzAAAggKMEHXDfiQBDhUDQAiBkjiqVeI9+0+IwMtu2P7gvuOHjs/KmmX5rXbe7rh6wy6nnSS2aRLZkHUQEAkAwPvmUH++YTianFg5PLXQWlnKvBcwxhokRCIkI8yhNICAByHoNjIIhQsAo+dQfQWllFJKKaWUUuo5y4YB925Svd4igFAQQAAAYTWwR4rIsvEOJCbgUqkEIvsOT88urLzw8s3bNo88cmjq+PSC892VBYQICM4z5l4EImuMISI0iEMDlQ2j/bE19z9y7PDkXJqY2JJQZKLImIgoJmMBsZujgEOVQgBEFuFuIwGByEAU2WflwimllFJKKaWUUhcWK9zLAQgAq/E+gqAgiAgjIQgDE5CgjUi8oFgUFCiVJIlarU7rX3+wZ8No/9ZNI1fv2DS7sDK7WK83Os1OhgIsYg1FkamW0ko5HeorD9bKnSw/dHzu0MRM7qWQWkMgJjY2NlFMNqY4JrIiDBiaw4IsIADiWSITMgMiIjAA2ejZuXJKKaWUUkoppdQFxXbD/9XIv7sKnwWJINQIZAYiQAHxCGiiGMIYPBIQkjHGdiLbqTebdz942Hs/NlwbqJXWDVZr5UKxEBMhESFgO8sbzc7MQn3P/hMLy02MTBJhEgkTkk2NjU2UkI1NnJKxIS0BMIOEmQAUtgEQEFfTAgCK9IoEKqWUUkoppZRS6nF0Z9GHcXUAWQ2oUcCjmJB8H8CvRtqISCZKyUSYExKxicjGJkq8zyOb5Zk0s3ZjOm+1s3qzYwgNYRJHICKAcRoZExFyqWRBWNCATWObkI3IJCaOTZSIYEj4J+JYWDgsT5AQ8qMhIEJAEWBhZsm1IoBSSimllFJKKXUeLCDQ6oR7gG46AAzlAUEQWYCABdABGgAvAIiEiDYumqjAeZt97l1ufc7s4tQxe0FfLppyoSDCyEgG0BhC6ib2Q4MYk7FoLJmITGTihIwVQWEQ9gAC4plXVwGIAHsUCKcGQBYREWZhFsjzZ+/qKaWUUkoppZRSFwzbzbmH3Sp7LIJ5E40VcQIAzAgCZIBBMNTnAwEvIa0/ItrE2IRiFu/YO2HH7EFYPIuEvIDd2B0IQ6J/JEKyRCH+NyHjIDsGkG5dQkBkARBgLywCCIBoLPqmCHSTF3T7AERWsw8qpZRSSimllFLqcaym0w9hNQAh4vKRqDCa1RfArE4BEBDE7lqAbvDvu1UDAAAAAZAMkQFIwuFEJKQWFJHu0n1EAKQzlu4zd0/ebQSEjoPwcBEW6PYMRIUyLh8BFiEG6dUuQGu0IoBSSimllFJKKfXE7JpqAAAAiCC7/yG56X8HhLzVEPEAIAKIAoIAIOLDTABYzSH4hES66woAgOHM7H1yjsPgan1CAQAkE5UqSVrAn/wDhC4CBAg5AQVsbH7a56yUUkoppZRSSv0MsgCn4nkEMGSi5onszvenu96S9G/GqHQqQn8yqfefOF//uboATjuCuDosHYEffdJmM2hNqAiAiAIAwkD0JJqllFJKKaWUUkr9rLFhEkC3yB4gEcSRwfZU598+4EJugN6+iGHufxiAB4Awhb87J6D7P3YPtCr0AuBqyYHwKBEIk/yZZXVSf3dgH6H7NRydWQDBEiXWxrExREgECCwgwp4FWCsCKKWUUkoppZRST8zi2nF6ARAwiGjJ0KkyAeuK1W394+ViyRprDBERkSVjyJAhMmQw3GqMMYaMITQQ/iYDAMJePItnFmbvvPfsPTNz2PIctoUdM3tm71291TywNDXVWGIBECRCIjRIAqFXIPQOsIi0Mu0CUEoppZRSSimlnphFwF4qvkAAEDEyCAi1qPTyi64Um+ZIdhVZS9Yaa8hGZCxZY61Fa8kYNIZs6B0wIXAHAGFmZgmRv3O9De8cO8/escvZOXbeexcUSm58YJxc55uHH1jK292GyWotgG6KQGEW57QigFJKKaWUUkop9cTsqVT8ANBNtAdh5r4I7BoYR7CZc1EUWwCLEEVRZcvm0WuuLY6O2kIBe3uvfl27sRYi9lIPymqxgPBPZs5WVupHDk/e+6P6iePoAAFy7xKwO/vH7pw+SL2V/92chCAAKIAApD0ASimllFJKKaXUebBrgv8wIaBbuw8APPOWcv98uxNHEZIjgPKWLTvf+tah0dEz6gicYTULwKlQ/5ydAqcZHIQtW7bd+pJjDz2055OfbMzOkONGnm8u939vig1RN5eAIIAIIoWjilgtCKCUUkoppZRSSp0HuzaUx95/AADAIkWy874tICACMQ694hV9Q0Nzc3Nro/qwJr9UKpn5+cbXvpYdOcKdDjgHABRFplIp3Xxz4frrJU29973egeCMeQGIuGHnzpmXvrTxyU+Ky8H7UpIKSOiSAOnOLwiTAJgFAbUggFJKKaWUUkopdT4snqoGILA61A6AArC5UFtpNDl3bEmAqVZO0jTLMudceHDI6FeMY7zjjpOf/SwS9f3Kr1R++7cX2u1Guw1EfdXqQKHgp6ez3bvt2Fg0NtZx7rF6AXrb0eiouA7njp1fFt5c6juR1QEBkaRbvABFAImBxWgXgFJKKaWUUkopdR5CRYBeHoBeB4CwyEVxZbne8CImsuyF+gbSNM3zHABEJHQElCYnlz70IbB2w5/92aFGY+/iYjI/nyQJxjEALLVatlgsjo3RwYPu2DFTq1Ga5nlujIFzpQwQEWZOk8QWy+2T0z53Kx3cEpUn2nUiDPMEuosBQhFCBACtCKCUUkoppZRSSj0xC8AAp8L/0BkgAJ5lDJPjKyuJtc4bEzP2DxSKxTzPw+B/nufxwYMLH/lIYdeu0u/8zo+OHSsWi0NDQ0mS9CL8YrHove+020mWSb0unY4kifceAGh1Bv8ZaQWYuVAo4NCwP3qEc7/o3HilmHuJQuUClNALAAIIIiBeZwEopZRSSimllFLnwcpqjv1TPQBhcF4kyb3vtJ2zxpEXkL6+Urm8sLDAzJ1OJ4ljuPNObjYH3/nOB6emKpVKuVyO4xgRQ3ifpikACHOytNR+5JF0xw7o72/V6yJCRGfP/w+cc+VqFYaGfKuZO3beJ2kingWRQ9tQTs0eeLykhEoppZRSSiml1AUg953cd7zkBqPIJJFJnqYTURhYF0ARkNWYWgQuiSv1PCdAFBHP7L3r74+iKCwByLJMFhcbd90Vb9qEQ0Pe+yRJrLVhnT8zW2u998656P77G1/8YrxlS/FFL2q2251OR1bxqrDtvXd5Hv34x5Uoyvv7xTOKEEA9z7dFJfYMIhBaCYiAoa3CWhVQKaWUUkoppdSFKvedlqs7zkXAcd5y9dx3nqZz2dX8+nDqfwAW2RyV6q0cAQnQAFKpXK1W8zw/Ve2vVrNjY0u3377xIx8ZGRnJ8zxE8iJijEERuO++9h13uP7+wbe+FYeH5xYWGo1GmqbGGEQ8YxaAz3Nz+HBh925qNvOREapUevkJ6nm2KSnuz+sWTbdooYQ+gJDA0D5Nl0YppZRSSimllHq65b5z2gx3gdx3nqaJAKfiZ4RTCfoEYNwUj+RLhogQAAnWjVRqNe89ERljrLVT09M73v/+Y/fdt/81rxn92MdOEjWbTWttYWkJf/Sj5qOPFnbuHH73u6P161cajfmJCSJK0zSKorXxv4j4et3ef3988KBptQBAiPj48VKhsDAyaqZPMGEjzy8q9yECYYj9w0qF7uSFsI5BKaWUUkoppZS6EHnJn/CWp8qaIXTs9gIAQBEpAoAw/o9E1sDgcF9fn3MOEa21oTTAvsnJTZ/6VPb3f3/s1a8uvOQltHEj79+PF11UvvXWwhvfKMXi4tLS0uHDIpKmaRzH1tqQBYCbTT5+XI4exclJMzUFzoG1QsTGQLmMzlUqFT88hNNTBsADWsACGgdAIACI0u0KAEEG8zRdGqWUUkoppZRS6ulmMHKnx/wGo6fpXBYAkaA3AQARWWRrUmnm3hASgSFARB7oGxgcDLMAACD0AmRZdmhhYfyVr6wuLS19/evAXLruumh4mJvNkz/5yWKjQcZEcRxbi3nuGo18eRkWFmBmBqenKcvIGDLGGyPGYK1mNm+2l1/O27f7KOo/dlQGhywBCBjAZp5fnJT3uhUiQkQEYIGQvdCDzgJQSimllFLqOersQuBKqfOQL0Pzp3rAL7/+18645fCB/WfvZqkX+kN3IgALbDSFZssZJANIgEjYrtRqtdrc3Bwzs/fcatHMTP8DD+Ddd5tNm6q/8zsjH/iAONe+777G175W//73ud2Os0yc86EGoAgAIJGxluLYpCkmicQxjY3Fu3bZK6/0Q0Pz9fri4iIfP14oFEZHx1x/fwIIgIzSyP3GtPiIqxMCgGCoXtDNXqg/U5RSSimllHouQsRGo/Fst0Kpn1GlUunIoQNn3GgdCxEYDPn1AABAYNSkR1ydEJCAELlcqvb353numk1/9Gg0O9u3fn20eXNz48bF226bWlk5vLJCDzwQxzHWavimN6VRVEnTcpJYEQIwROK9ZBk756Oow5x5n3nfYXaILALNpjl+3FpbLBajKIrjuFAolIaGqFCQdosYms5tthWA0EkhIKv1AAAA6Jm7hADj4+PP5OmUUkoppZS6QGn8r9Szq76yUq5Ujh4+uPZG+4o3/y/f+NwnO63l2BhCEIEBEwGLgCAQASKR7xvo7+/Pmk0Skc2bWxs3LrTb+dyciIQkf9VqNY7jUA7QOee9X+p0FlqtUPMPAEKxQBHBLKPAGIqi1JiQXNCsQsRw/9Dw8Ez/gDlxgkEYGFn6bdzAHAUABAFwbQ2DZ8TaKgZK/XvkeR5FT9fynuca1sqdSqnnqbA68mcKM2dZlqbp2hvbzXqaplmex0nSabVa7VaSJESGCNvttjU2iqIwK7TVahUKhTzPEQGRnHMgwOyZhQiNMYCACGQMe++cI2OEudY//NO2U/L6YiuqFrKlZtxXS87/+yT5ysITPaQ3IHQ+O5/PPk8FzjreJtG5ztK7q7uBeX2xFdWq3SY9FS18pp6lUuqpYK+47uYrrrv5n//2o/t+9P00NgCwKSo0nSMEQ2gIESmv1oaGhz0iJwl7bxBLpRIAGGNCuG6t7S3yERER8d7LGuEuXCM8MNzY21h7kJGRkWPVWnV6igGYsen8ZlPY7TLEUMQQCZABrFYEUOq57WfwI7JSSv1sQaw3mmmaCDMiGmOJTJImeZYZYzwzZxkRZVnGIsYYZu+9F2FDxCzGWEQPiALCnqPIIoBnBkT2vlAoPJkWReX+CCTPnvLn+hzFeavly3F0jrGx3l3S3aCo3P+zMgyhlDoHCwCFYukt7/mje75/zZc/+Vfo8/Vp2u54QiQAAkSDWbU8MjJCRHEc9x7ZzR6AGFL09W4JAb+1p2oNrB0878X5a/OCnJ0jhJnXjY62K+U+QAIgxHbuxgvpQ/kiEKIAACAIPcPTAJRSSiml1Omc82masrAlEkRjjI0se0bEYqlUX16x1sZx7J0DkUaj0WlnAkAIxUKBvQdEZjEGiSjPczIUegrCbFPn/WPVxZZ8ZaGBiRXvnDdpwfjcOedNsVaJ/cpCM64Vw36+XV9peUARsMVKJaF8ZaFBiQ1dEVGpWorP6qyWvLFUl2KtHBNnjZVGJogCplAup3btZ0/Om8tt5z1jUq6WIr+80Ez6awmC5MsLzaSvSudug4HHOKy4+mLD1mopcWdpoY6VgWqMvrW4LOW+lJvnbIlv1xu5g5U6VcpRvvZEZZuHu1Ykgk7Yp5zky61zDNmfesp4ziuGMTpOKtV0tRqX+NbKctsTGWO6H/Y5a9abmQAImKRcfjLdN0qpp9upQP26F7+skKaf+es/XWcLx5oNgybUAkCkRqE0sm5dq9Uypvuen5mZCYF9bwz/DGdH9Y+fCxQRh4aGev9k5tGxsZVicQyRSCz//+y9a7RdxXXn+5+zqtZa+3EekpAlMA8BxshgHrZxjEPj0HFujJ3Ehvg6Jk4nxp2km4xODyu5497gb9xPZow77ojdnU7ITecGO925kMQBv+U32E7AbzA2D9sE8ZQQCJ3X3nutVVVz3g9r7/PcRzoSMhKmfkPjaJ+1VlXNtfbZtWvOmg8uJZ7GnQi1RMRABEhJQUg+xolEIpFIJBLHjbwojDGGTIwSvG+1WiCKwVvrJIp1TlR8CKJKxFVZWssAYhQfgqpaYwCIKEiYmYmJyfugUHOYMEyCaNaZcKjnnpv3E5sn2vDzB/u1ZMtrRmtU256ayFhjf2ZuELIOCCKuPdFhrecODnwrW6UOx3J+IRaTExlD696Cz6amW4aknptZKN10a6l3FXFTU13Wev5gryym19tdXyuDrNMtmdzKIGjholdr1UfNOHh1Lfa9ufGSmLxdDAQT3cJoXS8fKE53mlMTbY5UCya6BYdxxcaX3TJk3BOL4jZNL39O4nsDbU1vKlhD72CpgPpez2dT0wVD/cLMQpmNGej5I/XM/oO85WWT7qe5EfjCjJJIHA+WTAD3ffuu2/76v7zctVUUUKYmSovrdmti06ZG+W/28L33/f669QmOruwHM09PTy/3HXDOTWzeUrfbttcTUhWI4GWmdVAqJoC08SVwqcpIIpFIJBKJxPGjrmvX6cQQjDUAiFlFiBlQZvK+VoVzGQARcZmDKhTKUBFmE2NstpSsMSKigGG21ooKEVl7KJ91Ms4QoMxsrCFAiWm11YAMS29+dtAIYBtnUnaWmxe02sgg1cJs4IlNhSFAYwjkWkwA2GYsddSWoaW+M8cAyDrWOup6wq6RYf1uyWRG6qhcR1PkWnpRW0dbGPGHkmTdm93ISnnFLY9/YjDDJzZCxUeylpq3wXIAog8xhLmZEmiMN8dyo05mvvv/3fy9M37rvZe1f/SJ//mNV/3u+14//VPUAnTwQoySeCmzsLDw/e9/P4QAYMuWLeeff/4LNrQF4KvqE3/319//+ucyy2cUm8sQmMA0TL4/6Exs2bpVRBZ1eyLavHnzxsdY9PyfnJzcuIEgxnjyyScfbLcnez0iMGEQwqmmdSBUTAQGRIlAa6a+RCKRSCQSicQLRpPymU2jUpPEGEViDLWqYaMKw6yqEiNAxtgYA1QNG2NNoyeqKhHV3gMQEVUjIlFiq9W21hxm+CU5xh+War4XW9NTOUPKmZlxO+ArUBHOuR5U0RXjxj78ynOt3r0BGZZasMtoUHsfKGs5LXveSzSZIaxuNkaSeIQ3OxR45S2P7YSwoUW8ySemuouhErp3fmMSbABqnXLea8OWrkkewImfDbrd7imnnPLwww/HGPfs2TMYDC655JINtvXef/rTn7766qsXHfO/+tWvvulNb9pg9nr74x/e8/l//Gj/4P527oLoKaYY1LH5kBPIKA9c/orp6RgjMy/G+U9MTDTtD6vSL7/gsFnBllsZ6rreNr1pf5YzoCACyhhPdq3v+NlmXmmyChhOWfoTiUQikUgkjhtNaWkoqTavKYbAzAKx1ljb8d6rKBsbY2DmsvSGjTE8zBlNpKIiYqwViSKiqs3mU11VwXN3oji8EOuiKkpsCNBQVfHweaTJttpdZ+dmFgZusmWMtdr3otaQhFpMxst70FgHKTLW4IWdITBUtDkRF9eoY2Q4VLfsHObLitwEs1rplUJZi4kO0YQAhUKx9maHp5a9OMwt88aeGLFlLYPCkoY6iOYwzupCFdVa0jDoe9c+3MM+Aijf/po3bQegqchg4meFM8888/TTT//617/earWeeeaZXq/XJN0/LJ/5zGc++tGPPvbYY+9///sBfPjDH/7yl78M4PLLL99Ic/uJv/6/DSN3BqqicRsXj4eFxWkkWpcv9PY99KN9r3zltu3bF2fkDcb/j+WwSQGaC/Y++eS/3ntvPjcfR6fKEE+jjqgqmAhgQNWkZOOJRCKRSCQSxxeFirBhYJi0mYicsarauLlmeTYYDAhkrWU2AFSxvGgUG67rqikU3VSVttYR0fNO/Ewmb5m5uZkZY2zeapn5hV7dPuwGEhfdjp+ZH7ipdtbp+vm5mYpIYdoT+QrPADLse7ODKEJ5tzCEoqD5+Vlv2PDycIE1MvipTtet1y1nTvpV3mYQMhNmQ7vDANaXhNg5zM3N6USnZeZXDjSZN6cmJ7LhNeOT9C3dcmtjT4yzTquanzlYGmOtZVKQ63Sz+fmZGSIFF91i/feufuLLt3zi3r1zlSLf+qrXnCX/+v0f7R/w5Fn/5h3vuPTlOUHm77/9o5/+0XxEvvX8N1/91gs3hwf/53/7+jn//n2vH5NhQP1zP/zSp77y/ad6Atfdfv5bf+MtZ7dRH7jvi5/8yvf3DezkGZf88q9e/ooJAx17cG3zs5Z1Xu+/5/Of+foD+3pmy87L3/7WS7bltHzoAz/44qfvuO+pnuQnX/ae91y+zY4Z4rD3m3iJ8c1vfrPb7Z5zzjlzc3Oqmud5nueDwWCDJoCrr766ruvbbrutida/++673/Oe9xyBF0AT1kOqEXqG63qNArVEAARqiIqDMz/57Ocee2b/5W95y6vOO29ycvKnWuJLRGZmZu757ne/eeed/pvf3iGiCkCJEFW9yOm2s08Hlho7piJZABKJRCKRSCSOK0QkgIgQyBjTarX6vR6zaZziVbWuawVEdLQVRKICEDOLCDehBGzYMBP7EJgNCMzsx+aua7pw3U1TzSvb3TQ9fNVpXk1sngKQb54CgMlNi34ExZY2AOT5Uh/TK/psGgKcT2xuLqKsM5WNW5aTm9g8veqYbU9tGu19N20m1pMB63QLkO1sPml4yk1sWUyYzetJAnLdTVuGDdYMlI1OLV6zOVvedO0tF+s/sRVitiY3rbInrCvhKmRh7zN80W/+wRumFu7/7C1fuv+8t19z3an85B23fPrzP3jVe183zdw+403v/g9Xdvng9z956xe/dO45/+vp6/dWP3nHLZ955Iy3/fbbd7QX7v37W340GxT1U3fe+rknzv6V9119sv/JV/7p9ts6v/tbr+/sHXtwTPPFugf141/+hy89fd7Vv/vO6f3/8g+f/MQ3d7zv8q12aeg7b939+Jlv++23n1b4AU1Z1E+OGaJ1uPvdwDNL/CyRZdkjjzzyk5/8xDnX7XabLfbGYLoRROTd7343M3/yk58E8M53vvNd73qXyEaDZKxAABAQRU91eRliE7gPkAJBCKLdmdlHPvHpj37jW8VJWzjPlI59LT5d/E9Vq2rwzDPtZw+cVrSlaDUhCSBAtQzxVJM/FQZKRAShpaaJRCKRSCQSiRce06jx3LhyUlWVo5fwPhBxDFGMEGAMz88viCozhRAax04imCwjIhGRSGiy+hEFH0xuDG84F0DiRYbtTnQ7U1MXvPaUr32l+7ItU5O2dfGZ+e175wKmM5hOUyysfeHrTv76Vw8MZH0TQL33u/dXZ73tzeefXJC6qWZPvd773furs3/1ivO25cBrfuny+/6fbz80e8HJ6x1c3XwRv++eB+uz3/HzZ2/OMf3GS7f+4LuP9S7bOsWLQ/+wesWv/eL5J+cAJgHUj44Z4rUXH/Z+Ey8tdu7cOT8/H2M0xjQ1UK21P/jBD8qy3LFjx0Z6UNWyLNvtNoCyLDe4/99gVYdKtKhuN0VZRUWTGVVhsmb7fSrLzzWmml/wcwvWsmn8msYMs9Fcf7r4Y1VrhY8qIVriojOZGyYAxmmsVQmgMsTttmiyHujQPWDjN5tIJBKJRCKRONYQCJAmbxS0yIu6qkCodeoDAAAgAElEQVTU1JOO0QPEhmMtwYehe6csrVdFNEZxzlpr2BhVZWId5ZCKMR5i5MTPAJy3TKy9AuCs7WRWFND62Xu/8Ol/fmjvfG0s4uTph1BvNPbmfOu0abtCK4j9ed86ddIMx9g0ZcuDvXpq3MHJMc2XOl+YK6snbv3TG0dHNp1VC4Z+yNqMMrGsTOS4cfvLN2fH3m/ipUZRFJdddtnTTz994MCBoiiee+45ZrbW/vCHP/Ten3POOYduTkR/9md/9q1vfevqq68GcNttt83MzPzhH/7hRgMBhvq/qANPsduvFQgCsAJsVISIM1LLruMsMRfOWm68AJalIFnzkVGFjxKjRBGArGFrya6JIFgUctEo4KNUPqooj3KWKBmAmk9Orfoytply40im0JA+NInEic3ep58FgZhBBAKrRh+HNkACWwtWZhJRIjCzxBiDEBGxFi3uFNYiqkKBWoSIHLOqRhEiI0J5ttoLM5FIJBIvJM0GfrOppKJQDSGoqnPOe2+MJVC/P2jqAjSLSBktAZuEgFFizlmUSCBmAhBjZGPWyz+V+NmC1ryUhQc/+8VHT776995z1kT40a03ffWQzbndMeVsT7B12VHTnrCDA3MRWy0g1cHZUGzvZOMOunHNFzs3nW7RvuDXr/uV08fs1JNpd83g4ELT4fDI2iHajIVD3m/ipQgzn3LKKaeeeqqqNgUCsywjoh//+Mezs7OHrg5wyy23/PM///M73/nOxgQQQvjYxz529tlnX3nllRsaWhWqEEUX9rGqP+GMBRE0AqKsqqIqqqRgGEtcWGuZLbNhWvzHRExkiAwxFFUt/TJ6ryJEMASOEVWlvUEMUZsrh01GPVimptvCWkPMaKqJNoliWAEGLNGEM0/4QYe4kUoVMaTCIInEiQ0RgSGqUTTIss+sAqRRJIhEgapEDT6qUrPmE8FgEAdlDEJNdBMTESBRhntEKqppBkgkEonjjSIEb41RiVnmVLXVahnDzllnbZHnxDTR7fgQFCDm5XpPUz8vRgkxAqjrynsfJTaBBDHGjQfHJn6mUFEVidGvXeqzddrb90yvnv3hZ//hMz+Yidm2V+/Qh7789R8fmJ/b/+jjTS7xbPtrzsse/tKdD+yfPfjE9774tWe3XnTuVDH24Ljmi6Pw9otfQQ9+8esP7JtZWJh99qn9fQHiaGi3/aJXmh994Ss/fGpmYf65ffv7MnbcFM2SGIuqxhhFpNPpXHjhhcYY59zk5OSzzz579913H6Lh29/+9t///d9v4v9F5F3vetcf//Efb1D/B2CbwiVQPBf9D3X+nGziZVnmiJksTKYqwwKBRADYmG5ul1qvMVxFQVnHzCocdQuzUMZmo985tkSDOgJwzIXjFY4DK3fyM+GRgg+FEjFZFQSv+rT6H/v5WXgQK1RVw5GEPSQSieOCLkYcAcPkHqSqBBVVIsNErCJNLihAiEkBJiOiCz0PmHZOUSJATCQiIFLSpoTI8byxRCKRSADQyARAY4ghhsxlxGBiAqwxIpEJIhKjcONESsRsiCg0qf6IoOrrmpiNMU1qQADOmLIsrUna00sQ7u78pX/zo0994i8/5AHOp84+b8lNn/LTf+7Czic+/flzr97yxONPFqXQ9Nlv+fU3fmr3p/7qm1U+NRXRcUzIT73i3b/8hU99/v/9i4GZ3HHJO65+3WYDjDlIGNN8cZTH/uDXf/ld//bzu7/w0W/2BflJr33n7/zy6Vw+Mxr6jF969y994TNf/NubBmqmz//19/7q2ePGLY/n00yc+Khqp9O54IIL7rvvPgDtdvvQDlCtVuvNb37zYv4/EXn961+/8XQA9K5LzyKQAlE1RljAglVITvu3CzoZQ82GiSwbY6x51Vnb33rpWYsxAKvjAUDf3zP/tftnVdRaEoWE0bqfiA0ZQhB0cvO2S7a8bMoNbxhLRUoVUMU/3vHgY489G2MQDRrF2GyS57O9dxJpZESGMWAiVYiI2X7OF7/+3Q0/3kTihMB775w73lK8QOzdfwCN7t44fCqMZWYKdVCRpnIUCMaYYd1iJokCUWImoqihyKnbZtXIYCYOMSpRFGEigsmzTcf7FhOJROKlgojUdV0UxfKDg968quR5Udc1M7ExxrBEiTE0Cr+IqmJ2bgFAt9sJIda1b/Z7aGgSBgDnLBGMMczsfe2cI6IQw9T0SWNESbwY2Lt3b6/X+6kPo37+4AKKdkaD/fft/qd7tl/z76/YZg/f7tg0TySOEUTU6/Xuv//+drt9xhlnbLBA4KFRke7ExGN7/pWIiJiInnriMYuRAm6I2JBCPVAh+jPffPDJn1DHsTHEzhhrrTnjda/eftGZi/UAmml9ySYHzJ7U/4l79tnZ6vzTJ37u3OmylvkyEjDZts7QvY/M3fPw3Jmndk+5aMtJkyMTwDD3YPMLFDh1pn1f76FYexUvMWrw8vJLJp7+cmYZDAtmbnwLhJBqAiYSJz7UrPCU1FgjMQIKYjJNxA81lZMX7ZYaBarEACmIWDlEjZEyuyJRDxOYaFxe0kQikUi8oKiKMYYIxCNHLRFVFZEQQpY11eS01crLsoIiz/OyLJlZVVWVmaDqMuesFYnMFGMw1uZ5HmOwrjjM8IlEOPC9T936jacGEdzetvOyt//8y45IgX+ezROJY0TjC/CGN7xBR/yUBhr9gSsAZSKABXBbXuGNs0XXWEfGElvDrEw7X3FquzuBkfKPxVCA0cL8tTsnW+3uXQ88d3AQ7nxgcOb21lQnJ9C+ef/EM4P5Ab/uVSdffv7m7ZvzYRqYZT8W7/G8V5y6+xuPOc5VgsYQg1eT0aazaOHRxs1s6FM8bPZTejKJROIYIQImgIBmUQgRFQlQ6NAFgFVluElErKJsyFiOUVQEiljLQpSpqcxZaBTLpCAZZgY4rBlQfb+cqxUwE1N51kxWEmbm6mjzzV1zNIEEG2kufmbOL09jTWzyVtZ2RM9z9CW0nB/0InenivwoOpIwO1cHk22asIe3pYrv973rtN0xDryQut8PWae93LyjcX6uqlfO7bbVWl2m6QUnDAazFfJuq7u4NBQ/MxfbU0X2PN/IMOhVpt3JjsaoLWFmLrQmi3wDjWMdxNlj/SYmEijLsmgVRgwTqTHWWpGoUQA0O/mqGkIEoIpev2+MASAijc8/MzcBokTDUABjWBUikY1JOV8Sh8dtf9PvvP9Nx6t5InHsaLID/LRHsTR0Amj0eQURRGXbJaHfY2PBTY4/A+aqLHecsrlJybHCEWCl2DtP65798s7DT/Ue3td7Zq5+ZH+fmSZa9rRtrVee0j3tpJZA65V5/JtQgUUjwFmnbqkqX+QZqSopGw2DXtj6Wjv/CCk1kQdNqkBRcLIBJBInOqo6rPo5jPgUHfkPKaBLJgIAKsYYkEoUJo4iRARlX/u6js6wqhCxqCqUlA5vH1UpvTZJTkuv2fPU1Y4UMu3CEKASqyqWvYoni9YLKsH6kGl3cqUTNNd21m1PnFCbMBoHHnlGvopqn6ftZg30gmS1UCnLwMa6FFidONZ0Ou2mKECUmGU5ERk2UDAzj1I8O5eBaDCoVDWEwMwiMqoL0ExFKioEFWmSBpKIQGLK+ZJIJBLHFsvECh2W31MQqQCy+fx6bo6aZP+GG/Pt1um2D7LkALDMcrCcZtvrzG2t806fcIac5aZAYO1l4OPAr7Fq6DIHYADQzNlOYaIqDJEy1NRlL2y+ID78MbP88mUBBIlE4kRmuH4jGiX6BDXxPIsLOyZmbgqQgAFQ9JG5SRlFAlI1Marq0PZI1JQzwWFNABpCrcjaGQ2qqo6Srd7xFl/P9gKyfKpttK4XyhAEIM6KrJszQUNV98oYFAC53HVadqhAqdaDsleJgvN23h1rXGCT582IxspgzmtcqiU8pnlcK4D4mTkvLivUD8RMTWTk6/lBiEoms264eJaFubLibNOE5WZvH9SebLVYfW8w5013Krd+Tc8a+72xXgDiy7IOCqiSyYoiGym8Gsp+HURBJm+1HAMSqqryUQGwzfI8MyR1vx+tg/eatdtW67L0ESCQyYrcMUGlLgd1BDEby0cyi4v3C4PQ2JBtnnULw+Jn5mOeYVCjPVFk4hf6Tc5xyvKsk1M5P6iy1nTjQaBxYa7WTjFhScKqK5lWdlWsfighkJssIPO+FrN2y31d2Qr2tYioWjfZtoYwZmhq9kDXffJDop9ZiFlO3quKwrmJ0V+j+Hq2ikGUXTYcZbU8XPeqUhQLg9AqJjIaI/ARvBWJxAqqumLiZgc/SpAozOycUxUm9j4wmyhSliUAEKAQERql/YtBoJplrsgz730TIEBEbLjxFDjOt5dIJBI/W9goQqO02goIIPnmmE2rHGSTgZlgiE1d1aeftaWOzUQ8WrLRWi+AIR6oQr38yCGWeat0eRE969TND+x5zhmrLFDWWIdsSvNNGmZoRTul5AWQSJzgECmIRo4+zKYp88PG0DCWR1VUFBKlKQPCRASWIDCkZAACN9MUNRr0yBBw2HWh1lUE2cIZilRVoRa7TLVTjX6+F8Rm0y3DEmb7IbCd6JowqAaDqm9bHYT5QVSXTeaswS+Uvm/McHc6+tLYdkGDMlb9OnP5GCOANttZgMYqAGC3OPra5hoW1gpABEC995ntZIYlzPdDJNPuWBP9ggyfcGZQhRjVksQIELQO2srUR8AYK2N7XueRhaqKptXJDUFDVYaopnHTlyB5q1OQhkGvrKJtcaxKT0Wna0lj1R9UwbYdCIiBWu2uIfWDvqei1bUM8YP+oOZOTr6sxbY6uSENZT9suCiyhPleMJ1isyNImJ+ve6aYMASVmopNU0wS5nqBWsXmjFTC/HzVN0Ur40EdY24NoDHUMBOGIGFh9ZWtDi/raswfktgiM4yW9b1a84I2KptmkxNMGufn6n40ExzHDG2zVgENg3We/AgCVGoUUxNMKr35csGbKQtAKnGTkxlLnJsfjjJGnk5WzdZZt9Uy6wicIgQSR8vExISq+toba4nIMItIjFFVfPTGWsPGqK1rD4IqGq1+MQsgCHme53keQnDOxVEVwOC9KvQE9VVKJBKJFyv2Lf/uP33+H/+27s1YY0GIInLyJb5cIDLETGRARCBVzZydneufsnWS1tH8afVSZS1L6vpYzb2xBTzx9Gy7yBCFLDFZ5aBifLkQtr7OPvkFw0RD2wMxyKR9i0TiBGfoYgQQDXOIELRR+EfWx6WUJ0QQCIRAxKSKGIRIiWAtL84rBFII6JDGRQASywByhlVhDVeh8roUNy9xYSEGspOdxrHbdCcKEBuGyXgwkCCqrABUJAi5LNvcKH6N4s2203YWSn6wECUKsNa/WvzsnB/9QlnbZbx+cx4jwLDP4cWQug4AZ67lGI6KuhwIALKOEcSLkhc1rkO+70WtegHnzEzr9rwGIiaNPgSylm3eWvLGZ+dMM/UaRhDA2FanM3xP2TKCNAW+wdYaauqDkW03TgZsnamqEB0HIVc0PVlnKYyNeKsX+geW/Zp12x0JgW2nUVPZFtbP16ItAJRlTICE4MlMZUMZW9YveG3n1pShFttiDZVQlluC+LVXSjtf6mo1MZRqOpYA2MKgF0LhlocpSFhPNs6bDoktaS0QGTe0ZTrUk1/OUoeZpcqLWgBc5IYBMLvRKGPkWdbheIHdsQ5wSLyEUDbsMiuixhgQjBrvPRTWWiIOMQLkvW/0f1Ft9p+amb9dFESIMRhm731j3g3BW+tAjWEz8SLm4MGDx1uEROKli8qYdCr2wp+77MKfu+wf/vq/3f/tr+bOikJOujDUfWJLTQSXzTjrtvKJf7lv7yNPPvtrV7z63B0v67TzRb+sI14xME223Ms3t0T1wHz17HzVRPaLYr5fPvDwvk9/9f79M7E1tQ2hj1ACzGxD1Y8nXaBPfIEWaxESAGVKJoBE4sSGwCDVofOnkhIYEGYeHlMdfaKhKjRK9gEaLhBVxRgwQ4exA8NIUYUeegYSHwIAX82M1HCpQsxHodASPQBIEDgDQKqyLv0y+6SCjOsW2itDvx8AgE2nmw+TUzM3/RzKF4Ftt9UUPNDg/aBfzkkxma3XfIwAo2c4nOlUFAAPNTVa1FbZGgPvo5JXdsZx1CqGqBGUOSbEdXtei8lbRV37elCVOvLuH4mx6n+NvqrD0M9BluVmHEaLiUJ9f2HRCAIavmlLlWTWe3prcwHEauk5ACCGxmEqmVFoBSBhbnakLajCKdgUxg+8tjIpA/IuEyBjr1zW1SpCFaLo3GxYHLwMrrtMvCbbxTjZsOxW1xey4RBPfhmLbzoRVNYfZY08yznsBYnEEaGizaebiEII1jmR6KxtssCEEJrYfgBMkGbOXzYNEVFRFCpCRKzSpBVgNjFKjLHJHZhIJBKJY4UF0Gp3f+c//8k3v3bJxz/y5xGqU2fFfQ+TyYkYMOzaRMQmm9p66sF68Defeaiuf7i0iFtanxAAa0hVg/drA3T7/d6pW9v/53/+lelOvn0qf2TvzN9+6rtf/M7jQYaLkCZgzDnb7k6dcnq3qupBqRoCkRIj1mXccrawJQgR6SgKIXkBJBInOtpsew8VdlUwNf/LUIHR0VmMHEMVxASSPLcqAqIiM5ltNB6VUSVR0kPHAmhVC2Da7WH2tljXfR+q6NpNI+OmWlhY8P1ByLtWynrg1baKyZylHMyUQ93KFfl0ARXxtV8oY28Q840n9CN2bjhJZVZr74MXycZLG8YL0PRDy5R+lTg0nsTFS9hY8nUdaiHn2JDhQahqKDgzOFTP42CbFTYDNNblYFCZTjF2Aa6hHNQo2m3Lw6T2a+6eQNmqRPfq62VuYEdQ74YI0CVDgwpWuaQRgdhNTa7Oducy7lUxcPRk22b9KyVgLBoHntoTrdbo6liVcyuTAh5WtsMK2TDmya/pZeRqcZhR1spzRBckEkeEqkiEqDCzMTY22f5Um4T/xGyNLcuycQFrMr9QUwsGUMAYQ0RsDBs2xojEiFiWpYgaa+raH4PS2Injx8tf/vLjLUIikVjB0i7Gz13+5qwo/u5jX5ayDzLNIp2yZruLQExKRd5Gq9vFsvTFK390Wq7X64UwZiEVnnj0zW84t+WMkfBf//4bt335AdfZNLFlO43iwYBGExCo1j5kmRuUNblMvAcT1ISyL1tfK89+2wx3DH96tRITicSxhIhANPy8qhJJt+V8lDqoykj7b1aCRFBxlrPMVXXZyjl3JooQtPEHaDKYNoYCZjpUragYqgg4u5hUTckMfKhqaTU1qomN5U4W5up6oTatUXnSGMKgVgASJdRhrh9tkbcd0aho1REkIpVYVUN9LdQhAmSI12s+ToC4UlNkawwk1n5gLQdfLd4+UWZR+RBgWgaAceQrDxhjCbKBnpdE9oMyulZhCcSG6RA3qwoyTbbv6L1AV11MxhqtfXC5Jaj4qlaXZ8aSeh9dbkiDD7pRVzK21qkvve06goRBgGszIS6/wKovve04gko58JrnLQN21g78oFTOM3OIK9eRQ7z3ZNrLHpdxlkpfi8k3LNthhcRGn7xUtRQFk8YqqG2tO8o4eWToAbHuBSohCFs7LhgikTgEIURmJSKJEkJk5sWc/8ysPkZEZqMKNtyUAcizLIQAqGEKITCTr2tVcS5TlSzLut2JKCJRmNYxzyUSiUTiqFgyAdz7rbv+/i//lF71277uEzVxiYaMA6CNus0CMKkoMVSH2bxHmnvzSkScsz74VcP4ug6+PPesrX9z+933/ng/FZu2nHaWr2tpMoE1Fy1ZAcBEzTcEmQx+QIhE7OtB2HKhPvNtagqMA0Tg5AWQSJzgqCoESsTcTBNFbnJD3kcC66IjszalQdUZTLRcaJIFaBgWhlKYUenQxvhnmHWxgMA4og8RcG5JmyFjHELtQ1zaliZXOFfXflAXHZeHuiqrOWPb7Zz7VVnVZSfv5Novq9kSAFnn2q1DGx5W3XvsD0YaGpHLsnbLkI5dzpItxgjQNyu94dlNtGRuEPs9sZlrmbofh6YT6xheGp0faBIEwjhmgDfS8+IINrOh6i+UCoCMK5qqhmMlzp0v+wuBmK3LcluWg7Je7jFArii0rPoLlULJuDw3BLgii+Wg54nYOMvjVNh1JOu2dWFQPtcHQC7Pu44g610Ak7nuMNaCCyvznjuL6e7GXjn+XdWqEs6yFQYTNgXXA6+Z27BshxVyvSe/pn0GPzcnUcBZNpFtZJSRPODcYWGhH4piqhh7gYSqCplJJoDEkdJEZUYRgEIIzlrvPRvj69oYW1WVMYYWS1CpWmuZ2VpbVWWWFcYYFbXONu4EMUoMg8Y7ACBOgQCJRCJxTKFvfuMua9zt/+OvvnPnZ4kJv/ih+ZmDgJCxZAy5KSUy1gLEZDB0Q21Ce5ccAIZ9AcZynlmoVlUVYxDRZn0/e+DZqjdjsrzoTLY63VEM7DKGmj8M2yzPiLQ/qKuqJlWpZqFRYwDx5KYt3X/53wtnG3OBqLZP3fnxL939QjyqROLY4b13zh3+up8J9u17Fo3eTgxmNjrVthljrue90mKpPwVIo2OdaOWi0qsCSKenc2YJIYLIMUMa66PqMJEgiZDNNh3vW3xxImFmro5jigImTlTEz8zF9lQxtgBlIvHCICJ1XRdFsfzgzHP7iShGybIshEBMqmqMMWyiRGtsiAJFFPE+hBiZuGgVdVVLDN1uB4DEAGjTipljFFUl4hCCsXZiavo43W7i+bJ3797ktZtIHF+I6LE9/0pERExETz3xmP3RD+7Z/fcf6R3Ylzvrt5zn4VQCNZ6dcFAhGI0CZkEACJGYGZEVClJa9qFWQGrxdTDM1lrncjNK4H1g71PbTjmzOznJ4yu7EACFSow+xkFZxagSIylUBewQIxoPRbVx83lx9iHDQ1tyIpE4wdGlcgAghrGmiUK2BqQaCVEpRjWEwppWztbA15KxZoUZJqBvqgQ2IdCLXkijhCCJo0GlrqPgEPn4EolEYqNY62KIWZaHEKx1ItFaB6iISBQYIoCN8SE2yVzYsPe+2f9hZmaqo7fGqgoxxxBV1WVZjCIisaoPN34ikUgkjgB7+1/9Xww4Z0JUOumCUPebjPsqgDEaIxmwABAFNyvuKHSoVSMhRtR+8TdYa07fcSYbAkRERHS+X63S3hdTgo0Ue4FAJKhEItN8R4AQ6kHc8mqdeQiNrRgb98dNJBLHD0UTBcBNEUBRNqwSi8wRqIooNTK0UzhjFKTOsWUigyZN+dBGSCPNnxgqw/R4x/OuXsSohF4ZlbhVJJ/vRCLxfGEyQhpjJOIQYqvV8r5uEvsbNlVVGWO996rapP0nIqiKiMscM6tG5xwzEUwUsc42vgaq2mq10kyfSCQSxxbbxMk28bWyZWcsy2ahDRKAIAIgspAwSJpafMMEfmMm5PFzNJPCkYzCPaOIxLg6tHSUrWr4swkeFlVRJSKIqkA0VgM/da4s1Q9PbgCJxIkO8WgDv7HcKdU+OqYidxJj5qxhjnVggEVVI5lmx18J3CwWG7PgYtIQXuwKsuFccokVkMk2TY+vTJA4cWE3Pf1SCSBKvLgQEQDWuCiRiAb9PhtDpI0PV5ZZZi7LqkkZoAoVUVVVLfJcVAwzFM4ZFR3WFJCYOUSJIcR+f9Ckok4kEonEMcE2BVoUQGe7ihLbJsszYBA9iDGsvy1NKuxmD27UfF1fAFqsAAsgisSlC1WUNcpo3785Iot5BZtEMc0v0izyBWoAIQKxUfHa2ibVMyDFiqJYiUTiRKQJ3G828Jv8/wHcq8JEYS2TqrJKxmLJIETwMFsUAIBICEzafPyJdKTxK4bmwfT5TyQSieNOdwOx+kX78KX9FheLTcooC+RAZ3LqeYiWSCQSidVYNEW4VGI1R3vvzk9/C7EJfiAwwDD3NgkI41N5rLf+tobbGS+GC8jKGgGtbIUPb1XHshqTIrtJ/g0o2DDEurbLc/vE50I1a0Y7gevIlUgkThyaEn5Ds5+KqmEvulCGTmYMQVSyprScKBRETbJRCj6SBTORDmMBhh/6KEv2xzQBJBKJRCLxIuQ33n1N7+lHu5YM2w7FWrQE//wvvmnrydvrEFRVVETEGFKoxEAiUCViUVFRY5SYfAwABBAouxzCMVI+0VZL/+E97z/et5hInKDYRrdn4iwOqse+itnH8qkzMzchJ19R9g6yOUqfw+mJ1hsuOq3IxhedWsUjTz5374P71jsrwbc6m90zX2W/QLOP2IVHM1TE3MQLNL5niUTiBGZUU46W5e8j9hLLyrcyq1GoqSvKpIsFRwFAjXNKqgJmVlViVhGJkY1hZkkZAROJRCKReHFy0qk7MvIHnny0MAJ4Q1ahD953PxsbojjnrLOGGcLGsDO5UlSRxstYVI1hNsTBR1HRCFB/vv7Od+6ZW+hvO/Xk1176+uN9f4nEiYslAhSGAEOFlHHmwXDggbp9+sC8sv/cEyYvDt/HONqDjj6nklkibNvS+YXXn7V4qtevv//Q3if3zwNDPwA5cKD/1OPrdSV1hc0vzx+/q1U/aQwbbpKBNe4BiUTiRIeYFdKkD2EmwwQVbfKKsBFRajR+AjENowag0oT5M6lELEUNQUQFUBECMZuUzj6RSCQSiRcj85HOOv9iw2bvE48LaHPuVOjxPY/f/+CPW51Ou9V21mSZYyI2bC1ba7Msc1lmjMnzPMszY61CjTVsTJ4V3/vm9w4+N0Mu2/fU/ljHw0uQSLxUWQwEUAYxkTHEpHryz1u2remXHXW/cyU+/fXHARDRa1518rt/7ecXTz3zXO8nT+351B3/uvz6rDW5bl8tWOPsyW/MnvqnJmEMsBQrnEgkTnBGNrum+BMsKTOFGA2RZWpMAAwQNeH9ACBRVZVzBhQKwjD3Z/PBV4JCWZvkgsf35hKJRCKRSBwNrjsRrDn57HMmTtrOfjD7yMOQ2lrX789UXqPXzBg2zATRJkO4KkBEzMTMqkTMbEyIgY2VGBhcuFZrcuKVF7+q08sdAwIAACAASURBVB2Xe2LPh3ae+UcPjX7Lz7joyqt23XDDtRcfPpfF0bLnpovP/IN7f+G2g3dc9dMbJJE4UrjZhyc0brgAIAqZfnVd9YaHn/c/UdAynDOT3eKIeqgHPT/56ti4/A/TCNDStmAikTiBkVE5EDbEBEvSMuhYLgyJSBViGbSKEgSqBIVEEVFlYsvNB7xJBAgaugsYY5h4aFlINoBEIpFIJF6ETG2aMpkzre62M195/2P79x2ccVlG1oaoPgjIqjLAbJy1mbW5NVlm88zmmS0ym+eubSjXwKyuLmO/VxvDla92vGLHaTtOLcNg3YG3veNP/vRPP/jB91+1fc/HP/y+11x83R0zL+BtJxInAByCRBnp1gQFJNsc3bTqmPx8R4XqytJ9zvJEJz/CLkKw02Knm/3AxjAgqj7EpAAkEic4RAQCMYwhQ2qJLFFmyJISSMER5JXKqLVoEFIwERvLgKoMq4WMioYI0TCjABERU1NiKpFIJBKJxIuLbSed3J3Y3Jne0pqY2rZ9W2diQiI0CAwLJMbgJWqMCEKiGoIEjxg0RBUNgaKIaBSJKlKXAwM4sllhbcvUMTCtn85s+5W7du26/voP3XL3ns++dxse/cvrbnwQwMwdH7rm4u0FEU1ffM2H7imB8Qf3fGgnEV1x443X7JwmoumLr71lTwkA5Z5brrtiR0Gji1cZFvbdfs12ou3X3L4y/9nM3R+65uLtRERU7LhiV9PX2q723XIFEe288UEAQHnPrh1ExVW7Z8Y2TyQOA/8vv/WHKKaqIM0mm0L1pEt8uUBkjtUYcaWWbo3pto+sHjWR8eVC2PK6poysAKUPmnV/9X27jpWQiUTipwSREKk1cKSOiQmNbt/Y7xQIInXUOtIgoOdl4GNQUY1QbWoBiEhTQxo69FxSaIoDeD4cmOkfnF1/hySRSCQSiZ8yObNlVlBVV6edcspJW7eqaG6cc857LzGQCqlCxceoxnKWBYUSYowxeu/rEOoYfVn267piVY2S5S7LM4mKuBFFZvrK6689A3ho9x179t181ZV/dOu+K26663u3XYtb/+jK6+4oMfYgigLAnTc9eOXNd9/1N+/AvR/5zWtv2Qfsufma3/zLO4vrbrvrsx/cee+tf3TVDfcsqeMz99x41dW3zvzCX9xx81Xbl4vw4I3X/NGt+674i6/cdddnb9h5z4d37dq9b1xX01fuekuOh27ZvQcA9uze/Simrtp16b5xzROJw2EveP1lF7z+so/9zZ8/+O2vFpmNomHzhaHuk1nxyem2szyzTM3iey065viwsDdW7flby5un25unWsuvWtWw9rE3qJeOGA51r56+IN//JYWWdTz9/Et+4/fe32p3vvz5zxzhLScSiRcUZ8FEhmGhltnyqEDAqEqgQkWVQKLCBDKUWYaBqhDxYgVRVV2sM9p4A4lIVN5Q3ZFji0pdhSo2ZQ7YZTa3L3BeQg1BjeWjG3R2vtwy3X7+JoDeoK7Wz7eUZ6bTOjJr71pm5/shHsrOYw1NTbSf5ygvBUTEew8gz4/MCy+ROO6ICPO6Dl8afR0EAFTB1rmjnRlXd+oDbJFbAgCV4H0QBYhtltllI4w5peJ9HaX5fsjM0sUaqtLr4hdZIy1CVXq40VAAxJdV5LzIfta93B584L7Jts3yIgbdvftzl7ziVJu7UIXcubm5BaiyiLLxopRnz84dnHtujplO2ryllTmKlRJH0OJ2QFEUojHLi7zIffCWN7aXOb1zO/DozJ7Hd99xZ4Vzd91w7aU7sfP6X/jwb95+0917rrxp7cHyRgDARbtuuPbSHbj4hmuv//iH777lnplrr7jy5u99D9t37txe7Lnmog9849579pS4GACw5+Zrr/j4N874j1+5/bqdKzOtl2UJYObBu+9+cMeV19wyc/00AJRjupq+4vqrpj536y279+y6Dnfc/hCm3nvdpUV5+5jmicThsABa7e6/+0//x7e+9rpP/Y8/j6TSPTvufxhmaeIhwraTJia7R1kd4GVbJlYMaXjLdPuMl28+RJOFfvWTPc8uX/dFX8VNZ9eRQfqLv/F7l735bc1xTbkAEokTm5ZlgjKBRy4AQwuAqiFyhqLEvDB5zqpsDdtmvaRRFYqmXgARkapEVWMMAYYNHTYnqMTeQPK2W1xWafS92rSz2Ku52zJHu0rUauC9cd0OE6ASBwNfUtY6Zo5TGxFB6lqLo13ohigA5FDPT+teOS9u04Q9xBK0quOiMXctz80OOstPSuz3qgGypT7XHhkjqraKQ6msg7JaKbhUg3oQVAEyrtu2doPPSKOvag/XKkYt1h4Zil0Pai6KjXZ8IhBjrOuhVd1775wLIRhjKFXUSJzw1HUdY8yyzJhxk6xG79XmuSEMrQHRZM/30ym+jmSY4ooDWVEwNFSVj2ZJr197isXXwnmRkUbvgxi3fIIjkw1VexVf1YFzCxBpjDqariTGl0i52+2nnaH1gsQwd/Dg3Pzc9JZNs4Oe9irHholEVFijKkB79+49MDtTGBuizPefOvO0l2cQIihIonhfR++ttcZyXuRsbZCoYUMRzeW+e/YBmN6JfbcDeOgDr6IPjM49+ODjF8+sPTh075/eMQ0ARbF9Gnh6Zl+Jcs/tN1z3od0PPb3yewkAHv34nQBm775nH65YqaQXF99w8wf3XHfDRz7wvo98AMjPffdNu2++dnpcV9OX7rpq260fufmOfVcVt3wD2/7jdZcWRTGu+Y6jVNkSLx14lF4Pr7/8ze/8vf8tTr8m1n2stJzlmTPm6E2RBMRhKr8hlrndWj9EBzDERb7yAjKh6vvpC9/+O3+4qP8DqTBAInGi40gzQ9aQIRr67w+T/AEKA23lNNl1eUZZBmNUJYrEplIAQEpNBVAl5mYjSFSjyDAt8JHkAiDjuq3nuz+kMdYwrXzknsCm1XaFAaChqhf6da9f98oYFRr9fD+Ule8P6oUy1rUfDOqFvveHPAVoqH1vsE4/gxBUfRWDxEF5NBWPBqXP3GHMFeJ9X45plgWVXj/ALfsiWXvkmIwTQql2crK1abJoqe/7DX5DiK8CzPK/jbVHXsQ0HjQNItJ4BJRlGWMqmpU4oWn0fx5N/uPQZVtBZFw+3IYPddUw8hBYfUTqsvLe13VdVZVfmbSKbZ6tMLGyy7NGkScemp9jVVZRx5xSjTI0ZZNxmVt3jiNmbordgNgsrpQ1BuGjNlG/uLj0zW896fSzFyrpl1Ws6k63Y5yzxuYuAxAhaomcqX194MDMhRdcdNXb3/bGN76xmJg6MNcXk0lUikIqEmI7bxFRFJmanmLmEGNZrVXE17Jv9403PwpcdO0V5+yYBnDun3zlgUdG7L5m7MGhG/++B/cBQDnz4AyQT2/HPTdc+4GPP7Tjxu8dVH3gg+euGOeiP/3eXX9yLu69/rqb96yWYfqK629/sNSDj9x125++Y/qhW6/b9flvjO+quHjXNWfgGzffvvvmu3HGNdddXIxtfkfKBpA4LEsz0/e/fdfH/vuHsPkiX/dBK+bCVm7t+i5YG0BXeXIaQ+3iUCYANlTkK9x7lcTX/bjpgttu/q/3fefu5yFMIpF4QRntNSqgo1Ie2uzsqyoxityqRJVhgD+Gpj0aGglAUDBxc32TFUBUBao4sp0SjX5+sDQZaQy9vg/jtO5DdSKClatRIiJAYxhE025nnbbLEcowdHWwmWsXlmOIxrVaWcFSH/KUxlBGbrWyTjvLEVf003I5YhXhMmY2reJoHA/6pV8Mzjow0z8w05/vrVwnSeyVaBeH0n77pe+X/ghGJW538tbyrbm1R9ahXdhD/Fs9jsumOpYBqEbFhr+42Ba5W7HoXntkOeKrsiwHg7KOCkBjXQ5ptItYDcrh39HwZawHZV2XZRV06fJBWXlZ1XOoRueGfygSqnJQlmVV+2pQBh0z3MZYvue/aA7YcOtE4oUgLNu5XdT/syxb12OFjLPwZVnVtQ9xqMmL92KyPM/zzFHwQXXNEYCgyjbLssxSXGUDWDPYaHwNfqjfmyxvXAHWnBIFRgYHf4jvE41RqImwBS/aAFSi8s+K9fFwfO+eBx575NGZA09TqC0bl+UKiARnDRpXNXaWbazDWaedvnXzFkBj8Js3TVV1VdYxQhWIQqJwedbMaa1ul5lJEeP6XgD7br/xxhtvvP66ay69+OpbZ3Hu+2+6bsf2K677hRwP3XLz3Xv27bnjhmuuvOr63TNjDw47eehDu268ffctN+y65Wnkl1578XQ5UwIoy5k9d9x0w017AOy74549zRfs9I4dl15/03u3VXfu2nXLvpWyXLWdpq+4cfeDM8X27dungenpqfFdlSguvu66c3Hnrl2fq8645tqdxfjm00B593U7iHZcd3cJYN/NV0zT9BU37wNQ3nHNdip2Xn9PMhO8xLEAfFV9/O/++71f201EtPm8OHNw1UW9gX9070FeO//S2JerL3pq/+ze/fPG0LD+IKFf+r375welX6+ZqtZrQkyDH+j0q1n9x2764I8vf+uv/Ma1eVGMkSqRSJxIqGGmYXVQoKk7OipBCrWOyZAqSEFgYFRChNAkCFCoQKHKSjryHWhMCURHXxRQJZaVusJZQqN1t1uGgVDWZeCOO+TEMm5MiUqmUTnJGJKoaIoZNes7ouG5xSlrnVMSVSQO+nE4Dg37YQJAzHRE4U+z82VY6YS1Zbq96sWBmf7ye6sGnorc8ZFo+BtgqZDr+kcOQb9cvZhbq/+P0KpXLng1WT65YX/gtdcdqqXq0Mu3KoMoo67F5IVjaKzKOph8bHeqTfyABh85a2UMSAgrLVmqMC63hiC+rLxYp96rLQrbjAYDjauHO6KghOX2q2QCSJxQNDq/qjrnNqT/AwCxzQujIlEk1pVnm1uIiNbVaNJgVVlzBMMJdTj1bmAyUgm+jmYU3L9cquWnFFCByXNHGuvG1X956oBYl43yRWSscwwVAGQs1VFAGpUt41hV5TqxeWbv40/96L69P/nh5k1bBZq12kW7NY8D1pCzltgyW1KamuieftZZm1+2tTc/f8r2bTYz5cIMGQIZgFSEjSPD/3975xpbV3bd97XW3ud1X7yUKOpqHh7OU3Sm8dCOHcsuHHOKoFFaoGECFGaBFGU+FGE+FFWLFqDRL/pSRB8KlAZagG2/qEFbsEgDKIVbaBwg0diJQzuOrYk7Hs7YM8MZz0jUg+S9vI/z2nuvftj3Xl3ykhw9R4/ZPwnUufucu84+l6TO+a+9HgDG86UMfWNYIuW0/zf1yivf+PorAAAjx7/6u2cWz8xNhQC1uXPn1+fmz/zOy/8Vgqe+Onf69OwEhHsNWgn/xVPTFxdmvv5mOvLF3z17drYWwukzX1uZ/59ff3n6pa8tLp+rzv36f/rG7OkT/6Z31ur0maXfWP7NP54/df7k8sleOkDt5OLi784tnP71L30dAI6+9LV/f27xqyfqe5maWTs7PTk7/9LX/8VrcHxhbirc5+0nQkggqQNAT+cnDWj0t+uQhs4B8IlH/vT1i6/84R90Ntd9KfKRX8jZG24HmOUqu4Onwe0WXLneuqNpAgAAG6WM5OqLQfON1//i/FuvfX/mn/zenZt1OBz3lE6mQo+k6Ao+RGQEYDDMgIiCwEog5q4gQTRsGEAQIhIza2YEYANoU5cYqLuGCcbclguATRIzhr7NyBxW3T13BQDrNMnFQOY3EoExhm8EarIx+0XNH/Tcuv8ukrIYDITM30y09tA8LUobG1GVpKqv+Q/AZFmCXsVDeMAixPcX/MNgUIwCNnE7bWVhxR/6pPf5rG4BFP3Vv25qSzdZDkkgawN7Trb7LkASlKdJKoSQUu6MNEAEztMkRwRjgJjZGBCe9f9Iwtw6yXafrhcPss+lCSFs/L/d7tcFcC01HA8UUkpjjFLKOgJuQv8DANg7CQlJAoTI0lwzIQovGAjBN2r3CJhb+z+OTZ7lLIJg+P+N3bsQse+0Fch6Z7zajVoAO0AkgfbCSRJ+Qn4zN/N6o92IhCcYUVJpZCQqlITwCMALQkKUgkgKKcJCsTA6UsFUyUK03UmCKCIBCIQoySjSOghCY0whKkRRqHVuQOydBzZxapX37SZWnV44t7pwM4MAAOHk/PLqwvKg8bnl1bn+wNwqL9mt2X/WHarNnEuGphVOzC5dmF3addZ9TAFUJ2oBvDY5Pzt5wNshPHG2zmd7p51b4bnejuk9puD4BCL/+L/8O0L2PKG14dFfVFnno99038A865jRvwXN1dCTKq7/4X/8t6UnJu/3rBwOx0GUSmO7RuzTkITdQomGNgBAAOwX705DFm4Ww+iByrSJurnou1T3wFzJD4Kdz28ioCzOsBAIAmCt40RT6AcCOTUGBAErzbedykkCOTXWgM6VFnK/pKmdcau753njWm/BS8J5ZozJG9s5gNEGt9tQKR5UEfBjox8FcLAvgLXOgXyBgBT4GOeG/aHvxP6f1ccEeUEkjdZaZ0li1/O7sMpyI7uxAsmtF3vY59JsEs3woO/facsGh+MuYjV/lmW3oP91lir0fY+6hfvZimnItQEiAKNyQ56g3SO3du9gnecsdnUCsE1qhnYhCVJasxDIRjPebEw/ksA8Vyh9ggfNB3uvePLp8Wt/o7IszZJMaU1SkpAGBREKzxPoFWSUGsiUufzh9XJUbhvOW8m7H15TRoz6RaNzBmFYA5GUAg2TFJ4ntMpYFkDch35B95b1lXPnL5xdeCUd+Y3TcxP3ezaOhxvpCbQP5IpBlyd1mnAvCvdBg5l1FqvipDEMRILIZQE4HI7bQYgwIBXncU5FD4dV98AaDQ4t8KMfepCqdlsBWNHlBQIAZCRUp6MRAEhGt7uQjkJGUsVxhgBMIpJ7RKgikoC8E0M5kgNjt3O6XYaDUmTrBLDOGh06WP8Hvtjc2VnQNgiwg4F/N3skDCr/RvOGq3rXIjrrvJXKkbIUwHnOJPa8SdyVz2rAnFUXHhGwzQeBG4HFZtgFwyrXJKWQJJDj3LDX1wjM1hyA0coA2rlqw0DIRhkGsdfpPurS8jzvuwCYOQzDJEmYOU3TMHSFox0PEFb5K6U8z7uZjhUoPJ/zPO2uayIJzxOI5FGe22pwKDwJCN6uETggCYZVlinDzIxpolD4Pipt2KRdTyRKP5CcpUoGAenhXcKTJkuT3Lb9u/l0JJIEOd3lGqkPNFff+WmAppHG7eS6RPA93wsi21wxLBSzRHdEWHn8sUNj4+PVSnPzOoXBxub26JPPlMcfb6xf8gk9IXScBr7vS5FleRBFhGxsKJ941FycycXTs7/zSjryxX++fHbG9f5z3BndhypmgKhmjEHy0Nbe6ibZ3v9gEQQERDaAyEjCsIKoxtk16JYWcDgcjr1hNnGnW+sOhSzsWE9HL5Sqk6fCD4ZV98Eg+eHw+inKwCsNDgiv1O2KR2Ghe7gI/CIAwAG7QPpeyd9hp9zrrtc7BqPC/e/ujoi7dP5mI7ZegN3NAo3abuWa2TA0tnPygkpgmrtGDmzWsCsKoBAFALDdSqqVHSciPyiqdHs7BwaUXmnPyI5hWKVJboCZMYlzlEEgTbZzJDygrrfwfZ1183vJ8yUiSIlpmmpERLKFKwaOJ9RZogABAOWOmoMkJSVpkiCS9DzM8tz4ntRpkihEsk3Khk938MXlea6UsvX/mDnPcwCwXoCb+nAcjo8X6wW46cORpB8MFQYV3i4f5NAIef1+owOb9thhi8HwfSGwBVnlHrtQeIHYK34LZTDsc0MZBN1L8XsTEf5tlXt92Hjr+98/WgjDQqHVVhKpWCwWymVGRCGB8cnjk//wn863jXxi4plqJL/7rf975e1V9NIXP/dLX33573zn1T/92V99d+uD9xgx8APP8ztJXCqXkJCANBsD98yZMjF/kefvlfH9CU+edzH8jrtFzwWAoLOmuP694NjfRRI6jaUkbTQCAQICoRBC+kJIADBs7MMEWH2+i6GhG/W3BwMRuf8v93faxEqtlVEZG2Y2AMBgBAmljfAj3w/k+is625bAvb4szgngcDj2gkSptOshSpSj/lcApKhoHzRxt+p+FLFl/3xPBL4c7Au4Z+1pFH61/NE2dy3TDccFdCFZqexO+xgaOYjh+P/tVlItR2J30X8MCuEte0dw+Cme9niu7+7xo3D3pvCDnT9q5AW7Ot/eeBeQDPZLZ9gxExl5AGxABqEgBFaJthnGQ6c7CKv/B0eyLIuiaL/jHQ6H4+Ohc/nSRqUalapptkVERgjpCRbgC69YOPzbp/7l8c+/9NoP38uVaGp+efa3tjautpp5GB2WMvzVma99cfrXvvW//tu3/+i/10YPaRYaKSiECJ5hRFZ6D3eLw+HoIsEWLgHwTMdc+bZsvy+KT/uF0fHK4UajQQi280l46PHDx8Y8z9/YuD4yMup5Nx6WB58tkiRGpF3hW1b5G2M6nQ4AlEol7vb96sUlAgBAnqVxHJfLlTRNGlc+SDcv2QBKwzBSGbm2uZlvbmHnXdl+z8MUBUG3d5hziDkcDsfeSEFZ3k1IGK1EAJArnWaq3whQEFZKt/ycZLu69vsCDjZ5LUaw3brny8td/f9JiJhFYJUlue2N6d9kWMMg+6l9lwLgcDjuL35xxIuKWnNULKAnJaIPFIGXZPyLX/mVFz77Ur2TjD952JP+xsZV3DKHjzxRGlGddhbHCSIWDx354su/9td/9iee9MmoQEohhdYaUABoP3SOTodjX2RvMR+kIOJUt9/Mt994/qnHw6scbG4KAUQ4+ulfefalT40d0UTpW29d/tSnvEKvsPSutYU8Nxsb14QQYRgSkRX5dsPmIpZKJYDuGlHfEWA3ms3me++99+nnPq21vlSML7V+3Pn5T4xmxVzNDo8y/+zKZU9IIQCRbKswAHRRAA6Hw7EfI+XdMi/wZeDfzSJJg/rfchs+hf2QAjfq7eHBT4r+BzgwZsDhcDgeYo49+4IH3Nq83m41SQoW6Bciw0KUKy/P/lYmDSksHwqZIb+q3n3nMhrP80UQ+UExVJq3m9lI7cnxTz1nrl0Co6VA4ZE2WoHJ8vwWej6sLU5OnjuzfuHWEuxv/l1rS1OTZxfWVmZrt2IfktXl5frJuRPV27VwY4YDpu4Ca4tTk+dOr1+YOnvwJ7B+fmHu1NIrbzZsP8WlxblJ53l+YLjxXIEAoten+pknjlx6/4NKMRTE/siR2uTnjk9+GgCY+TOf+YzWulwu93sL7/ICHD16dPDlYAmiwcX/wZfWQaCUeumll4rFIiIeOnQIEK+1PtRxrA1Qnj791BNrH171eqWpmIG77cGdC8DhcDjuD8P6/+5SKoZ7Rnp9YvS/w+FwPLIEpUOYtgPfN3kmUJCUxpOp0l/+yt/+hclnOrkJpZeivr5VF9IzBq5drfuR347blUOjudZShqWR0tO/8OI7f/qeRIU+EUGmMiZpGPhhFwjJ6tLpxdrUHej2ifmV9blq9W6YOtj+nqwtnpw5O7l04fLsJKydPz3zmycXplYXp5wT4AFh91OUAYh83xeolSJBwcjh2tSvTjzzrBXqiBhFUblcDoIgiiIpJfQ0/M2w61y2oIDneb7vSykPHz7c9ywIIZ548qnDL057xRESpJTyiCLf21lNgAFYu7bGDofDcT+41/ofrGNa7PH3Xp/X4XA4HPcapanTTq9fudZqNCLpexoD8opesPbGG988+wdvvvKt1/781fj6drydthqtJx4f3242sjQOosALA6VlsVyISuLLL09HpSgzuQzDXOdZnuZ5nmV5muV7nnTt3KnpiWq1Wg2rk7OLF3t5a8nq0uzURC3E6tTs2dUEAKB+4czMZK1aq9UmTswtXdw/wy1ZXZyuTc6frx9gH9bOzZ2YqIUYTs4sWfv7HWkPPztz8htvvnZ6enLm3PptWQBYWzpRmzlX32lqbXGqOr24OH/yxNRkrdo39VEXm1xcnJmsVmsTU9Pzy/YtPfuwp836WnLi1NmlualaGNYmZxZOvbS+crG+72fo+LjZ/SDFbB4fr7aaLRIkpBfWjh+ZmCyXy2YncRy3Wi3P88bGxkZHR22qoRlCa93fZub+BiIWi8WxsbHx8fEgCJRS0Ism6Iv8Q4cP1yZ/KTz2AhGRoFaz9diRqmGG/l+wmQDOBeBwOBwOh8PhcDxMHP/cLxMRpEmapCgBIGdWxhPvvvnmWyt/efUn/+/1P1/Z2NyuHD1arlbqjVaudaLyRqvd3Opk7ebW6mtv/tmfvPs338+VarVSAWxypTOdxZ1WkuVJtscp6+fm55Zri6v1en393PTKwtzZNQAASL93dn3+wtp6cvns5IX5+eV1WF+enVkMT6/U19fXLsyvL8ycWtnbCbB+bu7kYm3x/NLJ6kH2l9fmzq+tJ5eXJy8sLKwk+x7ZZWJueemrwfHTF1bPzdRuy8J+pkJovLoMp86tXFxdPTe1srCwknz0xa4uzS2szlxYX1+7uDyzev7NdOcp9rBZnV5YOnOyFyKwdn55rXZiyrUyfHDYnWCoDRwbq3ZaLSFk4bEXjh7/XLlS2d7evnLlyhNPPNGvKmTleqPR2N7eJiIhhBDC933P86SU9qUdZ+a+I0AppZSyMf/WiWA9AruqA6ZpeunSpfHx8ZGR6vgLn9WdRnxlrdOJxw+NvP3hNeo1ULI+ABcE4HA4HA6Hw+FwPFwIL0g67TRJlDbSkwp0rrJUxb4AnSbNVlPlsLndHI28Tz137K3X3y+XS6NHKprR53D97Z988FffNnFr/drVrevXPGStc51rlDrLkxiCtNnc45TVmXNr01CtAkD1xOxUeO7iegI1gOD4/KnpKgDUTs5PhzPnVtfDpQvV2ZWZCQAIJ2YXpk/NLa8mJ3bHsdcvnDo5X1+4cG524mD7L83PW/tT0xPJ8lodpvc6cmL/MPk7tzBgam5mMgSA6sSJWrK8Vq+vf8TFrl9cXp2YWZ4KAaA2fWrmqeWLH2UT7+4j+wAAFcZJREFUoFe3YP3CwuzscvXM+TMuC+ABYqAWACIzE+JopbhxbcPzvOKzn5/8xc+GYdhut2u1Wv+wXSb6I8ycZVmW7eV16x1gN6yPAAbqAgweViqVxsbGOp1OsVgcGRlpxmm+8fM4Th5/bBwBYGeHZdcRwOFwOBwOh8PheLjIGtezuKMNxqnyfA+Y8kyZLDWe3Gon5VbaYG7U65CZONHjxx4DzbmJk1ZS37gMRntE7TTN01jplATnrDKlTZ4zgGHz8/fe2+uc6ytLp04vX1xPwhDqqw2Y647XJnor1NVaNblYv7peT9/7xnTtbHc0aYQzQ2Hs6avzs6+m1a9N1G6I5X3sh9XeIeFHHLkfd25hX1P1j7rYZD2BsOddCMPaHlJ+eHr2natnTs6cP3n+4pm7XIjAcYfccAEwswF+/Ei13YmFENc7ZuWb33ztx68HQYCIRJQkyY9//OPV1dWoRxiGYRgGQWC/RlEUBIE/gOd5Ni7A+hdsLkA/I2DX9nD6gC0TeOn9teciGPVEuxMfGxtZv14n6nUEdDEADofD4XA4HmbyXJkH+3mGEKUUg4tAea7u43wcjwYibxcC7+ftxDBJkqx1xrANstFhncZr9Z+2AVTtzfEnnjo0OpoYr63YoEaQxlDcji9fuly/dikHk2Y5C6scdK5yJGb0pO8Pn7F+bm7mTLh08eLsRAjJ+ZnaXH/Peh2g2t0Ka9XxiWpw/PdXVhcmD7qC46cunD+xeGJ2dnn1/GztIPs3P5Ob5c4t9Kl+1MWGtRCSejc3IKmv3XxOf32tfuL02dNO/z9w7EgEMAaOHip34oQImDAgU683SqUiEVkXAAAEQWBD/WkAW9ivH9JvX9pEAEQ0xgDAYEbALqk/OL5rMI5jn0yuGQPoxMnR0fKla/UbBQwQ0DUFdDgcDofD8XDCzIbZ9+55cc07IctzY8xg/KbnuVaVjjvl9R9+78P339tudhRT4Puos06u3otBjxxTyqhOO0f63//nT3/6xlu//MufffL5F6u1mpAKsrx5+YOL3/7WpbdXo1LJD4JcGZNmbCBXCkGSBwp1oZe8PEhSryfV6claCFBfWVpcaSTTVtemry0tX5xbmArrF5YuJFOLk7UT89PrC4vn55dOViG5uDR/pn7q7MKuSPagdmJyYmZpeXZqZnZp6sL85L72b34mO49aT5Jdy+q3aOGmTFU/6mJrUzMTa2fPrpw6cyJcP7947kp6oGdkgHDi5GztZrITHB8zO10AzGPV8pVrW4jkAcdJ4nsxs+mL+RdffPELX/iCMSbPc5vSr5QarPmf57n96nlekiRSSusvAHuT2x8r+IedAlmWqSQTJSKENMnHj1S1YU/0OgICukQAh8PhcDgcDyl7ZkQ+gAz2eL6/M3E8MmxvbQgPq4cq165tSiEQzEYrzktHTHGM88zzCwiYxfHP3v3522+/Uxl79fjk8fGjo82NjTf/+q/z+rViIVAKk83rqTaUZ1prYxSqDoCnRRAUi8NnrM2cmV+aPVFbnpiYmF44s/i12X80c/LE/zgJI1+dhTPTkytra/Xa7NlzMzUIZ8+euzg3P1mtAyTh1OyZs/s1ta9OLy7PT03PnjmxsrCn/T+avdmZrFw41dfW1am5k8nvfLa28vsrK3sYuAkLcLOmoPZRFzs5f/b0hdnp6lJ1YvLk/NxL5y4c5G64QbK6OHtydWn9wowLA3jAwN/+ygt2yzAfqhSnXnhy/XodDLcz850P9D6Rafdu4X3v0335MaxGEghrY6MXf/r+VrNDSAzMhv1jz5//zg/v2XwcjnuCdZPd71k4HA6H4z5jjMmV9uQDvaieKyUIbStou/wThm5dz3FTXL58eT+30fy//lfbjWutreaPf/STz7x4/B//9sy5V3/06htbfjQikEFKzaBVbnQOxhidmzzXWhGyYIY0Q9Bosrzd9E1Hcue5px+rPTZaKAREwXZwOHru0//59+Y/5ot1OB5MEPH9tXdsmD4iXvrg/Ru3HMMwPlqOkxyBkKAUib//gm8X+Q0wWt2PCACEtKMoYH+Td7zs/77vchhwdy93CwnaUH4krRUYBux6mBkAAQlRSmmYkdEAx0l2tFreaHRIdE3TUF9Dh8PhcDgcjkcDbUycKG2MMd1cS98TUSCHyzM7HA8Xb/zkjUb9CmtAjyjysiwbjUJs1XOlMwb0fPA8QgCljNEA7CMoAmVMmmeSUAqZ5yArY1naTlRxrW4K40EzEa1mwxTp6afN/b4+h+PBpecCQDDMh0eKcaIACZAlkiASVu4jYO9Wgwj9tny3Bg+97FsEICDD0hi2DgD7DzMYA4RCG6PBIGOaqcMjRZsCYE24O6DD4XA4HI5HknacZbkuRr4QkhC14TzXDNDsZERYivYoeOZwPCy0mi2lNSECmHKl4Ad+mYTcvq6SZq6YkIQw5Huj1aoyKkkyZgx9nyI/hlznOShAY4RfwLCcar8D+dpW+1p983BltEI5tlr3+/ocjgcSZrAuAKu3S6HPDCQIlQZERtLaAKLpSnXuCnZANtiV3n0Zz/0vN8wPbOPOsV7+Pt4Q8IaZkYxR3D/QoPUFaGOYCAwgAAlhDJcKQZopQjTARC4KwOFwOBwOx6NGO86kFKVCV+c325nvCW0YAKSgXJlGMxkpu4B8x8PK577whTSuQ55DxtUwXPnud1cu/FA0GjnlwmBAHqISwjPxpkCKGNpZrn0/LJcw1816Q+uMGVL0UIjAlyhMq66CYqUep53kSuGdt+739TkcDyJKawCQvbB86OT651e3nn18TApMMoMoDCoEZATs6X8r3o1BBOTuK9wvgX/fMzPu2r6RSWCo+1YEIGCwKp8FSSIdeCLy6Z1LG0mqiZAQgY1wHgCHw+FwOByPFq1OZpijgaccKSjwBQPkuTaGBaE2sN1OK8XgPs7T4bhtDo+NtRrm3dU3r7z3Qdaua9BZPS/KUHJHKR1SwUjBedq+FgdRAZF8TtvNtLWufc8XBiVkmk2es5BSgSJCnR0Wfo0RlIRM5Pf7+hyOB5E47sBAIgCyMe+ub26240OlQhSFlXLUqXewJ8nBBuwjAFNUKHDvBcCNWIBeT8DumA0zYAAAtFs2wB8QNDMYJiIpJCEgopB+p9NSKhucInP3TeWRQrO1vdnYrreT7XZiGxICMCK4RACHw+FwOByPEtqYXOkw8OI070cBRKGEnQX5iVApzcw7syJZderbyUAitFceLVHabsWZZkDywmKpIE3caiYaQITlUigRWHUaLVMYKfnuwcrx8XDm6wv3ewoOxycLY0xruwEAEgEYgQBQoGFutOKNRrs6dtRcv9aobxEC9v9auY146MhREoIZEHtl/YDZMIP1ASCbbkU/Y2U8MjMyABs2tjUgsNHsCRmGvicFIoflwpW19TxNrDuBu04EYEBmHh3VKLCxselJ4XmCCLtBCDtiCBwOh8PhcDgeetqd3PMEMNPOhY5me8dKCQJ4UrTivFwYLAqAIiyVbc8ZzuNWzFJw1upkHJSqEaXN7bgde0UTa78yEmSN7VgFZc8k7UwUKk7/OxwOx6OJMWbz+vWR6mh9a1MCADIwAgJIIrtoP354bP3DD4tBAGRs9X8EIAIAFNILPRlGIVh5b9sGIoDt0WcAEQ0zswFgY7P+GZlBg2HDBkBrbQwwsBCiEAaBlEKADP1qpRq3trotAUw3fMAAICOo/Gjt8WR7y5f9sIRuyAG5m5XD4XA4HI5HCMPsITGA7QIAAAyQJGr4yDCQnWR3wDOS5xEAsOq0FIWVUECOCIBERGRXT4wBlAhICLlhnbQTiiq+S650OByOR5HtRr3ZbB4+PPb4k091XQD9hH5bfk8K2/c1JyJCgWgLAgACInLv9oGAQAimvwqPYAwAASKgAWYEYEJbvB8NAzEaBAJgIEA2ADbEAAgBQecZBRG0690mf6LrAiBmAFRaISKRYBv8D8DdwARAcb8+SYfD4XA4HI67j42wNNoAQCdRgSc6aT5ceYkIpaS+m2A3Omkn7JUiiQB+qeA32tubCQDIQiWUrJG1YaMZCLJ2An6gWvXYoAiL9i0Oh8PheFRghueenyyVy/YlAYANM+sm97MplsqddgttN0AkQCQkQkIiQGRg6PkAGGxmADESIyISEVnNDwjd/AFbCMBWFbTxbNYs2L8CgIgEsJZeIEgAARF1z4hIJJCISHTa7VKlwmzjFSwIaOficDgcDofD8ejQf7jR2nTSXO5V/VgcVBKZ8zjWFEQeAYDJ2p0MgtLISDkSqtNOtCwUpG5tt5SMZJawH0CaYaFS8U3cyV1DdYfD4XikeO6FG/ofuk0BuavlGVgbKJXL7VabhCBEQcjAyAAARMgASCilB0IgADIbImRCZAa0f8gGEyDaTn9MSIDGANpmgsYwgWFGY6zIR4GIhEiGYxRCAAMgMxBYsY+GgRmSJCmXK81GXYrebbHrAXBRaw6Hw+FwOB4dbE7ljdcMSpli5BFhkuk813Y4zzUw770WwnmSMYWBQABgneaMni2/5Is4zhRHYakSAHDernf8cpHiFAURAUGm9wkrcDhunWPHjt3vKTgcn3TiTmfXiMRuIgD2/7+PouLWRt3W3EdGFDaaHwCBkJCxix1hZEDQdr0fbWVAYLvcTzYfoBu1T0zGaCIERsNICAJtiAEgYFBQG1cQCbuVCRAADAIyEAAT5mkeHS1i1y1AYKsOsEHnAnA4HA6Hw/EIQbtcAAAAYJ+8Ql94gvr5/0mm9wyGZJUqQM/rLpuQJMhVrrTALNeAfnecVaed+8URiYawW7IZULj4Ssfd5LHHHrt8+fL9noXD8QllWP8DgAREq/4RwTCUypUkSZCIEBC7xf6t+AcARkNSGgYBvSK1CGAYERhsUxq0tw4UYLMG0AADg+m290Nmg4yIYMCmBCAgIhpGAhCCev4IZgBi24qQwSAQJHFSLFXSpCUQb2TEsbtRORwOh8PheHQoFrx2J8ed/QDiJC9EHgAIgZ6kXBkGMMZUSsGwBTaGAXuJAijCUkG34mY9ASQvKhU9BABQSTuTxREPAUQYec1WvYEiLHluccVxl3lgYwG01lprz/MQ0W73dwkhhBDMnOe53d713iRJEDEI9vgFHKbT6QRBuFfMDmqttTG2xZogUloDgDEmCndZZpXEcaasBkLhh1HoEedJJ7HJO+QXCgFx1mknBomE72MW5yIMOUllqWTLfXIetxPFvcMFqLiZCLtXxduJKLvGoAeglJZy30J0nTgZ/jnRWhei8PYM9m2GgT/YEdYOBr43fPzSf1j8tb/3Dw4waJE3ygAAsIFCoZAlKZHN5UeEbhQAdPsCkCCJwIQICMILopGxsFiWYST8QPiekBIMMhKDBgatdao0K6WZwbDRWimlsjhNkjROWKWQdoA0AWqtyQuNymwAgOn6D5ABEBjJ1sJNo2Ih6bSQEJCYXa6aw+FwOByORw1BBAjGsBgQDNr0+jAD5MoA2ANI0B6KnYKRQ4PyAWVYqg49hMpoZLR/zqBUvSkp43A8QhCR1lop5XmeEIKIjDF23MbdKKXsy3s2BZZSSLghAqUUSZoRUZykO70AKMNCefevMXph0RscRL9Y7ncJ9e2uAamIXlTaIRxlVCkNbzpuB6v/w8BP0qy/MewUuFX6+r8TJzf/ro3Nze9973uDI1/+8perIyN2W/ZdzIwAYIrFUmOrQUCIgGT7BaK9AREiAEkvqhz91BPPf3pk7KgfhVJ6xhitjdJKKWV/iyzMID3wiXp5A9bNAMxswLAxnuf7nicJkmbjw3ff6TS3AdrWJYHANpkAGZgRkJBNnqvqaPmaMZJtSAIyowsCcDgcDofD8YhRKQaNZqIN0M5YAABodbJuv0DmypAgcDgcNw8iSimtchFCIGJfsDGz1pqZpZS4+7fwbsJDWT9WOt5Lv4PjnhAGPgx8Q5l518htUCxEg/r/5h0Khw8d+tKJE3/1gx+EYZgkyZe+9KWRSsV6uABAgk3WRzTGRIUCsHV9dX/UUQDZan+EwKyMASBZGS8eOhqWSsaYNEuV0kr1pL9WWhsSJKUUJGxRf7RdA7qX3001Y2M8TxZLxWKhkJYq9UZLr70dp3ngCSEJgBAADTIxmO4UNRhjOAwLOk/6gTT39HfS4XA4HA6H474wUg63W6lSmohs2iQAtONcazbGCCKn/x2OO4eIrBfAGNNf/GdbGANASvnxS/G7Ih0dHz/971f/23fn38G+hWIh2m/X8Lj9MR4dHf3C5z//lysrX/nKV/r6375LWoEODMxQLERZnkO3EQAAAwEDgS25R0iEnDa3fvqDb6+9/qPykWPVI7WwUAQhiJCEDAI/DIIw9IUQJEgSgS3vBwRdX5pJk7TVbidJnKeKjVZZUr+2vnX1smpvq6TpS2GrCICtCGD/dM+PAJhkWRhFzSwhQARbfOBOgyscDofD4XA4HkAqpUAb0+7kxjCzqTcTACDESinYM/7f4XDcBkTk+77W2hhjZZINB7jzEO7bxon/h5p78e27SZtCiCSJo6hgX46Ojv76yZNCiP76f55lRCS7y+kIqDEMC1lmrK+LAJCg2y8Au7H5UqAnvVynWaNzZePyBz/RSulMG0ZCL/ILpTAsk+dJzyOSJITtEKhzrY0ySuUqy5J22m6quI2sPUmeIE8KKYUnRDEMbdvbbq5br96gQDQACIYBdWbCqNDY2kQBjAjM6G6BDofD4XA4HlEE0Z4F/xwOx93l/mp+h+OuUCyVr1+9+uRTE/0RG+zff7ndqAdh2K0FYAxLKQ0zCCBGZgC04QuIZCv0d3v+MYAvhC8kBMDM2oY4sDEMxjRNa5sN5724B2ZkYEBEQCKUCD5iJSSMSrbcoEDEXpRBr8g/dje7k0ADDIgAghhAoDJGSt+wdhkADofD4XA4HA6Hw+FwAMCxxx575+2fPvb4E0LK4b1a6yvrl48cPSq7/fUQtDHNVrM6MqrIaA3Mxhblt30Bbdg9WBdCL/8eEcnWEex2D2QAgIEgBe72G7BjOyX7QDBDt7lFbz8iddsLIjIDke03iFKgJ8Xm5obSypM9gy5MxuFwOBwOh8PhcDgcn2wOHR7b3Lh+8Uc/mPrc54XY4QXQWr/zs7eiQiGMIgkICECEgk3caqVJ6vu+9OSgYrcCvld/78Y2D+xnq/d3CHK0LgHuegFwt17f+apvc7DCX7eVAAIAd5TKspRz5UskJOtDIOcCcDycDMbkOBwOh+OTiTGGjXuUcTgcDsfd4Zlnn3/3nbdX/uI7E888d3jsSBD4WZrVtzbXL18qlkpjR44AgOxreikEEWuTZ3GWtBlsdEBX1/caBEA3ZKAr7vtSvRcAMNBgkK0LgHeGAPQrGXRl/YAbAPvqHwcPAeydnAgEkfRtXcJunoCkncEFDsdDguv14nA4HA4AQLea4XA4HI67BAnx7PMv1Lc2r1y+9P7a28wgPa9YLI3XasVSyR7z/wF9/sB9/bDu6gAAAABJRU5ErkJggg==' where pid=26
Error: SQLSTATE[HY000]: General error
/host/Program Files (x86)/EasyPHP-5.3.5.0/www/aurora/functions.php
======================================================================
[2013-06-08 17:37:06]
Query error:
insert into logs value ('1370693226', '127.0.0.1', 'Array
(
    [url] => /aurora/adminproblem/MEOW
    [team] => Array
        (
            [id] => 1
            [name] => ACM
            [status] => Admin
        )

    [loggedin] => true
)
', 'Array
(
    [pid] => 26
    [name] => Meow
    [code] => MEOW
    [score] => 100
    [type] => Game Theory
    [pgroup] => CQM-4
    [contest] => practice
    [maxfilesize] => 50000
    [displayio] => 0
    [timelimit] => 3
    [status] => Active
    [languages] => C,C++,Java
    [statement] => <b>Problem Statement</b>
Hacky is tired of playing Counter Strike and decides to play a game with his Cat instead, who is infact smarter than he is (<em>well, no surprises there</em>). He gets multiple piles of coins and arranges them on his table. This is how it goes : 
<ul><li>In total there are \'N\' number of piles.</li><li>Each pile contains a particular number of coins.</li><li>The game begins with one of the players withdrawing a bunch of coins from a pile of his choice.</li><li>Each pile has a set associated with it that enlists the different number of coins that can be removed from it in one move.</li><li>The game ends when there are no more coins left on the table, and the last player to remove the coins is declared the winner.</li></ul>
Assuming that both Hacky and his Cat play optimally, your task is to find out who the winner is. Keep in mind that being the over-confident noob that he is, Hacky lets his Cat start the game each time.

<b>Input Specifications</b>

The first line consists of the total number of test cases (<100). For each test case : 
<ul><li>The first line states the number of piles under consideration (0<N<100).</li><li>The second line contains the number of coins in each pile (0<Coins<sub>i</sub><100).</li><li>From there on, each subsequent line contains the number of valid moves for the each pile, followed by the valid moves for that pile (<100).</li></ul>
<b>Output Specifications</b>

Print out a single line stating who the winner is (Hacky/Cat).

<b>Sample Input</b>

<code>
2 

2 
10 5 
2 2 3 
5 1 2 3 4 5 

5 
2 4 6 8 10 
1 1 
3 1 2 3 
5 1 2 3 4 5 
7 1 2 3 4 5 6 7 
9 1 2 3 4 5 6 7 8 9 
</code>

<b>Sample Output</b>

<code>
Cat
Hacky
</code>

<i>Problem Setter: Vishnu Mohandas</i>
    [updateproblem] => Submit
)
' )
Error: SQLSTATE[HY000]: General error
/host/Program Files (x86)/EasyPHP-5.3.5.0/www/aurora/functions.php
======================================================================
[2013-06-08 17:37:06]
Query error:
update problems set name = 'Meow' where pid=26
Error: SQLSTATE[HY000]: General error
/host/Program Files (x86)/EasyPHP-5.3.5.0/www/aurora/functions.php
======================================================================
[2013-06-08 17:37:06]
Query error:
update problems set code = 'MEOW' where pid=26
Error: SQLSTATE[HY000]: General error
/host/Program Files (x86)/EasyPHP-5.3.5.0/www/aurora/functions.php
======================================================================
[2013-06-08 17:37:06]
Query error:
update problems set score = '100' where pid=26
Error: SQLSTATE[HY000]: General error
/host/Program Files (x86)/EasyPHP-5.3.5.0/www/aurora/functions.php
======================================================================
[2013-06-08 17:37:06]
Query error:
update problems set type = 'Game Theory' where pid=26
Error: SQLSTATE[HY000]: General error
/host/Program Files (x86)/EasyPHP-5.3.5.0/www/aurora/functions.php
======================================================================
[2013-06-08 17:37:06]
Query error:
update problems set pgroup = 'CQM-4' where pid=26
Error: SQLSTATE[HY000]: General error
/host/Program Files (x86)/EasyPHP-5.3.5.0/www/aurora/functions.php
======================================================================
[2013-06-08 17:37:06]
Query error:
update problems set contest = 'practice' where pid=26
Error: SQLSTATE[HY000]: General error
/host/Program Files (x86)/EasyPHP-5.3.5.0/www/aurora/functions.php
======================================================================
[2013-06-08 17:37:06]
Query error:
update problems set timelimit = '3' where pid=26
Error: SQLSTATE[HY000]: General error
/host/Program Files (x86)/EasyPHP-5.3.5.0/www/aurora/functions.php
======================================================================
[2013-06-08 17:37:06]
Query error:
update problems set status = 'Active' where pid=26
Error: SQLSTATE[HY000]: General error
/host/Program Files (x86)/EasyPHP-5.3.5.0/www/aurora/functions.php
======================================================================
[2013-06-08 17:37:06]
Query error:
update problems set languages = 'C,C++,Java' where pid=26
Error: SQLSTATE[HY000]: General error
/host/Program Files (x86)/EasyPHP-5.3.5.0/www/aurora/functions.php
======================================================================
[2013-06-08 17:37:06]
Query error:
update problems set displayio = '0' where pid=26
Error: SQLSTATE[HY000]: General error
/host/Program Files (x86)/EasyPHP-5.3.5.0/www/aurora/functions.php
======================================================================
[2013-06-08 17:37:06]
Query error:
update problems set maxfilesize = '50000' where pid=26
Error: SQLSTATE[HY000]: General error
/host/Program Files (x86)/EasyPHP-5.3.5.0/www/aurora/functions.php
======================================================================
[2013-06-08 17:37:06]
Query error:
update problems set statement = '<b>Problem Statement</b>
Hacky is tired of playing Counter Strike and decides to play a game with his Cat instead, who is infact smarter than he is (<em>well, no surprises there</em>). He gets multiple piles of coins and arranges them on his table. This is how it goes : 
<ul><li>In total there are \'N\' number of piles.</li><li>Each pile contains a particular number of coins.</li><li>The game begins with one of the players withdrawing a bunch of coins from a pile of his choice.</li><li>Each pile has a set associated with it that enlists the different number of coins that can be removed from it in one move.</li><li>The game ends when there are no more coins left on the table, and the last player to remove the coins is declared the winner.</li></ul>
Assuming that both Hacky and his Cat play optimally, your task is to find out who the winner is. Keep in mind that being the over-confident noob that he is, Hacky lets his Cat start the game each time.

<b>Input Specifications</b>

The first line consists of the total number of test cases (<100). For each test case : 
<ul><li>The first line states the number of piles under consideration (0<N<100).</li><li>The second line contains the number of coins in each pile (0<Coins<sub>i</sub><100).</li><li>From there on, each subsequent line contains the number of valid moves for the each pile, followed by the valid moves for that pile (<100).</li></ul>
<b>Output Specifications</b>

Print out a single line stating who the winner is (Hacky/Cat).

<b>Sample Input</b>

<code>
2 

2 
10 5 
2 2 3 
5 1 2 3 4 5 

5 
2 4 6 8 10 
1 1 
3 1 2 3 
5 1 2 3 4 5 
7 1 2 3 4 5 6 7 
9 1 2 3 4 5 6 7 8 9 
</code>

<b>Sample Output</b>

<code>
Cat
Hacky
</code>

<i>Problem Setter: Vishnu Mohandas</i>' where pid=26
Error: SQLSTATE[HY000]: General error
/host/Program Files (x86)/EasyPHP-5.3.5.0/www/aurora/functions.php
======================================================================
[2013-06-09 13:45:24]
Query error:
insert into logs value ('1370765724', '127.0.0.1', 'Array
(
    [url] => /aurora/
)
', 'Array
(
    [teamname] => ACM
    [password] => johnnash
    [login] => Log In
)
' )
Error: SQLSTATE[HY000]: General error
/host/Program Files (x86)/EasyPHP-5.3.5.0/www/aurora/functions.php
======================================================================
[2013-06-09 13:45:41]
Query error:
insert into logs value ('1370765741', '127.0.0.1', 'Array
(
    [url] => /aurora/status/TEST
    [team] => Array
        (
            [id] => 1
            [name] => ACM
            [status] => Admin
        )

    [loggedin] => true
)
', 'Array
(
    [pid] => 1
    [rejudge] => Rejudge All Selected Submisssions
)
' )
Error: SQLSTATE[HY000]: General error
/host/Program Files (x86)/EasyPHP-5.3.5.0/www/aurora/functions.php
======================================================================
[2013-06-09 13:45:41]
Query error:
update runs set result = NULL, time = NULL where pid=1
Error: SQLSTATE[HY000]: General error
/host/Program Files (x86)/EasyPHP-5.3.5.0/www/aurora/functions.php
======================================================================
[2013-06-09 13:46:00]
Query error:
insert into logs value ('1370765760', '127.0.0.1', 'Array
(
    [url] => /aurora/viewsolution/5
    [team] => Array
        (
            [id] => 1
            [name] => ACM
            [status] => Admin
        )

    [loggedin] => true
)
', 'Array
(
    [rid] => 5
    [rejudge] => Rejudge
)
' )
Error: SQLSTATE[HY000]: General error
/host/Program Files (x86)/EasyPHP-5.3.5.0/www/aurora/functions.php
======================================================================
[2013-06-09 13:46:00]
Query error:
update runs set result = NULL, time = NULL where rid = 5
Error: SQLSTATE[HY000]: General error
/host/Program Files (x86)/EasyPHP-5.3.5.0/www/aurora/functions.php
======================================================================
[2013-06-09 13:46:31]
Query error:
insert into logs value ('1370765791', '127.0.0.1', 'Array
(
    [url] => /aurora/status/WEDCARD
    [team] => Array
        (
            [id] => 1
            [name] => ACM
            [status] => Admin
        )

    [loggedin] => true
)
', 'Array
(
    [pid] => 3
    [rejudge] => Rejudge All Selected Submisssions
)
' )
Error: SQLSTATE[HY000]: General error
/host/Program Files (x86)/EasyPHP-5.3.5.0/www/aurora/functions.php
======================================================================
[2013-06-09 13:46:31]
Query error:
update runs set result = NULL, time = NULL where pid=3
Error: SQLSTATE[HY000]: General error
/host/Program Files (x86)/EasyPHP-5.3.5.0/www/aurora/functions.php
======================================================================
[2013-06-09 13:47:48]
Query error:
insert into logs value ('1370765868', '127.0.0.1', 'Array
(
    [url] => /aurora/viewsolution/403
    [team] => Array
        (
            [id] => 1
            [name] => ACM
            [status] => Admin
        )

    [loggedin] => true
)
', 'Array
(
    [rid] => 403
    [rejudge] => Rejudge
)
' )
Error: SQLSTATE[HY000]: General error
/host/Program Files (x86)/EasyPHP-5.3.5.0/www/aurora/functions.php
======================================================================
[2013-06-09 13:47:48]
Query error:
update runs set result = NULL, time = NULL where rid = 403
Error: SQLSTATE[HY000]: General error
/host/Program Files (x86)/EasyPHP-5.3.5.0/www/aurora/functions.php
======================================================================
[2013-06-09 13:49:08]
Query error:
insert into logs value ('1370765948', '127.0.0.1', 'Array
(
    [url] => /aurora/viewsolution/403
    [team] => Array
        (
            [id] => 1
            [name] => ACM
            [status] => Admin
        )

    [loggedin] => true
)
', 'Array
(
    [rid] => 403
    [rejudge] => Rejudge
)
' )
Error: SQLSTATE[HY000]: General error
/host/Program Files (x86)/EasyPHP-5.3.5.0/www/aurora/functions.php
======================================================================
[2013-06-09 13:49:08]
Query error:
update runs set result = NULL, time = NULL where rid = 403
Error: SQLSTATE[HY000]: General error
/host/Program Files (x86)/EasyPHP-5.3.5.0/www/aurora/functions.php
======================================================================
[2013-06-09 13:50:28]
Query error:
insert into logs value ('1370766028', '127.0.0.1', 'Array
(
    [url] => /aurora/viewsolution/403
    [team] => Array
        (
            [id] => 1
            [name] => ACM
            [status] => Admin
        )

    [loggedin] => true
)
', 'Array
(
    [rid] => 403
    [rejudge] => Rejudge
)
' )
Error: SQLSTATE[HY000]: General error
/host/Program Files (x86)/EasyPHP-5.3.5.0/www/aurora/functions.php
======================================================================
[2013-06-09 13:50:28]
Query error:
update runs set result = NULL, time = NULL where rid = 403
Error: SQLSTATE[HY000]: General error
/host/Program Files (x86)/EasyPHP-5.3.5.0/www/aurora/functions.php
======================================================================
[2013-06-09 13:51:09]
Query error:
insert into logs value ('1370766069', '127.0.0.1', 'Array
(
    [url] => /aurora/viewsolution/403
    [team] => Array
        (
            [id] => 1
            [name] => ACM
            [status] => Admin
        )

    [loggedin] => true
)
', 'Array
(
    [rid] => 403
    [rejudge] => Rejudge
)
' )
Error: SQLSTATE[HY000]: General error
/host/Program Files (x86)/EasyPHP-5.3.5.0/www/aurora/functions.php
======================================================================
[2013-06-09 13:51:09]
Query error:
update runs set result = NULL, time = NULL where rid = 403
Error: SQLSTATE[HY000]: General error
/host/Program Files (x86)/EasyPHP-5.3.5.0/www/aurora/functions.php
======================================================================
[2013-06-09 13:53:31]
Query error:
insert into logs value ('1370766211', '127.0.0.1', 'Array
(
    [url] => /aurora/submit/UNIDRAG
    [team] => Array
        (
            [id] => 1
            [name] => ACM
            [status] => Admin
        )

    [loggedin] => true
)
', 'Array
(
    [lang] => C++
    [sub] => #include <iostream>
#include <cstdio>
#include <algorithm>
#include <iterator>
#include <sstream>
#include <fstream>
#include <cassert>
#include <climits>
#include <cstdlib>
#include <cstring>
#include <string>
#include <vector>
#include <cmath>
#include <queue>
#include <deque>
#include <stack>
#include <map>
#include <set>
#include <bitset>
 
#define INF (1<<30)
using namespace std;
typedef long long LL;
 
struct state
{
       int mm,cc,bb;
};
 
bool visited[110][110][2];
int distanc[110][110][2];
 
 
bool check(int mm, int cc, int M, int C)
{
           if(mm>=0 && mm<=M && cc>=0 && cc<=C && (mm>=cc || mm==0)) return 1;
           else return 0;
}
 
int minCrossings(int M, int C, int R)
{
          memset(visited,0,sizeof(visited));
          memset(distanc,0,sizeof(distanc));
          int mm=0,cc=0,bb=0,_mm,_cc,_bb,dist;
          queue<state> Q;
          state u;
          Q.push((state){mm,cc,bb});
          visited[mm][cc][bb]=1;
          distanc[mm][cc][bb]=0;
          while(!Q.empty())
          {
                 u=Q.front(); Q.pop();
                 mm=u.mm; cc=u.cc; bb=u.bb; //cout<<mm<<\" \"<<cc<<\" \"<<bb<<endl;
                 dist=distanc[mm][cc][bb];
                 if(mm==M && cc==C && bb==1) return dist;
                 for(int rr=1;rr<=R;rr++)
                 {
                         for(int i=0;i<=M && i<=R;i++)
                         {
                                 for(int j=0;j<=C && i+j<=R;j++)
                                 {
                                         if(i!=0 && j>i) break;
                                         if(bb)
                                         {
                                                _mm=mm-i; _cc=cc-j;
                                                _bb=0;
                                         }
                                         else
                                         {
                                               _mm=mm+i; _cc=cc+j;
                                               _bb=1;
                                         }
 
                                         if(check(_mm,_cc,M,C) && check(M-_mm,C-_cc,M,C) && i+j>0 && !visited[_mm][_cc][_bb])
                                         {
                                               Q.push((state){_mm,_cc,_bb});
                                               visited[_mm][_cc][_bb]=1;
                                               distanc[_mm][_cc][_bb]=dist+1;
                                         }
                                 }
                         }
                 }
          }
          return -1;
}
 
 
int main()
{
      //freopen(\"input.txt\",\"r\",stdin); freopen(\"output.txt\",\"w\",stdout);
      int testcase, U,D,K, X;
      cin>>testcase;
      while(testcase--)
      {                cin>>U>>D>>K>>X;
                       int ans=minCrossings(U,D,K);
                       if(ans==-1) cout<<-1<<endl;
                       else cout<<ans*X<<endl;
      }
      //system(\"pause\");
      return 0;
}
    [probcode] => UNIDRAG
    [submitcode] => Submit
)
' )
Error: SQLSTATE[HY000]: General error
/host/Program Files (x86)/EasyPHP-5.3.5.0/www/aurora/functions.php
======================================================================
[2013-06-09 13:53:31]
Query error:
INSERT INTO runs (pid,tid,language,name,code,access,submittime) VALUES ('7', '1', 'C++', 'Main', '#include <iostream>
#include <cstdio>
#include <algorithm>
#include <iterator>
#include <sstream>
#include <fstream>
#include <cassert>
#include <climits>
#include <cstdlib>
#include <cstring>
#include <string>
#include <vector>
#include <cmath>
#include <queue>
#include <deque>
#include <stack>
#include <map>
#include <set>
#include <bitset>
 
#define INF (1<<30)
using namespace std;
typedef long long LL;
 
struct state
{
       int mm,cc,bb;
};
 
bool visited[110][110][2];
int distanc[110][110][2];
 
 
bool check(int mm, int cc, int M, int C)
{
           if(mm>=0 && mm<=M && cc>=0 && cc<=C && (mm>=cc || mm==0)) return 1;
           else return 0;
}
 
int minCrossings(int M, int C, int R)
{
          memset(visited,0,sizeof(visited));
          memset(distanc,0,sizeof(distanc));
          int mm=0,cc=0,bb=0,_mm,_cc,_bb,dist;
          queue<state> Q;
          state u;
          Q.push((state){mm,cc,bb});
          visited[mm][cc][bb]=1;
          distanc[mm][cc][bb]=0;
          while(!Q.empty())
          {
                 u=Q.front(); Q.pop();
                 mm=u.mm; cc=u.cc; bb=u.bb; //cout<<mm<<\" \"<<cc<<\" \"<<bb<<endl;
                 dist=distanc[mm][cc][bb];
                 if(mm==M && cc==C && bb==1) return dist;
                 for(int rr=1;rr<=R;rr++)
                 {
                         for(int i=0;i<=M && i<=R;i++)
                         {
                                 for(int j=0;j<=C && i+j<=R;j++)
                                 {
                                         if(i!=0 && j>i) break;
                                         if(bb)
                                         {
                                                _mm=mm-i; _cc=cc-j;
                                                _bb=0;
                                         }
                                         else
                                         {
                                               _mm=mm+i; _cc=cc+j;
                                               _bb=1;
                                         }
 
                                         if(check(_mm,_cc,M,C) && check(M-_mm,C-_cc,M,C) && i+j>0 && !visited[_mm][_cc][_bb])
                                         {
                                               Q.push((state){_mm,_cc,_bb});
                                               visited[_mm][_cc][_bb]=1;
                                               distanc[_mm][_cc][_bb]=dist+1;
                                         }
                                 }
                         }
                 }
          }
          return -1;
}
 
 
int main()
{
      //freopen(\"input.txt\",\"r\",stdin); freopen(\"output.txt\",\"w\",stdout);
      int testcase, U,D,K, X;
      cin>>testcase;
      while(testcase--)
      {                cin>>U>>D>>K>>X;
                       int ans=minCrossings(U,D,K);
                       if(ans==-1) cout<<-1<<endl;
                       else cout<<ans*X<<endl;
      }
      //system(\"pause\");
      return 0;
}', 'private', '1370766211')
Error: SQLSTATE[HY000]: General error
/host/Program Files (x86)/EasyPHP-5.3.5.0/www/aurora/functions.php
======================================================================
[2013-06-09 13:54:19]
Query error:
insert into logs value ('1370766259', '127.0.0.1', 'Array
(
    [url] => /aurora/viewsolution/406
    [team] => Array
        (
            [id] => 1
            [name] => ACM
            [status] => Admin
        )

    [loggedin] => true
)
', 'Array
(
    [rid] => 406
    [rejudge] => Rejudge
)
' )
Error: SQLSTATE[HY000]: General error
/host/Program Files (x86)/EasyPHP-5.3.5.0/www/aurora/functions.php
======================================================================
[2013-06-09 13:54:19]
Query error:
update runs set result = NULL, time = NULL where rid = 406
Error: SQLSTATE[HY000]: General error
/host/Program Files (x86)/EasyPHP-5.3.5.0/www/aurora/functions.php
======================================================================
[2013-06-09 13:55:14]
Query error:
insert into logs value ('1370766314', '127.0.0.1', 'Array
(
    [url] => /aurora/submit/TEST
    [team] => Array
        (
            [id] => 1
            [name] => ACM
            [status] => Admin
        )

    [loggedin] => true
)
', 'Array
(
    [lang] => C++
    [sub] => #include <stdio.h>
int main(){
  int arr[10000000];
  scanf(\"%d\", &arr[0]);
  return 0;
}
    [probcode] => TEST
    [submitcode] => Submit
)
' )
Error: SQLSTATE[HY000]: General error
/host/Program Files (x86)/EasyPHP-5.3.5.0/www/aurora/functions.php
======================================================================
[2013-06-09 13:55:14]
Query error:
INSERT INTO runs (pid,tid,language,name,code,access,submittime) VALUES ('1', '1', 'C++', 'Main', '#include <stdio.h>
int main(){
  int arr[10000000];
  scanf(\"%d\", &arr[0]);
  return 0;
}', 'private', '1370766314')
Error: SQLSTATE[HY000]: General error
/host/Program Files (x86)/EasyPHP-5.3.5.0/www/aurora/functions.php
======================================================================
[2013-06-09 13:56:37]
Query error:
insert into logs value ('1370766397', '127.0.0.1', 'Array
(
    [url] => /aurora/submit/TEST
    [team] => Array
        (
            [id] => 1
            [name] => ACM
            [status] => Admin
        )

    [loggedin] => true
)
', 'Array
(
    [lang] => C++
    [sub] => #include <stdio.h>
int main(){
  int n;
  while(1);
}
    [probcode] => TEST
    [submitcode] => Submit
)
' )
Error: SQLSTATE[HY000]: General error
/host/Program Files (x86)/EasyPHP-5.3.5.0/www/aurora/functions.php
======================================================================
[2013-06-09 13:56:37]
Query error:
INSERT INTO runs (pid,tid,language,name,code,access,submittime) VALUES ('1', '1', 'C++', 'Main', '#include <stdio.h>
int main(){
  int n;
  while(1);
}', 'private', '1370766397')
Error: SQLSTATE[HY000]: General error
/host/Program Files (x86)/EasyPHP-5.3.5.0/www/aurora/functions.php
======================================================================
[2013-06-09 14:01:06]
Query error:
insert into logs value ('1370766666', '127.0.0.1', 'Array
(
    [url] => /aurora/submit/TEST
    [team] => Array
        (
            [id] => 1
            [name] => ACM
            [status] => Admin
        )

    [loggedin] => true
)
', 'Array
(
    [lang] => Python
    [sub] => while(true)
	print \"Test\"
    [probcode] => TEST
    [submitcode] => Submit
)
' )
Error: SQLSTATE[HY000]: General error
/host/Program Files (x86)/EasyPHP-5.3.5.0/www/aurora/functions.php
======================================================================
[2013-06-09 14:01:06]
Query error:
INSERT INTO runs (pid,tid,language,name,code,access,submittime) VALUES ('1', '1', 'Python', 'Main', 'while(true)
	print \"Test\"', 'private', '1370766666')
Error: SQLSTATE[HY000]: General error
/host/Program Files (x86)/EasyPHP-5.3.5.0/www/aurora/functions.php
======================================================================
[2013-06-09 14:01:23]
Query error:
insert into logs value ('1370766683', '127.0.0.1', 'Array
(
    [url] => /aurora/submit/TEST
    [team] => Array
        (
            [id] => 1
            [name] => ACM
            [status] => Admin
        )

    [loggedin] => true
)
', 'Array
(
    [lang] => Python
    [sub] => while(true):
	print \"Test\"
    [probcode] => TEST
    [submitcode] => Submit
)
' )
Error: SQLSTATE[HY000]: General error
/host/Program Files (x86)/EasyPHP-5.3.5.0/www/aurora/functions.php
======================================================================
[2013-06-09 14:01:23]
Query error:
INSERT INTO runs (pid,tid,language,name,code,access,submittime) VALUES ('1', '1', 'Python', 'Main', 'while(true):
	print \"Test\"', 'private', '1370766683')
Error: SQLSTATE[HY000]: General error
/host/Program Files (x86)/EasyPHP-5.3.5.0/www/aurora/functions.php
======================================================================
[2013-06-09 14:01:40]
Query error:
insert into logs value ('1370766700', '127.0.0.1', 'Array
(
    [url] => /aurora/submit/TEST
    [team] => Array
        (
            [id] => 1
            [name] => ACM
            [status] => Admin
        )

    [loggedin] => true
)
', 'Array
(
    [lang] => Python
    [sub] => while(True):
	print \"Test\"
    [probcode] => TEST
    [submitcode] => Submit
)
' )
Error: SQLSTATE[HY000]: General error
/host/Program Files (x86)/EasyPHP-5.3.5.0/www/aurora/functions.php
======================================================================
[2013-06-09 14:01:40]
Query error:
INSERT INTO runs (pid,tid,language,name,code,access,submittime) VALUES ('1', '1', 'Python', 'Main', 'while(True):
	print \"Test\"', 'private', '1370766700')
Error: SQLSTATE[HY000]: General error
/host/Program Files (x86)/EasyPHP-5.3.5.0/www/aurora/functions.php
======================================================================
[2013-06-09 14:02:23]
Query error:
insert into logs value ('1370766743', '127.0.0.1', 'Array
(
    [url] => /aurora/status/TEST
    [team] => Array
        (
            [id] => 1
            [name] => ACM
            [status] => Admin
        )

    [loggedin] => true
)
', 'Array
(
    [pid] => 1
    [rejudge] => Rejudge All Selected Submisssions
)
' )
Error: SQLSTATE[HY000]: General error
/host/Program Files (x86)/EasyPHP-5.3.5.0/www/aurora/functions.php
======================================================================
[2013-06-09 14:02:23]
Query error:
update runs set result = NULL, time = NULL where pid=1
Error: SQLSTATE[HY000]: General error
/host/Program Files (x86)/EasyPHP-5.3.5.0/www/aurora/functions.php
======================================================================
[2013-06-09 14:03:01]
Query error:
insert into logs value ('1370766781', '127.0.0.1', 'Array
(
    [url] => /aurora/status/TEST
    [team] => Array
        (
            [id] => 1
            [name] => ACM
            [status] => Admin
        )

    [loggedin] => true
)
', 'Array
(
    [pid] => 1
    [rejudge] => Rejudge All Selected Submisssions
)
' )
Error: SQLSTATE[HY000]: General error
/host/Program Files (x86)/EasyPHP-5.3.5.0/www/aurora/functions.php
======================================================================
[2013-06-09 14:03:01]
Query error:
update runs set result = NULL, time = NULL where pid=1
Error: SQLSTATE[HY000]: General error
/host/Program Files (x86)/EasyPHP-5.3.5.0/www/aurora/functions.php
======================================================================
